=== flink-taskmanager-1 ===
[ForL0-HotCache] engine_start active=1 key_groups=96:128 requested_bytes=134217728 actual_bytes=134217600 total_sets=699050 strict=1
[ForL0-HotCache] engine_reuse active=1 key_groups=32:64 requested_bytes=134217728 actual_bytes=134217600 total_sets=699050 strict=1
[ForL0-HotCache] engine_reuse active=1 key_groups=0:32 requested_bytes=134217728 actual_bytes=134217600 total_sets=699050 strict=1
[ForL0-HotCache] engine_reuse active=1 key_groups=64:96 requested_bytes=134217728 actual_bytes=134217600 total_sets=699050 strict=1
[ForL0-HotCache] state_attach name=ScalarLeftCount requested_bytes=1048576 actual_bytes=786432 sets=4096
[ForL0-HotCache] state_attach name=ScalarLeftCount requested_bytes=1048576 actual_bytes=786432 sets=4096
[ForL0-HotCache] state_attach name=ScalarLeftCount requested_bytes=1048576 actual_bytes=786432 sets=4096
[ForL0-HotCache] state_attach name=ScalarLeftCount requested_bytes=1048576 actual_bytes=786432 sets=4096
[ForL0-HotCache] state_attach name=ScalarRightCount requested_bytes=1048576 actual_bytes=786432 sets=4096
[ForL0-HotCache] state_attach name=ScalarRightCount requested_bytes=1048576 actual_bytes=786432 sets=4096
[ForL0-HotCache] state_attach name=ScalarRightCount requested_bytes=1048576 actual_bytes=786432 sets=4096
[ForL0-HotCache] state_attach name=ScalarRightCount requested_bytes=1048576 actual_bytes=786432 sets=4096
[ForL0-HotCache] state_summary name=ScalarLeftCount sets=4096 lookups=449288 hits=358926 invalidations=0 writes=465594 bypass_events=0 bypassed=0
[ForL0-HotCache] state_summary name=ScalarRightCount sets=4096 lookups=498262 hits=131476 invalidations=0 writes=49057 bypass_events=0 bypassed=0
[ForL0-HotCache] engine_summary requested_bytes=134217728 actual_bytes=134217600 used_bytes=6291456 total_sets=699050 free_sets=666282 caches=8 lookups=3716807 hits=1912785 invalidations=0 writes=2021356 bypass_events=0
[ForL0-Memory] engine_summary used_bytes=16123904 peak_bytes=16222224 max_bytes=1073741824
[ForL0-HotCache] state_summary name=ScalarLeftCount sets=4096 lookups=449415 hits=358446 invalidations=0 writes=466025 bypass_events=0 bypassed=0
[ForL0-HotCache] state_summary name=ScalarRightCount sets=4096 lookups=498959 hits=124917 invalidations=0 writes=49642 bypass_events=0 bypassed=0
[ForL0-HotCache] engine_summary requested_bytes=134217728 actual_bytes=134217600 used_bytes=4718592 total_sets=699050 free_sets=674474 caches=6 lookups=2811300 hits=1441871 invalidations=0 writes=1529260 bypass_events=0
[ForL0-Memory] engine_summary used_bytes=16123904 peak_bytes=16222224 max_bytes=1073741824
[ForL0-HotCache] state_summary name=ScalarLeftCount sets=4096 lookups=451159 hits=360958 invalidations=0 writes=467532 bypass_events=0 bypassed=0
[ForL0-HotCache] state_summary name=ScalarRightCount sets=4096 lookups=502598 hits=129669 invalidations=0 writes=51477 bypass_events=0 bypassed=0
[ForL0-HotCache] engine_summary requested_bytes=134217728 actual_bytes=134217600 used_bytes=3145728 total_sets=699050 free_sets=682666 caches=4 lookups=1887633 hits=969930 invalidations=0 writes=1026862 bypass_events=0
[ForL0-Memory] engine_summary used_bytes=16123904 peak_bytes=16222224 max_bytes=1073741824
[ForL0-HotCache] state_summary name=ScalarLeftCount sets=4096 lookups=450138 hits=359339 invalidations=0 writes=466609 bypass_events=0 bypassed=0
[ForL0-HotCache] state_summary name=ScalarRightCount sets=4096 lookups=500181 hits=127393 invalidations=0 writes=50125 bypass_events=0 bypassed=0
[ForL0-HotCache] engine_summary requested_bytes=134217728 actual_bytes=134217600 used_bytes=1572864 total_sets=699050 free_sets=690858 caches=2 lookups=950319 hits=486732 invalidations=0 writes=516734 bypass_events=0
[ForL0-Memory] engine_summary used_bytes=16123904 peak_bytes=16222224 max_bytes=1073741824
=== flink-taskmanager-2 ===
