=== flink-taskmanager-1 ===
=== flink-taskmanager-2 ===
[ForL0-HotCache] engine_start active=1 key_groups=0:32 requested_bytes=67108864 actual_bytes=67108800 total_sets=349525 strict=1
[ForL0-HotCache] engine_reuse active=1 key_groups=96:128 requested_bytes=67108864 actual_bytes=67108800 total_sets=349525 strict=1
[ForL0-HotCache] engine_reuse active=1 key_groups=32:64 requested_bytes=67108864 actual_bytes=67108800 total_sets=349525 strict=1
[ForL0-HotCache] engine_reuse active=1 key_groups=64:96 requested_bytes=67108864 actual_bytes=67108800 total_sets=349525 strict=1
[ForL0-HotCache] state_attach name=ScalarLeftCount requested_bytes=1048576 actual_bytes=786432 sets=4096
[ForL0-HotCache] state_attach name=ScalarLeftCount requested_bytes=1048576 actual_bytes=786432 sets=4096
[ForL0-HotCache] state_attach name=ScalarLeftCount requested_bytes=1048576 actual_bytes=786432 sets=4096
[ForL0-HotCache] state_attach name=ScalarLeftCount requested_bytes=1048576 actual_bytes=786432 sets=4096
[ForL0-HotCache] state_attach name=ScalarRightCount requested_bytes=1048576 actual_bytes=786432 sets=4096
[ForL0-HotCache] state_attach name=ScalarRightCount requested_bytes=1048576 actual_bytes=786432 sets=4096
[ForL0-HotCache] state_attach name=ScalarRightCount requested_bytes=1048576 actual_bytes=786432 sets=4096
[ForL0-HotCache] state_attach name=ScalarRightCount requested_bytes=1048576 actual_bytes=786432 sets=4096
[ForL0-HotCache] state_summary name=ScalarLeftCount sets=4096 lookups=449288 hits=358917 invalidations=0 writes=465603 bypass_events=0 bypassed=0
[ForL0-HotCache] state_summary name=ScalarRightCount sets=4096 lookups=498262 hits=121970 invalidations=0 writes=49051 bypass_events=0 bypassed=0
[ForL0-HotCache] engine_summary requested_bytes=67108864 actual_bytes=67108800 used_bytes=6291456 total_sets=349525 free_sets=316757 caches=8 lookups=3720761 hits=1900424 invalidations=0 writes=2023539 bypass_events=0
[ForL0-Memory] engine_summary used_bytes=42993664 peak_bytes=42993664 max_bytes=1073741824
[ForL0-HotCache] state_summary name=ScalarLeftCount sets=4096 lookups=450138 hits=359359 invalidations=0 writes=466589 bypass_events=0 bypassed=0
[ForL0-HotCache] state_summary name=ScalarRightCount sets=4096 lookups=500181 hits=125044 invalidations=0 writes=50125 bypass_events=0 bypassed=0
[ForL0-HotCache] engine_summary requested_bytes=67108864 actual_bytes=67108800 used_bytes=4718592 total_sets=349525 free_sets=324949 caches=6 lookups=2787024 hits=1425841 invalidations=0 writes=1516324 bypass_events=0
[ForL0-Memory] engine_summary used_bytes=42993664 peak_bytes=42993664 max_bytes=1073741824
[ForL0-HotCache] state_summary name=ScalarLeftCount sets=4096 lookups=449415 hits=358455 invalidations=0 writes=466016 bypass_events=0 bypassed=0
[ForL0-HotCache] state_summary name=ScalarRightCount sets=4096 lookups=498959 hits=122834 invalidations=0 writes=49641 bypass_events=0 bypassed=0
[ForL0-HotCache] engine_summary requested_bytes=67108864 actual_bytes=67108800 used_bytes=3145728 total_sets=349525 free_sets=333141 caches=4 lookups=1891923 hits=967115 invalidations=0 writes=1029207 bypass_events=0
[ForL0-Memory] engine_summary used_bytes=42993664 peak_bytes=42993664 max_bytes=1073741824
[ForL0-HotCache] state_summary name=ScalarLeftCount sets=4096 lookups=450740 hits=360600 invalidations=0 writes=467084 bypass_events=0 bypassed=0
[ForL0-HotCache] state_summary name=ScalarRightCount sets=4096 lookups=502179 hits=129583 invalidations=0 writes=51474 bypass_events=0 bypassed=0
[ForL0-HotCache] engine_summary requested_bytes=67108864 actual_bytes=67108800 used_bytes=1572864 total_sets=349525 free_sets=341333 caches=2 lookups=952919 hits=490183 invalidations=0 writes=518558 bypass_events=0
[ForL0-Memory] engine_summary used_bytes=42993664 peak_bytes=42993664 max_bytes=1073741824
