=== flink-taskmanager-1 ===
=== flink-taskmanager-2 ===
[ForL0-HotCache] engine_start active=1 key_groups=0:32 requested_bytes=201326592 actual_bytes=201326400 total_sets=1048575 strict=1
[ForL0-HotCache] engine_reuse active=1 key_groups=96:128 requested_bytes=201326592 actual_bytes=201326400 total_sets=1048575 strict=1
[ForL0-HotCache] engine_reuse active=1 key_groups=32:64 requested_bytes=201326592 actual_bytes=201326400 total_sets=1048575 strict=1
[ForL0-HotCache] engine_reuse active=1 key_groups=64:96 requested_bytes=201326592 actual_bytes=201326400 total_sets=1048575 strict=1
[ForL0-HotCache] state_attach name=ScalarLeftCount requested_bytes=1048576 actual_bytes=786432 sets=4096
[ForL0-HotCache] state_attach name=ScalarLeftCount requested_bytes=1048576 actual_bytes=786432 sets=4096
[ForL0-HotCache] state_attach name=ScalarLeftCount requested_bytes=1048576 actual_bytes=786432 sets=4096
[ForL0-HotCache] state_attach name=ScalarLeftCount requested_bytes=1048576 actual_bytes=786432 sets=4096
[ForL0-HotCache] state_attach name=ScalarRightCount requested_bytes=1048576 actual_bytes=786432 sets=4096
[ForL0-HotCache] state_attach name=ScalarRightCount requested_bytes=1048576 actual_bytes=786432 sets=4096
[ForL0-HotCache] state_attach name=ScalarRightCount requested_bytes=1048576 actual_bytes=786432 sets=4096
[ForL0-HotCache] state_attach name=ScalarRightCount requested_bytes=1048576 actual_bytes=786432 sets=4096
[ForL0-HotCache] state_summary name=ScalarLeftCount sets=4096 lookups=449415 hits=358461 invalidations=0 writes=466010 bypass_events=0 bypassed=0
[ForL0-HotCache] state_summary name=ScalarRightCount sets=4096 lookups=498959 hits=122834 invalidations=0 writes=49641 bypass_events=0 bypassed=0
[ForL0-HotCache] engine_summary requested_bytes=201326592 actual_bytes=201326400 used_bytes=6291456 total_sets=1048575 free_sets=1015807 caches=8 lookups=3711859 hits=1896597 invalidations=0 writes=2018623 bypass_events=0
[ForL0-Memory] engine_summary used_bytes=16123904 peak_bytes=16222224 max_bytes=1073741824
[ForL0-HotCache] state_summary name=ScalarLeftCount sets=4096 lookups=451159 hits=360959 invalidations=0 writes=467531 bypass_events=0 bypassed=0
[ForL0-HotCache] state_summary name=ScalarRightCount sets=4096 lookups=502598 hits=129615 invalidations=0 writes=51474 bypass_events=0 bypassed=0
[ForL0-HotCache] engine_summary requested_bytes=201326592 actual_bytes=201326400 used_bytes=4718592 total_sets=1048575 free_sets=1023999 caches=6 lookups=2817240 hits=1440096 invalidations=0 writes=1531848 bypass_events=0
[ForL0-Memory] engine_summary used_bytes=16123904 peak_bytes=16222224 max_bytes=1073741824
[ForL0-HotCache] state_summary name=ScalarLeftCount sets=4096 lookups=450138 hits=359369 invalidations=0 writes=466579 bypass_events=0 bypassed=0
[ForL0-HotCache] state_summary name=ScalarRightCount sets=4096 lookups=500181 hits=125044 invalidations=0 writes=50125 bypass_events=0 bypassed=0
[ForL0-HotCache] engine_summary requested_bytes=201326592 actual_bytes=201326400 used_bytes=3145728 total_sets=1048575 free_sets=1032191 caches=4 lookups=1878342 hits=956263 invalidations=0 writes=1020837 bypass_events=0
[ForL0-Memory] engine_summary used_bytes=16123904 peak_bytes=16222224 max_bytes=1073741824
[ForL0-HotCache] state_summary name=ScalarLeftCount sets=4096 lookups=449288 hits=358932 invalidations=0 writes=465588 bypass_events=0 bypassed=0
[ForL0-HotCache] state_summary name=ScalarRightCount sets=4096 lookups=498262 hits=121970 invalidations=0 writes=49051 bypass_events=0 bypassed=0
[ForL0-HotCache] engine_summary requested_bytes=201326592 actual_bytes=201326400 used_bytes=1572864 total_sets=1048575 free_sets=1040383 caches=2 lookups=947550 hits=480902 invalidations=0 writes=514639 bypass_events=0
[ForL0-Memory] engine_summary used_bytes=16123904 peak_bytes=16222224 max_bytes=1073741824
