=== flink-taskmanager-1 ===
=== flink-taskmanager-2 ===
[ForL0-HotCache] engine_start active=1 key_groups=0:32 requested_bytes=67108864 actual_bytes=67108800 total_sets=349525 strict=1
[ForL0-HotCache] engine_reuse active=1 key_groups=64:96 requested_bytes=67108864 actual_bytes=67108800 total_sets=349525 strict=1
[ForL0-HotCache] engine_reuse active=1 key_groups=96:128 requested_bytes=67108864 actual_bytes=67108800 total_sets=349525 strict=1
[ForL0-HotCache] engine_reuse active=1 key_groups=32:64 requested_bytes=67108864 actual_bytes=67108800 total_sets=349525 strict=1
[ForL0-HotCache] state_attach name=ScalarLeftCount requested_bytes=1048576 actual_bytes=786432 sets=4096
[ForL0-HotCache] state_attach name=ScalarLeftCount requested_bytes=1048576 actual_bytes=786432 sets=4096
[ForL0-HotCache] state_attach name=ScalarLeftCount requested_bytes=1048576 actual_bytes=786432 sets=4096
[ForL0-HotCache] state_attach name=ScalarLeftCount requested_bytes=1048576 actual_bytes=786432 sets=4096
[ForL0-HotCache] state_attach name=ScalarRightCount requested_bytes=1048576 actual_bytes=786432 sets=4096
[ForL0-HotCache] state_attach name=ScalarRightCount requested_bytes=1048576 actual_bytes=786432 sets=4096
[ForL0-HotCache] state_attach name=ScalarRightCount requested_bytes=1048576 actual_bytes=786432 sets=4096
[ForL0-HotCache] state_attach name=ScalarRightCount requested_bytes=1048576 actual_bytes=786432 sets=4096
[ForL0-HotCache] state_summary name=ScalarLeftCount sets=4096 lookups=451159 hits=360949 invalidations=0 writes=467541 bypass_events=0 bypassed=0
[ForL0-HotCache] state_summary name=ScalarRightCount sets=4096 lookups=502598 hits=129618 invalidations=0 writes=51474 bypass_events=0 bypassed=0
[ForL0-HotCache] engine_summary requested_bytes=67108864 actual_bytes=67108800 used_bytes=6291456 total_sets=349525 free_sets=316757 caches=8 lookups=3720349 hits=1900551 invalidations=0 writes=2023265 bypass_events=0
[ForL0-Memory] engine_summary used_bytes=16123904 peak_bytes=16222224 max_bytes=1342177280
[ForL0-HotCache] state_summary name=ScalarLeftCount sets=4096 lookups=449415 hits=358413 invalidations=0 writes=466058 bypass_events=0 bypassed=0
[ForL0-HotCache] state_summary name=ScalarRightCount sets=4096 lookups=498959 hits=122834 invalidations=0 writes=49641 bypass_events=0 bypassed=0
[ForL0-HotCache] engine_summary requested_bytes=67108864 actual_bytes=67108800 used_bytes=4718592 total_sets=349525 free_sets=324949 caches=6 lookups=2777099 hits=1414858 invalidations=0 writes=1509863 bypass_events=0
[ForL0-Memory] engine_summary used_bytes=16123904 peak_bytes=16222224 max_bytes=1342177280
[ForL0-HotCache] state_summary name=ScalarLeftCount sets=4096 lookups=449288 hits=358932 invalidations=0 writes=465588 bypass_events=0 bypassed=0
[ForL0-HotCache] state_summary name=ScalarRightCount sets=4096 lookups=498262 hits=121970 invalidations=0 writes=49051 bypass_events=0 bypassed=0
[ForL0-HotCache] engine_summary requested_bytes=67108864 actual_bytes=67108800 used_bytes=3145728 total_sets=349525 free_sets=333141 caches=4 lookups=1887782 hits=960717 invalidations=0 writes=1025922 bypass_events=0
[ForL0-Memory] engine_summary used_bytes=16123904 peak_bytes=16222224 max_bytes=1342177280
[ForL0-HotCache] state_summary name=ScalarLeftCount sets=4096 lookups=450138 hits=359345 invalidations=0 writes=466603 bypass_events=0 bypassed=0
[ForL0-HotCache] state_summary name=ScalarRightCount sets=4096 lookups=500181 hits=125045 invalidations=0 writes=50124 bypass_events=0 bypassed=0
[ForL0-HotCache] engine_summary requested_bytes=67108864 actual_bytes=67108800 used_bytes=1572864 total_sets=349525 free_sets=341333 caches=2 lookups=950319 hits=484390 invalidations=0 writes=516727 bypass_events=0
[ForL0-Memory] engine_summary used_bytes=16123904 peak_bytes=16222224 max_bytes=1342177280
