============================================================
  ForL0 offline one-command bootstrap
============================================================
  Archive:     /root/forL0/forl0-offline-linux-arm64-py310-20260721.tar.gz
  Project dir: /root/forL0
  Run log:     /dev/null
  Extract to:  /root/forL0/forl0-offline-linux-arm64-py310-20260721
  Installed:   /root/forl0-runtime
  FLINK_HOME:  /root/flink_home

[1/4] Reuse runnable repository at /root/forL0
[2/4] Release archive is not required for repository mode
[3/4] Repository structure validated
[native] source fingerprint unchanged; reuse server-built runtime
[4/4] Install and run ForL0 validation

  Runtime source: repository (/root/forL0)

==> Checking L0 hardware environment
  device:      OK (/dev/hisi_l0)
  libl0:       OK (/opt/pkg/l0memlib/libl0mempool.so; bounded search under /opt)
  libnuma:     OK (/usr/lib64/libnuma.so.1.0.0; ldconfig cache)
  result:      real L0 environment looks available

==> Preparing full repository runtime
============================================================
  ForL0 仓库一键部署
============================================================
  仓库路径:   /root/forL0
  FLINK_HOME: /root/flink_home
  Docker:     docker

      ⚠ 未找到 unit-test benchmark JAR；apps/nexmark/wordcount/client_usecase 运行不依赖该产物
[1/4] 跳过 Docker 镜像加载

[2/4] 检查 L0 环境...
      device:      OK (/dev/hisi_l0)
      libl0:       OK (/opt/pkg/l0memlib/libl0mempool.so; explicit override)
      libnuma:     OK (/usr/lib64/libnuma.so.1.0.0; explicit override)
      ✓ L0 硬件环境可用

[3/4] 安装预编译产物到 Flink...
      ✓ backend JAR 已安装到 /root/flink_home/lib/
      ✓ NexMark JAR 已安装到 /root/flink_home/lib/
      ✓ native 库已安装到 /root/flink_home/native/
      ✓ WordCount benchmark 已就绪
      ✓ Client usecase benchmark 已就绪
      ✓ 环境文件已写入 /root/forL0/docker/forl0-local.env
      ✓ async-profiler 已就绪: /root/forL0/tools/async-profiler

[4/4] 启动 Docker 集群...
      已跳过启动。手工执行：
      source /root/forL0/docker/forl0-local.env
      cd /root/forL0/docker && ./docker_run.sh start

============================================================
  完成
============================================================
  查看状态: source /root/forL0/docker/forl0-local.env && cd /root/forL0/docker && ./docker_run.sh status
  查看日志: source /root/forL0/docker/forl0-local.env && cd /root/forL0/docker && ./docker_run.sh logs tm1
  全量运行 apps: cd /root/forL0/docker && ./run_all_apps.sh
  只跑 WordCount: cd /root/forL0/docker && ./run_all_apps.sh --test wordcount
      ✓ Synced Java 8 NexMark JAR into runtime distribution

==> Runtime summary
  app root:    /root/forL0
  runtime:     /root/forL0
  results:     /root/forL0/benchmark/results/tuning/full_20260816_190623/trial_082_dbf694f3/workloads/N08/results
  FLINK_HOME:  /root/flink_home
  backend:     all
  profile:     --no-profile
  pressure:    forl0_tps_probe
  workloads:   N08
  expected TM: 2
  expected slots: 8
  control rev: unavailable

==> Preflight check
Command: /root/forL0/docker/run_all_apps.sh --offline --preflight-only --test apps --backend all --expected-taskmanagers 2 --expected-slots 8 --restart-cluster --restart-cluster
============================================================
  ForL0 benchmark run context
============================================================
  Repo:        /root/forL0
  Results:     /root/forL0/benchmark/results/tuning/full_20260816_190623/trial_082_dbf694f3/workloads/N08/results
  Test:        apps
  Backend:     all
  Profile:     disabled
  Offline:     true
  Expect TMs:  2
  Expect slots:8
  GitCommit:   unavailable
  RunID:       full_20260816_190623_trial_082_dbf694f3_N08
  ControlRev:  unavailable
  Date:        2026-08-18 16:45:19 +0800

[preflight] 检查 Flink 与 benchmark 产物
      ✓ FLINK_HOME: /root/flink_home
      ✓ benchmark config: /root/forL0/benchmark/config/benchmark.yaml
      ✓ benchmark entry: /root/forL0/benchmark/scripts/run_benchmark.py
      ✓ requirements: /root/forL0/benchmark/requirements.txt
      ✓ WordCount JAR: /root/forL0/docker/deploy/wordcount-benchmark-1.0-SNAPSHOT.jar
      ✓ NexMark JAR: /root/forL0/docker/deploy/nexmark-flink-0.3-SNAPSHOT.jar
      ✓ NexMark top-level JAR: Java 8 compatible and cancel-409 fix present
      ✓ NexMark driver JAR: Java 8 compatible and cancel-409 fix present
      ✓ NexMark bin: /root/forL0/docker/deploy/nexmark-flink/bin
      ✓ NexMark conf: /root/forL0/docker/deploy/nexmark-flink/conf
      ✓ NexMark queries: /root/forL0/docker/deploy/nexmark-flink/queries
      ✓ Client usecase JAR: /root/forL0/docker/deploy/flink-keyedcoprocessfunction-example-1.0-SNAPSHOT-jar-with-dependencies.jar
      ✓ Client hotspot-drift JAR: /root/forL0/docker/deploy/client-drift-benchmark-1.0-SNAPSHOT.jar
      ✓ ForL0 backend JAR in Flink lib: /root/flink_home/lib/flink-statebackend-forL0-1.0-SNAPSHOT.jar
      ✓ native library: /root/flink_home/native/libforl0_engine.so
[3/5] 复用依赖完整的 benchmark Python: /root/forl0-runtime/.venv-benchmark-cp310/bin/python
      Python:       /root/forl0-runtime/.venv-benchmark-cp310/bin/python (3.10)
      ✓ config loaded
      ✓ nexmark queries: q4,q5,q8,q9,q11,q18,q19,q20
      ✓ client scenarios: contract_baseline,forl0_optimized,state_pressure_300k,state_pressure_1m,hotspot_drift_300k,hotspot_drift_1m,hotspot_state_left_2m,hotspot_state_join_2m,scalar_state_probe_1m,scalar_state_probe_2m_ops64,scalar_state_probe_2m_ops16,scalar_state_probe_2m_ops16_fused,scalar_state_probe_2m_ops16_batch,scalar_state_probe_2m_ops64_batch,scalar_state_probe_1m_ops128_batch,scalar_value_probe_5m_ops16,scalar_value_probe_20m_ops16
[preflight] 检查通过。
[2/5] 按要求重启 Flink 集群
=== 停止 BriskState Flink Docker 集群 ===
flink-taskmanager-2
flink-taskmanager-1
flink-jobmanager
flink-net
已停止
=== 启动 BriskState Flink Docker 集群 ===
  FLINK_HOME: /root/flink_home
  NATIVE:     /root/flink_home/native
  CONF:       /root/forL0/docker/conf
  Docker:     docker
  JM memory:  8g
  TM memory:  16g
  libnuma:    /usr/lib64/libnuma.so.1.0.0 -> /usr/lib/libnuma.so.1
  libl0:      /opt/pkg/l0memlib/libl0mempool.so -> /usr/lib[64]/libl0mempool.so

[0/3] 清理残留 benchmark 容器...
d3d85318f0b320fdbf8af211f5cfbed67c8d109a50256447919e62f89afb5af1
[1/3] 启动 JobManager...
21677217fff301dc7547ec9b84e8817bca30e046b4242ecbc701430bae17cb0f
      JobManager IP: 192.168.192.2
[2/3] 启动 TaskManager-1...
8518b9f7ad560c21f2ed0e3217e0f6b5aa9df83129f9bd115666b01b81f183a5
[3/3] 启动 TaskManager-2...
1f0eaa3311dcc864f13650780f43b0d6242b48886f7bc9576204c175ffcc90b5

等待 JobManager 就绪...
...
=== 集群启动成功! ===
  Web UI: http://localhost:8081
  TaskManagers: 2
  Slots:        8

  查看 TaskManager 日志: /root/forL0/docker/docker_run.sh logs tm1
  提交作业:     /root/flink_home/bin/flink run -m localhost:8081 -c <MainClass> <jar>
      ✓ Flink 集群健康:
TASKMANAGERS=2
SLOTS_TOTAL=8
SLOTS_AVAILABLE=8
JOBS_RUNNING=0
TM 192.168.192.4:39265-999e08 slots=4 free=4 heartbeatMs=0
TM 192.168.192.3:44779-bd5ed2 slots=4 free=4 heartbeatMs=0
Ascend reproduction manifest: /root/forL0/benchmark/results/tuning/full_20260816_190623/trial_082_dbf694f3/workloads/N08/results/run_logs/ascend_reproduction_20260818_164529.tsv

==> Ascend reproduction N08: nexmark_q20_lateq_deep_forl0
Command: /root/forL0/docker/run_all_apps.sh --offline --test nexmark --scenario forl0_no_full_gc_lateq_deep --query q20 --backend forl0 --no-profile --no-report --expected-taskmanagers 2 --expected-slots 8 --restart-cluster
============================================================
  ForL0 benchmark run context
============================================================
  Repo:        /root/forL0
  Results:     /root/forL0/benchmark/results/tuning/full_20260816_190623/trial_082_dbf694f3/workloads/N08/results
  Test:        nexmark
  Backend:     forl0
  Profile:     disabled
  Offline:     true
  Expect TMs:  2
  Expect slots:8
  GitCommit:   unavailable
  RunID:       full_20260816_190623_trial_082_dbf694f3_N08
  ControlRev:  unavailable
  Date:        2026-08-18 16:45:29 +0800

[2/5] 按要求重启 Flink 集群
=== 停止 BriskState Flink Docker 集群 ===
flink-taskmanager-2
flink-taskmanager-1
flink-jobmanager
flink-net
已停止
=== 启动 BriskState Flink Docker 集群 ===
  FLINK_HOME: /root/flink_home
  NATIVE:     /root/flink_home/native
  CONF:       /root/forL0/docker/conf
  Docker:     docker
  JM memory:  8g
  TM memory:  16g
  libnuma:    /usr/lib64/libnuma.so.1.0.0 -> /usr/lib/libnuma.so.1
  libl0:      /opt/pkg/l0memlib/libl0mempool.so -> /usr/lib[64]/libl0mempool.so

[0/3] 清理残留 benchmark 容器...
7768f00bf0243ac4f44af5545240e8c30827baa17d3573a988a7252e247b6adc
[1/3] 启动 JobManager...
0c1286a4412ae1aa2df1104da9a1faddd81dcbf15857112dd4636b3abd91c1f0
      JobManager IP: 192.168.208.2
[2/3] 启动 TaskManager-1...
7aa054a26e829ef85e037b37a6a2a328e2bd73df79235f5c11880a543636e285
[3/3] 启动 TaskManager-2...
0f8584f369e275d0dae4d645d3255d47fae2056635b7ff3eb0c54f40a01687e0

等待 JobManager 就绪...
...
=== 集群启动成功! ===
  Web UI: http://localhost:8081
  TaskManagers: 2
  Slots:        8

  查看 TaskManager 日志: /root/forL0/docker/docker_run.sh logs tm1
  提交作业:     /root/flink_home/bin/flink run -m localhost:8081 -c <MainClass> <jar>
      ✓ Flink 集群健康:
TASKMANAGERS=2
SLOTS_TOTAL=8
SLOTS_AVAILABLE=8
JOBS_RUNNING=0
TM 192.168.208.3:35333-f74893 slots=4 free=4 heartbeatMs=0
TM 192.168.208.4:36429-35c712 slots=4 free=4 heartbeatMs=0
[3/5] 复用依赖完整的 benchmark Python: /root/forl0-runtime/.venv-benchmark-cp310/bin/python
      Python:       /root/forl0-runtime/.venv-benchmark-cp310/bin/python (3.10)
[4/5] 开始运行 benchmark/scripts/run_benchmark.py
Command: /root/forl0-runtime/.venv-benchmark-cp310/bin/python /root/forL0/benchmark/scripts/run_benchmark.py --test nexmark --backend forl0 --scenario forl0_no_full_gc_lateq_deep --query q20
[NexMark] Scenario: forl0_no_full_gc_lateq_deep — Non-contract retry: q18/q19/q20 deeper state-pressure shaping under no-Full-GC acceptance
============================================================
ForL0 StateBackend Benchmark
============================================================
Test: nexmark
Backends: forl0
NexMark Queries: q20
NexMark Scenario: forl0_no_full_gc_lateq_deep
============================================================

============================================================
Running NexMark Benchmark
============================================================

============================================================
Nexmark DataStream Benchmark
============================================================
Queries: ['q20']
Backends: ['forl0']
Repeat per query: 1
Min successful samples: 1
Mode: benchmark
============================================================


============================================================
Backend: forl0
============================================================
[Nexmark] Category compatibility view: forl0 -> oa (/tmp/nexmark-conf-8o2aydhl/nexmark-home/queries)

=== Running Nexmark Q20 (forl0 backend) ===
Events: 0, TPS: 500000
Proportions: Person(1):Auction(49):Bid(50)
Hot ratios: bid.auctions=24, bid.bidders=default
Command: java -Dlog.file=/root/forL0/docker/deploy/nexmark-flink/log/nexmark-flink.log -Dlog4j.configuration=file:/tmp/nexmark-conf-8o2aydhl/log4j.properties -Dlog4j.configurationFile=file:/tmp/nexmark-conf-8o2aydhl/log4j.properties -Dstate.backend.type=org.apache.flink.state.forl0.ForL0StateBackendFactory -Dstate.backend.forl0.initial-table-capacity=8192 -Dstate.backend.forl0.max-table-capacity=4194304 -Dstate.backend.forl0.l0-cache.enabled=true -Dstate.backend.forl0.l0-cache.total-size=128mb -Dstate.backend.forl0.l0-cache.expected-engines=2 -Dstate.backend.forl0.l0-cache.strict-allocation=true -Dstate.backend.forl0.native-memory.max-size=768mb -Dstate.backend.forl0.main-table.load-factor-threshold=0.8 -DforL0.metricsCollector.enabled=false -cp /root/forL0/docker/deploy/nexmark-flink/lib/*:/root/flink_home/lib/* com.github.nexmark.flink.Benchmark --location /tmp/nexmark-conf-8o2aydhl/nexmark-home --queries q20 --category oa

Benchmark Queries: [q20]
==================================================================
Start to run query q20 with workload [tps=500 K, eventsNum=0, percentage=bid:50,auction:49,person:1,kafkaServers:null]
Monitor metrics after 20 seconds.
Start to monitor metrics for 45 seconds.
Monitor TPS metric: vertex=sink, metric=Calc[11].numRecordsInPerSecond
Current Throughput=14.55 K, Cores=7.66 (2 TMs)
Current Throughput=14.55 K, Cores=6.49 (2 TMs)
Current Throughput=14.55 K, Cores=6.23 (2 TMs)
Current Throughput=22.88 K, Cores=5.48 (2 TMs)
Current Throughput=22.88 K, Cores=6.85 (2 TMs)
Current Throughput=31.24 K, Cores=5.09 (2 TMs)
Current Throughput=31.24 K, Cores=5.88 (2 TMs)
Current Throughput=39.63 K, Cores=5.93 (2 TMs)
Current Throughput=39.63 K, Cores=5.8 (2 TMs)
Summary Average: Throughput=25.68 K, Cores=6.16
Stop job query q20
-------------------------------- Nexmark Results --------------------------------

+------+-----------------+---------+-----------------+
| Query| Throughput (r/s)| Cores   | Throughput/Cores|
+------+-----------------+---------+-----------------+
|q20   |25.68 K          |6.16     |4.17 K           |
|Total |-                |-        |4.17 K           |
+------+-----------------+---------+-----------------+



  Result: 25,680.00 events/sec

--- forl0 Summary ---
  q20: 25,680 events/sec (4,169/core)

[Nexmark] Results saved to: /root/forL0/benchmark/results/tuning/full_20260816_190623/trial_082_dbf694f3/workloads/N08/results/nexmark_20260818_164539/nexmark_results.json

======================================================================
                    BENCHMARK SUMMARY
======================================================================

## Unit Test Benchmark
--------------------------------------------------

## WordCount Benchmark
--------------------------------------------------

## Client Usecase Benchmark
--------------------------------------------------

## NexMark Benchmark
--------------------------------------------------
Query   Proc(s)       forl0 proc eps     report eps     (/core)
---------------------------------------------------------------
Q20                        25.68 K/s      25.68 K/s    4.17 K/s

======================================================================

Next steps:
  1. Review raw results in: /root/forL0/benchmark/results/tuning/full_20260816_190623/trial_082_dbf694f3/workloads/N08/results/raw/
  2. Generate report: python scripts/generate_report.py
  3. View report in: /root/forL0/benchmark/results/tuning/full_20260816_190623/trial_082_dbf694f3/workloads/N08/results/reports/
[evidence] TaskManager evidence: /root/forL0/benchmark/results/tuning/full_20260816_190623/trial_082_dbf694f3/workloads/N08/results/run_logs/taskmanager_nexmark_forl0_20260818_164655.log
=== flink-taskmanager-1 ===
=== flink-taskmanager-2 ===
[ForL0-HotCache] engine_start active=1 key_groups=64:96 requested_bytes=67108864 actual_bytes=67108800 total_sets=349525 strict=1
[ForL0-HotCache] engine_reuse active=1 key_groups=96:128 requested_bytes=67108864 actual_bytes=67108800 total_sets=349525 strict=1
[ForL0-HotCache] engine_reuse active=1 key_groups=32:64 requested_bytes=67108864 actual_bytes=67108800 total_sets=349525 strict=1
[ForL0-HotCache] engine_reuse active=1 key_groups=0:32 requested_bytes=67108864 actual_bytes=67108800 total_sets=349525 strict=1

==> Done
Raw results:
  /root/forL0/benchmark/results/tuning/full_20260816_190623/trial_082_dbf694f3/workloads/N08/results/raw/
NexMark runs:
  /root/forL0/benchmark/results/tuning/full_20260816_190623/trial_082_dbf694f3/workloads/N08/results/nexmark_*/
Derived figures/reports: disabled on the experiment server
