============================================================
  ForL0 offline one-command bootstrap
============================================================
  Archive:     /root/forL0/forl0-offline-linux-arm64-py310-20260721.tar.gz
  Project dir: /root/forL0
  Run log:     /dev/null
  Extract to:  /root/forL0/forl0-offline-linux-arm64-py310-20260721
  Installed:   /root/forl0-runtime
  FLINK_HOME:  /root/flink_home

[1/4] Reuse runnable repository at /root/forL0
[2/4] Release archive is not required for repository mode
[3/4] Repository structure validated
[native] source fingerprint unchanged; reuse server-built runtime
[4/4] Install and run ForL0 validation

  Runtime source: repository (/root/forL0)

==> Checking L0 hardware environment
  device:      OK (/dev/hisi_l0)
  libl0:       OK (/opt/pkg/l0memlib/libl0mempool.so; bounded search under /opt)
  libnuma:     OK (/usr/lib64/libnuma.so.1.0.0; ldconfig cache)
  result:      real L0 environment looks available

==> Preparing full repository runtime
============================================================
  ForL0 仓库一键部署
============================================================
  仓库路径:   /root/forL0
  FLINK_HOME: /root/flink_home
  Docker:     docker

      ⚠ 未找到 unit-test benchmark JAR；apps/nexmark/wordcount/client_usecase 运行不依赖该产物
[1/4] 跳过 Docker 镜像加载

[2/4] 检查 L0 环境...
      device:      OK (/dev/hisi_l0)
      libl0:       OK (/opt/pkg/l0memlib/libl0mempool.so; explicit override)
      libnuma:     OK (/usr/lib64/libnuma.so.1.0.0; explicit override)
      ✓ L0 硬件环境可用

[3/4] 安装预编译产物到 Flink...
      ✓ backend JAR 已安装到 /root/flink_home/lib/
      ✓ NexMark JAR 已安装到 /root/flink_home/lib/
      ✓ native 库已安装到 /root/flink_home/native/
      ✓ WordCount benchmark 已就绪
      ✓ Client usecase benchmark 已就绪
      ✓ 环境文件已写入 /root/forL0/docker/forl0-local.env
      ✓ async-profiler 已就绪: /root/forL0/tools/async-profiler

[4/4] 启动 Docker 集群...
      已跳过启动。手工执行：
      source /root/forL0/docker/forl0-local.env
      cd /root/forL0/docker && ./docker_run.sh start

============================================================
  完成
============================================================
  查看状态: source /root/forL0/docker/forl0-local.env && cd /root/forL0/docker && ./docker_run.sh status
  查看日志: source /root/forL0/docker/forl0-local.env && cd /root/forL0/docker && ./docker_run.sh logs tm1
  全量运行 apps: cd /root/forL0/docker && ./run_all_apps.sh
  只跑 WordCount: cd /root/forL0/docker && ./run_all_apps.sh --test wordcount
      ✓ Synced Java 8 NexMark JAR into runtime distribution

==> Runtime summary
  app root:    /root/forL0
  runtime:     /root/forL0
  results:     /root/forL0/benchmark/results/tuning/full_20260816_190623/trial_102_8f9097bd/workloads/N01/results
  FLINK_HOME:  /root/flink_home
  backend:     all
  profile:     --no-profile
  pressure:    forl0_tps_probe
  workloads:   N01
  expected TM: 2
  expected slots: 8
  control rev: unavailable

==> Preflight check
Command: /root/forL0/docker/run_all_apps.sh --offline --preflight-only --test apps --backend all --expected-taskmanagers 2 --expected-slots 8 --restart-cluster --restart-cluster
============================================================
  ForL0 benchmark run context
============================================================
  Repo:        /root/forL0
  Results:     /root/forL0/benchmark/results/tuning/full_20260816_190623/trial_102_8f9097bd/workloads/N01/results
  Test:        apps
  Backend:     all
  Profile:     disabled
  Offline:     true
  Expect TMs:  2
  Expect slots:8
  GitCommit:   unavailable
  RunID:       full_20260816_190623_trial_102_8f9097bd_N01
  ControlRev:  unavailable
  Date:        2026-08-19 03:43:27 +0800

[preflight] 检查 Flink 与 benchmark 产物
      ✓ FLINK_HOME: /root/flink_home
      ✓ benchmark config: /root/forL0/benchmark/config/benchmark.yaml
      ✓ benchmark entry: /root/forL0/benchmark/scripts/run_benchmark.py
      ✓ requirements: /root/forL0/benchmark/requirements.txt
      ✓ WordCount JAR: /root/forL0/docker/deploy/wordcount-benchmark-1.0-SNAPSHOT.jar
      ✓ NexMark JAR: /root/forL0/docker/deploy/nexmark-flink-0.3-SNAPSHOT.jar
      ✓ NexMark top-level JAR: Java 8 compatible and cancel-409 fix present
      ✓ NexMark driver JAR: Java 8 compatible and cancel-409 fix present
      ✓ NexMark bin: /root/forL0/docker/deploy/nexmark-flink/bin
      ✓ NexMark conf: /root/forL0/docker/deploy/nexmark-flink/conf
      ✓ NexMark queries: /root/forL0/docker/deploy/nexmark-flink/queries
      ✓ Client usecase JAR: /root/forL0/docker/deploy/flink-keyedcoprocessfunction-example-1.0-SNAPSHOT-jar-with-dependencies.jar
      ✓ Client hotspot-drift JAR: /root/forL0/docker/deploy/client-drift-benchmark-1.0-SNAPSHOT.jar
      ✓ ForL0 backend JAR in Flink lib: /root/flink_home/lib/flink-statebackend-forL0-1.0-SNAPSHOT.jar
      ✓ native library: /root/flink_home/native/libforl0_engine.so
[3/5] 复用依赖完整的 benchmark Python: /root/forl0-runtime/.venv-benchmark-cp310/bin/python
      Python:       /root/forl0-runtime/.venv-benchmark-cp310/bin/python (3.10)
      ✓ config loaded
      ✓ nexmark queries: q4,q5,q8,q9,q11,q18,q19,q20
      ✓ client scenarios: contract_baseline,forl0_optimized,state_pressure_300k,state_pressure_1m,hotspot_drift_300k,hotspot_drift_1m,hotspot_state_left_2m,hotspot_state_join_2m,scalar_state_probe_1m,scalar_state_probe_2m_ops64,scalar_state_probe_2m_ops16,scalar_state_probe_2m_ops16_fused,scalar_state_probe_2m_ops16_batch,scalar_state_probe_2m_ops64_batch,scalar_state_probe_1m_ops128_batch,scalar_value_probe_5m_ops16,scalar_value_probe_20m_ops16
[preflight] 检查通过。
[2/5] 按要求重启 Flink 集群
=== 停止 BriskState Flink Docker 集群 ===
flink-taskmanager-2
flink-taskmanager-1
flink-jobmanager
flink-net
已停止
=== 启动 BriskState Flink Docker 集群 ===
  FLINK_HOME: /root/flink_home
  NATIVE:     /root/flink_home/native
  CONF:       /root/forL0/docker/conf
  Docker:     docker
  JM memory:  8g
  TM memory:  16g
  libnuma:    /usr/lib64/libnuma.so.1.0.0 -> /usr/lib/libnuma.so.1
  libl0:      /opt/pkg/l0memlib/libl0mempool.so -> /usr/lib[64]/libl0mempool.so

[0/3] 清理残留 benchmark 容器...
cc8d1c537a7772c25ba997e5bbc9d3c1081f955ae274cc1adea3de837cb44b2e
[1/3] 启动 JobManager...
28ef784dd913f652069d989609a1b5d6a24bbfe2431debf1d3a4a555cd8d3bed
      JobManager IP: 192.168.96.2
[2/3] 启动 TaskManager-1...
6a5ac0463d2433db16ffa32f17490e03fb9c5b240cf15eeab6646ff0a07de4c0
[3/3] 启动 TaskManager-2...
f870b3f608c079001f52cead385374d715e568cae55f847b178d77b906c4bb96

等待 JobManager 就绪...
..
=== 集群启动成功! ===
  Web UI: http://localhost:8081
  TaskManagers: 2
  Slots:        8

  查看 TaskManager 日志: /root/forL0/docker/docker_run.sh logs tm1
  提交作业:     /root/flink_home/bin/flink run -m localhost:8081 -c <MainClass> <jar>
      ✓ Flink 集群健康:
TASKMANAGERS=2
SLOTS_TOTAL=8
SLOTS_AVAILABLE=8
JOBS_RUNNING=0
TM 192.168.96.4:45107-18a690 slots=4 free=4 heartbeatMs=0
TM 192.168.96.3:41947-edb7b8 slots=4 free=4 heartbeatMs=0
Ascend reproduction manifest: /root/forL0/benchmark/results/tuning/full_20260816_190623/trial_102_8f9097bd/workloads/N01/results/run_logs/ascend_reproduction_20260819_034335.tsv

==> Ascend reproduction N01: nexmark_q18_tps_hashmap
Command: /root/forL0/docker/run_all_apps.sh --offline --test nexmark --scenario forl0_tps_probe --query q18 --backend hashmap --no-profile --no-report --expected-taskmanagers 2 --expected-slots 8 --restart-cluster
============================================================
  ForL0 benchmark run context
============================================================
  Repo:        /root/forL0
  Results:     /root/forL0/benchmark/results/tuning/full_20260816_190623/trial_102_8f9097bd/workloads/N01/results
  Test:        nexmark
  Backend:     hashmap
  Profile:     disabled
  Offline:     true
  Expect TMs:  2
  Expect slots:8
  GitCommit:   unavailable
  RunID:       full_20260816_190623_trial_102_8f9097bd_N01
  ControlRev:  unavailable
  Date:        2026-08-19 03:43:35 +0800

[2/5] 按要求重启 Flink 集群
=== 停止 BriskState Flink Docker 集群 ===
flink-taskmanager-2
flink-taskmanager-1
flink-jobmanager
flink-net
已停止
=== 启动 BriskState Flink Docker 集群 ===
  FLINK_HOME: /root/flink_home
  NATIVE:     /root/flink_home/native
  CONF:       /root/forL0/docker/conf
  Docker:     docker
  JM memory:  8g
  TM memory:  16g
  libnuma:    /usr/lib64/libnuma.so.1.0.0 -> /usr/lib/libnuma.so.1
  libl0:      /opt/pkg/l0memlib/libl0mempool.so -> /usr/lib[64]/libl0mempool.so

[0/3] 清理残留 benchmark 容器...
1fae9c4e474fcd43c259a509989ef624b039d47200df3d68fc0ae69dbadf99b4
[1/3] 启动 JobManager...
11dd8f34b20d112d5717145e08aef8365c5a63fc55dccf1405b1128254749e06
      JobManager IP: 192.168.112.2
[2/3] 启动 TaskManager-1...
6cc7fd24deb522b381e0a7332df17ffc275e3edc70571b3c20bec2d361edfd90
[3/3] 启动 TaskManager-2...
c0d346e6e7d5515b4e7c344806c231acf2ebb65bf91e63cde67b770a4c58909a

等待 JobManager 就绪...
..
=== 集群启动成功! ===
  Web UI: http://localhost:8081
  TaskManagers: 2
  Slots:        8

  查看 TaskManager 日志: /root/forL0/docker/docker_run.sh logs tm1
  提交作业:     /root/flink_home/bin/flink run -m localhost:8081 -c <MainClass> <jar>
      ✓ Flink 集群健康:
TASKMANAGERS=2
SLOTS_TOTAL=8
SLOTS_AVAILABLE=8
JOBS_RUNNING=0
TM 192.168.112.4:44653-91f291 slots=4 free=4 heartbeatMs=0
TM 192.168.112.3:35411-d56bd4 slots=4 free=4 heartbeatMs=0
[3/5] 复用依赖完整的 benchmark Python: /root/forl0-runtime/.venv-benchmark-cp310/bin/python
      Python:       /root/forl0-runtime/.venv-benchmark-cp310/bin/python (3.10)
[4/5] 开始运行 benchmark/scripts/run_benchmark.py
Command: /root/forl0-runtime/.venv-benchmark-cp310/bin/python /root/forL0/benchmark/scripts/run_benchmark.py --test nexmark --backend hashmap --scenario forl0_tps_probe --query q18
[NexMark] Scenario: forl0_tps_probe — Non-contract probe: per-query NexMark steady-state TPS mode with sink throughput
============================================================
ForL0 StateBackend Benchmark
============================================================
Test: nexmark
Backends: hashmap
NexMark Queries: q18
NexMark Scenario: forl0_tps_probe
============================================================

============================================================
Running NexMark Benchmark
============================================================

============================================================
Nexmark DataStream Benchmark
============================================================
Queries: ['q18']
Backends: ['hashmap']
Repeat per query: 1
Min successful samples: 1
Mode: benchmark
============================================================


============================================================
Backend: hashmap
============================================================
[Nexmark] Category compatibility view: forl0 -> oa (/tmp/nexmark-conf-v86tlncw/nexmark-home/queries)

=== Running Nexmark Q18 (hashmap backend) ===
Events: 0, TPS: 5000000
Proportions: Person(1):Auction(49):Bid(50)
Command: java -Dlog.file=/root/forL0/docker/deploy/nexmark-flink/log/nexmark-flink.log -Dlog4j.configuration=file:/tmp/nexmark-conf-v86tlncw/log4j.properties -Dlog4j.configurationFile=file:/tmp/nexmark-conf-v86tlncw/log4j.properties -Dstate.backend.type=org.apache.flink.runtime.state.hashmap.HashMapStateBackendFactory -Dstate.backend.forl0.l0-cache.expected-engines=4 -Dstate.backend.forl0.l0-cache.strict-allocation=true -cp /root/forL0/docker/deploy/nexmark-flink/lib/*:/root/flink_home/lib/* com.github.nexmark.flink.Benchmark --location /tmp/nexmark-conf-v86tlncw/nexmark-home --queries q18 --category oa

  ERROR: Flink job failed during NexMark run: 311a65b6884d24647bcdf2922a14f6df insert-into_default_catalog.default_database.nexmark_q18
Flink failure detail: org.apache.flink.runtime.JobException: Recovery is suppressed by NoRestartBackoffTimeStrategy at org.apache.flink.runtime.executiongraph.failover.ExecutionFailureHandler.handleFailure(ExecutionFailureHandler.java:219) at org.apache.flink.runtime.executiongraph.failover.ExecutionFailureHandler.handleFailureAndReport(ExecutionFailureHandler.java:166) at org.apache.flink.runtime.executiongraph.failover.ExecutionFailureHandler.getFailureHandlingResult(ExecutionFailureHandler.java:121) at org.apache.flink.runtime.scheduler.DefaultScheduler.recordTaskFailure(DefaultScheduler.java:281) at org.apache.flink.runtime.scheduler.DefaultScheduler.handleTaskFailure(DefaultScheduler.java:272) at org.apache.flink.runtime.scheduler.DefaultScheduler.onTaskFailed(DefaultScheduler.java:265) at org.apache.flink.runtime.scheduler.SchedulerBase.onTaskExecutionStateUpdate(SchedulerBase.java:788) at org.apache.flink.runtime.scheduler.SchedulerBase.updateTaskExecutionState(SchedulerBase.java:765) at org.apache.flink.runtime.scheduler.UpdateSchedulerNgOnInternalFailuresListener.notifyTaskFailure(UpdateSchedulerNgOnInternalFailuresListener.java:51) at org.apache.flink.runtime.executiongraph.DefaultExecutionGraph.notifySchedulerNgAboutInternalTaskFailure(DefaultExecutionGraph.java:1665) at org.apache.flink.runtime.executiongraph.Execution.processFail(Execution.java:1190) at org.apache.flink.runtime.executiongraph.Execution.processFail(Execution.java:1130) at org.apache.flink.runtime.executiongraph.Execution.fail(Execution.java:831) at org.apache.flink.runtime.jobmaster.slotpool.SingleLogicalSlot.signalPayloadRelease(SingleLogicalSlot.java:195) at org.apache.flink.runtime.jobmaster.slotpool.SingleLogicalSlot.release(SingleLogicalSlot.java:182) at org.apache.flink.runtime.scheduler.SharedSlot.lambda$release$4(SharedSlot.java:270) at java.util.concurrent.CompletableFuture.uniAccept(CompletableFuture.java:670) at java.util.concurrent.CompletableFuture.uniAcceptStage(CompletableFuture.java:683) at java.util.concurrent.CompletableFuture.thenAccept(CompletableFuture.java:2010) at org.apache.flink.runtime.scheduler.SharedSlot.release(SharedSlot.java:270) at org.apache.flink.runtime.jobmaster.slotpool.AllocatedSlot.releasePayload(AllocatedSlot.java:152) at org.apache.flink.runtime.jobmaster.slotpool.DefaultDeclarativeSlotPool.releasePayload(DefaultDeclarativeSlotPool.java:482) at org.apache.flink.runtime.jobmaster.slotpool.DefaultDeclarativeSlotPool.freeAndReleaseSlots(DefaultDeclarativeSlotPool.java:474) at org.apache.flink.runtime.jobmaster.slotpool.DefaultDeclarativeSlotPool.releaseSlots(DefaultDeclarativeSlotPool.java:445) at org.apache.flink.runtime.jobmaster.slotpool.DeclarativeSlotPoolService.internalReleaseTaskManager(DeclarativeSlotPoolService.java:275) at org.apache.flink.runtime.jobmaster.slotpool.DeclarativeSlotPoolService.releaseTaskManager(DeclarativeSlotPoolService.java:231) at org.apache.flink.runtime.jobmaster.JobMaster.disconnectTaskManager(JobMaster.java:570) at org.apache.flink.runtime.jobmaster.JobMaster$TaskManagerHeartbeatListener.handleTaskManagerConnectionLoss(JobMaster.java:1629) at org.apache.flink.runtime.jobmaster.JobMaster$TaskManagerHeartbeatListener.notifyTargetUnreachable(JobMaster.java:1640) at org.apache.flink.runtime.heartbeat.DefaultHeartbeatMonitor.reportHeartbeatRpcFailure(DefaultHeartbeatMonitor.java:126) at org.apache.flink.runtime.heartbeat.HeartbeatManagerImpl.runIfHeartbeatMonitorExists(HeartbeatManagerImpl.java:275) at org.apache.flink.runtime.heartbeat.HeartbeatManagerImpl.reportHeartbeatTargetUnreachable(HeartbeatManagerImpl.java:267) at org.apache.flink.runtime.heartbeat.HeartbeatManagerImpl.handleHeartbeatRpcFailure(HeartbeatManagerImpl.java:262) at org.apache.flink.runtime.heartbeat.HeartbeatManagerImpl.lambda$handleHeartbeatRpc$0(HeartbeatManagerImpl.java:248) at java.util.concurrent.CompletableFuture.uniWhenComplete(CompletableFuture.java:774) at java.util.concurrent.CompletableFuture$UniWhenComplete.tryFire(Compl
Benchmark Queries: [q18]
==================================================================
Start to run query q18 with workload [tps=5 M, eventsNum=0, percentage=bid:50,auction:49,person:1,kafkaServers:null]
Monitor metrics after 10 seconds.
Start to monitor metrics for 60 seconds.
Monitor TPS metric: vertex=sink, metric=nexmark_q18[8]__Writer.numRecordsInPerSecond
Current Throughput=104.81 K, Cores=15.67 (2 TMs)
Current Throughput=104.81 K, Cores=16.52 (2 TMs)
Current Throughput=104.81 K, Cores=14.5 (2 TMs)
Current Throughput=216.07 K, Cores=17.22 (2 TMs)
Current Throughput=216.07 K, Cores=16.46 (2 TMs)
Current Throughput=325.92 K, Cores=15.12 (2 TMs)
Current Throughput=325.92 K, Cores=20.25 (2 TMs)
Current Throughput=435.44 K, Cores=20.25 (2 TMs)
Current Throughput=435.44 K, Cores=20.24 (2 TMs)
Current Throughput=435.44 K, Cores=20.25 (2 TMs)
Current Throughput=435.44 K, Cores=20.25 (2 TMs)
Current Throughput=435.44 K, Cores=20.24 (2 TMs)
Summary Average: Throughput=297.97 K, Cores=18.08
Stop job query q18

[NexMark fail-fast] Flink job failed during NexMark run: 311a65b6884d24647bcdf2922a14f6df insert-into_default_catalog.default_database.nexmark_q18
Flink failure detail: org.apache.flink.runtime.JobException: Recovery is suppressed by NoRestartBackoffTimeStrategy at org.apache.flink.runtime.executiongraph.failover.ExecutionFailureHandler.handleFailure(ExecutionFailureHandler.java:219) at org.apache.flink.runtime.executiongraph.failover.ExecutionFailureHandler.handleFailureAndReport(ExecutionFailureHandler.java:166) at org.apache.flink.runtime.executiongraph.failover.ExecutionFailureHandler.getFailureHandlingResult(ExecutionFailureHandler.java:121) at org.apache.flink.runtime.scheduler.DefaultScheduler.recordTaskFailure(DefaultScheduler.java:281) at org.apache.flink.runtime.scheduler.DefaultScheduler.handleTaskFailure(DefaultScheduler.java:272) at org.apache.flink.runtime.scheduler.DefaultScheduler.onTaskFailed(DefaultScheduler.java:265) at org.apache.flink.runtime.scheduler.SchedulerBase.onTaskExecutionStateUpdate(SchedulerBase.java:788) at org.apache.flink.runtime.scheduler.SchedulerBase.updateTaskExecutionState(SchedulerBase.java:765) at org.apache.flink.runtime.scheduler.UpdateSchedulerNgOnInternalFailuresListener.notifyTaskFailure(UpdateSchedulerNgOnInternalFailuresListener.java:51) at org.apache.flink.runtime.executiongraph.DefaultExecutionGraph.notifySchedulerNgAboutInternalTaskFailure(DefaultExecutionGraph.java:1665) at org.apache.flink.runtime.executiongraph.Execution.processFail(Execution.java:1190) at org.apache.flink.runtime.executiongraph.Execution.processFail(Execution.java:1130) at org.apache.flink.runtime.executiongraph.Execution.fail(Execution.java:831) at org.apache.flink.runtime.jobmaster.slotpool.SingleLogicalSlot.signalPayloadRelease(SingleLogicalSlot.java:195) at org.apache.flink.runtime.jobmaster.slotpool.SingleLogicalSlot.release(SingleLogicalSlot.java:182) at org.apache.flink.runtime.scheduler.SharedSlot.lambda$release$4(SharedSlot.java:270) at java.util.concurrent.CompletableFuture.uniAccept(CompletableFuture.java:670) at java.util.concurrent.CompletableFuture.uniAcceptStage(CompletableFuture.java:683) at java.util.concurrent.CompletableFuture.thenAccept(CompletableFuture.java:2010) at org.apache.flink.runtime.scheduler.SharedSlot.release(SharedSlot.java:270) at org.apache.flink.runtime.jobmaster.slotpool.AllocatedSlot.releasePayload(AllocatedSlot.java:152) at org.apache.flink.runtime.jobmaster.slotpool.DefaultDeclarativeSlotPool.releasePayload(DefaultDeclarativeSlotPool.java:482) at org.apache.flink.runtime.jobmaster.slotpool.DefaultDeclarativeSlotPool.freeAndReleaseSlots(DefaultDeclarativeSlotPool.java:474) at org.apache.flink.runtime.jobmaster.slotpool.DefaultDeclarativeSlotPool.releaseSlots(DefaultDeclarativeSlotPool.java:445) at org.apache.flink.runtime.jobmaster.slotpool.DeclarativeSlotPoolService.internalReleaseTaskManager(DeclarativeSlotPoolService.java:275) at org.apache.flink.runtime.jobmaster.slotpool.DeclarativeSlotPoolService.releaseTaskManager(DeclarativeSlotPoolService.java:231) at org.apache.flink.runtime.jobmaster.JobMaster.disconnectTaskManager(JobMaster.java:570) at org.apache.flink.runtime.jobmaster.JobMaster$TaskManagerHeartbeatListener.handleTaskManagerConnectionLoss(JobMaster.java:1629) at org.apache.flink.runtime.jobmaster.JobMaster$TaskManagerHeartbeatListener.notifyTargetUnreachable(JobMaster.java:1640) at org.apache.flink.runtime.heartbeat.DefaultHeartbeatMonitor.reportHeartbeatRpcFailure(DefaultHeartbeatMonitor.java:126) at org.apache.flink.runtime.heartbeat.HeartbeatManagerImpl.runIfHeartbeatMonitorExists(HeartbeatManagerImpl.java:275) at org.apache.flink.runtime.heartbeat.HeartbeatManagerImpl.reportHeartbeatTargetUnreachable(HeartbeatManagerImpl.java:267) at org.apache.flink.runtime.heartbeat.HeartbeatManagerImpl.handleHeartbeatRpcFailure(HeartbeatManagerImpl.java:262) at org.apache.flink.runtime.heartbeat.HeartbeatManagerImpl.lambda$handleHeartbeatRpc$0(HeartbeatManagerImpl.java:248) at java.util.concurrent.CompletableFuture.uniWhenComplete(CompletableFuture.java:774) at java.util.concurrent.CompletableFuture$UniWhenComplete.tryFire(Compl

  ERROR: NexMark driver failed; rejecting sample even if a partial summary exists
  [Nexmark] Backoff 10s before next attempt
  [Nexmark] Retry attempt 2/2 for q18 (hashmap)
  ERROR: TaskManager count dropped below expected: 1 < 2
Benchmark Queries: [q18]
==================================================================
Start to run query q18 with workload [tps=5 M, eventsNum=0, percentage=bid:50,auction:49,person:1,kafkaServers:null]
Monitor metrics after 10 seconds.

[NexMark fail-fast] TaskManager count dropped below expected: 1 < 2

  ERROR: NexMark driver failed; rejecting sample even if a partial summary exists

--- hashmap Summary ---
  Failed: ['q18']

[Nexmark] Results saved to: /root/forL0/benchmark/results/tuning/full_20260816_190623/trial_102_8f9097bd/workloads/N01/results/nexmark_20260819_034343/nexmark_results.json

[Error] NexMark failed queries: {'hashmap': ['q18']}
[evidence] TaskManager evidence: /root/forL0/benchmark/results/tuning/full_20260816_190623/trial_102_8f9097bd/workloads/N01/results/run_logs/taskmanager_nexmark_hashmap_20260819_034525.log
=== flink-taskmanager-1 ===
=== flink-taskmanager-2 ===
[cleanup] Benchmark command exited with status 1; canceling orphan Flink jobs.
[cleanup] Wrote failure marker: /root/forL0/benchmark/results/tuning/full_20260816_190623/trial_102_8f9097bd/workloads/N01/results/run_logs/FAILED_nexmark_hashmap_20260819_034525.txt
[cleanup] Canceling c001de99ad364816ed12bd05a10df826 insert-into_default_catalog.default_database.nexmark_q18 (RUNNING)
[cleanup] cancel status=202
