============================================================
  ForL0 offline one-command bootstrap
============================================================
  Archive:     /root/forL0/forl0-offline-linux-arm64-py310-20260721.tar.gz
  Project dir: /root/forL0
  Run log:     /dev/null
  Extract to:  /root/forL0/forl0-offline-linux-arm64-py310-20260721
  Installed:   /root/forl0-runtime
  FLINK_HOME:  /root/flink_home

[1/4] Reuse runnable repository at /root/forL0
[2/4] Release archive is not required for repository mode
[3/4] Repository structure validated
[native] source fingerprint unchanged; reuse server-built runtime
[4/4] Install and run ForL0 validation

  Runtime source: repository (/root/forL0)

==> Checking L0 hardware environment
  device:      OK (/dev/hisi_l0)
  libl0:       OK (/opt/pkg/l0memlib/libl0mempool.so; bounded search under /opt)
  libnuma:     OK (/usr/lib64/libnuma.so.1.0.0; ldconfig cache)
  result:      real L0 environment looks available

==> Preparing full repository runtime
============================================================
  ForL0 仓库一键部署
============================================================
  仓库路径:   /root/forL0
  FLINK_HOME: /root/flink_home
  Docker:     docker

      ⚠ 未找到 unit-test benchmark JAR；apps/nexmark/wordcount/client_usecase 运行不依赖该产物
[1/4] 跳过 Docker 镜像加载

[2/4] 检查 L0 环境...
      device:      OK (/dev/hisi_l0)
      libl0:       OK (/opt/pkg/l0memlib/libl0mempool.so; explicit override)
      libnuma:     OK (/usr/lib64/libnuma.so.1.0.0; explicit override)
      ✓ L0 硬件环境可用

[3/4] 安装预编译产物到 Flink...
      ✓ backend JAR 已安装到 /root/flink_home/lib/
      ✓ NexMark JAR 已安装到 /root/flink_home/lib/
      ✓ native 库已安装到 /root/flink_home/native/
      ✓ WordCount benchmark 已就绪
      ✓ Client usecase benchmark 已就绪
      ✓ 环境文件已写入 /root/forL0/docker/forl0-local.env
      ✓ async-profiler 已就绪: /root/forL0/tools/async-profiler

[4/4] 启动 Docker 集群...
      已跳过启动。手工执行：
      source /root/forL0/docker/forl0-local.env
      cd /root/forL0/docker && ./docker_run.sh start

============================================================
  完成
============================================================
  查看状态: source /root/forL0/docker/forl0-local.env && cd /root/forL0/docker && ./docker_run.sh status
  查看日志: source /root/forL0/docker/forl0-local.env && cd /root/forL0/docker && ./docker_run.sh logs tm1
  全量运行 apps: cd /root/forL0/docker && ./run_all_apps.sh
  只跑 WordCount: cd /root/forL0/docker && ./run_all_apps.sh --test wordcount
      ✓ Synced Java 8 NexMark JAR into runtime distribution

==> Runtime summary
  app root:    /root/forL0
  runtime:     /root/forL0
  results:     /root/forL0/benchmark/results/tuning/full_20260816_190623/trial_108_3f624717/workloads/N10/results
  FLINK_HOME:  /root/flink_home
  backend:     all
  profile:     --no-profile
  pressure:    forl0_tps_probe
  workloads:   N10
  expected TM: 2
  expected slots: 8
  control rev: unavailable

==> Preflight check
Command: /root/forL0/docker/run_all_apps.sh --offline --preflight-only --test apps --backend all --expected-taskmanagers 2 --expected-slots 8 --restart-cluster --restart-cluster
============================================================
  ForL0 benchmark run context
============================================================
  Repo:        /root/forL0
  Results:     /root/forL0/benchmark/results/tuning/full_20260816_190623/trial_108_3f624717/workloads/N10/results
  Test:        apps
  Backend:     all
  Profile:     disabled
  Offline:     true
  Expect TMs:  2
  Expect slots:8
  GitCommit:   unavailable
  RunID:       full_20260816_190623_trial_108_3f624717_N10
  ControlRev:  unavailable
  Date:        2026-08-19 07:18:17 +0800

[preflight] 检查 Flink 与 benchmark 产物
      ✓ FLINK_HOME: /root/flink_home
      ✓ benchmark config: /root/forL0/benchmark/config/benchmark.yaml
      ✓ benchmark entry: /root/forL0/benchmark/scripts/run_benchmark.py
      ✓ requirements: /root/forL0/benchmark/requirements.txt
      ✓ WordCount JAR: /root/forL0/docker/deploy/wordcount-benchmark-1.0-SNAPSHOT.jar
      ✓ NexMark JAR: /root/forL0/docker/deploy/nexmark-flink-0.3-SNAPSHOT.jar
      ✓ NexMark top-level JAR: Java 8 compatible and cancel-409 fix present
      ✓ NexMark driver JAR: Java 8 compatible and cancel-409 fix present
      ✓ NexMark bin: /root/forL0/docker/deploy/nexmark-flink/bin
      ✓ NexMark conf: /root/forL0/docker/deploy/nexmark-flink/conf
      ✓ NexMark queries: /root/forL0/docker/deploy/nexmark-flink/queries
      ✓ Client usecase JAR: /root/forL0/docker/deploy/flink-keyedcoprocessfunction-example-1.0-SNAPSHOT-jar-with-dependencies.jar
      ✓ Client hotspot-drift JAR: /root/forL0/docker/deploy/client-drift-benchmark-1.0-SNAPSHOT.jar
      ✓ ForL0 backend JAR in Flink lib: /root/flink_home/lib/flink-statebackend-forL0-1.0-SNAPSHOT.jar
      ✓ native library: /root/flink_home/native/libforl0_engine.so
[3/5] 复用依赖完整的 benchmark Python: /root/forl0-runtime/.venv-benchmark-cp310/bin/python
      Python:       /root/forl0-runtime/.venv-benchmark-cp310/bin/python (3.10)
      ✓ config loaded
      ✓ nexmark queries: q4,q5,q8,q9,q11,q18,q19,q20
      ✓ client scenarios: contract_baseline,forl0_optimized,state_pressure_300k,state_pressure_1m,hotspot_drift_300k,hotspot_drift_1m,hotspot_state_left_2m,hotspot_state_join_2m,scalar_state_probe_1m,scalar_state_probe_2m_ops64,scalar_state_probe_2m_ops16,scalar_state_probe_2m_ops16_fused,scalar_state_probe_2m_ops16_batch,scalar_state_probe_2m_ops64_batch,scalar_state_probe_1m_ops128_batch,scalar_value_probe_5m_ops16,scalar_value_probe_20m_ops16
[preflight] 检查通过。
[2/5] 按要求重启 Flink 集群
=== 停止 BriskState Flink Docker 集群 ===
flink-taskmanager-2
flink-taskmanager-1
flink-jobmanager
flink-net
已停止
=== 启动 BriskState Flink Docker 集群 ===
  FLINK_HOME: /root/flink_home
  NATIVE:     /root/flink_home/native
  CONF:       /root/forL0/docker/conf
  Docker:     docker
  JM memory:  8g
  TM memory:  16g
  libnuma:    /usr/lib64/libnuma.so.1.0.0 -> /usr/lib/libnuma.so.1
  libl0:      /opt/pkg/l0memlib/libl0mempool.so -> /usr/lib[64]/libl0mempool.so

[0/3] 清理残留 benchmark 容器...
48f64fa05de39106522a8992d4c63952b25bf32da7c2ff9f0347616da55a887d
[1/3] 启动 JobManager...
0cf166579c1d42cce680676fb038bae0822b70b0ea6981044f0431f920dc632c
      JobManager IP: 192.168.64.2
[2/3] 启动 TaskManager-1...
cd031803d0d60bb35f1ff64f22b95e985ee70f3c892a8aa39d37cb2be7cb124a
[3/3] 启动 TaskManager-2...
3b5989a32d465056cb997d9c8dd3cefa399f3c0d1b081051744a0e8158305c7c

等待 JobManager 就绪...
...
=== 集群启动成功! ===
  Web UI: http://localhost:8081
  TaskManagers: 2
  Slots:        8

  查看 TaskManager 日志: /root/forL0/docker/docker_run.sh logs tm1
  提交作业:     /root/flink_home/bin/flink run -m localhost:8081 -c <MainClass> <jar>
      ✓ Flink 集群健康:
TASKMANAGERS=2
SLOTS_TOTAL=8
SLOTS_AVAILABLE=8
JOBS_RUNNING=0
TM 192.168.64.3:42469-7f68c4 slots=4 free=4 heartbeatMs=0
TM 192.168.64.4:43153-1b37e2 slots=4 free=4 heartbeatMs=0
Ascend reproduction manifest: /root/forL0/benchmark/results/tuning/full_20260816_190623/trial_108_3f624717/workloads/N10/results/run_logs/ascend_reproduction_20260819_071827.tsv

==> Ascend reproduction N10: nexmark_q9_allq_pressure_forl0
Command: /root/forL0/docker/run_all_apps.sh --offline --test nexmark --scenario forl0_no_full_gc_allq_pressure --query q9 --backend forl0 --no-profile --no-report --expected-taskmanagers 2 --expected-slots 8 --restart-cluster
============================================================
  ForL0 benchmark run context
============================================================
  Repo:        /root/forL0
  Results:     /root/forL0/benchmark/results/tuning/full_20260816_190623/trial_108_3f624717/workloads/N10/results
  Test:        nexmark
  Backend:     forl0
  Profile:     disabled
  Offline:     true
  Expect TMs:  2
  Expect slots:8
  GitCommit:   unavailable
  RunID:       full_20260816_190623_trial_108_3f624717_N10
  ControlRev:  unavailable
  Date:        2026-08-19 07:18:27 +0800

[2/5] 按要求重启 Flink 集群
=== 停止 BriskState Flink Docker 集群 ===
flink-taskmanager-2
flink-taskmanager-1
flink-jobmanager
flink-net
已停止
=== 启动 BriskState Flink Docker 集群 ===
  FLINK_HOME: /root/flink_home
  NATIVE:     /root/flink_home/native
  CONF:       /root/forL0/docker/conf
  Docker:     docker
  JM memory:  8g
  TM memory:  16g
  libnuma:    /usr/lib64/libnuma.so.1.0.0 -> /usr/lib/libnuma.so.1
  libl0:      /opt/pkg/l0memlib/libl0mempool.so -> /usr/lib[64]/libl0mempool.so

[0/3] 清理残留 benchmark 容器...
f8a19acd2b1c2f2664d6546927441e0730abe3261a9d52943e9377eb79b23695
[1/3] 启动 JobManager...
a97f1daa41cbc7b2d083bed583ef98ce14df57df07719f9be1f8161932ca515d
      JobManager IP: 192.168.80.2
[2/3] 启动 TaskManager-1...
324b3479b31346573ae0bd394eaa384215a29602f4927fada6acdb681768aefc
[3/3] 启动 TaskManager-2...
941293c50fae07340a255f3a1e8c282f290bd4be4d57e263e524d1507600ffa6

等待 JobManager 就绪...
..
=== 集群启动成功! ===
  Web UI: http://localhost:8081
  TaskManagers: 2
  Slots:        8

  查看 TaskManager 日志: /root/forL0/docker/docker_run.sh logs tm1
  提交作业:     /root/flink_home/bin/flink run -m localhost:8081 -c <MainClass> <jar>
      ✓ Flink 集群健康:
TASKMANAGERS=2
SLOTS_TOTAL=8
SLOTS_AVAILABLE=8
JOBS_RUNNING=0
TM 192.168.80.3:46107-b2af9e slots=4 free=4 heartbeatMs=0
TM 192.168.80.4:36975-284c3e slots=4 free=4 heartbeatMs=0
[3/5] 复用依赖完整的 benchmark Python: /root/forl0-runtime/.venv-benchmark-cp310/bin/python
      Python:       /root/forl0-runtime/.venv-benchmark-cp310/bin/python (3.10)
[4/5] 开始运行 benchmark/scripts/run_benchmark.py
Command: /root/forl0-runtime/.venv-benchmark-cp310/bin/python /root/forL0/benchmark/scripts/run_benchmark.py --test nexmark --backend forl0 --scenario forl0_no_full_gc_allq_pressure --query q9
[NexMark] Scenario: forl0_no_full_gc_allq_pressure — Non-contract pressure sweep: tune every stateful NexMark query under no-Full-GC acceptance
============================================================
ForL0 StateBackend Benchmark
============================================================
Test: nexmark
Backends: forl0
NexMark Queries: q9
NexMark Scenario: forl0_no_full_gc_allq_pressure
============================================================

============================================================
Running NexMark Benchmark
============================================================

============================================================
Nexmark DataStream Benchmark
============================================================
Queries: ['q9']
Backends: ['forl0']
Repeat per query: 1
Min successful samples: 1
Mode: benchmark
============================================================


============================================================
Backend: forl0
============================================================
[Nexmark] Category compatibility view: forl0 -> oa (/tmp/nexmark-conf-avaqsadx/nexmark-home/queries)

=== Running Nexmark Q9 (forl0 backend) ===
Events: 0, TPS: 200000
Proportions: Person(1):Auction(49):Bid(50)
Hot ratios: bid.auctions=16, bid.bidders=default
Command: java -Dlog.file=/root/forL0/docker/deploy/nexmark-flink/log/nexmark-flink.log -Dlog4j.configuration=file:/tmp/nexmark-conf-avaqsadx/log4j.properties -Dlog4j.configurationFile=file:/tmp/nexmark-conf-avaqsadx/log4j.properties -Dstate.backend.type=org.apache.flink.state.forl0.ForL0StateBackendFactory -Dstate.backend.forl0.initial-table-capacity=2048 -Dstate.backend.forl0.max-table-capacity=4194304 -Dstate.backend.forl0.l0-cache.enabled=true -Dstate.backend.forl0.l0-cache.total-size=128mb -Dstate.backend.forl0.l0-cache.expected-engines=2 -Dstate.backend.forl0.l0-cache.strict-allocation=true -Dstate.backend.forl0.native-memory.max-size=1280mb -Dstate.backend.forl0.main-table.load-factor-threshold=0.8 -DforL0.metricsCollector.enabled=false -cp /root/forL0/docker/deploy/nexmark-flink/lib/*:/root/flink_home/lib/* com.github.nexmark.flink.Benchmark --location /tmp/nexmark-conf-avaqsadx/nexmark-home --queries q9 --category oa

Benchmark Queries: [q9]
==================================================================
Start to run query q9 with workload [tps=200 K, eventsNum=0, percentage=bid:50,auction:49,person:1,kafkaServers:null]
Monitor metrics after 25 seconds.
Start to monitor metrics for 30 seconds.
Monitor TPS metric: vertex=sink, metric=Rank[13].numRecordsInPerSecond
Current Throughput=34.38 K, Cores=12.59 (2 TMs)
Current Throughput=34.38 K, Cores=12.31 (2 TMs)
Current Throughput=34.38 K, Cores=12.56 (2 TMs)
Current Throughput=48.3 K, Cores=11.6 (2 TMs)
Current Throughput=48.3 K, Cores=11.87 (2 TMs)
Current Throughput=62.28 K, Cores=12.79 (2 TMs)
Summary Average: Throughput=43.67 K, Cores=12.29
Stop job query q9
-------------------------------- Nexmark Results --------------------------------

+------+-----------------+---------+-----------------+
| Query| Throughput (r/s)| Cores   | Throughput/Cores|
+------+-----------------+---------+-----------------+
|q9    |43.67 K          |12.29    |3.55 K           |
|Total |-                |-        |3.55 K           |
+------+-----------------+---------+-----------------+



  Result: 43,670.00 events/sec

--- forl0 Summary ---
  q9: 43,670 events/sec (3,553/core)

[Nexmark] Results saved to: /root/forL0/benchmark/results/tuning/full_20260816_190623/trial_108_3f624717/workloads/N10/results/nexmark_20260819_071834/nexmark_results.json

======================================================================
                    BENCHMARK SUMMARY
======================================================================

## Unit Test Benchmark
--------------------------------------------------

## WordCount Benchmark
--------------------------------------------------

## Client Usecase Benchmark
--------------------------------------------------

## NexMark Benchmark
--------------------------------------------------
Query   Proc(s)       forl0 proc eps     report eps     (/core)
---------------------------------------------------------------
Q9                         43.67 K/s      43.67 K/s    3.55 K/s

======================================================================

Next steps:
  1. Review raw results in: /root/forL0/benchmark/results/tuning/full_20260816_190623/trial_108_3f624717/workloads/N10/results/raw/
  2. Generate report: python scripts/generate_report.py
  3. View report in: /root/forL0/benchmark/results/tuning/full_20260816_190623/trial_108_3f624717/workloads/N10/results/reports/
[evidence] TaskManager evidence: /root/forL0/benchmark/results/tuning/full_20260816_190623/trial_108_3f624717/workloads/N10/results/run_logs/taskmanager_nexmark_forl0_20260819_071940.log
=== flink-taskmanager-1 ===
[ForL0-HotCache] engine_start active=1 key_groups=96:128 requested_bytes=67108864 actual_bytes=67108800 total_sets=349525 strict=1
[ForL0-HotCache] engine_reuse active=1 key_groups=64:96 requested_bytes=67108864 actual_bytes=67108800 total_sets=349525 strict=1
[ForL0-HotCache] engine_reuse active=1 key_groups=0:32 requested_bytes=67108864 actual_bytes=67108800 total_sets=349525 strict=1
[ForL0-HotCache] engine_reuse active=1 key_groups=32:64 requested_bytes=67108864 actual_bytes=67108800 total_sets=349525 strict=1
[ForL0-HotCache] engine_reuse active=1 key_groups=0:32 requested_bytes=67108864 actual_bytes=67108800 total_sets=349525 strict=1
[ForL0-HotCache] engine_reuse active=1 key_groups=64:96 requested_bytes=67108864 actual_bytes=67108800 total_sets=349525 strict=1
[ForL0-HotCache] engine_reuse active=1 key_groups=96:128 requested_bytes=67108864 actual_bytes=67108800 total_sets=349525 strict=1
[ForL0-HotCache] engine_reuse active=1 key_groups=32:64 requested_bytes=67108864 actual_bytes=67108800 total_sets=349525 strict=1
[ForL0-HotCache] engine_summary requested_bytes=67108864 actual_bytes=67108800 used_bytes=0 total_sets=349525 free_sets=349525 caches=0 lookups=0 hits=0 invalidations=0 writes=0 bypass_events=0
[ForL0-Memory] engine_summary used_bytes=204473344 peak_bytes=205538320 max_bytes=1342177280
[ForL0-HotCache] engine_summary requested_bytes=67108864 actual_bytes=67108800 used_bytes=0 total_sets=349525 free_sets=349525 caches=0 lookups=0 hits=0 invalidations=0 writes=0 bypass_events=0
[ForL0-Memory] engine_summary used_bytes=204473344 peak_bytes=205538320 max_bytes=1342177280
[ForL0-HotCache] engine_summary requested_bytes=67108864 actual_bytes=67108800 used_bytes=0 total_sets=349525 free_sets=349525 caches=0 lookups=0 hits=0 invalidations=0 writes=0 bypass_events=0
[ForL0-Memory] engine_summary used_bytes=204473344 peak_bytes=205538320 max_bytes=1342177280
[ForL0-HotCache] engine_summary requested_bytes=67108864 actual_bytes=67108800 used_bytes=0 total_sets=349525 free_sets=349525 caches=0 lookups=0 hits=0 invalidations=0 writes=0 bypass_events=0
[ForL0-Memory] engine_summary used_bytes=204473344 peak_bytes=205538320 max_bytes=1342177280
[ForL0-HotCache] engine_summary requested_bytes=67108864 actual_bytes=67108800 used_bytes=0 total_sets=349525 free_sets=349525 caches=0 lookups=0 hits=0 invalidations=0 writes=0 bypass_events=0
[ForL0-Memory] engine_summary used_bytes=42992128 peak_bytes=43663888 max_bytes=1342177280
[ForL0-HotCache] engine_summary requested_bytes=67108864 actual_bytes=67108800 used_bytes=0 total_sets=349525 free_sets=349525 caches=0 lookups=0 hits=0 invalidations=0 writes=0 bypass_events=0
[ForL0-Memory] engine_summary used_bytes=42992128 peak_bytes=43663888 max_bytes=1342177280
[ForL0-HotCache] engine_summary requested_bytes=67108864 actual_bytes=67108800 used_bytes=0 total_sets=349525 free_sets=349525 caches=0 lookups=0 hits=0 invalidations=0 writes=0 bypass_events=0
[ForL0-Memory] engine_summary used_bytes=42992128 peak_bytes=43663888 max_bytes=1342177280
[ForL0-HotCache] engine_summary requested_bytes=67108864 actual_bytes=67108800 used_bytes=0 total_sets=349525 free_sets=349525 caches=0 lookups=0 hits=0 invalidations=0 writes=0 bypass_events=0
[ForL0-Memory] engine_summary used_bytes=42992128 peak_bytes=43663888 max_bytes=1342177280
=== flink-taskmanager-2 ===

==> Done
Raw results:
  /root/forL0/benchmark/results/tuning/full_20260816_190623/trial_108_3f624717/workloads/N10/results/raw/
NexMark runs:
  /root/forL0/benchmark/results/tuning/full_20260816_190623/trial_108_3f624717/workloads/N10/results/nexmark_*/
Derived figures/reports: disabled on the experiment server
