============================================================
  ForL0 offline one-command bootstrap
============================================================
  Archive:     /root/forL0/forl0-offline-linux-arm64-py310-20260721.tar.gz
  Project dir: /root/forL0
  Run log:     /dev/null
  Extract to:  /root/forL0/forl0-offline-linux-arm64-py310-20260721
  Installed:   /root/forl0-runtime
  FLINK_HOME:  /root/flink_home

[1/4] Reuse runnable repository at /root/forL0
[2/4] Release archive is not required for repository mode
[3/4] Repository structure validated
[native] source fingerprint unchanged; reuse server-built runtime
[4/4] Install and run ForL0 validation

  Runtime source: repository (/root/forL0)

==> Checking L0 hardware environment
  device:      OK (/dev/hisi_l0)
  libl0:       OK (/opt/pkg/l0memlib/libl0mempool.so; bounded search under /opt)
  libnuma:     OK (/usr/lib64/libnuma.so.1.0.0; ldconfig cache)
  result:      real L0 environment looks available

==> Preparing full repository runtime
============================================================
  ForL0 仓库一键部署
============================================================
  仓库路径:   /root/forL0
  FLINK_HOME: /root/flink_home
  Docker:     docker

      ⚠ 未找到 unit-test benchmark JAR；apps/nexmark/wordcount/client_usecase 运行不依赖该产物
[1/4] 跳过 Docker 镜像加载

[2/4] 检查 L0 环境...
      device:      OK (/dev/hisi_l0)
      libl0:       OK (/opt/pkg/l0memlib/libl0mempool.so; explicit override)
      libnuma:     OK (/usr/lib64/libnuma.so.1.0.0; explicit override)
      ✓ L0 硬件环境可用

[3/4] 安装预编译产物到 Flink...
      ✓ backend JAR 已安装到 /root/flink_home/lib/
      ✓ NexMark JAR 已安装到 /root/flink_home/lib/
      ✓ native 库已安装到 /root/flink_home/native/
      ✓ WordCount benchmark 已就绪
      ✓ Client usecase benchmark 已就绪
      ✓ 环境文件已写入 /root/forL0/docker/forl0-local.env
      ✓ async-profiler 已就绪: /root/forL0/tools/async-profiler

[4/4] 启动 Docker 集群...
      已跳过启动。手工执行：
      source /root/forL0/docker/forl0-local.env
      cd /root/forL0/docker && ./docker_run.sh start

============================================================
  完成
============================================================
  查看状态: source /root/forL0/docker/forl0-local.env && cd /root/forL0/docker && ./docker_run.sh status
  查看日志: source /root/forL0/docker/forl0-local.env && cd /root/forL0/docker && ./docker_run.sh logs tm1
  全量运行 apps: cd /root/forL0/docker && ./run_all_apps.sh
  只跑 WordCount: cd /root/forL0/docker && ./run_all_apps.sh --test wordcount
      ✓ Synced Java 8 NexMark JAR into runtime distribution

==> Runtime summary
  app root:    /root/forL0
  runtime:     /root/forL0
  results:     /root/forL0/benchmark/results/tuning/full_20260816_190623/trial_029_04810cbc/workloads/C01/results
  FLINK_HOME:  /root/flink_home
  backend:     all
  profile:     --no-profile
  pressure:    forl0_tps_probe
  workloads:   C01
  expected TM: 2
  expected slots: 8
  control rev: unavailable

==> Preflight check
Command: /root/forL0/docker/run_all_apps.sh --offline --preflight-only --test apps --backend all --expected-taskmanagers 2 --expected-slots 8 --restart-cluster --restart-cluster
============================================================
  ForL0 benchmark run context
============================================================
  Repo:        /root/forL0
  Results:     /root/forL0/benchmark/results/tuning/full_20260816_190623/trial_029_04810cbc/workloads/C01/results
  Test:        apps
  Backend:     all
  Profile:     disabled
  Offline:     true
  Expect TMs:  2
  Expect slots:8
  GitCommit:   unavailable
  RunID:       full_20260816_190623_trial_029_04810cbc_C01
  ControlRev:  unavailable
  Date:        2026-08-17 11:21:59 +0800

[preflight] 检查 Flink 与 benchmark 产物
      ✓ FLINK_HOME: /root/flink_home
      ✓ benchmark config: /root/forL0/benchmark/config/benchmark.yaml
      ✓ benchmark entry: /root/forL0/benchmark/scripts/run_benchmark.py
      ✓ requirements: /root/forL0/benchmark/requirements.txt
      ✓ WordCount JAR: /root/forL0/docker/deploy/wordcount-benchmark-1.0-SNAPSHOT.jar
      ✓ NexMark JAR: /root/forL0/docker/deploy/nexmark-flink-0.3-SNAPSHOT.jar
      ✓ NexMark top-level JAR: Java 8 compatible and cancel-409 fix present
      ✓ NexMark driver JAR: Java 8 compatible and cancel-409 fix present
      ✓ NexMark bin: /root/forL0/docker/deploy/nexmark-flink/bin
      ✓ NexMark conf: /root/forL0/docker/deploy/nexmark-flink/conf
      ✓ NexMark queries: /root/forL0/docker/deploy/nexmark-flink/queries
      ✓ Client usecase JAR: /root/forL0/docker/deploy/flink-keyedcoprocessfunction-example-1.0-SNAPSHOT-jar-with-dependencies.jar
      ✓ Client hotspot-drift JAR: /root/forL0/docker/deploy/client-drift-benchmark-1.0-SNAPSHOT.jar
      ✓ ForL0 backend JAR in Flink lib: /root/flink_home/lib/flink-statebackend-forL0-1.0-SNAPSHOT.jar
      ✓ native library: /root/flink_home/native/libforl0_engine.so
[3/5] 复用依赖完整的 benchmark Python: /root/forl0-runtime/.venv-benchmark-cp310/bin/python
      Python:       /root/forl0-runtime/.venv-benchmark-cp310/bin/python (3.10)
      ✓ config loaded
      ✓ nexmark queries: q4,q5,q8,q9,q11,q18,q19,q20
      ✓ client scenarios: contract_baseline,forl0_optimized,state_pressure_300k,state_pressure_1m,hotspot_drift_300k,hotspot_drift_1m,hotspot_state_left_2m,hotspot_state_join_2m,scalar_state_probe_1m,scalar_state_probe_2m_ops64,scalar_state_probe_2m_ops16,scalar_state_probe_2m_ops16_fused,scalar_state_probe_2m_ops16_batch,scalar_state_probe_2m_ops64_batch,scalar_state_probe_1m_ops128_batch,scalar_value_probe_5m_ops16,scalar_value_probe_20m_ops16
[preflight] 检查通过。
[2/5] 按要求重启 Flink 集群
=== 停止 BriskState Flink Docker 集群 ===
flink-taskmanager-2
flink-taskmanager-1
flink-jobmanager
flink-net
已停止
=== 启动 BriskState Flink Docker 集群 ===
  FLINK_HOME: /root/flink_home
  NATIVE:     /root/flink_home/native
  CONF:       /root/forL0/docker/conf
  Docker:     docker
  JM memory:  8g
  TM memory:  16g
  libnuma:    /usr/lib64/libnuma.so.1.0.0 -> /usr/lib/libnuma.so.1
  libl0:      /opt/pkg/l0memlib/libl0mempool.so -> /usr/lib[64]/libl0mempool.so

[0/3] 清理残留 benchmark 容器...
a2f5c2555e4e7c36572d3bd7052f01166ced92c44de1ff091b0f58aea93a0934
[1/3] 启动 JobManager...
f7687a63547f027924e2a407ca015b3a8d900abbaec785414ee862676bb95407
      JobManager IP: 192.168.48.2
[2/3] 启动 TaskManager-1...
e14356f2d085df7bcfde3ff61cbe614114db6f448d48f5f7ea59a32abf2d80cd
[3/3] 启动 TaskManager-2...
7fb511986dca81abdfb90bd2023a516b9ae9c753579e7b15e2d33038d285b0eb

等待 JobManager 就绪...
...
=== 集群启动成功! ===
  Web UI: http://localhost:8081
  TaskManagers: 2
  Slots:        8

  查看 TaskManager 日志: /root/forL0/docker/docker_run.sh logs tm1
  提交作业:     /root/flink_home/bin/flink run -m localhost:8081 -c <MainClass> <jar>
      ✓ Flink 集群健康:
TASKMANAGERS=2
SLOTS_TOTAL=8
SLOTS_AVAILABLE=8
JOBS_RUNNING=0
TM 192.168.48.3:37571-39cb05 slots=4 free=4 heartbeatMs=0
TM 192.168.48.4:35973-cc4496 slots=4 free=4 heartbeatMs=0
Ascend reproduction manifest: /root/forL0/benchmark/results/tuning/full_20260816_190623/trial_029_04810cbc/workloads/C01/results/run_logs/ascend_reproduction_20260817_112208.tsv

==> Ascend reproduction C01: client_contract_hashmap
Command: /root/forL0/docker/run_all_apps.sh --offline --test client_usecase --scenario contract_baseline --backend hashmap --no-profile --no-report --expected-taskmanagers 2 --expected-slots 8 --restart-cluster
============================================================
  ForL0 benchmark run context
============================================================
  Repo:        /root/forL0
  Results:     /root/forL0/benchmark/results/tuning/full_20260816_190623/trial_029_04810cbc/workloads/C01/results
  Test:        client_usecase
  Backend:     hashmap
  Profile:     disabled
  Offline:     true
  Expect TMs:  2
  Expect slots:8
  GitCommit:   unavailable
  RunID:       full_20260816_190623_trial_029_04810cbc_C01
  ControlRev:  unavailable
  Date:        2026-08-17 11:22:09 +0800

[2/5] 按要求重启 Flink 集群
=== 停止 BriskState Flink Docker 集群 ===
flink-taskmanager-2
flink-taskmanager-1
flink-jobmanager
flink-net
已停止
=== 启动 BriskState Flink Docker 集群 ===
  FLINK_HOME: /root/flink_home
  NATIVE:     /root/flink_home/native
  CONF:       /root/forL0/docker/conf
  Docker:     docker
  JM memory:  8g
  TM memory:  16g
  libnuma:    /usr/lib64/libnuma.so.1.0.0 -> /usr/lib/libnuma.so.1
  libl0:      /opt/pkg/l0memlib/libl0mempool.so -> /usr/lib[64]/libl0mempool.so

[0/3] 清理残留 benchmark 容器...
a11c3cba5f91c28c79a20ccd68676dbb70ba248accc3d6b2b49a623f39de89f7
[1/3] 启动 JobManager...
d4931f1e844e6ac6694afd8e752ebdf34bb8d04997a45827c5ecfa6e16121274
      JobManager IP: 192.168.64.2
[2/3] 启动 TaskManager-1...
2da329697446b5473c805842d178d1982c563bf4d39ce32a2f467d524c0a16b3
[3/3] 启动 TaskManager-2...
b4ff186eb5fec13994ea7e22134913bd9f8851192d12c260835582efb026d649

等待 JobManager 就绪...
...
=== 集群启动成功! ===
  Web UI: http://localhost:8081
  TaskManagers: 2
  Slots:        8

  查看 TaskManager 日志: /root/forL0/docker/docker_run.sh logs tm1
  提交作业:     /root/flink_home/bin/flink run -m localhost:8081 -c <MainClass> <jar>
      ✓ Flink 集群健康:
TASKMANAGERS=2
SLOTS_TOTAL=8
SLOTS_AVAILABLE=8
JOBS_RUNNING=0
TM 192.168.64.3:38547-0db97f slots=4 free=4 heartbeatMs=0
TM 192.168.64.4:33289-4837ee slots=4 free=4 heartbeatMs=0
[3/5] 复用依赖完整的 benchmark Python: /root/forl0-runtime/.venv-benchmark-cp310/bin/python
      Python:       /root/forl0-runtime/.venv-benchmark-cp310/bin/python (3.10)
[4/5] 开始运行 benchmark/scripts/run_benchmark.py
Command: /root/forl0-runtime/.venv-benchmark-cp310/bin/python /root/forL0/benchmark/scripts/run_benchmark.py --test client_usecase --backend hashmap --scenario contract_baseline
[Client Usecase] Scenario: contract_baseline — Contract rule: original record volume, default settings
============================================================
ForL0 StateBackend Benchmark
============================================================
Test: client_usecase
Backends: hashmap
Client Usecase Scenario: contract_baseline
============================================================

============================================================
Running Client Usecase Benchmark
============================================================

=== Running Client Usecase Benchmark (hashmap backend) ===

Flink cluster: http://localhost:8081
Parameters: driver=csv_replay, desiredTotalInputRecords=300, parallelism=2, leftStreamTarget=150, rightStreamTarget=150, leftPerSubtask=75, rightPerSubtask=75, estimatedActualTotal=300, checkpointInterval=0
Warning: customer source applies env parallelism to each source instance and uses event-time timers without watermark emission. This runner compensates the record count at submission time, but long-running jobs can still accumulate state faster than expected.
Command: /root/flink_home/bin/flink run -Dstate.backend.type=org.apache.flink.runtime.state.hashmap.HashMapStateBackendFactory /root/forL0/docker/deploy/flink-keyedcoprocessfunction-example-1.0-SNAPSHOT-jar-with-dependencies.jar --leftNumRecords 75 --rightNumRecords 75 --parallelism 2 --checkpointInterval 0

Job has been submitted with JobID 81c5d283e1530542f691597324763f0c
SLF4J: Class path contains multiple SLF4J bindings.
SLF4J: Found binding in [jar:file:/root/flink_home/lib/log4j-slf4j-impl-2.24.3.jar!/org/slf4j/impl/StaticLoggerBinder.class]
SLF4J: Found binding in [jar:file:/usr/local/hadoop-3.2.0/share/hadoop/common/lib/slf4j-log4j12-1.7.25.jar!/org/slf4j/impl/StaticLoggerBinder.class]
SLF4J: See http://www.slf4j.org/codes.html#multiple_bindings for an explanation.
SLF4J: Actual binding is of type [org.apache.logging.slf4j.Log4jLoggerFactory]

  Job submitted: 81c5d283e1530542f691597324763f0c
  Job state: RUNNING
  All sources finished; cancelling job for clean bounded benchmark shutdown...
  Job state: CANCELED
Result saved to: /root/forL0/benchmark/results/tuning/full_20260816_190623/trial_029_04810cbc/workloads/C01/results/raw/client_usecase_contract_baseline_hashmap_trial_029_04810cbc_C01_20260817_112229.json

======================================================================
                    BENCHMARK SUMMARY
======================================================================

## Unit Test Benchmark
--------------------------------------------------

## WordCount Benchmark
--------------------------------------------------

## Client Usecase Benchmark
--------------------------------------------------
hashmap             :              37 records/s/core

======================================================================

Next steps:
  1. Review raw results in: /root/forL0/benchmark/results/tuning/full_20260816_190623/trial_029_04810cbc/workloads/C01/results/raw/
  2. Generate report: python scripts/generate_report.py
  3. View report in: /root/forL0/benchmark/results/tuning/full_20260816_190623/trial_029_04810cbc/workloads/C01/results/reports/
[evidence] TaskManager evidence: /root/forL0/benchmark/results/tuning/full_20260816_190623/trial_029_04810cbc/workloads/C01/results/run_logs/taskmanager_client_usecase_hashmap_20260817_112229.log
=== flink-taskmanager-1 ===
=== flink-taskmanager-2 ===

==> Done
Raw results:
  /root/forL0/benchmark/results/tuning/full_20260816_190623/trial_029_04810cbc/workloads/C01/results/raw/
NexMark runs:
  /root/forL0/benchmark/results/tuning/full_20260816_190623/trial_029_04810cbc/workloads/C01/results/nexmark_*/
Derived figures/reports: disabled on the experiment server
