nohup: ignoring input

Grid: 6 num_keys x 6 skew_factors = 36 cells, backends=['hashmap', 'forl0'], repeat=1

[1/36] running cell num_keys=1000000, skew=0.0

==================================================================
  cell: num_keys=1,000,000  skew_factor=0.0  backend=hashmap
==================================================================

=== Running WordCount Benchmark (hashmap backend) ===

Flink cluster: http://localhost:8081
Command: /home/user/flink/bin/flink run -Dstate.backend.type=org.apache.flink.runtime.state.hashmap.HashMapStateBackendFactory /home/user/projects/forL0-state-backend/benchmark/wordcount/target/wordcount-benchmark-1.0-SNAPSHOT.jar --numKeys 1000000 --numRecords 2000000000 --arrivalRate 0 --skewFactor 0.0 --parallelism 8 --checkpointInterval 0 --backend hashmap

=== Stateful WordCount Benchmark (StateBackend Focused) ===
numKeys: 1000000
numRecords: 2000000000
skewFactor: 0.0
arrivalRate: unlimited
parallelism: 8
checkpointing: disabled
============================================================
Job has been submitted with JobID e024706f48457844fbd5689b63f4f037
Program execution finished
Job with JobID e024706f48457844fbd5689b63f4f037 has finished.
Job Runtime: 152061 ms



==================================================================
  cell: num_keys=1,000,000  skew_factor=0.0  backend=forl0
==================================================================

=== Running WordCount Benchmark (forl0 backend) ===

Flink cluster: http://localhost:8081
Command: /home/user/flink/bin/flink run -Dstate.backend.type=org.apache.flink.state.forl0.ForL0StateBackendFactory /home/user/projects/forL0-state-backend/benchmark/wordcount/target/wordcount-benchmark-1.0-SNAPSHOT.jar --numKeys 1000000 --numRecords 2000000000 --arrivalRate 0 --skewFactor 0.0 --parallelism 8 --checkpointInterval 0 --backend forl0

=== Stateful WordCount Benchmark (StateBackend Focused) ===
numKeys: 1000000
numRecords: 2000000000
skewFactor: 0.0
arrivalRate: unlimited
parallelism: 8
checkpointing: disabled
============================================================
Job has been submitted with JobID 03474cae7d09d4b97a484f45b7f4e8ec
Program execution finished
Job with JobID 03474cae7d09d4b97a484f45b7f4e8ec has finished.
Job Runtime: 114521 ms



Results saved to /home/user/projects/forL0-state-backend/benchmark/results/raw/wordcount_grid_sweep_20260422_232742.json
  Cooldown 10s ...

[2/36] running cell num_keys=1000000, skew=0.2

==================================================================
  cell: num_keys=1,000,000  skew_factor=0.2  backend=hashmap
==================================================================

=== Running WordCount Benchmark (hashmap backend) ===

Flink cluster: http://localhost:8081
Command: /home/user/flink/bin/flink run -Dstate.backend.type=org.apache.flink.runtime.state.hashmap.HashMapStateBackendFactory /home/user/projects/forL0-state-backend/benchmark/wordcount/target/wordcount-benchmark-1.0-SNAPSHOT.jar --numKeys 1000000 --numRecords 2000000000 --arrivalRate 0 --skewFactor 0.2 --parallelism 8 --checkpointInterval 0 --backend hashmap

=== Stateful WordCount Benchmark (StateBackend Focused) ===
numKeys: 1000000
numRecords: 2000000000
skewFactor: 0.2
arrivalRate: unlimited
parallelism: 8
checkpointing: disabled
============================================================
Job has been submitted with JobID 985450a4b362acd221fb752bc680555e
Program execution finished
Job with JobID 985450a4b362acd221fb752bc680555e has finished.
Job Runtime: 181799 ms



==================================================================
  cell: num_keys=1,000,000  skew_factor=0.2  backend=forl0
==================================================================

=== Running WordCount Benchmark (forl0 backend) ===

Flink cluster: http://localhost:8081
Command: /home/user/flink/bin/flink run -Dstate.backend.type=org.apache.flink.state.forl0.ForL0StateBackendFactory /home/user/projects/forL0-state-backend/benchmark/wordcount/target/wordcount-benchmark-1.0-SNAPSHOT.jar --numKeys 1000000 --numRecords 2000000000 --arrivalRate 0 --skewFactor 0.2 --parallelism 8 --checkpointInterval 0 --backend forl0

=== Stateful WordCount Benchmark (StateBackend Focused) ===
numKeys: 1000000
numRecords: 2000000000
skewFactor: 0.2
arrivalRate: unlimited
parallelism: 8
checkpointing: disabled
============================================================
Job has been submitted with JobID 2f4b61ff0f53c607ba55e7899a22ebf1
Program execution finished
Job with JobID 2f4b61ff0f53c607ba55e7899a22ebf1 has finished.
Job Runtime: 136399 ms



Results saved to /home/user/projects/forL0-state-backend/benchmark/results/raw/wordcount_grid_sweep_20260422_233318.json
  Cooldown 10s ...

[3/36] running cell num_keys=1000000, skew=0.4

==================================================================
  cell: num_keys=1,000,000  skew_factor=0.4  backend=hashmap
==================================================================

=== Running WordCount Benchmark (hashmap backend) ===

Flink cluster: http://localhost:8081
Command: /home/user/flink/bin/flink run -Dstate.backend.type=org.apache.flink.runtime.state.hashmap.HashMapStateBackendFactory /home/user/projects/forL0-state-backend/benchmark/wordcount/target/wordcount-benchmark-1.0-SNAPSHOT.jar --numKeys 1000000 --numRecords 2000000000 --arrivalRate 0 --skewFactor 0.4 --parallelism 8 --checkpointInterval 0 --backend hashmap

=== Stateful WordCount Benchmark (StateBackend Focused) ===
numKeys: 1000000
numRecords: 2000000000
skewFactor: 0.4
arrivalRate: unlimited
parallelism: 8
checkpointing: disabled
============================================================
Job has been submitted with JobID 52a7209849c120561d834cc2c5ee24e2
Program execution finished
Job with JobID 52a7209849c120561d834cc2c5ee24e2 has finished.
Job Runtime: 185427 ms



==================================================================
  cell: num_keys=1,000,000  skew_factor=0.4  backend=forl0
==================================================================

=== Running WordCount Benchmark (forl0 backend) ===

Flink cluster: http://localhost:8081
Command: /home/user/flink/bin/flink run -Dstate.backend.type=org.apache.flink.state.forl0.ForL0StateBackendFactory /home/user/projects/forL0-state-backend/benchmark/wordcount/target/wordcount-benchmark-1.0-SNAPSHOT.jar --numKeys 1000000 --numRecords 2000000000 --arrivalRate 0 --skewFactor 0.4 --parallelism 8 --checkpointInterval 0 --backend forl0

=== Stateful WordCount Benchmark (StateBackend Focused) ===
numKeys: 1000000
numRecords: 2000000000
skewFactor: 0.4
arrivalRate: unlimited
parallelism: 8
checkpointing: disabled
============================================================
Job has been submitted with JobID cdb0c68c62fb3bc9eb0d25bc09f302dd
Program execution finished
Job with JobID cdb0c68c62fb3bc9eb0d25bc09f302dd has finished.
Job Runtime: 136305 ms



Results saved to /home/user/projects/forL0-state-backend/benchmark/results/raw/wordcount_grid_sweep_20260422_233858.json
  Cooldown 10s ...

[4/36] running cell num_keys=1000000, skew=0.6

==================================================================
  cell: num_keys=1,000,000  skew_factor=0.6  backend=hashmap
==================================================================

=== Running WordCount Benchmark (hashmap backend) ===

Flink cluster: http://localhost:8081
Command: /home/user/flink/bin/flink run -Dstate.backend.type=org.apache.flink.runtime.state.hashmap.HashMapStateBackendFactory /home/user/projects/forL0-state-backend/benchmark/wordcount/target/wordcount-benchmark-1.0-SNAPSHOT.jar --numKeys 1000000 --numRecords 2000000000 --arrivalRate 0 --skewFactor 0.6 --parallelism 8 --checkpointInterval 0 --backend hashmap

=== Stateful WordCount Benchmark (StateBackend Focused) ===
numKeys: 1000000
numRecords: 2000000000
skewFactor: 0.6
arrivalRate: unlimited
parallelism: 8
checkpointing: disabled
============================================================
Job has been submitted with JobID 792460597d178aa0d0b183275d33ec4b
Program execution finished
Job with JobID 792460597d178aa0d0b183275d33ec4b has finished.
Job Runtime: 178760 ms



==================================================================
  cell: num_keys=1,000,000  skew_factor=0.6  backend=forl0
==================================================================

=== Running WordCount Benchmark (forl0 backend) ===

Flink cluster: http://localhost:8081
Command: /home/user/flink/bin/flink run -Dstate.backend.type=org.apache.flink.state.forl0.ForL0StateBackendFactory /home/user/projects/forL0-state-backend/benchmark/wordcount/target/wordcount-benchmark-1.0-SNAPSHOT.jar --numKeys 1000000 --numRecords 2000000000 --arrivalRate 0 --skewFactor 0.6 --parallelism 8 --checkpointInterval 0 --backend forl0

=== Stateful WordCount Benchmark (StateBackend Focused) ===
numKeys: 1000000
numRecords: 2000000000
skewFactor: 0.6
arrivalRate: unlimited
parallelism: 8
checkpointing: disabled
============================================================
Job has been submitted with JobID 73e52af9904ef6add8d2629a0971eb5d
Program execution finished
Job with JobID 73e52af9904ef6add8d2629a0971eb5d has finished.
Job Runtime: 137569 ms



Results saved to /home/user/projects/forL0-state-backend/benchmark/results/raw/wordcount_grid_sweep_20260422_234432.json
  Cooldown 10s ...

[5/36] running cell num_keys=1000000, skew=0.8

==================================================================
  cell: num_keys=1,000,000  skew_factor=0.8  backend=hashmap
==================================================================

=== Running WordCount Benchmark (hashmap backend) ===

Flink cluster: http://localhost:8081
Command: /home/user/flink/bin/flink run -Dstate.backend.type=org.apache.flink.runtime.state.hashmap.HashMapStateBackendFactory /home/user/projects/forL0-state-backend/benchmark/wordcount/target/wordcount-benchmark-1.0-SNAPSHOT.jar --numKeys 1000000 --numRecords 2000000000 --arrivalRate 0 --skewFactor 0.8 --parallelism 8 --checkpointInterval 0 --backend hashmap

=== Stateful WordCount Benchmark (StateBackend Focused) ===
numKeys: 1000000
numRecords: 2000000000
skewFactor: 0.8
arrivalRate: unlimited
parallelism: 8
checkpointing: disabled
============================================================
Job has been submitted with JobID 7f4871de9006e199ceb21ff8ba305215
Program execution finished
Job with JobID 7f4871de9006e199ceb21ff8ba305215 has finished.
Job Runtime: 179733 ms



==================================================================
  cell: num_keys=1,000,000  skew_factor=0.8  backend=forl0
==================================================================

=== Running WordCount Benchmark (forl0 backend) ===

Flink cluster: http://localhost:8081
Command: /home/user/flink/bin/flink run -Dstate.backend.type=org.apache.flink.state.forl0.ForL0StateBackendFactory /home/user/projects/forL0-state-backend/benchmark/wordcount/target/wordcount-benchmark-1.0-SNAPSHOT.jar --numKeys 1000000 --numRecords 2000000000 --arrivalRate 0 --skewFactor 0.8 --parallelism 8 --checkpointInterval 0 --backend forl0

=== Stateful WordCount Benchmark (StateBackend Focused) ===
numKeys: 1000000
numRecords: 2000000000
skewFactor: 0.8
arrivalRate: unlimited
parallelism: 8
checkpointing: disabled
============================================================
Job has been submitted with JobID 241a01ce18e31f5e87edab4b6268a4b8
Program execution finished
Job with JobID 241a01ce18e31f5e87edab4b6268a4b8 has finished.
Job Runtime: 136737 ms



Results saved to /home/user/projects/forL0-state-backend/benchmark/results/raw/wordcount_grid_sweep_20260422_235006.json
  Cooldown 10s ...

[6/36] running cell num_keys=1000000, skew=1.0

==================================================================
  cell: num_keys=1,000,000  skew_factor=1.0  backend=hashmap
==================================================================

=== Running WordCount Benchmark (hashmap backend) ===

Flink cluster: http://localhost:8081
Command: /home/user/flink/bin/flink run -Dstate.backend.type=org.apache.flink.runtime.state.hashmap.HashMapStateBackendFactory /home/user/projects/forL0-state-backend/benchmark/wordcount/target/wordcount-benchmark-1.0-SNAPSHOT.jar --numKeys 1000000 --numRecords 2000000000 --arrivalRate 0 --skewFactor 1.0 --parallelism 8 --checkpointInterval 0 --backend hashmap

=== Stateful WordCount Benchmark (StateBackend Focused) ===
numKeys: 1000000
numRecords: 2000000000
skewFactor: 1.0
arrivalRate: unlimited
parallelism: 8
checkpointing: disabled
============================================================
Job has been submitted with JobID a697599ac605c3130a929712787e7c1d
Program execution finished
Job with JobID a697599ac605c3130a929712787e7c1d has finished.
Job Runtime: 140422 ms



==================================================================
  cell: num_keys=1,000,000  skew_factor=1.0  backend=forl0
==================================================================

=== Running WordCount Benchmark (forl0 backend) ===

Flink cluster: http://localhost:8081
Command: /home/user/flink/bin/flink run -Dstate.backend.type=org.apache.flink.state.forl0.ForL0StateBackendFactory /home/user/projects/forL0-state-backend/benchmark/wordcount/target/wordcount-benchmark-1.0-SNAPSHOT.jar --numKeys 1000000 --numRecords 2000000000 --arrivalRate 0 --skewFactor 1.0 --parallelism 8 --checkpointInterval 0 --backend forl0

=== Stateful WordCount Benchmark (StateBackend Focused) ===
numKeys: 1000000
numRecords: 2000000000
skewFactor: 1.0
arrivalRate: unlimited
parallelism: 8
checkpointing: disabled
============================================================
Job has been submitted with JobID 2d7a1a83ad3bfb4283f78fe63e8aa7b9
Program execution finished
Job with JobID 2d7a1a83ad3bfb4283f78fe63e8aa7b9 has finished.
Job Runtime: 129270 ms



Results saved to /home/user/projects/forL0-state-backend/benchmark/results/raw/wordcount_grid_sweep_20260422_235454.json
  Cooldown 10s ...

[7/36] running cell num_keys=2000000, skew=0.0

==================================================================
  cell: num_keys=2,000,000  skew_factor=0.0  backend=hashmap
==================================================================

=== Running WordCount Benchmark (hashmap backend) ===

Flink cluster: http://localhost:8081
Command: /home/user/flink/bin/flink run -Dstate.backend.type=org.apache.flink.runtime.state.hashmap.HashMapStateBackendFactory /home/user/projects/forL0-state-backend/benchmark/wordcount/target/wordcount-benchmark-1.0-SNAPSHOT.jar --numKeys 2000000 --numRecords 2000000000 --arrivalRate 0 --skewFactor 0.0 --parallelism 8 --checkpointInterval 0 --backend hashmap

=== Stateful WordCount Benchmark (StateBackend Focused) ===
numKeys: 2000000
numRecords: 2000000000
skewFactor: 0.0
arrivalRate: unlimited
parallelism: 8
checkpointing: disabled
============================================================
Job has been submitted with JobID de8dc4b76b068180201ea7580b08f3c8
Program execution finished
Job with JobID de8dc4b76b068180201ea7580b08f3c8 has finished.
Job Runtime: 164738 ms



==================================================================
  cell: num_keys=2,000,000  skew_factor=0.0  backend=forl0
==================================================================

=== Running WordCount Benchmark (forl0 backend) ===

Flink cluster: http://localhost:8081
Command: /home/user/flink/bin/flink run -Dstate.backend.type=org.apache.flink.state.forl0.ForL0StateBackendFactory /home/user/projects/forL0-state-backend/benchmark/wordcount/target/wordcount-benchmark-1.0-SNAPSHOT.jar --numKeys 2000000 --numRecords 2000000000 --arrivalRate 0 --skewFactor 0.0 --parallelism 8 --checkpointInterval 0 --backend forl0

=== Stateful WordCount Benchmark (StateBackend Focused) ===
numKeys: 2000000
numRecords: 2000000000
skewFactor: 0.0
arrivalRate: unlimited
parallelism: 8
checkpointing: disabled
============================================================
Job has been submitted with JobID aa9d11e158c7bf23f550806e114560a0
Program execution finished
Job with JobID aa9d11e158c7bf23f550806e114560a0 has finished.
Job Runtime: 116479 ms



Results saved to /home/user/projects/forL0-state-backend/benchmark/results/raw/wordcount_grid_sweep_20260422_235952.json
  Cooldown 10s ...

[8/36] running cell num_keys=2000000, skew=0.2

==================================================================
  cell: num_keys=2,000,000  skew_factor=0.2  backend=hashmap
==================================================================

=== Running WordCount Benchmark (hashmap backend) ===

Flink cluster: http://localhost:8081
Command: /home/user/flink/bin/flink run -Dstate.backend.type=org.apache.flink.runtime.state.hashmap.HashMapStateBackendFactory /home/user/projects/forL0-state-backend/benchmark/wordcount/target/wordcount-benchmark-1.0-SNAPSHOT.jar --numKeys 2000000 --numRecords 2000000000 --arrivalRate 0 --skewFactor 0.2 --parallelism 8 --checkpointInterval 0 --backend hashmap

=== Stateful WordCount Benchmark (StateBackend Focused) ===
numKeys: 2000000
numRecords: 2000000000
skewFactor: 0.2
arrivalRate: unlimited
parallelism: 8
checkpointing: disabled
============================================================
Job has been submitted with JobID 2ab6ac7440a4468059a9998f99defb1c
Program execution finished
Job with JobID 2ab6ac7440a4468059a9998f99defb1c has finished.
Job Runtime: 198656 ms



==================================================================
  cell: num_keys=2,000,000  skew_factor=0.2  backend=forl0
==================================================================

=== Running WordCount Benchmark (forl0 backend) ===

Flink cluster: http://localhost:8081
Command: /home/user/flink/bin/flink run -Dstate.backend.type=org.apache.flink.state.forl0.ForL0StateBackendFactory /home/user/projects/forL0-state-backend/benchmark/wordcount/target/wordcount-benchmark-1.0-SNAPSHOT.jar --numKeys 2000000 --numRecords 2000000000 --arrivalRate 0 --skewFactor 0.2 --parallelism 8 --checkpointInterval 0 --backend forl0

=== Stateful WordCount Benchmark (StateBackend Focused) ===
numKeys: 2000000
numRecords: 2000000000
skewFactor: 0.2
arrivalRate: unlimited
parallelism: 8
checkpointing: disabled
============================================================
Job has been submitted with JobID fb97984f7826c9e45d53eebc88e34e44
Program execution finished
Job with JobID fb97984f7826c9e45d53eebc88e34e44 has finished.
Job Runtime: 147073 ms



Results saved to /home/user/projects/forL0-state-backend/benchmark/results/raw/wordcount_grid_sweep_20260423_000554.json
  Cooldown 10s ...

[9/36] running cell num_keys=2000000, skew=0.4

==================================================================
  cell: num_keys=2,000,000  skew_factor=0.4  backend=hashmap
==================================================================

=== Running WordCount Benchmark (hashmap backend) ===

Flink cluster: http://localhost:8081
Command: /home/user/flink/bin/flink run -Dstate.backend.type=org.apache.flink.runtime.state.hashmap.HashMapStateBackendFactory /home/user/projects/forL0-state-backend/benchmark/wordcount/target/wordcount-benchmark-1.0-SNAPSHOT.jar --numKeys 2000000 --numRecords 2000000000 --arrivalRate 0 --skewFactor 0.4 --parallelism 8 --checkpointInterval 0 --backend hashmap

=== Stateful WordCount Benchmark (StateBackend Focused) ===
numKeys: 2000000
numRecords: 2000000000
skewFactor: 0.4
arrivalRate: unlimited
parallelism: 8
checkpointing: disabled
============================================================
Job has been submitted with JobID 7b7e22f4c0201318423841436d9371dd
Program execution finished
Job with JobID 7b7e22f4c0201318423841436d9371dd has finished.
Job Runtime: 192974 ms



==================================================================
  cell: num_keys=2,000,000  skew_factor=0.4  backend=forl0
==================================================================

=== Running WordCount Benchmark (forl0 backend) ===

Flink cluster: http://localhost:8081
Command: /home/user/flink/bin/flink run -Dstate.backend.type=org.apache.flink.state.forl0.ForL0StateBackendFactory /home/user/projects/forL0-state-backend/benchmark/wordcount/target/wordcount-benchmark-1.0-SNAPSHOT.jar --numKeys 2000000 --numRecords 2000000000 --arrivalRate 0 --skewFactor 0.4 --parallelism 8 --checkpointInterval 0 --backend forl0

=== Stateful WordCount Benchmark (StateBackend Focused) ===
numKeys: 2000000
numRecords: 2000000000
skewFactor: 0.4
arrivalRate: unlimited
parallelism: 8
checkpointing: disabled
============================================================
Job has been submitted with JobID 86bf3fe509dce53d6d2e1de6449bd045
Program execution finished
Job with JobID 86bf3fe509dce53d6d2e1de6449bd045 has finished.
Job Runtime: 153452 ms



Results saved to /home/user/projects/forL0-state-backend/benchmark/results/raw/wordcount_grid_sweep_20260423_001159.json
  Cooldown 10s ...

[10/36] running cell num_keys=2000000, skew=0.6

==================================================================
  cell: num_keys=2,000,000  skew_factor=0.6  backend=hashmap
==================================================================

=== Running WordCount Benchmark (hashmap backend) ===

Flink cluster: http://localhost:8081
Command: /home/user/flink/bin/flink run -Dstate.backend.type=org.apache.flink.runtime.state.hashmap.HashMapStateBackendFactory /home/user/projects/forL0-state-backend/benchmark/wordcount/target/wordcount-benchmark-1.0-SNAPSHOT.jar --numKeys 2000000 --numRecords 2000000000 --arrivalRate 0 --skewFactor 0.6 --parallelism 8 --checkpointInterval 0 --backend hashmap

=== Stateful WordCount Benchmark (StateBackend Focused) ===
numKeys: 2000000
numRecords: 2000000000
skewFactor: 0.6
arrivalRate: unlimited
parallelism: 8
checkpointing: disabled
============================================================
Job has been submitted with JobID b373f2a074fcf1b85e571b9b2469b118
Program execution finished
Job with JobID b373f2a074fcf1b85e571b9b2469b118 has finished.
Job Runtime: 197285 ms



==================================================================
  cell: num_keys=2,000,000  skew_factor=0.6  backend=forl0
==================================================================

=== Running WordCount Benchmark (forl0 backend) ===

Flink cluster: http://localhost:8081
Command: /home/user/flink/bin/flink run -Dstate.backend.type=org.apache.flink.state.forl0.ForL0StateBackendFactory /home/user/projects/forL0-state-backend/benchmark/wordcount/target/wordcount-benchmark-1.0-SNAPSHOT.jar --numKeys 2000000 --numRecords 2000000000 --arrivalRate 0 --skewFactor 0.6 --parallelism 8 --checkpointInterval 0 --backend forl0

=== Stateful WordCount Benchmark (StateBackend Focused) ===
numKeys: 2000000
numRecords: 2000000000
skewFactor: 0.6
arrivalRate: unlimited
parallelism: 8
checkpointing: disabled
============================================================
Job has been submitted with JobID ec21a5902d3d226eb2ab21f7a9784a96
Program execution finished
Job with JobID ec21a5902d3d226eb2ab21f7a9784a96 has finished.
Job Runtime: 152886 ms



Results saved to /home/user/projects/forL0-state-backend/benchmark/results/raw/wordcount_grid_sweep_20260423_001805.json
  Cooldown 10s ...

[11/36] running cell num_keys=2000000, skew=0.8

==================================================================
  cell: num_keys=2,000,000  skew_factor=0.8  backend=hashmap
==================================================================

=== Running WordCount Benchmark (hashmap backend) ===

Flink cluster: http://localhost:8081
Command: /home/user/flink/bin/flink run -Dstate.backend.type=org.apache.flink.runtime.state.hashmap.HashMapStateBackendFactory /home/user/projects/forL0-state-backend/benchmark/wordcount/target/wordcount-benchmark-1.0-SNAPSHOT.jar --numKeys 2000000 --numRecords 2000000000 --arrivalRate 0 --skewFactor 0.8 --parallelism 8 --checkpointInterval 0 --backend hashmap

=== Stateful WordCount Benchmark (StateBackend Focused) ===
numKeys: 2000000
numRecords: 2000000000
skewFactor: 0.8
arrivalRate: unlimited
parallelism: 8
checkpointing: disabled
============================================================
Job has been submitted with JobID bfe906f3933439a7d7f6049c2f3d7c7c
Program execution finished
Job with JobID bfe906f3933439a7d7f6049c2f3d7c7c has finished.
Job Runtime: 180508 ms



==================================================================
  cell: num_keys=2,000,000  skew_factor=0.8  backend=forl0
==================================================================

=== Running WordCount Benchmark (forl0 backend) ===

Flink cluster: http://localhost:8081
Command: /home/user/flink/bin/flink run -Dstate.backend.type=org.apache.flink.state.forl0.ForL0StateBackendFactory /home/user/projects/forL0-state-backend/benchmark/wordcount/target/wordcount-benchmark-1.0-SNAPSHOT.jar --numKeys 2000000 --numRecords 2000000000 --arrivalRate 0 --skewFactor 0.8 --parallelism 8 --checkpointInterval 0 --backend forl0

=== Stateful WordCount Benchmark (StateBackend Focused) ===
numKeys: 2000000
numRecords: 2000000000
skewFactor: 0.8
arrivalRate: unlimited
parallelism: 8
checkpointing: disabled
============================================================
Job has been submitted with JobID 88e1c3b08a5977645139ba16305fd180
Program execution finished
Job with JobID 88e1c3b08a5977645139ba16305fd180 has finished.
Job Runtime: 144016 ms



Results saved to /home/user/projects/forL0-state-backend/benchmark/results/raw/wordcount_grid_sweep_20260423_002347.json
  Cooldown 10s ...

[12/36] running cell num_keys=2000000, skew=1.0

==================================================================
  cell: num_keys=2,000,000  skew_factor=1.0  backend=hashmap
==================================================================

=== Running WordCount Benchmark (hashmap backend) ===

Flink cluster: http://localhost:8081
Command: /home/user/flink/bin/flink run -Dstate.backend.type=org.apache.flink.runtime.state.hashmap.HashMapStateBackendFactory /home/user/projects/forL0-state-backend/benchmark/wordcount/target/wordcount-benchmark-1.0-SNAPSHOT.jar --numKeys 2000000 --numRecords 2000000000 --arrivalRate 0 --skewFactor 1.0 --parallelism 8 --checkpointInterval 0 --backend hashmap

=== Stateful WordCount Benchmark (StateBackend Focused) ===
numKeys: 2000000
numRecords: 2000000000
skewFactor: 1.0
arrivalRate: unlimited
parallelism: 8
checkpointing: disabled
============================================================
Job has been submitted with JobID 025fa1884c74dbb56b39806e5a2a90f9
Program execution finished
Job with JobID 025fa1884c74dbb56b39806e5a2a90f9 has finished.
Job Runtime: 145563 ms



==================================================================
  cell: num_keys=2,000,000  skew_factor=1.0  backend=forl0
==================================================================

=== Running WordCount Benchmark (forl0 backend) ===

Flink cluster: http://localhost:8081
Command: /home/user/flink/bin/flink run -Dstate.backend.type=org.apache.flink.state.forl0.ForL0StateBackendFactory /home/user/projects/forL0-state-backend/benchmark/wordcount/target/wordcount-benchmark-1.0-SNAPSHOT.jar --numKeys 2000000 --numRecords 2000000000 --arrivalRate 0 --skewFactor 1.0 --parallelism 8 --checkpointInterval 0 --backend forl0

=== Stateful WordCount Benchmark (StateBackend Focused) ===
numKeys: 2000000
numRecords: 2000000000
skewFactor: 1.0
arrivalRate: unlimited
parallelism: 8
checkpointing: disabled
============================================================
Job has been submitted with JobID fe725d3987958d4d68df3db0dc88b4e3
Program execution finished
Job with JobID fe725d3987958d4d68df3db0dc88b4e3 has finished.
Job Runtime: 142165 ms



Results saved to /home/user/projects/forL0-state-backend/benchmark/results/raw/wordcount_grid_sweep_20260423_002853.json
  Cooldown 10s ...

[13/36] running cell num_keys=4000000, skew=0.0

==================================================================
  cell: num_keys=4,000,000  skew_factor=0.0  backend=hashmap
==================================================================

=== Running WordCount Benchmark (hashmap backend) ===

Flink cluster: http://localhost:8081
Command: /home/user/flink/bin/flink run -Dstate.backend.type=org.apache.flink.runtime.state.hashmap.HashMapStateBackendFactory /home/user/projects/forL0-state-backend/benchmark/wordcount/target/wordcount-benchmark-1.0-SNAPSHOT.jar --numKeys 4000000 --numRecords 2000000000 --arrivalRate 0 --skewFactor 0.0 --parallelism 8 --checkpointInterval 0 --backend hashmap

=== Stateful WordCount Benchmark (StateBackend Focused) ===
numKeys: 4000000
numRecords: 2000000000
skewFactor: 0.0
arrivalRate: unlimited
parallelism: 8
checkpointing: disabled
============================================================
Job has been submitted with JobID 8d1704f8eba5faccad0e9d2d83e8bf9d
Program execution finished
Job with JobID 8d1704f8eba5faccad0e9d2d83e8bf9d has finished.
Job Runtime: 169318 ms



==================================================================
  cell: num_keys=4,000,000  skew_factor=0.0  backend=forl0
==================================================================

=== Running WordCount Benchmark (forl0 backend) ===

Flink cluster: http://localhost:8081
Command: /home/user/flink/bin/flink run -Dstate.backend.type=org.apache.flink.state.forl0.ForL0StateBackendFactory /home/user/projects/forL0-state-backend/benchmark/wordcount/target/wordcount-benchmark-1.0-SNAPSHOT.jar --numKeys 4000000 --numRecords 2000000000 --arrivalRate 0 --skewFactor 0.0 --parallelism 8 --checkpointInterval 0 --backend forl0

=== Stateful WordCount Benchmark (StateBackend Focused) ===
numKeys: 4000000
numRecords: 2000000000
skewFactor: 0.0
arrivalRate: unlimited
parallelism: 8
checkpointing: disabled
============================================================
Job has been submitted with JobID b03fc46500351d9b78ba7a484626fc78
Program execution finished
Job with JobID b03fc46500351d9b78ba7a484626fc78 has finished.
Job Runtime: 124685 ms



Results saved to /home/user/projects/forL0-state-backend/benchmark/results/raw/wordcount_grid_sweep_20260423_003405.json
  Cooldown 10s ...

[14/36] running cell num_keys=4000000, skew=0.2

==================================================================
  cell: num_keys=4,000,000  skew_factor=0.2  backend=hashmap
==================================================================

=== Running WordCount Benchmark (hashmap backend) ===

Flink cluster: http://localhost:8081
Command: /home/user/flink/bin/flink run -Dstate.backend.type=org.apache.flink.runtime.state.hashmap.HashMapStateBackendFactory /home/user/projects/forL0-state-backend/benchmark/wordcount/target/wordcount-benchmark-1.0-SNAPSHOT.jar --numKeys 4000000 --numRecords 2000000000 --arrivalRate 0 --skewFactor 0.2 --parallelism 8 --checkpointInterval 0 --backend hashmap

=== Stateful WordCount Benchmark (StateBackend Focused) ===
numKeys: 4000000
numRecords: 2000000000
skewFactor: 0.2
arrivalRate: unlimited
parallelism: 8
checkpointing: disabled
============================================================
Job has been submitted with JobID 10622c2267ff72266fca7ebf94fc6bcb
Program execution finished
Job with JobID 10622c2267ff72266fca7ebf94fc6bcb has finished.
Job Runtime: 203949 ms



==================================================================
  cell: num_keys=4,000,000  skew_factor=0.2  backend=forl0
==================================================================

=== Running WordCount Benchmark (forl0 backend) ===

Flink cluster: http://localhost:8081
Command: /home/user/flink/bin/flink run -Dstate.backend.type=org.apache.flink.state.forl0.ForL0StateBackendFactory /home/user/projects/forL0-state-backend/benchmark/wordcount/target/wordcount-benchmark-1.0-SNAPSHOT.jar --numKeys 4000000 --numRecords 2000000000 --arrivalRate 0 --skewFactor 0.2 --parallelism 8 --checkpointInterval 0 --backend forl0

=== Stateful WordCount Benchmark (StateBackend Focused) ===
numKeys: 4000000
numRecords: 2000000000
skewFactor: 0.2
arrivalRate: unlimited
parallelism: 8
checkpointing: disabled
============================================================
Job has been submitted with JobID ab64339b99ffe3529c95ad91c45484a3
Program execution finished
Job with JobID ab64339b99ffe3529c95ad91c45484a3 has finished.
Job Runtime: 153364 ms



Results saved to /home/user/projects/forL0-state-backend/benchmark/results/raw/wordcount_grid_sweep_20260423_004021.json
  Cooldown 10s ...

[15/36] running cell num_keys=4000000, skew=0.4

==================================================================
  cell: num_keys=4,000,000  skew_factor=0.4  backend=hashmap
==================================================================

=== Running WordCount Benchmark (hashmap backend) ===

Flink cluster: http://localhost:8081
Command: /home/user/flink/bin/flink run -Dstate.backend.type=org.apache.flink.runtime.state.hashmap.HashMapStateBackendFactory /home/user/projects/forL0-state-backend/benchmark/wordcount/target/wordcount-benchmark-1.0-SNAPSHOT.jar --numKeys 4000000 --numRecords 2000000000 --arrivalRate 0 --skewFactor 0.4 --parallelism 8 --checkpointInterval 0 --backend hashmap

=== Stateful WordCount Benchmark (StateBackend Focused) ===
numKeys: 4000000
numRecords: 2000000000
skewFactor: 0.4
arrivalRate: unlimited
parallelism: 8
checkpointing: disabled
============================================================
Job has been submitted with JobID 7c4e09b14414618282dd18f257e2ec6b
Program execution finished
Job with JobID 7c4e09b14414618282dd18f257e2ec6b has finished.
Job Runtime: 207108 ms



==================================================================
  cell: num_keys=4,000,000  skew_factor=0.4  backend=forl0
==================================================================

=== Running WordCount Benchmark (forl0 backend) ===

Flink cluster: http://localhost:8081
Command: /home/user/flink/bin/flink run -Dstate.backend.type=org.apache.flink.state.forl0.ForL0StateBackendFactory /home/user/projects/forL0-state-backend/benchmark/wordcount/target/wordcount-benchmark-1.0-SNAPSHOT.jar --numKeys 4000000 --numRecords 2000000000 --arrivalRate 0 --skewFactor 0.4 --parallelism 8 --checkpointInterval 0 --backend forl0

=== Stateful WordCount Benchmark (StateBackend Focused) ===
numKeys: 4000000
numRecords: 2000000000
skewFactor: 0.4
arrivalRate: unlimited
parallelism: 8
checkpointing: disabled
============================================================
Job has been submitted with JobID 76ef6c7a4a5e61deb62c9627392809ca
Program execution finished
Job with JobID 76ef6c7a4a5e61deb62c9627392809ca has finished.
Job Runtime: 155540 ms



Results saved to /home/user/projects/forL0-state-backend/benchmark/results/raw/wordcount_grid_sweep_20260423_004641.json
  Cooldown 10s ...

[16/36] running cell num_keys=4000000, skew=0.6

==================================================================
  cell: num_keys=4,000,000  skew_factor=0.6  backend=hashmap
==================================================================

=== Running WordCount Benchmark (hashmap backend) ===

Flink cluster: http://localhost:8081
Command: /home/user/flink/bin/flink run -Dstate.backend.type=org.apache.flink.runtime.state.hashmap.HashMapStateBackendFactory /home/user/projects/forL0-state-backend/benchmark/wordcount/target/wordcount-benchmark-1.0-SNAPSHOT.jar --numKeys 4000000 --numRecords 2000000000 --arrivalRate 0 --skewFactor 0.6 --parallelism 8 --checkpointInterval 0 --backend hashmap

=== Stateful WordCount Benchmark (StateBackend Focused) ===
numKeys: 4000000
numRecords: 2000000000
skewFactor: 0.6
arrivalRate: unlimited
parallelism: 8
checkpointing: disabled
============================================================
Job has been submitted with JobID 7cf948e453707f5fbf3300e75f55ebff
Program execution finished
Job with JobID 7cf948e453707f5fbf3300e75f55ebff has finished.
Job Runtime: 203692 ms



==================================================================
  cell: num_keys=4,000,000  skew_factor=0.6  backend=forl0
==================================================================

=== Running WordCount Benchmark (forl0 backend) ===

Flink cluster: http://localhost:8081
Command: /home/user/flink/bin/flink run -Dstate.backend.type=org.apache.flink.state.forl0.ForL0StateBackendFactory /home/user/projects/forL0-state-backend/benchmark/wordcount/target/wordcount-benchmark-1.0-SNAPSHOT.jar --numKeys 4000000 --numRecords 2000000000 --arrivalRate 0 --skewFactor 0.6 --parallelism 8 --checkpointInterval 0 --backend forl0

=== Stateful WordCount Benchmark (StateBackend Focused) ===
numKeys: 4000000
numRecords: 2000000000
skewFactor: 0.6
arrivalRate: unlimited
parallelism: 8
checkpointing: disabled
============================================================
Job has been submitted with JobID 85cfcdf6c64c6e53976bc03c99a1cc6e
Program execution finished
Job with JobID 85cfcdf6c64c6e53976bc03c99a1cc6e has finished.
Job Runtime: 155857 ms



Results saved to /home/user/projects/forL0-state-backend/benchmark/results/raw/wordcount_grid_sweep_20260423_005259.json
  Cooldown 10s ...

[17/36] running cell num_keys=4000000, skew=0.8

==================================================================
  cell: num_keys=4,000,000  skew_factor=0.8  backend=hashmap
==================================================================

=== Running WordCount Benchmark (hashmap backend) ===

Flink cluster: http://localhost:8081
Command: /home/user/flink/bin/flink run -Dstate.backend.type=org.apache.flink.runtime.state.hashmap.HashMapStateBackendFactory /home/user/projects/forL0-state-backend/benchmark/wordcount/target/wordcount-benchmark-1.0-SNAPSHOT.jar --numKeys 4000000 --numRecords 2000000000 --arrivalRate 0 --skewFactor 0.8 --parallelism 8 --checkpointInterval 0 --backend hashmap

=== Stateful WordCount Benchmark (StateBackend Focused) ===
numKeys: 4000000
numRecords: 2000000000
skewFactor: 0.8
arrivalRate: unlimited
parallelism: 8
checkpointing: disabled
============================================================
Job has been submitted with JobID 6225377dd68b8b40f5271b522d08c0b1
Program execution finished
Job with JobID 6225377dd68b8b40f5271b522d08c0b1 has finished.
Job Runtime: 184957 ms



==================================================================
  cell: num_keys=4,000,000  skew_factor=0.8  backend=forl0
==================================================================

=== Running WordCount Benchmark (forl0 backend) ===

Flink cluster: http://localhost:8081
Command: /home/user/flink/bin/flink run -Dstate.backend.type=org.apache.flink.state.forl0.ForL0StateBackendFactory /home/user/projects/forL0-state-backend/benchmark/wordcount/target/wordcount-benchmark-1.0-SNAPSHOT.jar --numKeys 4000000 --numRecords 2000000000 --arrivalRate 0 --skewFactor 0.8 --parallelism 8 --checkpointInterval 0 --backend forl0

=== Stateful WordCount Benchmark (StateBackend Focused) ===
numKeys: 4000000
numRecords: 2000000000
skewFactor: 0.8
arrivalRate: unlimited
parallelism: 8
checkpointing: disabled
============================================================
Job has been submitted with JobID fd7dc064d1fa7e871ec7b734336c4687
Program execution finished
Job with JobID fd7dc064d1fa7e871ec7b734336c4687 has finished.
Job Runtime: 148294 ms



Results saved to /home/user/projects/forL0-state-backend/benchmark/results/raw/wordcount_grid_sweep_20260423_005849.json
  Cooldown 10s ...

[18/36] running cell num_keys=4000000, skew=1.0

==================================================================
  cell: num_keys=4,000,000  skew_factor=1.0  backend=hashmap
==================================================================

=== Running WordCount Benchmark (hashmap backend) ===

Flink cluster: http://localhost:8081
Command: /home/user/flink/bin/flink run -Dstate.backend.type=org.apache.flink.runtime.state.hashmap.HashMapStateBackendFactory /home/user/projects/forL0-state-backend/benchmark/wordcount/target/wordcount-benchmark-1.0-SNAPSHOT.jar --numKeys 4000000 --numRecords 2000000000 --arrivalRate 0 --skewFactor 1.0 --parallelism 8 --checkpointInterval 0 --backend hashmap

=== Stateful WordCount Benchmark (StateBackend Focused) ===
numKeys: 4000000
numRecords: 2000000000
skewFactor: 1.0
arrivalRate: unlimited
parallelism: 8
checkpointing: disabled
============================================================
Job has been submitted with JobID d70eb9da4c2c1b6026f734da70cc1358
Program execution finished
Job with JobID d70eb9da4c2c1b6026f734da70cc1358 has finished.
Job Runtime: 147113 ms



==================================================================
  cell: num_keys=4,000,000  skew_factor=1.0  backend=forl0
==================================================================

=== Running WordCount Benchmark (forl0 backend) ===

Flink cluster: http://localhost:8081
Command: /home/user/flink/bin/flink run -Dstate.backend.type=org.apache.flink.state.forl0.ForL0StateBackendFactory /home/user/projects/forL0-state-backend/benchmark/wordcount/target/wordcount-benchmark-1.0-SNAPSHOT.jar --numKeys 4000000 --numRecords 2000000000 --arrivalRate 0 --skewFactor 1.0 --parallelism 8 --checkpointInterval 0 --backend forl0

=== Stateful WordCount Benchmark (StateBackend Focused) ===
numKeys: 4000000
numRecords: 2000000000
skewFactor: 1.0
arrivalRate: unlimited
parallelism: 8
checkpointing: disabled
============================================================
Job has been submitted with JobID 672e36f4ad0593e6ff50e74280c1e5b5
Program execution finished
Job with JobID 672e36f4ad0593e6ff50e74280c1e5b5 has finished.
Job Runtime: 127357 ms



Results saved to /home/user/projects/forL0-state-backend/benchmark/results/raw/wordcount_grid_sweep_20260423_010341.json
  Cooldown 10s ...

[19/36] running cell num_keys=6000000, skew=0.0

==================================================================
  cell: num_keys=6,000,000  skew_factor=0.0  backend=hashmap
==================================================================

=== Running WordCount Benchmark (hashmap backend) ===

Flink cluster: http://localhost:8081
Command: /home/user/flink/bin/flink run -Dstate.backend.type=org.apache.flink.runtime.state.hashmap.HashMapStateBackendFactory /home/user/projects/forL0-state-backend/benchmark/wordcount/target/wordcount-benchmark-1.0-SNAPSHOT.jar --numKeys 6000000 --numRecords 2000000000 --arrivalRate 0 --skewFactor 0.0 --parallelism 8 --checkpointInterval 0 --backend hashmap

=== Stateful WordCount Benchmark (StateBackend Focused) ===
numKeys: 6000000
numRecords: 2000000000
skewFactor: 0.0
arrivalRate: unlimited
parallelism: 8
checkpointing: disabled
============================================================
Job has been submitted with JobID df3f6e279f56b789ea0badb5d8cc469f
Program execution finished
Job with JobID df3f6e279f56b789ea0badb5d8cc469f has finished.
Job Runtime: 175715 ms



==================================================================
  cell: num_keys=6,000,000  skew_factor=0.0  backend=forl0
==================================================================

=== Running WordCount Benchmark (forl0 backend) ===

Flink cluster: http://localhost:8081
Command: /home/user/flink/bin/flink run -Dstate.backend.type=org.apache.flink.state.forl0.ForL0StateBackendFactory /home/user/projects/forL0-state-backend/benchmark/wordcount/target/wordcount-benchmark-1.0-SNAPSHOT.jar --numKeys 6000000 --numRecords 2000000000 --arrivalRate 0 --skewFactor 0.0 --parallelism 8 --checkpointInterval 0 --backend forl0

=== Stateful WordCount Benchmark (StateBackend Focused) ===
numKeys: 6000000
numRecords: 2000000000
skewFactor: 0.0
arrivalRate: unlimited
parallelism: 8
checkpointing: disabled
============================================================
Job has been submitted with JobID 788faef1d91bed65b11bee7236083084
Program execution finished
Job with JobID 788faef1d91bed65b11bee7236083084 has finished.
Job Runtime: 137327 ms



Results saved to /home/user/projects/forL0-state-backend/benchmark/results/raw/wordcount_grid_sweep_20260423_010913.json
  Cooldown 10s ...

[20/36] running cell num_keys=6000000, skew=0.2

==================================================================
  cell: num_keys=6,000,000  skew_factor=0.2  backend=hashmap
==================================================================

=== Running WordCount Benchmark (hashmap backend) ===

Flink cluster: http://localhost:8081
Command: /home/user/flink/bin/flink run -Dstate.backend.type=org.apache.flink.runtime.state.hashmap.HashMapStateBackendFactory /home/user/projects/forL0-state-backend/benchmark/wordcount/target/wordcount-benchmark-1.0-SNAPSHOT.jar --numKeys 6000000 --numRecords 2000000000 --arrivalRate 0 --skewFactor 0.2 --parallelism 8 --checkpointInterval 0 --backend hashmap

=== Stateful WordCount Benchmark (StateBackend Focused) ===
numKeys: 6000000
numRecords: 2000000000
skewFactor: 0.2
arrivalRate: unlimited
parallelism: 8
checkpointing: disabled
============================================================
Job has been submitted with JobID a014712e7a9db19672e1778cf10443ea
Program execution finished
Job with JobID a014712e7a9db19672e1778cf10443ea has finished.
Job Runtime: 206452 ms



==================================================================
  cell: num_keys=6,000,000  skew_factor=0.2  backend=forl0
==================================================================

=== Running WordCount Benchmark (forl0 backend) ===

Flink cluster: http://localhost:8081
Command: /home/user/flink/bin/flink run -Dstate.backend.type=org.apache.flink.state.forl0.ForL0StateBackendFactory /home/user/projects/forL0-state-backend/benchmark/wordcount/target/wordcount-benchmark-1.0-SNAPSHOT.jar --numKeys 6000000 --numRecords 2000000000 --arrivalRate 0 --skewFactor 0.2 --parallelism 8 --checkpointInterval 0 --backend forl0

=== Stateful WordCount Benchmark (StateBackend Focused) ===
numKeys: 6000000
numRecords: 2000000000
skewFactor: 0.2
arrivalRate: unlimited
parallelism: 8
checkpointing: disabled
============================================================
Job has been submitted with JobID 19479d85fe18b842c919cbbd5e9e14e3
Program execution finished
Job with JobID 19479d85fe18b842c919cbbd5e9e14e3 has finished.
Job Runtime: 158832 ms



Results saved to /home/user/projects/forL0-state-backend/benchmark/results/raw/wordcount_grid_sweep_20260423_011534.json
  Cooldown 10s ...

[21/36] running cell num_keys=6000000, skew=0.4

==================================================================
  cell: num_keys=6,000,000  skew_factor=0.4  backend=hashmap
==================================================================

=== Running WordCount Benchmark (hashmap backend) ===

Flink cluster: http://localhost:8081
Command: /home/user/flink/bin/flink run -Dstate.backend.type=org.apache.flink.runtime.state.hashmap.HashMapStateBackendFactory /home/user/projects/forL0-state-backend/benchmark/wordcount/target/wordcount-benchmark-1.0-SNAPSHOT.jar --numKeys 6000000 --numRecords 2000000000 --arrivalRate 0 --skewFactor 0.4 --parallelism 8 --checkpointInterval 0 --backend hashmap

=== Stateful WordCount Benchmark (StateBackend Focused) ===
numKeys: 6000000
numRecords: 2000000000
skewFactor: 0.4
arrivalRate: unlimited
parallelism: 8
checkpointing: disabled
============================================================
Job has been submitted with JobID cf8cdaaacccffbb297cbde6b089d0ca5
Program execution finished
Job with JobID cf8cdaaacccffbb297cbde6b089d0ca5 has finished.
Job Runtime: 201268 ms



==================================================================
  cell: num_keys=6,000,000  skew_factor=0.4  backend=forl0
==================================================================

=== Running WordCount Benchmark (forl0 backend) ===

Flink cluster: http://localhost:8081
Command: /home/user/flink/bin/flink run -Dstate.backend.type=org.apache.flink.state.forl0.ForL0StateBackendFactory /home/user/projects/forL0-state-backend/benchmark/wordcount/target/wordcount-benchmark-1.0-SNAPSHOT.jar --numKeys 6000000 --numRecords 2000000000 --arrivalRate 0 --skewFactor 0.4 --parallelism 8 --checkpointInterval 0 --backend forl0

=== Stateful WordCount Benchmark (StateBackend Focused) ===
numKeys: 6000000
numRecords: 2000000000
skewFactor: 0.4
arrivalRate: unlimited
parallelism: 8
checkpointing: disabled
============================================================
Job has been submitted with JobID c1644ed3fac4cf12d3bde1f55cca0659
Program execution finished
Job with JobID c1644ed3fac4cf12d3bde1f55cca0659 has finished.
Job Runtime: 159626 ms



Results saved to /home/user/projects/forL0-state-backend/benchmark/results/raw/wordcount_grid_sweep_20260423_012152.json
  Cooldown 10s ...

[22/36] running cell num_keys=6000000, skew=0.6

==================================================================
  cell: num_keys=6,000,000  skew_factor=0.6  backend=hashmap
==================================================================

=== Running WordCount Benchmark (hashmap backend) ===

Flink cluster: http://localhost:8081
Command: /home/user/flink/bin/flink run -Dstate.backend.type=org.apache.flink.runtime.state.hashmap.HashMapStateBackendFactory /home/user/projects/forL0-state-backend/benchmark/wordcount/target/wordcount-benchmark-1.0-SNAPSHOT.jar --numKeys 6000000 --numRecords 2000000000 --arrivalRate 0 --skewFactor 0.6 --parallelism 8 --checkpointInterval 0 --backend hashmap

=== Stateful WordCount Benchmark (StateBackend Focused) ===
numKeys: 6000000
numRecords: 2000000000
skewFactor: 0.6
arrivalRate: unlimited
parallelism: 8
checkpointing: disabled
============================================================
Job has been submitted with JobID bd3a317a4c591d3ced14fca5e3c9f113
Program execution finished
Job with JobID bd3a317a4c591d3ced14fca5e3c9f113 has finished.
Job Runtime: 201805 ms



==================================================================
  cell: num_keys=6,000,000  skew_factor=0.6  backend=forl0
==================================================================

=== Running WordCount Benchmark (forl0 backend) ===

Flink cluster: http://localhost:8081
Command: /home/user/flink/bin/flink run -Dstate.backend.type=org.apache.flink.state.forl0.ForL0StateBackendFactory /home/user/projects/forL0-state-backend/benchmark/wordcount/target/wordcount-benchmark-1.0-SNAPSHOT.jar --numKeys 6000000 --numRecords 2000000000 --arrivalRate 0 --skewFactor 0.6 --parallelism 8 --checkpointInterval 0 --backend forl0

=== Stateful WordCount Benchmark (StateBackend Focused) ===
numKeys: 6000000
numRecords: 2000000000
skewFactor: 0.6
arrivalRate: unlimited
parallelism: 8
checkpointing: disabled
============================================================
Job has been submitted with JobID 38da42b0c7390d4b2ab5323729d9ef8f
Program execution finished
Job with JobID 38da42b0c7390d4b2ab5323729d9ef8f has finished.
Job Runtime: 157992 ms



Results saved to /home/user/projects/forL0-state-backend/benchmark/results/raw/wordcount_grid_sweep_20260423_012810.json
  Cooldown 10s ...

[23/36] running cell num_keys=6000000, skew=0.8

==================================================================
  cell: num_keys=6,000,000  skew_factor=0.8  backend=hashmap
==================================================================

=== Running WordCount Benchmark (hashmap backend) ===

Flink cluster: http://localhost:8081
Command: /home/user/flink/bin/flink run -Dstate.backend.type=org.apache.flink.runtime.state.hashmap.HashMapStateBackendFactory /home/user/projects/forL0-state-backend/benchmark/wordcount/target/wordcount-benchmark-1.0-SNAPSHOT.jar --numKeys 6000000 --numRecords 2000000000 --arrivalRate 0 --skewFactor 0.8 --parallelism 8 --checkpointInterval 0 --backend hashmap

=== Stateful WordCount Benchmark (StateBackend Focused) ===
numKeys: 6000000
numRecords: 2000000000
skewFactor: 0.8
arrivalRate: unlimited
parallelism: 8
checkpointing: disabled
============================================================
Job has been submitted with JobID 81fad9ad2d814e729a63dab6e27fed90
Program execution finished
Job with JobID 81fad9ad2d814e729a63dab6e27fed90 has finished.
Job Runtime: 189461 ms



==================================================================
  cell: num_keys=6,000,000  skew_factor=0.8  backend=forl0
==================================================================

=== Running WordCount Benchmark (forl0 backend) ===

Flink cluster: http://localhost:8081
Command: /home/user/flink/bin/flink run -Dstate.backend.type=org.apache.flink.state.forl0.ForL0StateBackendFactory /home/user/projects/forL0-state-backend/benchmark/wordcount/target/wordcount-benchmark-1.0-SNAPSHOT.jar --numKeys 6000000 --numRecords 2000000000 --arrivalRate 0 --skewFactor 0.8 --parallelism 8 --checkpointInterval 0 --backend forl0

=== Stateful WordCount Benchmark (StateBackend Focused) ===
numKeys: 6000000
numRecords: 2000000000
skewFactor: 0.8
arrivalRate: unlimited
parallelism: 8
checkpointing: disabled
============================================================
Job has been submitted with JobID e1c9ad84690eda2bd95ec0d894cde13a
Program execution finished
Job with JobID e1c9ad84690eda2bd95ec0d894cde13a has finished.
Job Runtime: 150411 ms



Results saved to /home/user/projects/forL0-state-backend/benchmark/results/raw/wordcount_grid_sweep_20260423_013409.json
  Cooldown 10s ...

[24/36] running cell num_keys=6000000, skew=1.0

==================================================================
  cell: num_keys=6,000,000  skew_factor=1.0  backend=hashmap
==================================================================

=== Running WordCount Benchmark (hashmap backend) ===

Flink cluster: http://localhost:8081
Command: /home/user/flink/bin/flink run -Dstate.backend.type=org.apache.flink.runtime.state.hashmap.HashMapStateBackendFactory /home/user/projects/forL0-state-backend/benchmark/wordcount/target/wordcount-benchmark-1.0-SNAPSHOT.jar --numKeys 6000000 --numRecords 2000000000 --arrivalRate 0 --skewFactor 1.0 --parallelism 8 --checkpointInterval 0 --backend hashmap

=== Stateful WordCount Benchmark (StateBackend Focused) ===
numKeys: 6000000
numRecords: 2000000000
skewFactor: 1.0
arrivalRate: unlimited
parallelism: 8
checkpointing: disabled
============================================================
Job has been submitted with JobID fab5864fff67a9c5e53372abd8229071
Program execution finished
Job with JobID fab5864fff67a9c5e53372abd8229071 has finished.
Job Runtime: 155810 ms



==================================================================
  cell: num_keys=6,000,000  skew_factor=1.0  backend=forl0
==================================================================

=== Running WordCount Benchmark (forl0 backend) ===

Flink cluster: http://localhost:8081
Command: /home/user/flink/bin/flink run -Dstate.backend.type=org.apache.flink.state.forl0.ForL0StateBackendFactory /home/user/projects/forL0-state-backend/benchmark/wordcount/target/wordcount-benchmark-1.0-SNAPSHOT.jar --numKeys 6000000 --numRecords 2000000000 --arrivalRate 0 --skewFactor 1.0 --parallelism 8 --checkpointInterval 0 --backend forl0

=== Stateful WordCount Benchmark (StateBackend Focused) ===
numKeys: 6000000
numRecords: 2000000000
skewFactor: 1.0
arrivalRate: unlimited
parallelism: 8
checkpointing: disabled
============================================================
Job has been submitted with JobID 4c74b54913deb8c22551073e1bd0f457
Program execution finished
Job with JobID 4c74b54913deb8c22551073e1bd0f457 has finished.
Job Runtime: 137071 ms



Results saved to /home/user/projects/forL0-state-backend/benchmark/results/raw/wordcount_grid_sweep_20260423_013918.json
  Cooldown 10s ...

[25/36] running cell num_keys=8000000, skew=0.0

==================================================================
  cell: num_keys=8,000,000  skew_factor=0.0  backend=hashmap
==================================================================

=== Running WordCount Benchmark (hashmap backend) ===

Flink cluster: http://localhost:8081
Command: /home/user/flink/bin/flink run -Dstate.backend.type=org.apache.flink.runtime.state.hashmap.HashMapStateBackendFactory /home/user/projects/forL0-state-backend/benchmark/wordcount/target/wordcount-benchmark-1.0-SNAPSHOT.jar --numKeys 8000000 --numRecords 2000000000 --arrivalRate 0 --skewFactor 0.0 --parallelism 8 --checkpointInterval 0 --backend hashmap

=== Stateful WordCount Benchmark (StateBackend Focused) ===
numKeys: 8000000
numRecords: 2000000000
skewFactor: 0.0
arrivalRate: unlimited
parallelism: 8
checkpointing: disabled
============================================================
Job has been submitted with JobID a065aaab47a6788e5bf686461b8efd36
Program execution finished
Job with JobID a065aaab47a6788e5bf686461b8efd36 has finished.
Job Runtime: 173999 ms



==================================================================
  cell: num_keys=8,000,000  skew_factor=0.0  backend=forl0
==================================================================

=== Running WordCount Benchmark (forl0 backend) ===

Flink cluster: http://localhost:8081
Command: /home/user/flink/bin/flink run -Dstate.backend.type=org.apache.flink.state.forl0.ForL0StateBackendFactory /home/user/projects/forL0-state-backend/benchmark/wordcount/target/wordcount-benchmark-1.0-SNAPSHOT.jar --numKeys 8000000 --numRecords 2000000000 --arrivalRate 0 --skewFactor 0.0 --parallelism 8 --checkpointInterval 0 --backend forl0

=== Stateful WordCount Benchmark (StateBackend Focused) ===
numKeys: 8000000
numRecords: 2000000000
skewFactor: 0.0
arrivalRate: unlimited
parallelism: 8
checkpointing: disabled
============================================================
Job has been submitted with JobID 469158d8019a020370f9ef4a95dad09e
Program execution finished
Job with JobID 469158d8019a020370f9ef4a95dad09e has finished.
Job Runtime: 134655 ms



Results saved to /home/user/projects/forL0-state-backend/benchmark/results/raw/wordcount_grid_sweep_20260423_014444.json
  Cooldown 10s ...

[26/36] running cell num_keys=8000000, skew=0.2

==================================================================
  cell: num_keys=8,000,000  skew_factor=0.2  backend=hashmap
==================================================================

=== Running WordCount Benchmark (hashmap backend) ===

Flink cluster: http://localhost:8081
Command: /home/user/flink/bin/flink run -Dstate.backend.type=org.apache.flink.runtime.state.hashmap.HashMapStateBackendFactory /home/user/projects/forL0-state-backend/benchmark/wordcount/target/wordcount-benchmark-1.0-SNAPSHOT.jar --numKeys 8000000 --numRecords 2000000000 --arrivalRate 0 --skewFactor 0.2 --parallelism 8 --checkpointInterval 0 --backend hashmap

=== Stateful WordCount Benchmark (StateBackend Focused) ===
numKeys: 8000000
numRecords: 2000000000
skewFactor: 0.2
arrivalRate: unlimited
parallelism: 8
checkpointing: disabled
============================================================
Job has been submitted with JobID 7d4be9de731f03c766d94cac4f9e661f
Program execution finished
Job with JobID 7d4be9de731f03c766d94cac4f9e661f has finished.
Job Runtime: 207661 ms



==================================================================
  cell: num_keys=8,000,000  skew_factor=0.2  backend=forl0
==================================================================

=== Running WordCount Benchmark (forl0 backend) ===

Flink cluster: http://localhost:8081
Command: /home/user/flink/bin/flink run -Dstate.backend.type=org.apache.flink.state.forl0.ForL0StateBackendFactory /home/user/projects/forL0-state-backend/benchmark/wordcount/target/wordcount-benchmark-1.0-SNAPSHOT.jar --numKeys 8000000 --numRecords 2000000000 --arrivalRate 0 --skewFactor 0.2 --parallelism 8 --checkpointInterval 0 --backend forl0

=== Stateful WordCount Benchmark (StateBackend Focused) ===
numKeys: 8000000
numRecords: 2000000000
skewFactor: 0.2
arrivalRate: unlimited
parallelism: 8
checkpointing: disabled
============================================================
Job has been submitted with JobID c16ab95ffbccdf645f4eec974278f778
Program execution finished
Job with JobID c16ab95ffbccdf645f4eec974278f778 has finished.
Job Runtime: 161634 ms



Results saved to /home/user/projects/forL0-state-backend/benchmark/results/raw/wordcount_grid_sweep_20260423_015112.json
  Cooldown 10s ...

[27/36] running cell num_keys=8000000, skew=0.4

==================================================================
  cell: num_keys=8,000,000  skew_factor=0.4  backend=hashmap
==================================================================

=== Running WordCount Benchmark (hashmap backend) ===

Flink cluster: http://localhost:8081
Command: /home/user/flink/bin/flink run -Dstate.backend.type=org.apache.flink.runtime.state.hashmap.HashMapStateBackendFactory /home/user/projects/forL0-state-backend/benchmark/wordcount/target/wordcount-benchmark-1.0-SNAPSHOT.jar --numKeys 8000000 --numRecords 2000000000 --arrivalRate 0 --skewFactor 0.4 --parallelism 8 --checkpointInterval 0 --backend hashmap

=== Stateful WordCount Benchmark (StateBackend Focused) ===
numKeys: 8000000
numRecords: 2000000000
skewFactor: 0.4
arrivalRate: unlimited
parallelism: 8
checkpointing: disabled
============================================================
Job has been submitted with JobID 64f995a23897b0db4489a825b4d4d888
Program execution finished
Job with JobID 64f995a23897b0db4489a825b4d4d888 has finished.
Job Runtime: 213035 ms



==================================================================
  cell: num_keys=8,000,000  skew_factor=0.4  backend=forl0
==================================================================

=== Running WordCount Benchmark (forl0 backend) ===

Flink cluster: http://localhost:8081
Command: /home/user/flink/bin/flink run -Dstate.backend.type=org.apache.flink.state.forl0.ForL0StateBackendFactory /home/user/projects/forL0-state-backend/benchmark/wordcount/target/wordcount-benchmark-1.0-SNAPSHOT.jar --numKeys 8000000 --numRecords 2000000000 --arrivalRate 0 --skewFactor 0.4 --parallelism 8 --checkpointInterval 0 --backend forl0

=== Stateful WordCount Benchmark (StateBackend Focused) ===
numKeys: 8000000
numRecords: 2000000000
skewFactor: 0.4
arrivalRate: unlimited
parallelism: 8
checkpointing: disabled
============================================================
Job has been submitted with JobID 06c819c9c976ec6a2f63f5e882142920
Program execution finished
Job with JobID 06c819c9c976ec6a2f63f5e882142920 has finished.
Job Runtime: 159235 ms



Results saved to /home/user/projects/forL0-state-backend/benchmark/results/raw/wordcount_grid_sweep_20260423_015742.json
  Cooldown 10s ...

[28/36] running cell num_keys=8000000, skew=0.6

==================================================================
  cell: num_keys=8,000,000  skew_factor=0.6  backend=hashmap
==================================================================

=== Running WordCount Benchmark (hashmap backend) ===

Flink cluster: http://localhost:8081
Command: /home/user/flink/bin/flink run -Dstate.backend.type=org.apache.flink.runtime.state.hashmap.HashMapStateBackendFactory /home/user/projects/forL0-state-backend/benchmark/wordcount/target/wordcount-benchmark-1.0-SNAPSHOT.jar --numKeys 8000000 --numRecords 2000000000 --arrivalRate 0 --skewFactor 0.6 --parallelism 8 --checkpointInterval 0 --backend hashmap

=== Stateful WordCount Benchmark (StateBackend Focused) ===
numKeys: 8000000
numRecords: 2000000000
skewFactor: 0.6
arrivalRate: unlimited
parallelism: 8
checkpointing: disabled
============================================================
Job has been submitted with JobID 9f9c23fb5b75b9c7d25f4e40ea66c850
Program execution finished
Job with JobID 9f9c23fb5b75b9c7d25f4e40ea66c850 has finished.
Job Runtime: 207000 ms



==================================================================
  cell: num_keys=8,000,000  skew_factor=0.6  backend=forl0
==================================================================

=== Running WordCount Benchmark (forl0 backend) ===

Flink cluster: http://localhost:8081
Command: /home/user/flink/bin/flink run -Dstate.backend.type=org.apache.flink.state.forl0.ForL0StateBackendFactory /home/user/projects/forL0-state-backend/benchmark/wordcount/target/wordcount-benchmark-1.0-SNAPSHOT.jar --numKeys 8000000 --numRecords 2000000000 --arrivalRate 0 --skewFactor 0.6 --parallelism 8 --checkpointInterval 0 --backend forl0

=== Stateful WordCount Benchmark (StateBackend Focused) ===
numKeys: 8000000
numRecords: 2000000000
skewFactor: 0.6
arrivalRate: unlimited
parallelism: 8
checkpointing: disabled
============================================================
Job has been submitted with JobID 5c20606ba57be3f455c0f4962f24fb86
Program execution finished
Job with JobID 5c20606ba57be3f455c0f4962f24fb86 has finished.
Job Runtime: 170159 ms



Results saved to /home/user/projects/forL0-state-backend/benchmark/results/raw/wordcount_grid_sweep_20260423_020416.json
  Cooldown 10s ...

[29/36] running cell num_keys=8000000, skew=0.8

==================================================================
  cell: num_keys=8,000,000  skew_factor=0.8  backend=hashmap
==================================================================

=== Running WordCount Benchmark (hashmap backend) ===

Flink cluster: http://localhost:8081
Command: /home/user/flink/bin/flink run -Dstate.backend.type=org.apache.flink.runtime.state.hashmap.HashMapStateBackendFactory /home/user/projects/forL0-state-backend/benchmark/wordcount/target/wordcount-benchmark-1.0-SNAPSHOT.jar --numKeys 8000000 --numRecords 2000000000 --arrivalRate 0 --skewFactor 0.8 --parallelism 8 --checkpointInterval 0 --backend hashmap

=== Stateful WordCount Benchmark (StateBackend Focused) ===
numKeys: 8000000
numRecords: 2000000000
skewFactor: 0.8
arrivalRate: unlimited
parallelism: 8
checkpointing: disabled
============================================================
Job has been submitted with JobID c71ce7d58317cb354f78e862e0c31d40
Program execution finished
Job with JobID c71ce7d58317cb354f78e862e0c31d40 has finished.
Job Runtime: 192968 ms



==================================================================
  cell: num_keys=8,000,000  skew_factor=0.8  backend=forl0
==================================================================

=== Running WordCount Benchmark (forl0 backend) ===

Flink cluster: http://localhost:8081
Command: /home/user/flink/bin/flink run -Dstate.backend.type=org.apache.flink.state.forl0.ForL0StateBackendFactory /home/user/projects/forL0-state-backend/benchmark/wordcount/target/wordcount-benchmark-1.0-SNAPSHOT.jar --numKeys 8000000 --numRecords 2000000000 --arrivalRate 0 --skewFactor 0.8 --parallelism 8 --checkpointInterval 0 --backend forl0

=== Stateful WordCount Benchmark (StateBackend Focused) ===
numKeys: 8000000
numRecords: 2000000000
skewFactor: 0.8
arrivalRate: unlimited
parallelism: 8
checkpointing: disabled
============================================================
Job has been submitted with JobID 092ed41b9f4432286c03e209eae8bd51
Program execution finished
Job with JobID 092ed41b9f4432286c03e209eae8bd51 has finished.
Job Runtime: 169617 ms



Results saved to /home/user/projects/forL0-state-backend/benchmark/results/raw/wordcount_grid_sweep_20260423_021036.json
  Cooldown 10s ...

[30/36] running cell num_keys=8000000, skew=1.0

==================================================================
  cell: num_keys=8,000,000  skew_factor=1.0  backend=hashmap
==================================================================

=== Running WordCount Benchmark (hashmap backend) ===

Flink cluster: http://localhost:8081
Command: /home/user/flink/bin/flink run -Dstate.backend.type=org.apache.flink.runtime.state.hashmap.HashMapStateBackendFactory /home/user/projects/forL0-state-backend/benchmark/wordcount/target/wordcount-benchmark-1.0-SNAPSHOT.jar --numKeys 8000000 --numRecords 2000000000 --arrivalRate 0 --skewFactor 1.0 --parallelism 8 --checkpointInterval 0 --backend hashmap

=== Stateful WordCount Benchmark (StateBackend Focused) ===
numKeys: 8000000
numRecords: 2000000000
skewFactor: 1.0
arrivalRate: unlimited
parallelism: 8
checkpointing: disabled
============================================================
Job has been submitted with JobID 411a961e4c700a7e9953b243bf64600f
Program execution finished
Job with JobID 411a961e4c700a7e9953b243bf64600f has finished.
Job Runtime: 179185 ms



==================================================================
  cell: num_keys=8,000,000  skew_factor=1.0  backend=forl0
==================================================================

=== Running WordCount Benchmark (forl0 backend) ===

Flink cluster: http://localhost:8081
Command: /home/user/flink/bin/flink run -Dstate.backend.type=org.apache.flink.state.forl0.ForL0StateBackendFactory /home/user/projects/forL0-state-backend/benchmark/wordcount/target/wordcount-benchmark-1.0-SNAPSHOT.jar --numKeys 8000000 --numRecords 2000000000 --arrivalRate 0 --skewFactor 1.0 --parallelism 8 --checkpointInterval 0 --backend forl0

=== Stateful WordCount Benchmark (StateBackend Focused) ===
numKeys: 8000000
numRecords: 2000000000
skewFactor: 1.0
arrivalRate: unlimited
parallelism: 8
checkpointing: disabled
============================================================
Job has been submitted with JobID eca84adce3b95b90273f8fa742e8c166
Program execution finished
Job with JobID eca84adce3b95b90273f8fa742e8c166 has finished.
Job Runtime: 133083 ms



Results saved to /home/user/projects/forL0-state-backend/benchmark/results/raw/wordcount_grid_sweep_20260423_021604.json
  Cooldown 10s ...

[31/36] running cell num_keys=10000000, skew=0.0

==================================================================
  cell: num_keys=10,000,000  skew_factor=0.0  backend=hashmap
==================================================================

=== Running WordCount Benchmark (hashmap backend) ===

Flink cluster: http://localhost:8081
Command: /home/user/flink/bin/flink run -Dstate.backend.type=org.apache.flink.runtime.state.hashmap.HashMapStateBackendFactory /home/user/projects/forL0-state-backend/benchmark/wordcount/target/wordcount-benchmark-1.0-SNAPSHOT.jar --numKeys 10000000 --numRecords 2000000000 --arrivalRate 0 --skewFactor 0.0 --parallelism 8 --checkpointInterval 0 --backend hashmap

=== Stateful WordCount Benchmark (StateBackend Focused) ===
numKeys: 10000000
numRecords: 2000000000
skewFactor: 0.0
arrivalRate: unlimited
parallelism: 8
checkpointing: disabled
============================================================
Job has been submitted with JobID 1d4cbc9181be3ef8e72da38a3f3d58b3
Program execution finished
Job with JobID 1d4cbc9181be3ef8e72da38a3f3d58b3 has finished.
Job Runtime: 172891 ms



==================================================================
  cell: num_keys=10,000,000  skew_factor=0.0  backend=forl0
==================================================================

=== Running WordCount Benchmark (forl0 backend) ===

Flink cluster: http://localhost:8081
Command: /home/user/flink/bin/flink run -Dstate.backend.type=org.apache.flink.state.forl0.ForL0StateBackendFactory /home/user/projects/forL0-state-backend/benchmark/wordcount/target/wordcount-benchmark-1.0-SNAPSHOT.jar --numKeys 10000000 --numRecords 2000000000 --arrivalRate 0 --skewFactor 0.0 --parallelism 8 --checkpointInterval 0 --backend forl0

=== Stateful WordCount Benchmark (StateBackend Focused) ===
numKeys: 10000000
numRecords: 2000000000
skewFactor: 0.0
arrivalRate: unlimited
parallelism: 8
checkpointing: disabled
============================================================
Job has been submitted with JobID c58834144b83d28a385157db30891fd2
Program execution finished
Job with JobID c58834144b83d28a385157db30891fd2 has finished.
Job Runtime: 135304 ms



Results saved to /home/user/projects/forL0-state-backend/benchmark/results/raw/wordcount_grid_sweep_20260423_022129.json
  Cooldown 10s ...

[32/36] running cell num_keys=10000000, skew=0.2

==================================================================
  cell: num_keys=10,000,000  skew_factor=0.2  backend=hashmap
==================================================================

=== Running WordCount Benchmark (hashmap backend) ===

Flink cluster: http://localhost:8081
Command: /home/user/flink/bin/flink run -Dstate.backend.type=org.apache.flink.runtime.state.hashmap.HashMapStateBackendFactory /home/user/projects/forL0-state-backend/benchmark/wordcount/target/wordcount-benchmark-1.0-SNAPSHOT.jar --numKeys 10000000 --numRecords 2000000000 --arrivalRate 0 --skewFactor 0.2 --parallelism 8 --checkpointInterval 0 --backend hashmap

=== Stateful WordCount Benchmark (StateBackend Focused) ===
numKeys: 10000000
numRecords: 2000000000
skewFactor: 0.2
arrivalRate: unlimited
parallelism: 8
checkpointing: disabled
============================================================
Job has been submitted with JobID 13ad33e346eb181a3c423e0b9c8fe07d
Program execution finished
Job with JobID 13ad33e346eb181a3c423e0b9c8fe07d has finished.
Job Runtime: 201349 ms



==================================================================
  cell: num_keys=10,000,000  skew_factor=0.2  backend=forl0
==================================================================

=== Running WordCount Benchmark (forl0 backend) ===

Flink cluster: http://localhost:8081
Command: /home/user/flink/bin/flink run -Dstate.backend.type=org.apache.flink.state.forl0.ForL0StateBackendFactory /home/user/projects/forL0-state-backend/benchmark/wordcount/target/wordcount-benchmark-1.0-SNAPSHOT.jar --numKeys 10000000 --numRecords 2000000000 --arrivalRate 0 --skewFactor 0.2 --parallelism 8 --checkpointInterval 0 --backend forl0

=== Stateful WordCount Benchmark (StateBackend Focused) ===
numKeys: 10000000
numRecords: 2000000000
skewFactor: 0.2
arrivalRate: unlimited
parallelism: 8
checkpointing: disabled
============================================================
Job has been submitted with JobID a3264dd6029ed884108bbf8eef6f2ca9
Program execution finished
Job with JobID a3264dd6029ed884108bbf8eef6f2ca9 has finished.
Job Runtime: 160305 ms



Results saved to /home/user/projects/forL0-state-backend/benchmark/results/raw/wordcount_grid_sweep_20260423_022750.json
  Cooldown 10s ...

[33/36] running cell num_keys=10000000, skew=0.4

==================================================================
  cell: num_keys=10,000,000  skew_factor=0.4  backend=hashmap
==================================================================

=== Running WordCount Benchmark (hashmap backend) ===

Flink cluster: http://localhost:8081
Command: /home/user/flink/bin/flink run -Dstate.backend.type=org.apache.flink.runtime.state.hashmap.HashMapStateBackendFactory /home/user/projects/forL0-state-backend/benchmark/wordcount/target/wordcount-benchmark-1.0-SNAPSHOT.jar --numKeys 10000000 --numRecords 2000000000 --arrivalRate 0 --skewFactor 0.4 --parallelism 8 --checkpointInterval 0 --backend hashmap

=== Stateful WordCount Benchmark (StateBackend Focused) ===
numKeys: 10000000
numRecords: 2000000000
skewFactor: 0.4
arrivalRate: unlimited
parallelism: 8
checkpointing: disabled
============================================================
Job has been submitted with JobID da5c68e0e25db0af58fd17cd80d6c845
Program execution finished
Job with JobID da5c68e0e25db0af58fd17cd80d6c845 has finished.
Job Runtime: 210583 ms



==================================================================
  cell: num_keys=10,000,000  skew_factor=0.4  backend=forl0
==================================================================

=== Running WordCount Benchmark (forl0 backend) ===

Flink cluster: http://localhost:8081
Command: /home/user/flink/bin/flink run -Dstate.backend.type=org.apache.flink.state.forl0.ForL0StateBackendFactory /home/user/projects/forL0-state-backend/benchmark/wordcount/target/wordcount-benchmark-1.0-SNAPSHOT.jar --numKeys 10000000 --numRecords 2000000000 --arrivalRate 0 --skewFactor 0.4 --parallelism 8 --checkpointInterval 0 --backend forl0

=== Stateful WordCount Benchmark (StateBackend Focused) ===
numKeys: 10000000
numRecords: 2000000000
skewFactor: 0.4
arrivalRate: unlimited
parallelism: 8
checkpointing: disabled
============================================================
Job has been submitted with JobID 8a1376d2f48a49838d4ba92102d27da8
Program execution finished
Job with JobID 8a1376d2f48a49838d4ba92102d27da8 has finished.
Job Runtime: 164816 ms



Results saved to /home/user/projects/forL0-state-backend/benchmark/results/raw/wordcount_grid_sweep_20260423_023421.json
  Cooldown 10s ...

[34/36] running cell num_keys=10000000, skew=0.6

==================================================================
  cell: num_keys=10,000,000  skew_factor=0.6  backend=hashmap
==================================================================

=== Running WordCount Benchmark (hashmap backend) ===

Flink cluster: http://localhost:8081
Command: /home/user/flink/bin/flink run -Dstate.backend.type=org.apache.flink.runtime.state.hashmap.HashMapStateBackendFactory /home/user/projects/forL0-state-backend/benchmark/wordcount/target/wordcount-benchmark-1.0-SNAPSHOT.jar --numKeys 10000000 --numRecords 2000000000 --arrivalRate 0 --skewFactor 0.6 --parallelism 8 --checkpointInterval 0 --backend hashmap

=== Stateful WordCount Benchmark (StateBackend Focused) ===
numKeys: 10000000
numRecords: 2000000000
skewFactor: 0.6
arrivalRate: unlimited
parallelism: 8
checkpointing: disabled
============================================================
Job has been submitted with JobID a156a9fa384ebe3a564c3e96362fb009
Program execution finished
Job with JobID a156a9fa384ebe3a564c3e96362fb009 has finished.
Job Runtime: 199206 ms



==================================================================
  cell: num_keys=10,000,000  skew_factor=0.6  backend=forl0
==================================================================

=== Running WordCount Benchmark (forl0 backend) ===

Flink cluster: http://localhost:8081
Command: /home/user/flink/bin/flink run -Dstate.backend.type=org.apache.flink.state.forl0.ForL0StateBackendFactory /home/user/projects/forL0-state-backend/benchmark/wordcount/target/wordcount-benchmark-1.0-SNAPSHOT.jar --numKeys 10000000 --numRecords 2000000000 --arrivalRate 0 --skewFactor 0.6 --parallelism 8 --checkpointInterval 0 --backend forl0

=== Stateful WordCount Benchmark (StateBackend Focused) ===
numKeys: 10000000
numRecords: 2000000000
skewFactor: 0.6
arrivalRate: unlimited
parallelism: 8
checkpointing: disabled
============================================================
Job has been submitted with JobID 41fd1a3f5ce77fdef032255ce90edba2
Program execution finished
Job with JobID 41fd1a3f5ce77fdef032255ce90edba2 has finished.
Job Runtime: 157389 ms



Results saved to /home/user/projects/forL0-state-backend/benchmark/results/raw/wordcount_grid_sweep_20260423_024035.json
  Cooldown 10s ...

[35/36] running cell num_keys=10000000, skew=0.8

==================================================================
  cell: num_keys=10,000,000  skew_factor=0.8  backend=hashmap
==================================================================

=== Running WordCount Benchmark (hashmap backend) ===

Flink cluster: http://localhost:8081
Command: /home/user/flink/bin/flink run -Dstate.backend.type=org.apache.flink.runtime.state.hashmap.HashMapStateBackendFactory /home/user/projects/forL0-state-backend/benchmark/wordcount/target/wordcount-benchmark-1.0-SNAPSHOT.jar --numKeys 10000000 --numRecords 2000000000 --arrivalRate 0 --skewFactor 0.8 --parallelism 8 --checkpointInterval 0 --backend hashmap

=== Stateful WordCount Benchmark (StateBackend Focused) ===
numKeys: 10000000
numRecords: 2000000000
skewFactor: 0.8
arrivalRate: unlimited
parallelism: 8
checkpointing: disabled
============================================================
Job has been submitted with JobID b491b7768c4ab8822b0f9fe6b2a72b23
Program execution finished
Job with JobID b491b7768c4ab8822b0f9fe6b2a72b23 has finished.
Job Runtime: 205691 ms



==================================================================
  cell: num_keys=10,000,000  skew_factor=0.8  backend=forl0
==================================================================

=== Running WordCount Benchmark (forl0 backend) ===

Flink cluster: http://localhost:8081
Command: /home/user/flink/bin/flink run -Dstate.backend.type=org.apache.flink.state.forl0.ForL0StateBackendFactory /home/user/projects/forL0-state-backend/benchmark/wordcount/target/wordcount-benchmark-1.0-SNAPSHOT.jar --numKeys 10000000 --numRecords 2000000000 --arrivalRate 0 --skewFactor 0.8 --parallelism 8 --checkpointInterval 0 --backend forl0

=== Stateful WordCount Benchmark (StateBackend Focused) ===
numKeys: 10000000
numRecords: 2000000000
skewFactor: 0.8
arrivalRate: unlimited
parallelism: 8
checkpointing: disabled
============================================================
Job has been submitted with JobID 7541bc1865a70b32413e4cdf15790ea3
Program execution finished
Job with JobID 7541bc1865a70b32413e4cdf15790ea3 has finished.
Job Runtime: 158300 ms



Results saved to /home/user/projects/forL0-state-backend/benchmark/results/raw/wordcount_grid_sweep_20260423_024657.json
  Cooldown 10s ...

[36/36] running cell num_keys=10000000, skew=1.0

==================================================================
  cell: num_keys=10,000,000  skew_factor=1.0  backend=hashmap
==================================================================

=== Running WordCount Benchmark (hashmap backend) ===

Flink cluster: http://localhost:8081
Command: /home/user/flink/bin/flink run -Dstate.backend.type=org.apache.flink.runtime.state.hashmap.HashMapStateBackendFactory /home/user/projects/forL0-state-backend/benchmark/wordcount/target/wordcount-benchmark-1.0-SNAPSHOT.jar --numKeys 10000000 --numRecords 2000000000 --arrivalRate 0 --skewFactor 1.0 --parallelism 8 --checkpointInterval 0 --backend hashmap

=== Stateful WordCount Benchmark (StateBackend Focused) ===
numKeys: 10000000
numRecords: 2000000000
skewFactor: 1.0
arrivalRate: unlimited
parallelism: 8
checkpointing: disabled
============================================================
Job has been submitted with JobID a59217a9cef8712380b934a7262f0d6c
Program execution finished
Job with JobID a59217a9cef8712380b934a7262f0d6c has finished.
Job Runtime: 158532 ms



==================================================================
  cell: num_keys=10,000,000  skew_factor=1.0  backend=forl0
==================================================================

=== Running WordCount Benchmark (forl0 backend) ===

Flink cluster: http://localhost:8081
Command: /home/user/flink/bin/flink run -Dstate.backend.type=org.apache.flink.state.forl0.ForL0StateBackendFactory /home/user/projects/forL0-state-backend/benchmark/wordcount/target/wordcount-benchmark-1.0-SNAPSHOT.jar --numKeys 10000000 --numRecords 2000000000 --arrivalRate 0 --skewFactor 1.0 --parallelism 8 --checkpointInterval 0 --backend forl0

=== Stateful WordCount Benchmark (StateBackend Focused) ===
numKeys: 10000000
numRecords: 2000000000
skewFactor: 1.0
arrivalRate: unlimited
parallelism: 8
checkpointing: disabled
============================================================
Job has been submitted with JobID 4c5bd7c9c4efe44cf840c0aa5cab0e76
Program execution finished
Job with JobID 4c5bd7c9c4efe44cf840c0aa5cab0e76 has finished.
Job Runtime: 134633 ms



Results saved to /home/user/projects/forL0-state-backend/benchmark/results/raw/wordcount_grid_sweep_20260423_025206.json

Results saved to /home/user/projects/forL0-state-backend/benchmark/results/raw/wordcount_grid_sweep_20260423_025206_final.json

==============================================================================
  WordCount Grid Sweep — Summary
==============================================================================
    num_keys    skew    hashmap (M/s/core)      forl0 (M/s/core)    speedup
  -------------------------------------------------------------------------
   1,000,000    0.00                 1.644                 2.183      1.328
   1,000,000    0.20                 1.375                 1.833      1.333
   1,000,000    0.40                 1.348                 1.834      1.360
   1,000,000    0.60                 1.399                 1.817      1.299
   1,000,000    0.80                 1.391                 1.828      1.314
   1,000,000    1.00                 1.780                 1.934      1.086
   2,000,000    0.00                 1.518                 2.146      1.414
   2,000,000    0.20                 1.258                 1.700      1.351
   2,000,000    0.40                 1.296                 1.629      1.258
   2,000,000    0.60                 1.267                 1.635      1.290
   2,000,000    0.80                 1.385                 1.736      1.253
   2,000,000    1.00                 1.717                 1.759      1.024
   4,000,000    0.00                 1.477                 2.005      1.358
   4,000,000    0.20                 1.226                 1.630      1.330
   4,000,000    0.40                 1.207                 1.607      1.332
   4,000,000    0.60                 1.227                 1.604      1.307
   4,000,000    0.80                 1.352                 1.686      1.247
   4,000,000    1.00                 1.699                 1.963      1.155
   6,000,000    0.00                 1.423                 1.820      1.280
   6,000,000    0.20                 1.211                 1.574      1.300
   6,000,000    0.40                 1.242                 1.566      1.261
   6,000,000    0.60                 1.239                 1.582      1.277
   6,000,000    0.80                 1.320                 1.662      1.260
   6,000,000    1.00                 1.605                 1.824      1.137
   8,000,000    0.00                 1.437                 1.857      1.292
   8,000,000    0.20                 1.204                 1.547      1.285
   8,000,000    0.40                 1.174                 1.570      1.338
   8,000,000    0.60                 1.208                 1.469      1.217
   8,000,000    0.80                 1.296                 1.474      1.138
   8,000,000    1.00                 1.395                 1.879      1.346
  10,000,000    0.00                 1.446                 1.848      1.278
  10,000,000    0.20                 1.242                 1.560      1.256
  10,000,000    0.40                 1.187                 1.517      1.278
  10,000,000    0.60                 1.255                 1.588      1.266
  10,000,000    0.80                 1.215                 1.579      1.299
  10,000,000    1.00                 1.577                 1.857      1.178

  Best for ForL0: num_keys=2,000,000, skew=0.0, speedup=1.414x

Figure saved: /home/user/projects/forL0-state-backend/benchmark/results/figures/wordcount_grid_hashmap.pdf
Figure saved: /home/user/projects/forL0-state-backend/benchmark/results/figures/wordcount_grid_hashmap.png
Figure saved: /home/user/projects/forL0-state-backend/benchmark/results/figures/wordcount_grid_forl0.pdf
Figure saved: /home/user/projects/forL0-state-backend/benchmark/results/figures/wordcount_grid_forl0.png
Figure saved: /home/user/projects/forL0-state-backend/benchmark/results/figures/wordcount_grid_speedup.pdf
Figure saved: /home/user/projects/forL0-state-backend/benchmark/results/figures/wordcount_grid_speedup.png
Done.
