=== flink-taskmanager-1 ===
=== flink-taskmanager-2 ===
[ForL0-HotCache] engine_start active=1 key_groups=96:128 requested_bytes=33554432 actual_bytes=33554304 total_sets=174762 strict=1
[ForL0-HotCache] engine_start active=1 key_groups=64:96 requested_bytes=33554432 actual_bytes=33554304 total_sets=174762 strict=1
Caused by: org.apache.flink.util.FlinkException: Could not restore keyed state backend for StreamingJoinOperator_5b0effecc9e61c6191e00c003faab665_(1/4) from any of the 1 provided restore options.
Caused by: java.lang.RuntimeException: strict L0 allocation failed: l0_mem_alloc probe failed
Caused by: org.apache.flink.util.FlinkException: Could not restore keyed state backend for StreamingJoinOperator_5b0effecc9e61c6191e00c003faab665_(2/4) from any of the 1 provided restore options.
Caused by: java.lang.RuntimeException: strict L0 allocation failed: l0_mem_alloc probe failed
[ForL0-HotCache] engine_summary requested_bytes=33554432 actual_bytes=33554304 used_bytes=0 total_sets=174762 free_sets=174762 caches=0 lookups=0 hits=0 invalidations=0 writes=0 bypass_events=0
[ForL0-Memory] engine_summary used_bytes=0 peak_bytes=528482816 max_bytes=536870912
[ForL0-HotCache] engine_summary requested_bytes=33554432 actual_bytes=33554304 used_bytes=0 total_sets=174762 free_sets=174762 caches=0 lookups=0 hits=0 invalidations=0 writes=0 bypass_events=0
[ForL0-Memory] engine_summary used_bytes=0 peak_bytes=528482816 max_bytes=536870912
Caused by: java.lang.RuntimeException: std::bad_alloc
Caused by: java.lang.RuntimeException: std::bad_alloc
[ForL0-HotCache] engine_start active=1 key_groups=0:32 requested_bytes=33554432 actual_bytes=33554304 total_sets=174762 strict=1
[ForL0-HotCache] engine_start active=1 key_groups=64:96 requested_bytes=33554432 actual_bytes=33554304 total_sets=174762 strict=1
[ForL0-HotCache] engine_start active=1 key_groups=32:64 requested_bytes=33554432 actual_bytes=33554304 total_sets=174762 strict=1
[ForL0-HotCache] engine_start active=1 key_groups=96:128 requested_bytes=33554432 actual_bytes=33554304 total_sets=174762 strict=1
[ForL0-HotCache] engine_summary requested_bytes=33554432 actual_bytes=33554304 used_bytes=0 total_sets=174762 free_sets=174762 caches=0 lookups=0 hits=0 invalidations=0 writes=0 bypass_events=0
[ForL0-Memory] engine_summary used_bytes=0 peak_bytes=528482816 max_bytes=536870912
[ForL0-HotCache] engine_summary requested_bytes=33554432 actual_bytes=33554304 used_bytes=0 total_sets=174762 free_sets=174762 caches=0 lookups=0 hits=0 invalidations=0 writes=0 bypass_events=0
[ForL0-Memory] engine_summary used_bytes=0 peak_bytes=528482816 max_bytes=536870912
[ForL0-HotCache] engine_summary requested_bytes=33554432 actual_bytes=33554304 used_bytes=0 total_sets=174762 free_sets=174762 caches=0 lookups=0 hits=0 invalidations=0 writes=0 bypass_events=0
[ForL0-Memory] engine_summary used_bytes=0 peak_bytes=528482816 max_bytes=536870912
Caused by: java.lang.RuntimeException: std::bad_alloc
[ForL0-HotCache] engine_summary requested_bytes=33554432 actual_bytes=33554304 used_bytes=0 total_sets=174762 free_sets=174762 caches=0 lookups=0 hits=0 invalidations=0 writes=0 bypass_events=0
[ForL0-Memory] engine_summary used_bytes=0 peak_bytes=528482816 max_bytes=536870912
Caused by: java.lang.RuntimeException: std::bad_alloc
Caused by: java.lang.RuntimeException: std::bad_alloc
Caused by: java.lang.RuntimeException: std::bad_alloc
