=== flink-taskmanager-1 ===
[ForL0-HotCache] engine_start active=1 key_groups=0:32 requested_bytes=16777216 actual_bytes=16777152 total_sets=87381 strict=1
[ForL0-HotCache] engine_start active=1 key_groups=96:128 requested_bytes=16777216 actual_bytes=16777152 total_sets=87381 strict=1
[ForL0-HotCache] engine_start active=1 key_groups=64:96 requested_bytes=16777216 actual_bytes=16777152 total_sets=87381 strict=1
[ForL0-HotCache] engine_start active=1 key_groups=32:64 requested_bytes=16777216 actual_bytes=16777152 total_sets=87381 strict=1
[ForL0-HotCache] engine_start active=1 key_groups=64:96 requested_bytes=16777216 actual_bytes=16777152 total_sets=87381 strict=1
Caused by: org.apache.flink.util.FlinkException: Could not restore keyed state backend for StreamingJoinOperator_29c6de9b0f6c5486908e9bb66a93ee45_(1/4) from any of the 1 provided restore options.
Caused by: java.lang.RuntimeException: strict L0 allocation failed: l0_mem_alloc probe failed
Caused by: org.apache.flink.util.FlinkException: Could not restore keyed state backend for StreamingJoinOperator_29c6de9b0f6c5486908e9bb66a93ee45_(2/4) from any of the 1 provided restore options.
Caused by: java.lang.RuntimeException: strict L0 allocation failed: l0_mem_alloc probe failed
Caused by: org.apache.flink.util.FlinkException: Could not restore keyed state backend for StreamingJoinOperator_29c6de9b0f6c5486908e9bb66a93ee45_(4/4) from any of the 1 provided restore options.
Caused by: java.lang.RuntimeException: strict L0 allocation failed: l0_mem_alloc probe failed
[ForL0-HotCache] engine_summary requested_bytes=16777216 actual_bytes=16777152 used_bytes=0 total_sets=87381 free_sets=87381 caches=0 lookups=0 hits=0 invalidations=0 writes=0 bypass_events=0
[ForL0-Memory] engine_summary used_bytes=8520704 peak_bytes=8520704 max_bytes=536870912
[ForL0-HotCache] engine_summary requested_bytes=16777216 actual_bytes=16777152 used_bytes=0 total_sets=87381 free_sets=87381 caches=0 lookups=0 hits=0 invalidations=0 writes=0 bypass_events=0
[ForL0-Memory] engine_summary used_bytes=2687488 peak_bytes=2687488 max_bytes=536870912
[ForL0-HotCache] engine_summary requested_bytes=16777216 actual_bytes=16777152 used_bytes=0 total_sets=87381 free_sets=87381 caches=0 lookups=0 hits=0 invalidations=0 writes=0 bypass_events=0
[ForL0-Memory] engine_summary used_bytes=2687488 peak_bytes=2687488 max_bytes=536870912
[ForL0-HotCache] engine_summary requested_bytes=16777216 actual_bytes=16777152 used_bytes=0 total_sets=87381 free_sets=87381 caches=0 lookups=0 hits=0 invalidations=0 writes=0 bypass_events=0
[ForL0-Memory] engine_summary used_bytes=2687488 peak_bytes=2687488 max_bytes=536870912
[ForL0-HotCache] engine_summary requested_bytes=16777216 actual_bytes=16777152 used_bytes=0 total_sets=87381 free_sets=87381 caches=0 lookups=0 hits=0 invalidations=0 writes=0 bypass_events=0
[ForL0-Memory] engine_summary used_bytes=2687488 peak_bytes=2687488 max_bytes=536870912
[ForL0-HotCache] engine_start active=1 key_groups=64:96 requested_bytes=16777216 actual_bytes=16777152 total_sets=87381 strict=1
[ForL0-HotCache] engine_start active=1 key_groups=0:32 requested_bytes=16777216 actual_bytes=16777152 total_sets=87381 strict=1
[ForL0-HotCache] engine_start active=1 key_groups=32:64 requested_bytes=16777216 actual_bytes=16777152 total_sets=87381 strict=1
Caused by: org.apache.flink.util.FlinkException: Could not restore keyed state backend for KeyedProcessOperator_987497bfc681cca54be4ca4b6cce3386_(4/4) from any of the 1 provided restore options.
Caused by: java.lang.RuntimeException: strict L0 allocation failed: l0_mem_alloc probe failed
[ForL0-HotCache] engine_start active=1 key_groups=32:64 requested_bytes=16777216 actual_bytes=16777152 total_sets=87381 strict=1
[ForL0-HotCache] engine_start active=1 key_groups=64:96 requested_bytes=16777216 actual_bytes=16777152 total_sets=87381 strict=1
Caused by: org.apache.flink.util.FlinkException: Could not restore keyed state backend for StreamingJoinOperator_29c6de9b0f6c5486908e9bb66a93ee45_(4/4) from any of the 1 provided restore options.
Caused by: java.lang.RuntimeException: strict L0 allocation failed: l0_mem_alloc probe failed
Caused by: org.apache.flink.util.FlinkException: Could not restore keyed state backend for StreamingJoinOperator_29c6de9b0f6c5486908e9bb66a93ee45_(1/4) from any of the 1 provided restore options.
Caused by: java.lang.RuntimeException: strict L0 allocation failed: l0_mem_alloc probe failed
[ForL0-HotCache] engine_summary requested_bytes=16777216 actual_bytes=16777152 used_bytes=0 total_sets=87381 free_sets=87381 caches=0 lookups=0 hits=0 invalidations=0 writes=0 bypass_events=0
[ForL0-Memory] engine_summary used_bytes=2687488 peak_bytes=2687488 max_bytes=536870912
[ForL0-HotCache] engine_summary requested_bytes=16777216 actual_bytes=16777152 used_bytes=0 total_sets=87381 free_sets=87381 caches=0 lookups=0 hits=0 invalidations=0 writes=0 bypass_events=0
[ForL0-Memory] engine_summary used_bytes=2687488 peak_bytes=2687488 max_bytes=536870912
[ForL0-HotCache] engine_summary requested_bytes=16777216 actual_bytes=16777152 used_bytes=0 total_sets=87381 free_sets=87381 caches=0 lookups=0 hits=0 invalidations=0 writes=0 bypass_events=0
[ForL0-Memory] engine_summary used_bytes=2687488 peak_bytes=2687488 max_bytes=536870912
[ForL0-HotCache] engine_summary requested_bytes=16777216 actual_bytes=16777152 used_bytes=0 total_sets=87381 free_sets=87381 caches=0 lookups=0 hits=0 invalidations=0 writes=0 bypass_events=0
[ForL0-Memory] engine_summary used_bytes=8520704 peak_bytes=8520704 max_bytes=536870912
[ForL0-HotCache] engine_summary requested_bytes=16777216 actual_bytes=16777152 used_bytes=0 total_sets=87381 free_sets=87381 caches=0 lookups=0 hits=0 invalidations=0 writes=0 bypass_events=0
[ForL0-Memory] engine_summary used_bytes=8520704 peak_bytes=8520704 max_bytes=536870912
=== flink-taskmanager-2 ===
