=== flink-taskmanager-1 ===
=== flink-taskmanager-2 ===
[ForL0-HotCache] engine_start active=1 key_groups=0:32 requested_bytes=67108864 actual_bytes=67108800 total_sets=349525 strict=1
[ForL0-HotCache] engine_start active=1 key_groups=96:128 requested_bytes=67108864 actual_bytes=67108800 total_sets=349525 strict=1
Caused by: org.apache.flink.util.FlinkException: Could not restore keyed state backend for KeyedCoProcessOperator_b27f31f3e3a199a9981d185a455185be_(2/4) from any of the 1 provided restore options.
Caused by: java.lang.RuntimeException: strict L0 allocation failed: l0_mem_alloc probe failed
Caused by: org.apache.flink.util.FlinkException: Could not restore keyed state backend for KeyedCoProcessOperator_b27f31f3e3a199a9981d185a455185be_(3/4) from any of the 1 provided restore options.
Caused by: java.lang.RuntimeException: strict L0 allocation failed: l0_mem_alloc probe failed
[ForL0-HotCache] state_attach name=ScalarLeftCount requested_bytes=1048576 actual_bytes=786432 sets=4096
[ForL0-HotCache] state_attach name=ScalarLeftCount requested_bytes=1048576 actual_bytes=786432 sets=4096
[ForL0-HotCache] state_attach name=ScalarRightCount requested_bytes=1048576 actual_bytes=786432 sets=4096
[ForL0-HotCache] state_attach name=ScalarRightCount requested_bytes=1048576 actual_bytes=786432 sets=4096
[ForL0-HotCache] state_summary name=ScalarLeftCount sets=4096 lookups=415 hits=40 invalidations=0 writes=415 bypass_events=0 bypassed=0
[ForL0-HotCache] state_summary name=ScalarRightCount sets=4096 lookups=830 hits=80 invalidations=0 writes=415 bypass_events=0 bypassed=0
[ForL0-HotCache] engine_summary requested_bytes=67108864 actual_bytes=67108800 used_bytes=1572864 total_sets=349525 free_sets=341333 caches=2 lookups=1245 hits=120 invalidations=0 writes=830 bypass_events=0
[ForL0-Memory] engine_summary used_bytes=42993664 peak_bytes=42993664 max_bytes=1073741824
[ForL0-HotCache] state_summary name=ScalarLeftCount sets=4096 lookups=493 hits=69 invalidations=0 writes=493 bypass_events=0 bypassed=0
[ForL0-HotCache] state_summary name=ScalarRightCount sets=4096 lookups=987 hits=563 invalidations=0 writes=494 bypass_events=0 bypassed=0
[ForL0-HotCache] engine_summary requested_bytes=67108864 actual_bytes=67108800 used_bytes=1572864 total_sets=349525 free_sets=341333 caches=2 lookups=1480 hits=632 invalidations=0 writes=987 bypass_events=0
[ForL0-Memory] engine_summary used_bytes=42993664 peak_bytes=42993664 max_bytes=1073741824
