============================================================
  ForL0 benchmark run context
============================================================
  Repo:        /home/shuhao/forL0-state-backend
  Test:        nexmark
  Backend:     all
  Profile:     disabled
  Offline:     true
  Expect TMs:  2
  Expect slots:8
  GitCommit:   99987dbbada2c6d9446fb486393af35eeb1a7d34
  Date:        2026-07-10 09:55:47 +0800

[2/5] 按要求重启 Flink 集群
=== 停止 BriskState Flink Docker 集群 ===
flink-taskmanager-2
flink-taskmanager-1
flink-jobmanager
flink-net
已停止
=== 启动 BriskState Flink Docker 集群 ===
  FLINK_HOME: /home/shuhao/flink-1.20.3
  NATIVE:     /home/shuhao/flink-1.20.3/native
  CONF:       /home/shuhao/forL0-state-backend/docker/conf
  Docker:     sudo -n docker
  JM memory:  8g
  TM memory:  16g
  libnuma:    /lib/aarch64-linux-gnu/libnuma.so.1 -> /lib/aarch64-linux-gnu/libnuma.so.1

79faaa3ddc5411d67b1a5a87043c2687133a45f95cd1c6eccc9e8a538dd430de
[1/3] 启动 JobManager...
bfc3ad8eb9662ed7ef454b23dd227a93a3e79a59ebb98cbdffed8a8448f53c37
      JobManager IP: 172.18.0.2
[2/3] 启动 TaskManager-1...
ac0cb7625a9988d89d4c39338d5669774df02b9164359d86b2a96c3dfe119493
[3/3] 启动 TaskManager-2...
dba0e74226b4fea017acffa44614e51906e3ee6367dd0054ce62e3c7134daffc

等待 JobManager 就绪...
....
=== 集群启动成功! ===
  Web UI: http://localhost:8081
  TaskManagers: 2
  Slots:        8

  查看 TaskManager 日志: /home/shuhao/forL0-state-backend/docker/docker_run.sh logs tm1
  提交作业:     /home/shuhao/flink-1.20.3/bin/flink run -m localhost:8081 -c <MainClass> <jar>
      ✓ Flink 集群健康:
TASKMANAGERS=2
SLOTS_TOTAL=8
SLOTS_AVAILABLE=8
JOBS_RUNNING=0
TM 172.18.0.4:43187-f1aee7 slots=4 free=4 heartbeatMs=0
TM 172.18.0.3:37157-df9ed1 slots=4 free=4 heartbeatMs=0
[3/5] 复用已有 benchmark Python 虚拟环境
