============================================================
  ForL0 benchmark run context
============================================================
  Repo:        /home/shuhao/forL0-state-backend
  Test:        nexmark
  Backend:     forl0
  Profile:     disabled
  Offline:     true
  Expect TMs:  2
  Expect slots:8
  GitCommit:   99987dbbada2c6d9446fb486393af35eeb1a7d34
  Date:        2026-07-10 10:01:31 +0800

[2/5] 按要求重启 Flink 集群
=== 停止 BriskState Flink Docker 集群 ===
flink-taskmanager-2
flink-taskmanager-1
flink-jobmanager
flink-net
已停止
=== 启动 BriskState Flink Docker 集群 ===
  FLINK_HOME: /home/shuhao/flink-1.20.3
  NATIVE:     /home/shuhao/flink-1.20.3/native
  CONF:       /home/shuhao/forL0-state-backend/docker/conf
  Docker:     sudo -n docker
  JM memory:  8g
  TM memory:  16g
  libnuma:    /lib/aarch64-linux-gnu/libnuma.so.1 -> /lib/aarch64-linux-gnu/libnuma.so.1

a48cb8ab97d6f4b58e379c03ec946a23c711eb661247ff22a65575c176506dc8
[1/3] 启动 JobManager...
ebb79581b2465e5a9b11e4bc9bdfcc9b18838314c2414e8d07c8ea49e90cdc8f
      JobManager IP: 172.18.0.2
[2/3] 启动 TaskManager-1...
6e2c2dc1e6b0514ea3f91f9d08afa605d2529fb25513f7e8c2e151fab35e3075
[3/3] 启动 TaskManager-2...
eebca05cd29582cc12935ff64b5528c97c0c9e86979d06b4e57f35ef691c7e18

等待 JobManager 就绪...
....
=== 集群启动成功! ===
  Web UI: http://localhost:8081
  TaskManagers: 2
  Slots:        8

  查看 TaskManager 日志: /home/shuhao/forL0-state-backend/docker/docker_run.sh logs tm1
  提交作业:     /home/shuhao/flink-1.20.3/bin/flink run -m localhost:8081 -c <MainClass> <jar>
      ✓ Flink 集群健康:
TASKMANAGERS=2
SLOTS_TOTAL=8
SLOTS_AVAILABLE=8
JOBS_RUNNING=0
TM 172.18.0.3:32951-67868f slots=4 free=4 heartbeatMs=0
TM 172.18.0.4:39383-67837d slots=4 free=4 heartbeatMs=0
[3/5] 复用已有 benchmark Python 虚拟环境
      ✓ benchmark Python 依赖已满足
[4/5] 开始运行 benchmark/scripts/run_benchmark.py
Command: /home/shuhao/forL0-state-backend/.venv-benchmark/bin/python /home/shuhao/forL0-state-backend/benchmark/scripts/run_benchmark.py --test nexmark --backend forl0 --scenario forl0_tps_probe --query q19
[NexMark] Scenario: forl0_tps_probe — Non-contract probe: per-query NexMark steady-state TPS mode with sink throughput
============================================================
ForL0 StateBackend Benchmark
============================================================
Test: nexmark
Backends: forl0
NexMark Queries: q19
NexMark Scenario: forl0_tps_probe
============================================================

============================================================
Running NexMark Benchmark
============================================================

============================================================
Nexmark DataStream Benchmark
============================================================
Queries: ['q19']
Backends: ['forl0']
Repeat per query: 1
Min successful samples: 1
Mode: benchmark
============================================================


============================================================
Backend: forl0
============================================================

=== Running Nexmark Q19 (forl0 backend) ===
Events: 0, TPS: 1000000
Proportions: Person(1):Auction(1):Bid(98)
Command: java -Dlog.file=/home/shuhao/forL0-state-backend/docker/deploy/nexmark-flink/log/nexmark-flink.log -Dlog4j.configuration=file:/tmp/nexmark-conf-htxe90b2/log4j.properties -Dlog4j.configurationFile=file:/tmp/nexmark-conf-htxe90b2/log4j.properties -Dstate.backend.type=org.apache.flink.state.forl0.ForL0StateBackendFactory -cp /home/shuhao/forL0-state-backend/docker/deploy/nexmark-flink/lib/*:/home/shuhao/flink-1.20.3/lib/* com.github.nexmark.flink.Benchmark --location /home/shuhao/forL0-state-backend/docker/deploy/nexmark-flink --queries q19 --category forl0

Benchmark Queries: [q19]
==================================================================
Start to run query q19 with workload [tps=1 M, eventsNum=0, percentage=bid:98,auction:1,person:1,kafkaServers:null]
Monitor metrics after 50 seconds.
Start to monitor metrics for 60 seconds.
Monitor TPS metric: vertex=sink, metric=nexmark_q19[8]__Writer.numRecordsInPerSecond
Current Throughput=870.81 K, Cores=8.59 (2 TMs)
Current Throughput=870.81 K, Cores=8.42 (2 TMs)
Current Throughput=870.81 K, Cores=8.62 (2 TMs)
Current Throughput=1.07 M, Cores=8.23 (2 TMs)
Current Throughput=1.07 M, Cores=8.35 (2 TMs)
Current Throughput=1.15 M, Cores=8.72 (2 TMs)
Current Throughput=1.15 M, Cores=8.66 (2 TMs)
Current Throughput=1.17 M, Cores=8.27 (2 TMs)
Current Throughput=1.17 M, Cores=8.36 (2 TMs)
Current Throughput=1.18 M, Cores=8.06 (2 TMs)
Current Throughput=1.18 M, Cores=7.46 (2 TMs)
Current Throughput=1.18 M, Cores=8.18 (2 TMs)
Summary Average: Throughput=1.08 M, Cores=8.33
Stop job query q19
-------------------------------- Nexmark Results --------------------------------

+------+-----------------+---------+-----------------+
| Query| Throughput (r/s)| Cores   | Throughput/Cores|
+------+-----------------+---------+-----------------+
|q19   |1.08 M           |8.33     |129.35 K         |
|Total |-                |-        |129.35 K         |
+------+-----------------+---------+-----------------+



  Result: 1,080,000.00 events/sec

--- forl0 Summary ---
  q19: 1,080,000 events/sec (129,652/core)

[Nexmark] Results saved to: /home/shuhao/forL0-state-backend/benchmark/results/nexmark_20260710_100146/nexmark_results.json

======================================================================
                    BENCHMARK SUMMARY
======================================================================

## Unit Test Benchmark
--------------------------------------------------

## WordCount Benchmark
--------------------------------------------------

## Client Usecase Benchmark
--------------------------------------------------

## NexMark Benchmark
--------------------------------------------------
Query   Proc(s)       forl0 proc eps     report eps     (/core)
---------------------------------------------------------------
Q19                         1.08 M/s       1.08 M/s  129.65 K/s

======================================================================

Next steps:
  1. Review raw results in: benchmark/results/raw/
  2. Generate report: python scripts/generate_report.py
  3. View report in: benchmark/results/reports/
