[NexMark] Scenario: heap_squeeze_gc_probe — Non-contract: tight-heap NexMark probe that records, rather than rejects, Full GC drag
============================================================
ForL0 StateBackend Benchmark
============================================================
Test: nexmark
Backends: forl0
NexMark Queries: q18,q19,q20
NexMark Scenario: heap_squeeze_gc_probe
============================================================

============================================================
Running NexMark Benchmark
============================================================

============================================================
Nexmark DataStream Benchmark
============================================================
Queries: ['q18', 'q19', 'q20']
Backends: ['forl0']
Repeat per query: 1
Min successful samples: 1
Mode: benchmark
============================================================


============================================================
Backend: forl0
============================================================

=== Running Nexmark Q18 (forl0 backend) ===
Events: 0, TPS: 12000000
Proportions: Person(1):Auction(5):Bid(94)
Hot ratios: bid.auctions=32, bid.bidders=32
Command: java -Dlog.file=/home/shuhao/forL0-state-backend/docker/deploy/nexmark-flink/log/nexmark-flink.log -Dlog4j.configuration=file:/tmp/nexmark-conf-jfulq2wd/log4j.properties -Dlog4j.configurationFile=file:/tmp/nexmark-conf-jfulq2wd/log4j.properties -Dstate.backend.type=org.apache.flink.state.forl0.ForL0StateBackendFactory -Dstate.backend.forl0.initial-table-capacity=4096 -Dstate.backend.forl0.max-table-capacity=131072 -Dstate.backend.forl0.l0-cache.enabled=true -Dstate.backend.forl0.l0-cache.size=384mb -Dstate.backend.forl0.l0-memory.max-size=768mb -Dstate.backend.forl0.main-table.load-factor-threshold=0.8 -cp /home/shuhao/forL0-state-backend/docker/deploy/nexmark-flink/lib/*:/home/shuhao/flink-1.20.3/lib/* com.github.nexmark.flink.Benchmark --location /home/shuhao/forL0-state-backend/docker/deploy/nexmark-flink --queries q18 --category oa

