[NexMark] Scenario: heap_squeeze_gc_probe — Non-contract: tight-heap NexMark probe that records, rather than rejects, Full GC drag
============================================================
ForL0 StateBackend Benchmark
============================================================
Test: nexmark
Backends: hashmap, forl0
NexMark Queries: q18,q19,q20
NexMark Scenario: heap_squeeze_gc_probe
============================================================

============================================================
Running NexMark Benchmark
============================================================

============================================================
Nexmark DataStream Benchmark
============================================================
Queries: ['q18', 'q19', 'q20']
Backends: ['hashmap', 'forl0']
Repeat per query: 1
Min successful samples: 1
Mode: benchmark
============================================================


============================================================
Backend: hashmap
============================================================

=== Running Nexmark Q18 (hashmap backend) ===
Events: 0, TPS: 12000000
Proportions: Person(1):Auction(5):Bid(94)
Hot ratios: bid.auctions=32, bid.bidders=32
Command: java -Dlog.file=/home/shuhao/forL0-state-backend/docker/deploy/nexmark-flink/log/nexmark-flink.log -Dlog4j.configuration=file:/tmp/nexmark-conf-p3r5y23y/log4j.properties -Dlog4j.configurationFile=file:/tmp/nexmark-conf-p3r5y23y/log4j.properties -Dstate.backend.type=org.apache.flink.runtime.state.hashmap.HashMapStateBackendFactory -cp /home/shuhao/forL0-state-backend/docker/deploy/nexmark-flink/lib/*:/home/shuhao/flink-1.20.3/lib/* com.github.nexmark.flink.Benchmark --location /home/shuhao/forL0-state-backend/docker/deploy/nexmark-flink --queries q18 --category oa

Benchmark Queries: [q18]
==================================================================
Start to run query q18 with workload [tps=12 M, eventsNum=0, percentage=bid:94,auction:5,person:1,kafkaServers:null]
Monitor metrics after 15 seconds.
Start to monitor metrics for 120 seconds.
Monitor TPS metric: vertex=sink, metric=nexmark_q18[8]__Writer.numRecordsInPerSecond
Current Throughput=134.22 K, Cores=19.97 (2 TMs)
Current Throughput=134.22 K, Cores=21.4 (2 TMs)
Current Throughput=134.22 K, Cores=22.2 (2 TMs)
Current Throughput=256.28 K, Cores=20.35 (2 TMs)
Current Throughput=256.28 K, Cores=17.78 (2 TMs)
Current Throughput=401.17 K, Cores=29.11 (2 TMs)
Current Throughput=401.17 K, Cores=94.91 (2 TMs)
Current Throughput=415.06 K, Cores=95.78 (2 TMs)
Current Throughput=415.06 K, Cores=96.33 (2 TMs)
Current Throughput=431.15 K, Cores=95.22 (2 TMs)
Current Throughput=431.15 K, Cores=95.39 (2 TMs)
Current Throughput=441.02 K, Cores=84.37 (2 TMs)
Current Throughput=441.02 K, Cores=113.38 (2 TMs)
Current Throughput=452.55 K, Cores=85.25 (2 TMs)
Current Throughput=452.55 K, Cores=99.96 (2 TMs)
Current Throughput=387.87 K, Cores=97.68 (2 TMs)
Current Throughput=387.87 K, Cores=99.23 (2 TMs)
Current Throughput=287.39 K, Cores=98.09 (2 TMs)
Current Throughput=287.39 K, Cores=101.11 (2 TMs)
Current Throughput=230.66 K, Cores=106.44 (2 TMs)
Current Throughput=230.66 K, Cores=100.15 (2 TMs)
Current Throughput=177.84 K, Cores=104.56 (2 TMs)
Current Throughput=177.84 K, Cores=98.11 (2 TMs)
Current Throughput=135.06 K, Cores=98.21 (2 TMs)
Summary Average: Throughput=312.49 K, Cores=78.96
Stop job query q18
-------------------------------- Nexmark Results --------------------------------

+------+-----------------+---------+-----------------+
| Query| Throughput (r/s)| Cores   | Throughput/Cores|
+------+-----------------+---------+-----------------+
|q18   |312.49 K         |78.96    |3.96 K           |
|Total |-                |-        |3.96 K           |
+------+-----------------+---------+-----------------+



  Result: 312,490.00 events/sec

=== Running Nexmark Q19 (hashmap backend) ===
Events: 0, TPS: 3000000
Proportions: Person(1):Auction(1):Bid(98)
Hot ratios: bid.auctions=32, bid.bidders=16
Command: java -Dlog.file=/home/shuhao/forL0-state-backend/docker/deploy/nexmark-flink/log/nexmark-flink.log -Dlog4j.configuration=file:/tmp/nexmark-conf-b54tt7o_/log4j.properties -Dlog4j.configurationFile=file:/tmp/nexmark-conf-b54tt7o_/log4j.properties -Dstate.backend.type=org.apache.flink.runtime.state.hashmap.HashMapStateBackendFactory -cp /home/shuhao/forL0-state-backend/docker/deploy/nexmark-flink/lib/*:/home/shuhao/flink-1.20.3/lib/* com.github.nexmark.flink.Benchmark --location /home/shuhao/forL0-state-backend/docker/deploy/nexmark-flink --queries q19 --category oa

Benchmark Queries: [q19]
==================================================================
Start to run query q19 with workload [tps=3 M, eventsNum=0, percentage=bid:98,auction:1,person:1,kafkaServers:null]
Monitor metrics after 45 seconds.
Start to monitor metrics for 120 seconds.
Monitor TPS metric: vertex=sink, metric=nexmark_q19[8]__Writer.numRecordsInPerSecond
Current Throughput=229.98 K, Cores=38.7 (2 TMs)
Current Throughput=229.98 K, Cores=42.24 (2 TMs)
Current Throughput=229.98 K, Cores=41.97 (2 TMs)
Current Throughput=439.13 K, Cores=38.09 (2 TMs)
Current Throughput=439.13 K, Cores=39.07 (2 TMs)
Current Throughput=579.38 K, Cores=36.49 (2 TMs)
Current Throughput=579.38 K, Cores=41.57 (2 TMs)
Current Throughput=720.68 K, Cores=39.94 (2 TMs)
Current Throughput=720.68 K, Cores=40.69 (2 TMs)
Current Throughput=857.94 K, Cores=40.07 (2 TMs)
Current Throughput=857.94 K, Cores=40.17 (2 TMs)
Current Throughput=831.57 K, Cores=41.5 (2 TMs)
Current Throughput=831.57 K, Cores=39.1 (2 TMs)
Current Throughput=836.68 K, Cores=41.7 (2 TMs)
Current Throughput=836.68 K, Cores=40.1 (2 TMs)
Current Throughput=819.14 K, Cores=84.52 (2 TMs)
Current Throughput=819.14 K, Cores=100.07 (2 TMs)
Current Throughput=762.32 K, Cores=98.88 (2 TMs)
Current Throughput=762.32 K, Cores=96.19 (2 TMs)
Current Throughput=700.49 K, Cores=103.15 (2 TMs)
Current Throughput=700.49 K, Cores=103.37 (2 TMs)
Current Throughput=638.16 K, Cores=106.92 (2 TMs)
Current Throughput=638.16 K, Cores=104.45 (2 TMs)
Current Throughput=579.65 K, Cores=100.5 (2 TMs)
Summary Average: Throughput=651.69 K, Cores=62.48
Stop job query q19
-------------------------------- Nexmark Results --------------------------------

+------+-----------------+---------+-----------------+
| Query| Throughput (r/s)| Cores   | Throughput/Cores|
+------+-----------------+---------+-----------------+
|q19   |651.69 K         |62.48    |10.43 K          |
|Total |-                |-        |10.43 K          |
+------+-----------------+---------+-----------------+



  Result: 651,690.00 events/sec

=== Running Nexmark Q20 (hashmap backend) ===
Events: 0, TPS: 600000
Proportions: Person(1):Auction(15):Bid(84)
Hot ratios: bid.auctions=32, bid.bidders=default
Command: java -Dlog.file=/home/shuhao/forL0-state-backend/docker/deploy/nexmark-flink/log/nexmark-flink.log -Dlog4j.configuration=file:/tmp/nexmark-conf-tvn4sav3/log4j.properties -Dlog4j.configurationFile=file:/tmp/nexmark-conf-tvn4sav3/log4j.properties -Dstate.backend.type=org.apache.flink.runtime.state.hashmap.HashMapStateBackendFactory -cp /home/shuhao/forL0-state-backend/docker/deploy/nexmark-flink/lib/*:/home/shuhao/flink-1.20.3/lib/* com.github.nexmark.flink.Benchmark --location /home/shuhao/forL0-state-backend/docker/deploy/nexmark-flink --queries q20 --category oa

Benchmark Queries: [q20]
==================================================================
Start to run query q20 with workload [tps=600 K, eventsNum=0, percentage=bid:84,auction:15,person:1,kafkaServers:null]
Monitor metrics after 30 seconds.
Start to monitor metrics for 120 seconds.
Monitor TPS metric: vertex=sink, metric=Calc[11].numRecordsInPerSecond
Current Throughput=11.53 K, Cores=72.01 (2 TMs)
Current Throughput=11.53 K, Cores=44.91 (2 TMs)
Current Throughput=11.53 K, Cores=65.93 (2 TMs)
Current Throughput=23.56 K, Cores=71.22 (2 TMs)
Current Throughput=23.56 K, Cores=80.4 (2 TMs)
Current Throughput=31.35 K, Cores=105.21 (2 TMs)
Current Throughput=31.35 K, Cores=112.03 (2 TMs)
Current Throughput=31.99 K, Cores=107.74 (2 TMs)
Current Throughput=31.99 K, Cores=115.91 (2 TMs)
Current Throughput=32.13 K, Cores=114.67 (2 TMs)
Current Throughput=32.13 K, Cores=107.4 (2 TMs)
Current Throughput=32.38 K, Cores=101.85 (2 TMs)
Current Throughput=32.38 K, Cores=104.59 (2 TMs)
Current Throughput=32.75 K, Cores=106.28 (2 TMs)
Current Throughput=32.75 K, Cores=103.77 (2 TMs)
Current Throughput=25.81 K, Cores=113.4 (2 TMs)
Current Throughput=25.81 K, Cores=105.4 (2 TMs)
Current Throughput=21.48 K, Cores=105.24 (2 TMs)
Current Throughput=21.48 K, Cores=114.99 (2 TMs)
Current Throughput=21.48 K, Cores=106.42 (2 TMs)
Current Throughput=9.62 K, Cores=103.53 (2 TMs)
Current Throughput=9.62 K, Cores=108.43 (2 TMs)
Current Throughput=2 K, Cores=104.02 (2 TMs)
Current Throughput=2 K, Cores=104.69 (2 TMs)
Summary Average: Throughput=22.59 K, Cores=99.17
Stop job query q20
-------------------------------- Nexmark Results --------------------------------

+------+-----------------+---------+-----------------+
| Query| Throughput (r/s)| Cores   | Throughput/Cores|
+------+-----------------+---------+-----------------+
|q20   |22.59 K          |99.17    |227              |
|Total |-                |-        |227              |
+------+-----------------+---------+-----------------+

