[NexMark] Scenario: heap_squeeze_gc_probe — Non-contract: tight-heap NexMark probe that records, rather than rejects, Full GC drag
============================================================
ForL0 StateBackend Benchmark
============================================================
Test: nexmark
Backends: forl0
NexMark Queries: q18,q19,q20
NexMark Scenario: heap_squeeze_gc_probe
============================================================

============================================================
Running NexMark Benchmark
============================================================

============================================================
Nexmark DataStream Benchmark
============================================================
Queries: ['q18', 'q19', 'q20']
Backends: ['forl0']
Repeat per query: 1
Min successful samples: 1
Mode: benchmark
============================================================


============================================================
Backend: forl0
============================================================

=== Running Nexmark Q18 (forl0 backend) ===
Events: 0, TPS: 12000000
Proportions: Person(1):Auction(5):Bid(94)
Hot ratios: bid.auctions=32, bid.bidders=32
Command: java -Dlog.file=/home/shuhao/forL0-state-backend/docker/deploy/nexmark-flink/log/nexmark-flink.log -Dlog4j.configuration=file:/tmp/nexmark-conf-qhcmsg5b/log4j.properties -Dlog4j.configurationFile=file:/tmp/nexmark-conf-qhcmsg5b/log4j.properties -Dstate.backend.type=org.apache.flink.state.forl0.ForL0StateBackendFactory -Dstate.backend.forl0.initial-table-capacity=4096 -Dstate.backend.forl0.max-table-capacity=131072 -Dstate.backend.forl0.l0-cache.enabled=true -Dstate.backend.forl0.l0-cache.size=384mb -Dstate.backend.forl0.l0-memory.max-size=768mb -Dstate.backend.forl0.main-table.load-factor-threshold=0.8 -cp /home/shuhao/forL0-state-backend/docker/deploy/nexmark-flink/lib/*:/home/shuhao/flink-1.20.3/lib/* com.github.nexmark.flink.Benchmark --location /home/shuhao/forL0-state-backend/docker/deploy/nexmark-flink --queries q18 --category oa

Benchmark Queries: [q18]
==================================================================
Start to run query q18 with workload [tps=12 M, eventsNum=0, percentage=bid:94,auction:5,person:1,kafkaServers:null]
Monitor metrics after 15 seconds.
Start to monitor metrics for 120 seconds.
Monitor TPS metric: vertex=sink, metric=nexmark_q18[8]__Writer.numRecordsInPerSecond
Current Throughput=178.92 K, Cores=7.17 (2 TMs)
Current Throughput=178.92 K, Cores=7.22 (2 TMs)
Current Throughput=178.92 K, Cores=6.92 (2 TMs)
Current Throughput=318.19 K, Cores=6.99 (2 TMs)
Current Throughput=318.19 K, Cores=6.86 (2 TMs)
Current Throughput=464.15 K, Cores=6.98 (2 TMs)
Current Throughput=464.15 K, Cores=6.94 (2 TMs)
Current Throughput=609.96 K, Cores=6.83 (2 TMs)
Current Throughput=609.96 K, Cores=7.13 (2 TMs)
Current Throughput=753.35 K, Cores=6.83 (2 TMs)
Current Throughput=753.35 K, Cores=6.8 (2 TMs)
Current Throughput=893.22 K, Cores=6.86 (2 TMs)
Current Throughput=893.22 K, Cores=6.94 (2 TMs)
Current Throughput=856.15 K, Cores=6.77 (2 TMs)
Current Throughput=856.15 K, Cores=6.84 (2 TMs)
Current Throughput=860.7 K, Cores=6.8 (2 TMs)
Current Throughput=860.7 K, Cores=6.79 (2 TMs)
Current Throughput=860.7 K, Cores=6.79 (2 TMs)
Current Throughput=860.7 K, Cores=6.79 (2 TMs)
Current Throughput=860.7 K, Cores=6.79 (2 TMs)
Current Throughput=860.7 K, Cores=6.79 (2 TMs)
Current Throughput=860.7 K, Cores=6.78 (2 TMs)
Current Throughput=860.7 K, Cores=6.8 (2 TMs)
Current Throughput=860.7 K, Cores=6.79 (2 TMs)
Summary Average: Throughput=669.71 K, Cores=6.88
Stop job query q18
-------------------------------- Nexmark Results --------------------------------

+------+-----------------+---------+-----------------+
| Query| Throughput (r/s)| Cores   | Throughput/Cores|
+------+-----------------+---------+-----------------+
|q18   |669.71 K         |6.88     |97.29 K          |
|Total |-                |-        |97.29 K          |
+------+-----------------+---------+-----------------+



  Result: 669,710.00 events/sec

=== Running Nexmark Q19 (forl0 backend) ===
Events: 0, TPS: 3000000
Proportions: Person(1):Auction(1):Bid(98)
Hot ratios: bid.auctions=32, bid.bidders=16
Command: java -Dlog.file=/home/shuhao/forL0-state-backend/docker/deploy/nexmark-flink/log/nexmark-flink.log -Dlog4j.configuration=file:/tmp/nexmark-conf-p_sxdxm4/log4j.properties -Dlog4j.configurationFile=file:/tmp/nexmark-conf-p_sxdxm4/log4j.properties -Dstate.backend.type=org.apache.flink.state.forl0.ForL0StateBackendFactory -Dstate.backend.forl0.initial-table-capacity=4096 -Dstate.backend.forl0.max-table-capacity=131072 -Dstate.backend.forl0.l0-cache.enabled=true -Dstate.backend.forl0.l0-cache.size=384mb -Dstate.backend.forl0.l0-memory.max-size=768mb -Dstate.backend.forl0.main-table.load-factor-threshold=0.8 -cp /home/shuhao/forL0-state-backend/docker/deploy/nexmark-flink/lib/*:/home/shuhao/flink-1.20.3/lib/* com.github.nexmark.flink.Benchmark --location /home/shuhao/forL0-state-backend/docker/deploy/nexmark-flink --queries q19 --category oa

Benchmark Queries: [q19]
==================================================================
Start to run query q19 with workload [tps=3 M, eventsNum=0, percentage=bid:98,auction:1,person:1,kafkaServers:null]
Monitor metrics after 45 seconds.
Start to monitor metrics for 120 seconds.
Monitor TPS metric: vertex=sink, metric=nexmark_q19[8]__Writer.numRecordsInPerSecond
Current Throughput=765.22 K, Cores=8.86 (1 TMs)
Current Throughput=765.22 K, Cores=9.03 (1 TMs)
Current Throughput=765.22 K, Cores=8.99 (1 TMs)
Current Throughput=948.21 K, Cores=9.72 (1 TMs)
Current Throughput=948.21 K, Cores=9.92 (1 TMs)
Current Throughput=1.13 M, Cores=9.31 (1 TMs)
Current Throughput=1.13 M, Cores=10.03 (1 TMs)
Current Throughput=1.1 M, Cores=9.59 (1 TMs)
Current Throughput=1.1 M, Cores=9.43 (1 TMs)
Current Throughput=1.1 M, Cores=9.49 (1 TMs)
Current Throughput=1.1 M, Cores=9.73 (1 TMs)
Current Throughput=1.11 M, Cores=9.71 (1 TMs)
Current Throughput=1.11 M, Cores=8.51 (1 TMs)
Current Throughput=1.11 M, Cores=9.55 (1 TMs)
Current Throughput=1.11 M, Cores=9.46 (1 TMs)
Current Throughput=1.11 M, Cores=9.42 (1 TMs)
Current Throughput=1.11 M, Cores=9.33 (1 TMs)
Current Throughput=1.11 M, Cores=9.26 (1 TMs)
Current Throughput=1.11 M, Cores=9.72 (1 TMs)
Current Throughput=1.11 M, Cores=10.21 (1 TMs)
Current Throughput=1.11 M, Cores=10.17 (1 TMs)
Current Throughput=1.12 M, Cores=9.71 (1 TMs)
Current Throughput=1.12 M, Cores=9.9 (1 TMs)
Current Throughput=1.12 M, Cores=9.73 (1 TMs)
Summary Average: Throughput=1.05 M, Cores=9.53
Stop job query q19
-------------------------------- Nexmark Results --------------------------------

+------+-----------------+---------+-----------------+
| Query| Throughput (r/s)| Cores   | Throughput/Cores|
+------+-----------------+---------+-----------------+
|q19   |1.05 M           |9.53     |110.63 K         |
|Total |-                |-        |110.63 K         |
+------+-----------------+---------+-----------------+



  Result: 1,050,000.00 events/sec

=== Running Nexmark Q20 (forl0 backend) ===
Events: 0, TPS: 600000
Proportions: Person(1):Auction(15):Bid(84)
Hot ratios: bid.auctions=32, bid.bidders=default
Command: java -Dlog.file=/home/shuhao/forL0-state-backend/docker/deploy/nexmark-flink/log/nexmark-flink.log -Dlog4j.configuration=file:/tmp/nexmark-conf-gui7ri_o/log4j.properties -Dlog4j.configurationFile=file:/tmp/nexmark-conf-gui7ri_o/log4j.properties -Dstate.backend.type=org.apache.flink.state.forl0.ForL0StateBackendFactory -Dstate.backend.forl0.initial-table-capacity=4096 -Dstate.backend.forl0.max-table-capacity=131072 -Dstate.backend.forl0.l0-cache.enabled=true -Dstate.backend.forl0.l0-cache.size=384mb -Dstate.backend.forl0.l0-memory.max-size=768mb -Dstate.backend.forl0.main-table.load-factor-threshold=0.8 -cp /home/shuhao/forL0-state-backend/docker/deploy/nexmark-flink/lib/*:/home/shuhao/flink-1.20.3/lib/* com.github.nexmark.flink.Benchmark --location /home/shuhao/forL0-state-backend/docker/deploy/nexmark-flink --queries q20 --category oa

