============================================================
  Offline L0 one-click experiment
============================================================
  Repo:       /home/shuhao/forL0-state-backend
  Test:       apps
  Backend:    all
  Profile:    cpu
  Started:    2026-07-03 12:21:38 +0800
  Log:        /home/shuhao/forL0-state-backend/benchmark/results/run_logs/offline_l0_experiment_20260703_122138.log


[1/4] Deploy repository-local artifacts and run preflight
============================================================
  ForL0 仓库一键部署
============================================================
  仓库路径:   /home/shuhao/forL0-state-backend
  FLINK_HOME: /home/shuhao/flink-1.20.3
  Docker:     sudo -n docker

      ⚠ 未找到 unit-test benchmark JAR；apps/nexmark/wordcount/client_usecase 运行不依赖该产物
[1/4] 跳过 Docker 镜像加载

[2/4] 检查 L0 环境...
      ✗ libl0mempool.so 不存在 (/usr/lib64/libl0mempool.so)
      ✓ libnuma.so.1 存在 (/lib/aarch64-linux-gnu/libnuma.so.1)
      ✗ /dev/l0 和 /dev/hisi_l0 都不存在
      ⚠ 当前不会使用真实 L0 硬件加速

[3/4] 安装预编译产物到 Flink...
      ✓ backend JAR 已安装到 /home/shuhao/flink-1.20.3/lib/
      ✓ NexMark JAR 已安装到 /home/shuhao/flink-1.20.3/lib/
      ✓ native 库已安装到 /home/shuhao/flink-1.20.3/native/
      ✓ WordCount benchmark 已就绪
      ✓ Client usecase benchmark 已就绪
      ✓ 环境文件已写入 /home/shuhao/forL0-state-backend/docker/forl0-local.env
      ⚠ async-profiler 未就绪，--profile cpu 可能无法产出火焰图
        可将 async-profiler-4.4-linux-*.tar.gz 放到 offline-packages/ 后重试

[4/4] 启动 Docker 集群...
      已跳过启动。手工执行：
      source /home/shuhao/forL0-state-backend/docker/forl0-local.env
      cd /home/shuhao/forL0-state-backend/docker && ./docker_run.sh start

============================================================
  完成
============================================================
  查看状态: source /home/shuhao/forL0-state-backend/docker/forl0-local.env && cd /home/shuhao/forL0-state-backend/docker && ./docker_run.sh status
  查看日志: source /home/shuhao/forL0-state-backend/docker/forl0-local.env && cd /home/shuhao/forL0-state-backend/docker && ./docker_run.sh logs tm1
  全量运行 apps: cd /home/shuhao/forL0-state-backend/docker && ./run_all_apps.sh
  只跑 WordCount: cd /home/shuhao/forL0-state-backend/docker && ./run_all_apps.sh --test wordcount
============================================================
  ForL0 benchmark run context
============================================================
  Repo:        /home/shuhao/forL0-state-backend
  Test:        apps
  Backend:     all
  Profile:     disabled
  Offline:     true
  GitCommit:   bb0b6233cc04a1cd540db2a1840a24dd96f36c85
  Date:        2026-07-03 12:21:38 +0800

[preflight] 检查 Flink 与 benchmark 产物
      ✓ FLINK_HOME: /home/shuhao/flink-1.20.3
      ✓ benchmark config: /home/shuhao/forL0-state-backend/benchmark/config/benchmark.yaml
      ✓ benchmark entry: /home/shuhao/forL0-state-backend/benchmark/scripts/run_benchmark.py
      ✓ requirements: /home/shuhao/forL0-state-backend/benchmark/requirements.txt
      ✓ WordCount JAR: /home/shuhao/forL0-state-backend/docker/deploy/wordcount-benchmark-1.0-SNAPSHOT.jar
      ✓ NexMark JAR: /home/shuhao/forL0-state-backend/docker/deploy/nexmark-flink-0.3-SNAPSHOT.jar
      ✓ Client usecase JAR: /home/shuhao/forL0-state-backend/docker/deploy/flink-keyedcoprocessfunction-example-1.0-SNAPSHOT-jar-with-dependencies.jar
      ✓ Client hotspot-drift JAR: /home/shuhao/forL0-state-backend/docker/deploy/client-drift-benchmark-1.0-SNAPSHOT.jar
      ✓ ForL0 backend JAR in Flink lib: /home/shuhao/flink-1.20.3/lib/flink-statebackend-forL0-1.0-SNAPSHOT.jar
      ✓ native library: /home/shuhao/flink-1.20.3/native/libforl0_engine.so
[3/5] 复用已有 benchmark Python 虚拟环境
      ✓ benchmark Python 依赖已满足
      ✓ config loaded
      ✓ nexmark queries: q4,q5,q8,q9,q11,q18,q19,q20
      ✓ client scenarios: contract_baseline,forl0_optimized,state_pressure_300k,state_pressure_1m,hotspot_drift_300k,hotspot_drift_1m,hotspot_state_left_2m,hotspot_state_join_2m
[preflight] 检查通过。

[2/4] Run complete suite without profiling and without report
============================================================
  ForL0 benchmark run context
============================================================
  Repo:        /home/shuhao/forL0-state-backend
  Test:        apps
  Backend:     all
  Profile:     disabled
  Offline:     true
  GitCommit:   bb0b6233cc04a1cd540db2a1840a24dd96f36c85
  Date:        2026-07-03 12:21:39 +0800

[2/5] Flink 集群已就绪
[3/5] 复用已有 benchmark Python 虚拟环境
      ✓ benchmark Python 依赖已满足
[4/5] 开始运行 benchmark/scripts/run_benchmark.py
Command: /home/shuhao/forL0-state-backend/.venv-benchmark/bin/python /home/shuhao/forL0-state-backend/benchmark/scripts/run_benchmark.py --test apps --backend all
