============================================================
  Offline L0 one-click experiment
============================================================
  Repo:       /home/shuhao/forL0-state-backend
  Test:       client_usecase
  Backend:    all
  Profile:    cpu
  Started:    2026-07-03 13:59:25 +0800
  Log:        /home/shuhao/forL0-state-backend/benchmark/results/run_logs/offline_l0_experiment_20260703_135925.log


[1/4] Deploy repository-local artifacts and run preflight
============================================================
  ForL0 仓库一键部署
============================================================
  仓库路径:   /home/shuhao/forL0-state-backend
  FLINK_HOME: /home/shuhao/flink-1.20.3
  Docker:     sudo -n docker

      ⚠ 未找到 unit-test benchmark JAR；apps/nexmark/wordcount/client_usecase 运行不依赖该产物
[1/4] 跳过 Docker 镜像加载

[2/4] 检查 L0 环境...
      ✗ libl0mempool.so 不存在 (/usr/lib64/libl0mempool.so)
      ✓ libnuma.so.1 存在 (/lib/aarch64-linux-gnu/libnuma.so.1)
      ✗ /dev/l0 和 /dev/hisi_l0 都不存在
      ⚠ 当前不会使用真实 L0 硬件加速

[3/4] 安装预编译产物到 Flink...
      ✓ backend JAR 已安装到 /home/shuhao/flink-1.20.3/lib/
      ✓ NexMark JAR 已安装到 /home/shuhao/flink-1.20.3/lib/
      ✓ native 库已安装到 /home/shuhao/flink-1.20.3/native/
      ✓ WordCount benchmark 已就绪
      ✓ Client usecase benchmark 已就绪
      ✓ 环境文件已写入 /home/shuhao/forL0-state-backend/docker/forl0-local.env
      ✓ async-profiler 已就绪: /home/shuhao/forL0-state-backend/tools/async-profiler

[4/4] 启动 Docker 集群...
      已跳过启动。手工执行：
      source /home/shuhao/forL0-state-backend/docker/forl0-local.env
      cd /home/shuhao/forL0-state-backend/docker && ./docker_run.sh start

============================================================
  完成
============================================================
  查看状态: source /home/shuhao/forL0-state-backend/docker/forl0-local.env && cd /home/shuhao/forL0-state-backend/docker && ./docker_run.sh status
  查看日志: source /home/shuhao/forL0-state-backend/docker/forl0-local.env && cd /home/shuhao/forL0-state-backend/docker && ./docker_run.sh logs tm1
  全量运行 apps: cd /home/shuhao/forL0-state-backend/docker && ./run_all_apps.sh
  只跑 WordCount: cd /home/shuhao/forL0-state-backend/docker && ./run_all_apps.sh --test wordcount
============================================================
  ForL0 benchmark run context
============================================================
  Repo:        /home/shuhao/forL0-state-backend
  Test:        client_usecase
  Backend:     all
  Profile:     disabled
  Offline:     true
  GitCommit:   bb0b6233cc04a1cd540db2a1840a24dd96f36c85
  Date:        2026-07-03 13:59:25 +0800

[preflight] 检查 Flink 与 benchmark 产物
      ✓ FLINK_HOME: /home/shuhao/flink-1.20.3
      ✓ benchmark config: /home/shuhao/forL0-state-backend/benchmark/config/benchmark.yaml
      ✓ benchmark entry: /home/shuhao/forL0-state-backend/benchmark/scripts/run_benchmark.py
      ✓ requirements: /home/shuhao/forL0-state-backend/benchmark/requirements.txt
      ✓ Client usecase JAR: /home/shuhao/forL0-state-backend/docker/deploy/flink-keyedcoprocessfunction-example-1.0-SNAPSHOT-jar-with-dependencies.jar
      ✓ Client hotspot-drift JAR: /home/shuhao/forL0-state-backend/docker/deploy/client-drift-benchmark-1.0-SNAPSHOT.jar
      ✓ ForL0 backend JAR in Flink lib: /home/shuhao/flink-1.20.3/lib/flink-statebackend-forL0-1.0-SNAPSHOT.jar
      ✓ native library: /home/shuhao/flink-1.20.3/native/libforl0_engine.so
[3/5] 复用已有 benchmark Python 虚拟环境
      ✓ benchmark Python 依赖已满足
      ✓ config loaded
      ✓ nexmark queries: q4,q5,q8,q9,q11,q18,q19,q20
      ✓ client scenarios: contract_baseline,forl0_optimized,state_pressure_300k,state_pressure_1m,hotspot_drift_300k,hotspot_drift_1m,hotspot_state_left_2m,hotspot_state_join_2m
[preflight] 检查通过。

[cluster] Start from a clean Flink Docker cluster
=== 停止 BriskState Flink Docker 集群 ===
flink-taskmanager-2
flink-taskmanager-1
flink-jobmanager
flink-net
已停止
=== 启动 BriskState Flink Docker 集群 ===
  FLINK_HOME: /home/shuhao/flink-1.20.3
  NATIVE:     /home/shuhao/flink-1.20.3/native
  Docker:     sudo -n docker
  libnuma:    /lib/aarch64-linux-gnu/libnuma.so.1 -> /lib/aarch64-linux-gnu/libnuma.so.1

7d300da56e8c26246701f2203cef2f6cfb31258ab200bea1ac1966f9962d280a
[1/3] 启动 JobManager...
a3a169192d3ace9dc0d057d4f6e1110f705d7be90f19a02294e9a5fa4cc24abc
      JobManager IP: 172.18.0.2
[2/3] 启动 TaskManager-1...
ddaa63046c0ac8380b1ef15466bdd45b43a76bc054aa1e090278fd95245873db
[3/3] 启动 TaskManager-2...
3a0bd87e60d417db72ae59e08b0f5e2cbbae67f6ccae7f88adcdb28b0b8e7628

等待 JobManager 就绪...
...
=== 集群启动成功! ===
  Web UI: http://localhost:8081

  查看 TaskManager 日志: /home/shuhao/forL0-state-backend/docker/docker_run.sh logs tm1
  提交作业:     /home/shuhao/flink-1.20.3/bin/flink run -m localhost:8081 -c <MainClass> <jar>

[2/4] Run complete suite without profiling and without report
============================================================
  ForL0 benchmark run context
============================================================
  Repo:        /home/shuhao/forL0-state-backend
  Test:        client_usecase
  Backend:     all
  Profile:     disabled
  Offline:     true
  GitCommit:   bb0b6233cc04a1cd540db2a1840a24dd96f36c85
  Date:        2026-07-03 13:59:39 +0800

[2/5] Flink 集群已就绪
[3/5] 复用已有 benchmark Python 虚拟环境
      ✓ benchmark Python 依赖已满足
[4/5] 开始运行 benchmark/scripts/run_benchmark.py
Command: /home/shuhao/forL0-state-backend/.venv-benchmark/bin/python /home/shuhao/forL0-state-backend/benchmark/scripts/run_benchmark.py --test client_usecase --backend all --scenario contract_baseline
[Client Usecase] Scenario: contract_baseline — Contract rule: original record volume, default settings
============================================================
ForL0 StateBackend Benchmark
============================================================
Test: client_usecase
Backends: hashmap, forl0
Client Usecase Scenario: contract_baseline
============================================================

============================================================
Running Client Usecase Benchmark
============================================================

=== Running Client Usecase Benchmark (hashmap backend) ===

Flink cluster: http://localhost:8081
Parameters: driver=csv_replay, desiredTotalInputRecords=300, parallelism=2, leftStreamTarget=150, rightStreamTarget=150, leftPerSubtask=75, rightPerSubtask=75, estimatedActualTotal=300, checkpointInterval=0
Warning: customer source applies env parallelism to each source instance and uses event-time timers without watermark emission. This runner compensates the record count at submission time, but long-running jobs can still accumulate state faster than expected.
Command: /home/shuhao/flink-1.20.3/bin/flink run -Dstate.backend.type=org.apache.flink.runtime.state.hashmap.HashMapStateBackendFactory /home/shuhao/forL0-state-backend/docker/deploy/flink-keyedcoprocessfunction-example-1.0-SNAPSHOT-jar-with-dependencies.jar --leftNumRecords 75 --rightNumRecords 75 --parallelism 2 --checkpointInterval 0

Job has been submitted with JobID 16b70209c0b17bc1f8175f55947d8c08

  Job submitted: 16b70209c0b17bc1f8175f55947d8c08
  Job state: RUNNING
  All sources finished; cancelling job for clean bounded benchmark shutdown...
  Job state: CANCELED
Result saved to: /home/shuhao/forL0-state-backend/benchmark/results/raw/client_usecase_hashmap_20260703_135953.json

=== Running Client Usecase Benchmark (forl0 backend) ===

Flink cluster: http://localhost:8081
Parameters: driver=csv_replay, desiredTotalInputRecords=300, parallelism=2, leftStreamTarget=150, rightStreamTarget=150, leftPerSubtask=75, rightPerSubtask=75, estimatedActualTotal=300, checkpointInterval=0
Warning: customer source applies env parallelism to each source instance and uses event-time timers without watermark emission. This runner compensates the record count at submission time, but long-running jobs can still accumulate state faster than expected.
Command: /home/shuhao/flink-1.20.3/bin/flink run -Dstate.backend.type=org.apache.flink.state.forl0.ForL0StateBackendFactory -Dstate.backend.forl0.initial-table-capacity=512 -Dstate.backend.forl0.max-table-capacity=8192 -Dstate.backend.forl0.l0-cache.enabled=true -Dstate.backend.forl0.l0-cache.size=128mb -Dstate.backend.forl0.main-table.load-factor-threshold=0.8 -DforL0.metricsCollector.enabled=true /home/shuhao/forL0-state-backend/docker/deploy/flink-keyedcoprocessfunction-example-1.0-SNAPSHOT-jar-with-dependencies.jar --leftNumRecords 75 --rightNumRecords 75 --parallelism 2 --checkpointInterval 0

Job has been submitted with JobID e37a0600280d64d56f72164c8d7c54cc

  Job submitted: e37a0600280d64d56f72164c8d7c54cc
  Job state: RUNNING
  All sources finished; cancelling job for clean bounded benchmark shutdown...
  Job state: CANCELED
Result saved to: /home/shuhao/forL0-state-backend/benchmark/results/raw/client_usecase_forl0_20260703_140004.json

======================================================================
                    BENCHMARK SUMMARY
======================================================================

## Unit Test Benchmark
--------------------------------------------------

## WordCount Benchmark
--------------------------------------------------

## Client Usecase Benchmark
--------------------------------------------------
hashmap             :              37 records/s/core
forl0               :              37 records/s/core
Improvement         :             1.2%

======================================================================

Next steps:
  1. Review raw results in: benchmark/results/raw/
  2. Generate report: python scripts/generate_report.py
  3. View report in: benchmark/results/reports/

[3/4] Run complete suite with profiling and generate report
[profiler] using ASYNC_PROFILER_HOME=/home/shuhao/forL0-state-backend/tools/async-profiler
============================================================
  ForL0 benchmark run context
============================================================
  Repo:        /home/shuhao/forL0-state-backend
  Test:        client_usecase
  Backend:     all
  Profile:     cpu
  Offline:     true
  GitCommit:   bb0b6233cc04a1cd540db2a1840a24dd96f36c85
  Date:        2026-07-03 14:00:04 +0800

[2/5] Flink 集群已就绪
[3/5] 复用已有 benchmark Python 虚拟环境
      ✓ benchmark Python 依赖已满足
      ✓ 使用 ASYNC_PROFILER_HOME=/home/shuhao/forL0-state-backend/tools/async-profiler
[4/5] 开始运行 benchmark/scripts/run_benchmark.py
Command: /home/shuhao/forL0-state-backend/.venv-benchmark/bin/python /home/shuhao/forL0-state-backend/benchmark/scripts/run_benchmark.py --test client_usecase --backend all --profile cpu --scenario contract_baseline
[Client Usecase] Scenario: contract_baseline — Contract rule: original record volume, default settings
============================================================
ForL0 StateBackend Benchmark
============================================================
Test: client_usecase
Backends: hashmap, forl0
Client Usecase Scenario: contract_baseline
Profiling: CPU flame graphs (async-profiler)
============================================================

============================================================
Running Client Usecase Benchmark
============================================================

=== Running Client Usecase Benchmark (hashmap backend) ===

Flink cluster: http://localhost:8081
Parameters: driver=csv_replay, desiredTotalInputRecords=300, parallelism=2, leftStreamTarget=150, rightStreamTarget=150, leftPerSubtask=75, rightPerSubtask=75, estimatedActualTotal=300, checkpointInterval=0
Warning: customer source applies env parallelism to each source instance and uses event-time timers without watermark emission. This runner compensates the record count at submission time, but long-running jobs can still accumulate state faster than expected.
Command: /home/shuhao/flink-1.20.3/bin/flink run -Dstate.backend.type=org.apache.flink.runtime.state.hashmap.HashMapStateBackendFactory /home/shuhao/forL0-state-backend/docker/deploy/flink-keyedcoprocessfunction-example-1.0-SNAPSHOT-jar-with-dependencies.jar --leftNumRecords 75 --rightNumRecords 75 --parallelism 2 --checkpointInterval 0

Found 2 TaskManager process(es) using pgrep
  Starting profiler: cpu -> flamegraph_cpu_hashmap_client_usecase_20260703_140006.html
    WARNING: Profiler start failed: Failed to change credentials to match the target process: Operation not permitted

  WARNING: Profiler failed to start; continuing without profiling
Job has been submitted with JobID dcab9d9d620577d19a76c1fff94c6781

  Job submitted: dcab9d9d620577d19a76c1fff94c6781
  Job state: RUNNING
  All sources finished; cancelling job for clean bounded benchmark shutdown...
  Job state: CANCELED
Result saved to: /home/shuhao/forL0-state-backend/benchmark/results/raw/client_usecase_hashmap_20260703_140018.json

=== Running Client Usecase Benchmark (forl0 backend) ===

Flink cluster: http://localhost:8081
Parameters: driver=csv_replay, desiredTotalInputRecords=300, parallelism=2, leftStreamTarget=150, rightStreamTarget=150, leftPerSubtask=75, rightPerSubtask=75, estimatedActualTotal=300, checkpointInterval=0
Warning: customer source applies env parallelism to each source instance and uses event-time timers without watermark emission. This runner compensates the record count at submission time, but long-running jobs can still accumulate state faster than expected.
Command: /home/shuhao/flink-1.20.3/bin/flink run -Dstate.backend.type=org.apache.flink.state.forl0.ForL0StateBackendFactory -Dstate.backend.forl0.initial-table-capacity=512 -Dstate.backend.forl0.max-table-capacity=8192 -Dstate.backend.forl0.l0-cache.enabled=true -Dstate.backend.forl0.l0-cache.size=128mb -Dstate.backend.forl0.main-table.load-factor-threshold=0.8 -DforL0.metricsCollector.enabled=true /home/shuhao/forL0-state-backend/docker/deploy/flink-keyedcoprocessfunction-example-1.0-SNAPSHOT-jar-with-dependencies.jar --leftNumRecords 75 --rightNumRecords 75 --parallelism 2 --checkpointInterval 0

Found 2 TaskManager process(es) using pgrep
  Starting profiler: cpu -> flamegraph_cpu_forl0_client_usecase_20260703_140018.html
    WARNING: Profiler start failed: Failed to change credentials to match the target process: Operation not permitted

  WARNING: Profiler failed to start; continuing without profiling
Job has been submitted with JobID d6f37d68851c27f5efa32e0715bddcd7

  Job submitted: d6f37d68851c27f5efa32e0715bddcd7
  Job state: RUNNING
  All sources finished; cancelling job for clean bounded benchmark shutdown...
  Job state: CANCELED
Result saved to: /home/shuhao/forL0-state-backend/benchmark/results/raw/client_usecase_forl0_20260703_140030.json

======================================================================
                    BENCHMARK SUMMARY
======================================================================

## Unit Test Benchmark
--------------------------------------------------

## WordCount Benchmark
--------------------------------------------------

## Client Usecase Benchmark
--------------------------------------------------
hashmap             :              37 records/s/core
forl0               :              37 records/s/core
Improvement         :             0.1%

======================================================================

Next steps:
  1. Review raw results in: benchmark/results/raw/
  2. Generate report: python scripts/generate_report.py
  3. View report in: benchmark/results/reports/
[5/5] 生成 benchmark 报告
============================================================
Generating Benchmark Report
============================================================

Loading results...

Generating figures...
Saved: /home/shuhao/forL0-state-backend/benchmark/results/figures/wordcount_throughput.pdf
Warning: No NexMark queries found in results
Saved: /home/shuhao/forL0-state-backend/benchmark/results/figures/improvement_summary.pdf

Generating benchset figures (if available)...
No benchset results available for figure generation

Generating L0Table metrics figures (if available)...
No L0Table metrics available for plotting
No metrics available for valid slots plotting

Generating hardware metrics figures (if available)...
No memory metrics available for plotting

Generating report...
Saved: /home/shuhao/forL0-state-backend/benchmark/results/reports/benchmark_report.html

============================================================
Report generation complete!
Figures: /home/shuhao/forL0-state-backend/benchmark/results/figures
Report:  /home/shuhao/forL0-state-backend/benchmark/results/reports/benchmark_report.html
============================================================

[4/4] Verify regenerated report and latest profiled artifacts
ERROR: this run did not produce fresh profiled raw results
