============================================================
  ForL0 benchmark run context
============================================================
  Repo:        /home/shuhao/forL0-state-backend
  Test:        nexmark
  Backend:     all
  Profile:     disabled
  Offline:     true
  Expect TMs:  2
  Expect slots:8
  GitCommit:   99987dbbada2c6d9446fb486393af35eeb1a7d34
  Date:        2026-07-10 09:16:04 +0800

[2/5] 按要求重启 Flink 集群
=== 停止 BriskState Flink Docker 集群 ===
flink-taskmanager-2
flink-taskmanager-1
flink-jobmanager
flink-net
已停止
=== 启动 BriskState Flink Docker 集群 ===
  FLINK_HOME: /home/shuhao/flink-1.20.3
  NATIVE:     /home/shuhao/flink-1.20.3/native
  CONF:       /home/shuhao/forL0-state-backend/docker/conf
  Docker:     sudo -n docker
  JM memory:  8g
  TM memory:  16g
  libnuma:    /lib/aarch64-linux-gnu/libnuma.so.1 -> /lib/aarch64-linux-gnu/libnuma.so.1

097d42c264bf6d3a29141c90c4db51825e9ffbc4284b46f6cd08772d225ad963
[1/3] 启动 JobManager...
1c7b35a7c3f773ab192917c7bc53db295612232f0047d5e3578b61a13223f982
      JobManager IP: 172.18.0.2
[2/3] 启动 TaskManager-1...
778c3f2e3f6dd175148ab504aa995065dcbe8d4e43c2a370b3f01c8f5816966f
[3/3] 启动 TaskManager-2...
90de44e93c62673f5375dd7d9db25694c8093d33231636bb22d85e658e6c7e7e

等待 JobManager 就绪...
....
=== 集群启动成功! ===
  Web UI: http://localhost:8081
  TaskManagers: 2
  Slots:        8

  查看 TaskManager 日志: /home/shuhao/forL0-state-backend/docker/docker_run.sh logs tm1
  提交作业:     /home/shuhao/flink-1.20.3/bin/flink run -m localhost:8081 -c <MainClass> <jar>
      ✓ Flink 集群健康:
TASKMANAGERS=2
SLOTS_TOTAL=8
SLOTS_AVAILABLE=8
JOBS_RUNNING=0
TM 172.18.0.3:39795-168b36 slots=4 free=4 heartbeatMs=0
TM 172.18.0.4:36299-6bf62f slots=4 free=4 heartbeatMs=0
[3/5] 复用已有 benchmark Python 虚拟环境
      ✓ benchmark Python 依赖已满足
[4/5] 开始运行 benchmark/scripts/run_benchmark.py
Command: /home/shuhao/forL0-state-backend/.venv-benchmark/bin/python /home/shuhao/forL0-state-backend/benchmark/scripts/run_benchmark.py --test nexmark --backend all --scenario forl0_tps_probe --query q19
[NexMark] Scenario: forl0_tps_probe — Non-contract probe: per-query NexMark steady-state TPS mode with sink throughput
============================================================
ForL0 StateBackend Benchmark
============================================================
Test: nexmark
Backends: hashmap, forl0
NexMark Queries: q19
NexMark Scenario: forl0_tps_probe
============================================================

============================================================
Running NexMark Benchmark
============================================================

============================================================
Nexmark DataStream Benchmark
============================================================
Queries: ['q19']
Backends: ['hashmap', 'forl0']
Repeat per query: 1
Min successful samples: 1
Mode: benchmark
============================================================


============================================================
Backend: hashmap
============================================================

=== Running Nexmark Q19 (hashmap backend) ===
Events: 0, TPS: 1000000
Proportions: Person(1):Auction(1):Bid(98)
Command: java -Dlog.file=/home/shuhao/forL0-state-backend/docker/deploy/nexmark-flink/log/nexmark-flink.log -Dlog4j.configuration=file:/tmp/nexmark-conf-ujyomptn/log4j.properties -Dlog4j.configurationFile=file:/tmp/nexmark-conf-ujyomptn/log4j.properties -Dstate.backend.type=org.apache.flink.runtime.state.hashmap.HashMapStateBackendFactory -cp /home/shuhao/forL0-state-backend/docker/deploy/nexmark-flink/lib/*:/home/shuhao/flink-1.20.3/lib/* com.github.nexmark.flink.Benchmark --location /home/shuhao/forL0-state-backend/docker/deploy/nexmark-flink --queries q19 --category forl0

Benchmark Queries: [q19]
==================================================================
Start to run query q19 with workload [tps=1 M, eventsNum=0, percentage=bid:98,auction:1,person:1,kafkaServers:null]
Monitor metrics after 50 seconds.
Start to monitor metrics for 60 seconds.
Monitor TPS metric: vertex=sink, metric=nexmark_q19[8]__Writer.numRecordsInPerSecond
Current Throughput=821.29 K, Cores=16.59 (2 TMs)
Current Throughput=821.29 K, Cores=16.57 (2 TMs)
Current Throughput=821.29 K, Cores=17.56 (2 TMs)
Current Throughput=1.01 M, Cores=15.9 (2 TMs)
Current Throughput=1.01 M, Cores=16.02 (2 TMs)
Current Throughput=1.09 M, Cores=15.96 (2 TMs)
Current Throughput=1.09 M, Cores=18.39 (2 TMs)
Current Throughput=1.11 M, Cores=16.54 (2 TMs)
Current Throughput=1.11 M, Cores=17.04 (2 TMs)
Current Throughput=1.11 M, Cores=16.71 (2 TMs)
Current Throughput=1.11 M, Cores=16.73 (2 TMs)
Current Throughput=1.11 M, Cores=16.64 (2 TMs)
Summary Average: Throughput=1.02 M, Cores=16.72
Stop job query q19
-------------------------------- Nexmark Results --------------------------------

+------+-----------------+---------+-----------------+
| Query| Throughput (r/s)| Cores   | Throughput/Cores|
+------+-----------------+---------+-----------------+
|q19   |1.02 M           |16.72    |60.83 K          |
|Total |-                |-        |60.83 K          |
+------+-----------------+---------+-----------------+



  Result: 1,020,000.00 events/sec

--- hashmap Summary ---
  q19: 1,020,000 events/sec (61,005/core)

============================================================
Backend: forl0
============================================================

=== Running Nexmark Q19 (forl0 backend) ===
Events: 0, TPS: 1000000
Proportions: Person(1):Auction(1):Bid(98)
Command: java -Dlog.file=/home/shuhao/forL0-state-backend/docker/deploy/nexmark-flink/log/nexmark-flink.log -Dlog4j.configuration=file:/tmp/nexmark-conf-qikvq5k7/log4j.properties -Dlog4j.configurationFile=file:/tmp/nexmark-conf-qikvq5k7/log4j.properties -Dstate.backend.type=org.apache.flink.state.forl0.ForL0StateBackendFactory -cp /home/shuhao/forL0-state-backend/docker/deploy/nexmark-flink/lib/*:/home/shuhao/flink-1.20.3/lib/* com.github.nexmark.flink.Benchmark --location /home/shuhao/forL0-state-backend/docker/deploy/nexmark-flink --queries q19 --category forl0

Benchmark Queries: [q19]
==================================================================
Start to run query q19 with workload [tps=1 M, eventsNum=0, percentage=bid:98,auction:1,person:1,kafkaServers:null]
Monitor metrics after 50 seconds.
Start to monitor metrics for 60 seconds.
Monitor TPS metric: vertex=sink, metric=nexmark_q19[8]__Writer.numRecordsInPerSecond
Current Throughput=877.72 K, Cores=8.76 (2 TMs)
Current Throughput=877.72 K, Cores=9.08 (2 TMs)
Current Throughput=877.72 K, Cores=8.72 (2 TMs)
Current Throughput=1.06 M, Cores=8.61 (2 TMs)
Current Throughput=1.06 M, Cores=8.63 (2 TMs)
Current Throughput=1.1 M, Cores=8.48 (2 TMs)
Current Throughput=1.1 M, Cores=8.59 (2 TMs)
Current Throughput=1.1 M, Cores=8.59 (2 TMs)
Current Throughput=1.1 M, Cores=8.59 (2 TMs)
Current Throughput=1.1 M, Cores=8.58 (2 TMs)
Current Throughput=1.1 M, Cores=8.59 (2 TMs)
Current Throughput=1.1 M, Cores=8.59 (2 TMs)
Summary Average: Throughput=1.04 M, Cores=8.65
Stop job query q19
-------------------------------- Nexmark Results --------------------------------

+------+-----------------+---------+-----------------+
| Query| Throughput (r/s)| Cores   | Throughput/Cores|
+------+-----------------+---------+-----------------+
|q19   |1.04 M           |8.65     |119.8 K          |
|Total |-                |-        |119.8 K          |
+------+-----------------+---------+-----------------+



  Result: 1,040,000.00 events/sec

--- forl0 Summary ---
  q19: 1,040,000 events/sec (120,231/core)

[Nexmark] Results saved to: /home/shuhao/forL0-state-backend/benchmark/results/nexmark_20260710_091620/nexmark_results.json

============================================================
Backend Comparison
============================================================

forl0 vs hashmap:
  q19: 1,040,000 vs 1,020,000 (+2.0%, throughput)

======================================================================
                    BENCHMARK SUMMARY
======================================================================

## Unit Test Benchmark
--------------------------------------------------

## WordCount Benchmark
--------------------------------------------------

## Client Usecase Benchmark
--------------------------------------------------

## NexMark Benchmark
--------------------------------------------------
Query   Proc(s)     hashmap proc eps     report eps     (/core)    forl0 proc eps     report eps     (/core)    Improv
----------------------------------------------------------------------------------------------------------------------
Q19                         1.02 M/s       1.02 M/s   61.00 K/s          1.04 M/s       1.04 M/s  120.23 K/s      2.0%

======================================================================

Next steps:
  1. Review raw results in: benchmark/results/raw/
  2. Generate report: python scripts/generate_report.py
  3. View report in: benchmark/results/reports/
