
==> Preparing full repository runtime
============================================================
  ForL0 仓库一键部署
============================================================
  仓库路径:   /home/shuhao/forL0-state-backend
  FLINK_HOME: /home/shuhao/flink-1.20.3
  Docker:     sudo -n docker

      ⚠ 未找到 unit-test benchmark JAR；apps/nexmark/wordcount/client_usecase 运行不依赖该产物
[1/4] 跳过 Docker 镜像加载

[2/4] 检查 L0 环境...
      ✗ libl0mempool.so 不存在 (/usr/lib64/libl0mempool.so)
      ✓ libnuma.so.1 存在 (/lib/aarch64-linux-gnu/libnuma.so.1)
      ✗ /dev/l0 和 /dev/hisi_l0 都不存在
      ⚠ 当前不会使用真实 L0 硬件加速

[3/4] 安装预编译产物到 Flink...
      ✓ backend JAR 已安装到 /home/shuhao/flink-1.20.3/lib/
      ✓ NexMark JAR 已安装到 /home/shuhao/flink-1.20.3/lib/
      ✓ native 库已安装到 /home/shuhao/flink-1.20.3/native/
      ✓ WordCount benchmark 已就绪
      ✓ Client usecase benchmark 已就绪
      ✓ 环境文件已写入 /home/shuhao/forL0-state-backend/docker/forl0-local.env
      ⚠ async-profiler 未就绪，--profile cpu 可能无法产出火焰图
        可将 async-profiler-4.4-linux-*.tar.gz 放到 offline-packages/ 后重试

[4/4] 启动 Docker 集群...
      已跳过启动。手工执行：
      source /home/shuhao/forL0-state-backend/docker/forl0-local.env
      cd /home/shuhao/forL0-state-backend/docker && ./docker_run.sh start

============================================================
  完成
============================================================
  查看状态: source /home/shuhao/forL0-state-backend/docker/forl0-local.env && cd /home/shuhao/forL0-state-backend/docker && ./docker_run.sh status
  查看日志: source /home/shuhao/forL0-state-backend/docker/forl0-local.env && cd /home/shuhao/forL0-state-backend/docker && ./docker_run.sh logs tm1
  全量运行 apps: cd /home/shuhao/forL0-state-backend/docker && ./run_all_apps.sh
  只跑 WordCount: cd /home/shuhao/forL0-state-backend/docker && ./run_all_apps.sh --test wordcount

==> Runtime summary
  app root:    /home/shuhao/forL0-state-backend
  runtime:     /home/shuhao/forL0-state-backend
  FLINK_HOME:  /home/shuhao/flink-1.20.3
  backend:     all
  profile:     --no-profile
  pressure:    forl0_tps_probe
  workloads:   N03
  expected TM: 2
  expected slots: 8

==> Preflight check
Command: /home/shuhao/forL0-state-backend/docker/run_all_apps.sh --offline --preflight-only --test apps --backend all --expected-taskmanagers 2 --expected-slots 8 --restart-cluster
============================================================
  ForL0 benchmark run context
============================================================
  Repo:        /home/shuhao/forL0-state-backend
  Test:        apps
  Backend:     all
  Profile:     disabled
  Offline:     true
  Expect TMs:  2
  Expect slots:8
  GitCommit:   99987dbbada2c6d9446fb486393af35eeb1a7d34
  Date:        2026-07-10 10:17:03 +0800

[preflight] 检查 Flink 与 benchmark 产物
      ✓ FLINK_HOME: /home/shuhao/flink-1.20.3
      ✓ benchmark config: /home/shuhao/forL0-state-backend/benchmark/config/benchmark.yaml
      ✓ benchmark entry: /home/shuhao/forL0-state-backend/benchmark/scripts/run_benchmark.py
      ✓ requirements: /home/shuhao/forL0-state-backend/benchmark/requirements.txt
      ✓ WordCount JAR: /home/shuhao/forL0-state-backend/docker/deploy/wordcount-benchmark-1.0-SNAPSHOT.jar
      ✓ NexMark JAR: /home/shuhao/forL0-state-backend/docker/deploy/nexmark-flink-0.3-SNAPSHOT.jar
      ✓ Client usecase JAR: /home/shuhao/forL0-state-backend/docker/deploy/flink-keyedcoprocessfunction-example-1.0-SNAPSHOT-jar-with-dependencies.jar
      ✓ Client hotspot-drift JAR: /home/shuhao/forL0-state-backend/docker/deploy/client-drift-benchmark-1.0-SNAPSHOT.jar
      ✓ ForL0 backend JAR in Flink lib: /home/shuhao/flink-1.20.3/lib/flink-statebackend-forL0-1.0-SNAPSHOT.jar
      ✓ native library: /home/shuhao/flink-1.20.3/native/libforl0_engine.so
[3/5] 复用已有 benchmark Python 虚拟环境
      ✓ benchmark Python 依赖已满足
      ✓ config loaded
      ✓ nexmark queries: q4,q5,q8,q9,q11,q18,q19,q20
      ✓ client scenarios: contract_baseline,forl0_optimized,state_pressure_300k,state_pressure_1m,hotspot_drift_300k,hotspot_drift_1m,hotspot_state_left_2m,hotspot_state_join_2m,scalar_state_probe_1m,scalar_state_probe_2m_ops64,scalar_state_probe_2m_ops16,scalar_state_probe_2m_ops16_fused,scalar_state_probe_2m_ops16_batch,scalar_value_probe_5m_ops16,scalar_value_probe_20m_ops16
[preflight] 检查通过。
[2/5] 按要求重启 Flink 集群
=== 停止 BriskState Flink Docker 集群 ===
flink-taskmanager-2
flink-taskmanager-1
flink-jobmanager
flink-net
已停止
=== 启动 BriskState Flink Docker 集群 ===
  FLINK_HOME: /home/shuhao/flink-1.20.3
  NATIVE:     /home/shuhao/flink-1.20.3/native
  CONF:       /home/shuhao/forL0-state-backend/docker/conf
  Docker:     sudo -n docker
  JM memory:  8g
  TM memory:  16g
  libnuma:    /lib/aarch64-linux-gnu/libnuma.so.1 -> /lib/aarch64-linux-gnu/libnuma.so.1

89c9efb2f1ce7245970bb1a147b88afdc95af4cc2c239cf2fdcd540149ed22de
[1/3] 启动 JobManager...
25d513289297ee76ec39180b89a758d360047ec2514e4b11896cfa49ec3405e1
      JobManager IP: 172.18.0.2
[2/3] 启动 TaskManager-1...
162b9cdb8ed3fd1c6aebf093712f9f9c6676900442f11d9ace2470c5f8fd447b
[3/3] 启动 TaskManager-2...
b7b0690639ec32d5302245c5ab1a7131655e97b78caea6901b5f790f0b0a1baa

等待 JobManager 就绪...
....
=== 集群启动成功! ===
  Web UI: http://localhost:8081
  TaskManagers: 2
  Slots:        8

  查看 TaskManager 日志: /home/shuhao/forL0-state-backend/docker/docker_run.sh logs tm1
  提交作业:     /home/shuhao/flink-1.20.3/bin/flink run -m localhost:8081 -c <MainClass> <jar>
      ✓ Flink 集群健康:
TASKMANAGERS=2
SLOTS_TOTAL=8
SLOTS_AVAILABLE=8
JOBS_RUNNING=0
TM 172.18.0.3:34943-d55004 slots=4 free=4 heartbeatMs=0
TM 172.18.0.4:44315-f24d0b slots=4 free=4 heartbeatMs=0
Ascend reproduction manifest: /home/shuhao/forL0-state-backend/benchmark/results/run_logs/ascend_reproduction_20260710_101716.tsv

==> Ascend reproduction N03: nexmark_q19_hashmap_isolated
Command: /home/shuhao/forL0-state-backend/docker/run_all_apps.sh --offline --test nexmark --scenario forl0_tps_probe --query q19 --backend hashmap --restart-cluster --no-profile --no-report --expected-taskmanagers 2 --expected-slots 8 --restart-cluster
============================================================
  ForL0 benchmark run context
============================================================
  Repo:        /home/shuhao/forL0-state-backend
  Test:        nexmark
  Backend:     hashmap
  Profile:     disabled
  Offline:     true
  Expect TMs:  2
  Expect slots:8
  GitCommit:   99987dbbada2c6d9446fb486393af35eeb1a7d34
  Date:        2026-07-10 10:17:16 +0800

[2/5] 按要求重启 Flink 集群
=== 停止 BriskState Flink Docker 集群 ===
flink-taskmanager-2
flink-taskmanager-1
flink-jobmanager
flink-net
已停止
=== 启动 BriskState Flink Docker 集群 ===
  FLINK_HOME: /home/shuhao/flink-1.20.3
  NATIVE:     /home/shuhao/flink-1.20.3/native
  CONF:       /home/shuhao/forL0-state-backend/docker/conf
  Docker:     sudo -n docker
  JM memory:  8g
  TM memory:  16g
  libnuma:    /lib/aarch64-linux-gnu/libnuma.so.1 -> /lib/aarch64-linux-gnu/libnuma.so.1

e9f8fb093787fae2edc433f231c9d3b0bb7a2de529da97a5f1bf27381a8cb6f7
[1/3] 启动 JobManager...
849c56d0030a0cca4aeb96ffb7153db609eca8425a17e9bc9bebee367fb52f81
      JobManager IP: 172.18.0.2
[2/3] 启动 TaskManager-1...
4ca9d9ceea148b7c288d1898e0ff03ccda33998249fd66b473b68c0a6f21ddd9
[3/3] 启动 TaskManager-2...
85e3825a30a29bd704663c54ec59bb7d3cdadf9108d1b0d518edc8cd856ec863

等待 JobManager 就绪...
....
=== 集群启动成功! ===
  Web UI: http://localhost:8081
  TaskManagers: 2
  Slots:        8

  查看 TaskManager 日志: /home/shuhao/forL0-state-backend/docker/docker_run.sh logs tm1
  提交作业:     /home/shuhao/flink-1.20.3/bin/flink run -m localhost:8081 -c <MainClass> <jar>
      ✓ Flink 集群健康:
TASKMANAGERS=2
SLOTS_TOTAL=8
SLOTS_AVAILABLE=8
JOBS_RUNNING=0
TM 172.18.0.3:41103-823c60 slots=4 free=4 heartbeatMs=0
TM 172.18.0.4:39129-a0ca0a slots=4 free=4 heartbeatMs=0
[3/5] 复用已有 benchmark Python 虚拟环境
      ✓ benchmark Python 依赖已满足
[4/5] 开始运行 benchmark/scripts/run_benchmark.py
Command: /home/shuhao/forL0-state-backend/.venv-benchmark/bin/python /home/shuhao/forL0-state-backend/benchmark/scripts/run_benchmark.py --test nexmark --backend hashmap --scenario forl0_tps_probe --query q19
[NexMark] Scenario: forl0_tps_probe — Non-contract probe: per-query NexMark steady-state TPS mode with sink throughput
============================================================
ForL0 StateBackend Benchmark
============================================================
Test: nexmark
Backends: hashmap
NexMark Queries: q19
NexMark Scenario: forl0_tps_probe
============================================================

============================================================
Running NexMark Benchmark
============================================================

============================================================
Nexmark DataStream Benchmark
============================================================
Queries: ['q19']
Backends: ['hashmap']
Repeat per query: 1
Min successful samples: 1
Mode: benchmark
============================================================


============================================================
Backend: hashmap
============================================================

=== Running Nexmark Q19 (hashmap backend) ===
Events: 0, TPS: 1000000
Proportions: Person(1):Auction(1):Bid(98)
Command: java -Dlog.file=/home/shuhao/forL0-state-backend/docker/deploy/nexmark-flink/log/nexmark-flink.log -Dlog4j.configuration=file:/tmp/nexmark-conf-15rev2zm/log4j.properties -Dlog4j.configurationFile=file:/tmp/nexmark-conf-15rev2zm/log4j.properties -Dstate.backend.type=org.apache.flink.runtime.state.hashmap.HashMapStateBackendFactory -cp /home/shuhao/forL0-state-backend/docker/deploy/nexmark-flink/lib/*:/home/shuhao/flink-1.20.3/lib/* com.github.nexmark.flink.Benchmark --location /home/shuhao/forL0-state-backend/docker/deploy/nexmark-flink --queries q19 --category forl0

Benchmark Queries: [q19]
==================================================================
Start to run query q19 with workload [tps=1 M, eventsNum=0, percentage=bid:98,auction:1,person:1,kafkaServers:null]
Monitor metrics after 50 seconds.
Start to monitor metrics for 60 seconds.
Monitor TPS metric: vertex=sink, metric=nexmark_q19[8]__Writer.numRecordsInPerSecond
Current Throughput=801.94 K, Cores=14.2 (2 TMs)
Current Throughput=801.94 K, Cores=15.07 (2 TMs)
Current Throughput=801.94 K, Cores=15.29 (2 TMs)
Current Throughput=983.81 K, Cores=14.52 (2 TMs)
Current Throughput=983.81 K, Cores=15.45 (2 TMs)
Current Throughput=1.05 M, Cores=15.38 (2 TMs)
Current Throughput=1.05 M, Cores=14.94 (2 TMs)
Current Throughput=1.06 M, Cores=14.62 (2 TMs)
Current Throughput=1.06 M, Cores=14.79 (2 TMs)
Current Throughput=1.05 M, Cores=14.72 (2 TMs)
Current Throughput=1.05 M, Cores=13.11 (2 TMs)
Current Throughput=1.05 M, Cores=14.35 (2 TMs)
Summary Average: Throughput=978.93 K, Cores=14.7
Stop job query q19
-------------------------------- Nexmark Results --------------------------------

+------+-----------------+---------+-----------------+
| Query| Throughput (r/s)| Cores   | Throughput/Cores|
+------+-----------------+---------+-----------------+
|q19   |978.93 K         |14.7     |66.57 K          |
|Total |-                |-        |66.57 K          |
+------+-----------------+---------+-----------------+



  Result: 978,930.00 events/sec

--- hashmap Summary ---
  q19: 978,930 events/sec (66,594/core)

[Nexmark] Results saved to: /home/shuhao/forL0-state-backend/benchmark/results/nexmark_20260710_101730/nexmark_results.json

======================================================================
                    BENCHMARK SUMMARY
======================================================================

## Unit Test Benchmark
--------------------------------------------------

## WordCount Benchmark
--------------------------------------------------

## Client Usecase Benchmark
--------------------------------------------------

## NexMark Benchmark
--------------------------------------------------
Query   Proc(s)     hashmap proc eps     report eps     (/core)
---------------------------------------------------------------
Q19                       978.93 K/s     978.93 K/s   66.59 K/s

======================================================================

Next steps:
  1. Review raw results in: benchmark/results/raw/
  2. Generate report: python scripts/generate_report.py
  3. View report in: benchmark/results/reports/

==> Done
Report:
  /home/shuhao/forL0-state-backend/benchmark/results/reports/benchmark_report.html
Raw results:
  /home/shuhao/forL0-state-backend/benchmark/results/raw/
NexMark runs:
  /home/shuhao/forL0-state-backend/benchmark/results/nexmark_*/
