============================================================
  ForL0 benchmark run context
============================================================
  Repo:        /home/shuhao/forL0-state-backend
  Test:        nexmark
  Backend:     all
  Profile:     disabled
  Offline:     true
  Expect TMs:  2
  Expect slots:8
  GitCommit:   99987dbbada2c6d9446fb486393af35eeb1a7d34
  Date:        2026-07-10 09:38:42 +0800

[2/5] 按要求重启 Flink 集群
=== 停止 BriskState Flink Docker 集群 ===
flink-taskmanager-2
flink-taskmanager-1
flink-jobmanager
flink-net
已停止
=== 启动 BriskState Flink Docker 集群 ===
  FLINK_HOME: /home/shuhao/flink-1.20.3
  NATIVE:     /home/shuhao/flink-1.20.3/native
  CONF:       /home/shuhao/forL0-state-backend/docker/conf
  Docker:     sudo -n docker
  JM memory:  8g
  TM memory:  16g
  libnuma:    /lib/aarch64-linux-gnu/libnuma.so.1 -> /lib/aarch64-linux-gnu/libnuma.so.1

17ef9157f2fd5f06e4de59d9bdeea17ed56cd18fc6b502a7b0855a1cabb45cef
[1/3] 启动 JobManager...
0592d5a813345e3c402749248db58bdd6d856b69d548f8859ad0e7db91249b3a
      JobManager IP: 172.18.0.2
[2/3] 启动 TaskManager-1...
a39a45da4a156308f6ac085063253ef26a8d3982a2de1066a044a5d81f09426b
[3/3] 启动 TaskManager-2...
679ae663e8fbf19ed1f53ecd8edb0bb59f341404bed225f7f043575f41a72ab5

等待 JobManager 就绪...
....
=== 集群启动成功! ===
  Web UI: http://localhost:8081
  TaskManagers: 2
  Slots:        8

  查看 TaskManager 日志: /home/shuhao/forL0-state-backend/docker/docker_run.sh logs tm1
  提交作业:     /home/shuhao/flink-1.20.3/bin/flink run -m localhost:8081 -c <MainClass> <jar>
      ✓ Flink 集群健康:
TASKMANAGERS=2
SLOTS_TOTAL=8
SLOTS_AVAILABLE=8
JOBS_RUNNING=0
TM 172.18.0.3:41553-87733a slots=4 free=4 heartbeatMs=0
TM 172.18.0.4:43849-6d7741 slots=4 free=4 heartbeatMs=0
[3/5] 复用已有 benchmark Python 虚拟环境
      ✓ benchmark Python 依赖已满足
[4/5] 开始运行 benchmark/scripts/run_benchmark.py
Command: /home/shuhao/forL0-state-backend/.venv-benchmark/bin/python /home/shuhao/forL0-state-backend/benchmark/scripts/run_benchmark.py --test nexmark --backend all --scenario forl0_tps_probe --query q18
[NexMark] Scenario: forl0_tps_probe — Non-contract probe: per-query NexMark steady-state TPS mode with sink throughput
============================================================
ForL0 StateBackend Benchmark
============================================================
Test: nexmark
Backends: hashmap, forl0
NexMark Queries: q18
NexMark Scenario: forl0_tps_probe
============================================================

============================================================
Running NexMark Benchmark
============================================================

============================================================
Nexmark DataStream Benchmark
============================================================
Queries: ['q18']
Backends: ['hashmap', 'forl0']
Repeat per query: 1
Min successful samples: 1
Mode: benchmark
============================================================


============================================================
Backend: hashmap
============================================================

=== Running Nexmark Q18 (hashmap backend) ===
Events: 0, TPS: 5000000
Proportions: Person(1):Auction(49):Bid(50)
Command: java -Dlog.file=/home/shuhao/forL0-state-backend/docker/deploy/nexmark-flink/log/nexmark-flink.log -Dlog4j.configuration=file:/tmp/nexmark-conf-szph75a4/log4j.properties -Dlog4j.configurationFile=file:/tmp/nexmark-conf-szph75a4/log4j.properties -Dstate.backend.type=org.apache.flink.runtime.state.hashmap.HashMapStateBackendFactory -cp /home/shuhao/forL0-state-backend/docker/deploy/nexmark-flink/lib/*:/home/shuhao/flink-1.20.3/lib/* com.github.nexmark.flink.Benchmark --location /home/shuhao/forL0-state-backend/docker/deploy/nexmark-flink --queries q18 --category forl0

Benchmark Queries: [q18]
==================================================================
Start to run query q18 with workload [tps=5 M, eventsNum=0, percentage=bid:50,auction:49,person:1,kafkaServers:null]
Monitor metrics after 10 seconds.
Start to monitor metrics for 60 seconds.
Monitor TPS metric: vertex=sink, metric=nexmark_q18[8]__Writer.numRecordsInPerSecond
Current Throughput=36.63 K, Cores=18.3 (2 TMs)
Current Throughput=36.63 K, Cores=34.46 (2 TMs)
Current Throughput=36.63 K, Cores=19.2 (2 TMs)
Current Throughput=101.73 K, Cores=22.38 (2 TMs)
Current Throughput=101.73 K, Cores=20.3 (2 TMs)
Current Throughput=172.99 K, Cores=18.71 (2 TMs)
Current Throughput=172.99 K, Cores=22.95 (2 TMs)
Current Throughput=244.15 K, Cores=22.82 (2 TMs)
Current Throughput=244.15 K, Cores=26.3 (2 TMs)
Current Throughput=315.94 K, Cores=27.73 (2 TMs)
Current Throughput=315.94 K, Cores=21.92 (2 TMs)
Current Throughput=384.25 K, Cores=26.72 (2 TMs)
Summary Average: Throughput=180.31 K, Cores=23.48
Stop job query q18
-------------------------------- Nexmark Results --------------------------------

+------+-----------------+---------+-----------------+
| Query| Throughput (r/s)| Cores   | Throughput/Cores|
+------+-----------------+---------+-----------------+
|q18   |180.31 K         |23.48    |7.68 K           |
|Total |-                |-        |7.68 K           |
+------+-----------------+---------+-----------------+



  Result: 180,310.00 events/sec

--- hashmap Summary ---
  q18: 180,310 events/sec (7,679/core)

============================================================
Backend: forl0
============================================================

=== Running Nexmark Q18 (forl0 backend) ===
Events: 0, TPS: 5000000
Proportions: Person(1):Auction(49):Bid(50)
Command: java -Dlog.file=/home/shuhao/forL0-state-backend/docker/deploy/nexmark-flink/log/nexmark-flink.log -Dlog4j.configuration=file:/tmp/nexmark-conf-2tx0eieu/log4j.properties -Dlog4j.configurationFile=file:/tmp/nexmark-conf-2tx0eieu/log4j.properties -Dstate.backend.type=org.apache.flink.state.forl0.ForL0StateBackendFactory -cp /home/shuhao/forL0-state-backend/docker/deploy/nexmark-flink/lib/*:/home/shuhao/flink-1.20.3/lib/* com.github.nexmark.flink.Benchmark --location /home/shuhao/forL0-state-backend/docker/deploy/nexmark-flink --queries q18 --category forl0

  ERROR: TaskManager count dropped below expected: 1 < 2
Benchmark Queries: [q18]
==================================================================
Start to run query q18 with workload [tps=5 M, eventsNum=0, percentage=bid:50,auction:49,person:1,kafkaServers:null]
Monitor metrics after 10 seconds.
Start to monitor metrics for 60 seconds.

[NexMark fail-fast] TaskManager count dropped below expected: 1 < 2

  ERROR: NexMark benchmark driver failed

--- forl0 Summary ---
  Failed: ['q18']

[Nexmark] Results saved to: /home/shuhao/forL0-state-backend/benchmark/results/nexmark_20260710_093856/nexmark_results.json

============================================================
Backend Comparison
============================================================

forl0 vs hashmap:
  q18: 0 vs 180,310 (-100.0%, throughput)

======================================================================
                    BENCHMARK SUMMARY
======================================================================

## Unit Test Benchmark
--------------------------------------------------

## WordCount Benchmark
--------------------------------------------------

## Client Usecase Benchmark
--------------------------------------------------

## NexMark Benchmark
--------------------------------------------------
Query   Proc(s)     hashmap proc eps     report eps     (/core)    forl0 proc eps     report eps     (/core)    Improv
----------------------------------------------------------------------------------------------------------------------
Q18                       180.31 K/s     180.31 K/s    7.68 K/s              0 /s           0 /s        0 /s   -100.0%

======================================================================

Next steps:
  1. Review raw results in: benchmark/results/raw/
  2. Generate report: python scripts/generate_report.py
  3. View report in: benchmark/results/reports/
