============================================================
  ForL0 offline one-command bootstrap
============================================================
  Archive:     /root/forL0/forl0-offline-linux-arm64-py310-20260721.tar.gz
  Project dir: /root/forL0
  Run log:     /dev/null
  Extract to:  /root/forL0/forl0-offline-linux-arm64-py310-20260721
  Installed:   /root/forl0-runtime
  FLINK_HOME:  /root/flink_home

[1/4] Reuse runnable repository at /root/forL0
[2/4] Release archive is not required for repository mode
[3/4] Repository structure validated
[native] source fingerprint unchanged; reuse server-built runtime
[4/4] Install and run ForL0 validation

  Runtime source: repository (/root/forL0)

==> Checking L0 hardware environment
  device:      OK (/dev/hisi_l0)
  libl0:       OK (/opt/pkg/l0memlib/libl0mempool.so; bounded search under /opt)
  libnuma:     OK (/usr/lib64/libnuma.so.1.0.0; ldconfig cache)
  result:      real L0 environment looks available

==> Preparing full repository runtime
============================================================
  ForL0 仓库一键部署
============================================================
  仓库路径:   /root/forL0
  FLINK_HOME: /root/flink_home
  Docker:     docker

      ⚠ 未找到 unit-test benchmark JAR；apps/nexmark/wordcount/client_usecase 运行不依赖该产物
[1/4] 跳过 Docker 镜像加载

[2/4] 检查 L0 环境...
      device:      OK (/dev/hisi_l0)
      libl0:       OK (/opt/pkg/l0memlib/libl0mempool.so; explicit override)
      libnuma:     OK (/usr/lib64/libnuma.so.1.0.0; explicit override)
      ✓ L0 硬件环境可用

[3/4] 安装预编译产物到 Flink...
      ✓ backend JAR 已安装到 /root/flink_home/lib/
      ✓ NexMark JAR 已安装到 /root/flink_home/lib/
      ✓ native 库已安装到 /root/flink_home/native/
      ✓ WordCount benchmark 已就绪
      ✓ Client usecase benchmark 已就绪
      ✓ 环境文件已写入 /root/forL0/docker/forl0-local.env
      ✓ async-profiler 已就绪: /root/forL0/tools/async-profiler

[4/4] 启动 Docker 集群...
      已跳过启动。手工执行：
      source /root/forL0/docker/forl0-local.env
      cd /root/forL0/docker && ./docker_run.sh start

============================================================
  完成
============================================================
  查看状态: source /root/forL0/docker/forl0-local.env && cd /root/forL0/docker && ./docker_run.sh status
  查看日志: source /root/forL0/docker/forl0-local.env && cd /root/forL0/docker && ./docker_run.sh logs tm1
  全量运行 apps: cd /root/forL0/docker && ./run_all_apps.sh
  只跑 WordCount: cd /root/forL0/docker && ./run_all_apps.sh --test wordcount
      ✓ Synced Java 8 NexMark JAR into runtime distribution

==> Runtime summary
  app root:    /root/forL0
  runtime:     /root/forL0
  results:     /root/forL0/benchmark/results/tuning/full_20260816_190623/trial_082_dbf694f3/workloads/N10/results
  FLINK_HOME:  /root/flink_home
  backend:     all
  profile:     --no-profile
  pressure:    forl0_tps_probe
  workloads:   N10
  expected TM: 2
  expected slots: 8
  control rev: unavailable

==> Preflight check
Command: /root/forL0/docker/run_all_apps.sh --offline --preflight-only --test apps --backend all --expected-taskmanagers 2 --expected-slots 8 --restart-cluster --restart-cluster
============================================================
  ForL0 benchmark run context
============================================================
  Repo:        /root/forL0
  Results:     /root/forL0/benchmark/results/tuning/full_20260816_190623/trial_082_dbf694f3/workloads/N10/results
  Test:        apps
  Backend:     all
  Profile:     disabled
  Offline:     true
  Expect TMs:  2
  Expect slots:8
  GitCommit:   unavailable
  RunID:       full_20260816_190623_trial_082_dbf694f3_N10
  ControlRev:  unavailable
  Date:        2026-08-18 16:48:21 +0800

[preflight] 检查 Flink 与 benchmark 产物
      ✓ FLINK_HOME: /root/flink_home
      ✓ benchmark config: /root/forL0/benchmark/config/benchmark.yaml
      ✓ benchmark entry: /root/forL0/benchmark/scripts/run_benchmark.py
      ✓ requirements: /root/forL0/benchmark/requirements.txt
      ✓ WordCount JAR: /root/forL0/docker/deploy/wordcount-benchmark-1.0-SNAPSHOT.jar
      ✓ NexMark JAR: /root/forL0/docker/deploy/nexmark-flink-0.3-SNAPSHOT.jar
      ✓ NexMark top-level JAR: Java 8 compatible and cancel-409 fix present
      ✓ NexMark driver JAR: Java 8 compatible and cancel-409 fix present
      ✓ NexMark bin: /root/forL0/docker/deploy/nexmark-flink/bin
      ✓ NexMark conf: /root/forL0/docker/deploy/nexmark-flink/conf
      ✓ NexMark queries: /root/forL0/docker/deploy/nexmark-flink/queries
      ✓ Client usecase JAR: /root/forL0/docker/deploy/flink-keyedcoprocessfunction-example-1.0-SNAPSHOT-jar-with-dependencies.jar
      ✓ Client hotspot-drift JAR: /root/forL0/docker/deploy/client-drift-benchmark-1.0-SNAPSHOT.jar
      ✓ ForL0 backend JAR in Flink lib: /root/flink_home/lib/flink-statebackend-forL0-1.0-SNAPSHOT.jar
      ✓ native library: /root/flink_home/native/libforl0_engine.so
[3/5] 复用依赖完整的 benchmark Python: /root/forl0-runtime/.venv-benchmark-cp310/bin/python
      Python:       /root/forl0-runtime/.venv-benchmark-cp310/bin/python (3.10)
      ✓ config loaded
      ✓ nexmark queries: q4,q5,q8,q9,q11,q18,q19,q20
      ✓ client scenarios: contract_baseline,forl0_optimized,state_pressure_300k,state_pressure_1m,hotspot_drift_300k,hotspot_drift_1m,hotspot_state_left_2m,hotspot_state_join_2m,scalar_state_probe_1m,scalar_state_probe_2m_ops64,scalar_state_probe_2m_ops16,scalar_state_probe_2m_ops16_fused,scalar_state_probe_2m_ops16_batch,scalar_state_probe_2m_ops64_batch,scalar_state_probe_1m_ops128_batch,scalar_value_probe_5m_ops16,scalar_value_probe_20m_ops16
[preflight] 检查通过。
[2/5] 按要求重启 Flink 集群
=== 停止 BriskState Flink Docker 集群 ===
flink-taskmanager-2
flink-taskmanager-1
flink-jobmanager
flink-net
已停止
=== 启动 BriskState Flink Docker 集群 ===
  FLINK_HOME: /root/flink_home
  NATIVE:     /root/flink_home/native
  CONF:       /root/forL0/docker/conf
  Docker:     docker
  JM memory:  8g
  TM memory:  16g
  libnuma:    /usr/lib64/libnuma.so.1.0.0 -> /usr/lib/libnuma.so.1
  libl0:      /opt/pkg/l0memlib/libl0mempool.so -> /usr/lib[64]/libl0mempool.so

[0/3] 清理残留 benchmark 容器...
64cdd4dfc96665416a2a0fd455b6c1c39583811a637dc569e11364a6a16d7ade
[1/3] 启动 JobManager...
9503d606bf346f41588417bd58142f210e60bc578ae4afb8fc832eee1bee31ea
      JobManager IP: 172.18.0.2
[2/3] 启动 TaskManager-1...
aa20d661d0de70ef00c6132639cebcca2e29d693907a45f24b54e296c6306ac3
[3/3] 启动 TaskManager-2...
014e6d33034a295a6dd3141a299549467d01683cb07edbdf2de99cd09b6d556f

等待 JobManager 就绪...
...
=== 集群启动成功! ===
  Web UI: http://localhost:8081
  TaskManagers: 2
  Slots:        8

  查看 TaskManager 日志: /root/forL0/docker/docker_run.sh logs tm1
  提交作业:     /root/flink_home/bin/flink run -m localhost:8081 -c <MainClass> <jar>
      ✓ Flink 集群健康:
TASKMANAGERS=2
SLOTS_TOTAL=8
SLOTS_AVAILABLE=8
JOBS_RUNNING=0
TM 172.18.0.3:40343-244e06 slots=4 free=4 heartbeatMs=0
TM 172.18.0.4:41627-8caefa slots=4 free=4 heartbeatMs=0
Ascend reproduction manifest: /root/forL0/benchmark/results/tuning/full_20260816_190623/trial_082_dbf694f3/workloads/N10/results/run_logs/ascend_reproduction_20260818_164831.tsv

==> Ascend reproduction N10: nexmark_q9_allq_pressure_forl0
Command: /root/forL0/docker/run_all_apps.sh --offline --test nexmark --scenario forl0_no_full_gc_allq_pressure --query q9 --backend forl0 --no-profile --no-report --expected-taskmanagers 2 --expected-slots 8 --restart-cluster
============================================================
  ForL0 benchmark run context
============================================================
  Repo:        /root/forL0
  Results:     /root/forL0/benchmark/results/tuning/full_20260816_190623/trial_082_dbf694f3/workloads/N10/results
  Test:        nexmark
  Backend:     forl0
  Profile:     disabled
  Offline:     true
  Expect TMs:  2
  Expect slots:8
  GitCommit:   unavailable
  RunID:       full_20260816_190623_trial_082_dbf694f3_N10
  ControlRev:  unavailable
  Date:        2026-08-18 16:48:31 +0800

[2/5] 按要求重启 Flink 集群
=== 停止 BriskState Flink Docker 集群 ===
flink-taskmanager-2
flink-taskmanager-1
flink-jobmanager
flink-net
已停止
=== 启动 BriskState Flink Docker 集群 ===
  FLINK_HOME: /root/flink_home
  NATIVE:     /root/flink_home/native
  CONF:       /root/forL0/docker/conf
  Docker:     docker
  JM memory:  8g
  TM memory:  16g
  libnuma:    /usr/lib64/libnuma.so.1.0.0 -> /usr/lib/libnuma.so.1
  libl0:      /opt/pkg/l0memlib/libl0mempool.so -> /usr/lib[64]/libl0mempool.so

[0/3] 清理残留 benchmark 容器...
8901b2bba1933b1e3b0bd8cc349c4e25a2d841c4cca6a69a682015410e3985f7
[1/3] 启动 JobManager...
f54aea17ea7d94827d630abb1186e1a74a91abbbdd369c2feefb48209fa51065
      JobManager IP: 172.19.0.2
[2/3] 启动 TaskManager-1...
188e8ac82f02b2db366c571390f5e0470deadc5770dc2018ace4b103bc5d1bd2
[3/3] 启动 TaskManager-2...
a165f1a001f0fa71896c191ce235e31853463ee8ab354672bfd817e5f3fdb7e2

等待 JobManager 就绪...
...
=== 集群启动成功! ===
  Web UI: http://localhost:8081
  TaskManagers: 2
  Slots:        8

  查看 TaskManager 日志: /root/forL0/docker/docker_run.sh logs tm1
  提交作业:     /root/flink_home/bin/flink run -m localhost:8081 -c <MainClass> <jar>
      ✓ Flink 集群健康:
TASKMANAGERS=2
SLOTS_TOTAL=8
SLOTS_AVAILABLE=8
JOBS_RUNNING=0
TM 172.19.0.4:45285-dcee35 slots=4 free=4 heartbeatMs=0
TM 172.19.0.3:43557-a27e90 slots=4 free=4 heartbeatMs=0
[3/5] 复用依赖完整的 benchmark Python: /root/forl0-runtime/.venv-benchmark-cp310/bin/python
      Python:       /root/forl0-runtime/.venv-benchmark-cp310/bin/python (3.10)
[4/5] 开始运行 benchmark/scripts/run_benchmark.py
Command: /root/forl0-runtime/.venv-benchmark-cp310/bin/python /root/forL0/benchmark/scripts/run_benchmark.py --test nexmark --backend forl0 --scenario forl0_no_full_gc_allq_pressure --query q9
[NexMark] Scenario: forl0_no_full_gc_allq_pressure — Non-contract pressure sweep: tune every stateful NexMark query under no-Full-GC acceptance
============================================================
ForL0 StateBackend Benchmark
============================================================
Test: nexmark
Backends: forl0
NexMark Queries: q9
NexMark Scenario: forl0_no_full_gc_allq_pressure
============================================================

============================================================
Running NexMark Benchmark
============================================================

============================================================
Nexmark DataStream Benchmark
============================================================
Queries: ['q9']
Backends: ['forl0']
Repeat per query: 1
Min successful samples: 1
Mode: benchmark
============================================================


============================================================
Backend: forl0
============================================================
[Nexmark] Category compatibility view: forl0 -> oa (/tmp/nexmark-conf-h52kvmz0/nexmark-home/queries)

=== Running Nexmark Q9 (forl0 backend) ===
Events: 0, TPS: 200000
Proportions: Person(1):Auction(49):Bid(50)
Hot ratios: bid.auctions=16, bid.bidders=default
Command: java -Dlog.file=/root/forL0/docker/deploy/nexmark-flink/log/nexmark-flink.log -Dlog4j.configuration=file:/tmp/nexmark-conf-h52kvmz0/log4j.properties -Dlog4j.configurationFile=file:/tmp/nexmark-conf-h52kvmz0/log4j.properties -Dstate.backend.type=org.apache.flink.state.forl0.ForL0StateBackendFactory -Dstate.backend.forl0.initial-table-capacity=8192 -Dstate.backend.forl0.max-table-capacity=4194304 -Dstate.backend.forl0.l0-cache.enabled=true -Dstate.backend.forl0.l0-cache.total-size=128mb -Dstate.backend.forl0.l0-cache.expected-engines=2 -Dstate.backend.forl0.l0-cache.strict-allocation=true -Dstate.backend.forl0.native-memory.max-size=768mb -Dstate.backend.forl0.main-table.load-factor-threshold=0.8 -DforL0.metricsCollector.enabled=false -cp /root/forL0/docker/deploy/nexmark-flink/lib/*:/root/flink_home/lib/* com.github.nexmark.flink.Benchmark --location /tmp/nexmark-conf-h52kvmz0/nexmark-home --queries q9 --category oa

Benchmark Queries: [q9]
==================================================================
Start to run query q9 with workload [tps=200 K, eventsNum=0, percentage=bid:50,auction:49,person:1,kafkaServers:null]
Monitor metrics after 25 seconds.
Start to monitor metrics for 30 seconds.
Monitor TPS metric: vertex=sink, metric=Rank[13].numRecordsInPerSecond
Current Throughput=30.03 K, Cores=12.57 (2 TMs)
Current Throughput=30.03 K, Cores=10.95 (2 TMs)
Current Throughput=30.03 K, Cores=11.26 (2 TMs)
Current Throughput=43.99 K, Cores=9.81 (2 TMs)
Current Throughput=43.99 K, Cores=11.39 (2 TMs)
Current Throughput=64.92 K, Cores=9.86 (2 TMs)
Summary Average: Throughput=40.5 K, Cores=10.97
Stop job query q9
-------------------------------- Nexmark Results --------------------------------

+------+-----------------+---------+-----------------+
| Query| Throughput (r/s)| Cores   | Throughput/Cores|
+------+-----------------+---------+-----------------+
|q9    |40.5 K           |10.97    |3.69 K           |
|Total |-                |-        |3.69 K           |
+------+-----------------+---------+-----------------+



  Result: 40,500.00 events/sec

--- forl0 Summary ---
  q9: 40,500 events/sec (3,692/core)

[Nexmark] Results saved to: /root/forL0/benchmark/results/tuning/full_20260816_190623/trial_082_dbf694f3/workloads/N10/results/nexmark_20260818_164842/nexmark_results.json

======================================================================
                    BENCHMARK SUMMARY
======================================================================

## Unit Test Benchmark
--------------------------------------------------

## WordCount Benchmark
--------------------------------------------------

## Client Usecase Benchmark
--------------------------------------------------

## NexMark Benchmark
--------------------------------------------------
Query   Proc(s)       forl0 proc eps     report eps     (/core)
---------------------------------------------------------------
Q9                         40.50 K/s      40.50 K/s    3.69 K/s

======================================================================

Next steps:
  1. Review raw results in: /root/forL0/benchmark/results/tuning/full_20260816_190623/trial_082_dbf694f3/workloads/N10/results/raw/
  2. Generate report: python scripts/generate_report.py
  3. View report in: /root/forL0/benchmark/results/tuning/full_20260816_190623/trial_082_dbf694f3/workloads/N10/results/reports/
[evidence] TaskManager evidence: /root/forL0/benchmark/results/tuning/full_20260816_190623/trial_082_dbf694f3/workloads/N10/results/run_logs/taskmanager_nexmark_forl0_20260818_164953.log
=== flink-taskmanager-1 ===
=== flink-taskmanager-2 ===
[ForL0-HotCache] engine_start active=1 key_groups=64:96 requested_bytes=67108864 actual_bytes=67108800 total_sets=349525 strict=1
[ForL0-HotCache] engine_reuse active=1 key_groups=0:32 requested_bytes=67108864 actual_bytes=67108800 total_sets=349525 strict=1
[ForL0-HotCache] engine_reuse active=1 key_groups=32:64 requested_bytes=67108864 actual_bytes=67108800 total_sets=349525 strict=1
[ForL0-HotCache] engine_reuse active=1 key_groups=96:128 requested_bytes=67108864 actual_bytes=67108800 total_sets=349525 strict=1
[ForL0-HotCache] engine_reuse active=1 key_groups=96:128 requested_bytes=67108864 actual_bytes=67108800 total_sets=349525 strict=1
[ForL0-HotCache] engine_reuse active=1 key_groups=64:96 requested_bytes=67108864 actual_bytes=67108800 total_sets=349525 strict=1
[ForL0-HotCache] engine_reuse active=1 key_groups=32:64 requested_bytes=67108864 actual_bytes=67108800 total_sets=349525 strict=1
[ForL0-HotCache] engine_reuse active=1 key_groups=0:32 requested_bytes=67108864 actual_bytes=67108800 total_sets=349525 strict=1
[ForL0-HotCache] engine_summary requested_bytes=67108864 actual_bytes=67108800 used_bytes=0 total_sets=349525 free_sets=349525 caches=0 lookups=0 hits=0 invalidations=0 writes=0 bypass_events=0
[ForL0-Memory] engine_summary used_bytes=204473344 peak_bytes=205538320 max_bytes=805306368
[ForL0-HotCache] engine_summary requested_bytes=67108864 actual_bytes=67108800 used_bytes=0 total_sets=349525 free_sets=349525 caches=0 lookups=0 hits=0 invalidations=0 writes=0 bypass_events=0
[ForL0-Memory] engine_summary used_bytes=204473344 peak_bytes=205538320 max_bytes=805306368
[ForL0-HotCache] engine_summary requested_bytes=67108864 actual_bytes=67108800 used_bytes=0 total_sets=349525 free_sets=349525 caches=0 lookups=0 hits=0 invalidations=0 writes=0 bypass_events=0
[ForL0-Memory] engine_summary used_bytes=204473344 peak_bytes=205538320 max_bytes=805306368
[ForL0-HotCache] engine_summary requested_bytes=67108864 actual_bytes=67108800 used_bytes=0 total_sets=349525 free_sets=349525 caches=0 lookups=0 hits=0 invalidations=0 writes=0 bypass_events=0
[ForL0-Memory] engine_summary used_bytes=204473344 peak_bytes=205538320 max_bytes=805306368
[ForL0-HotCache] engine_summary requested_bytes=67108864 actual_bytes=67108800 used_bytes=0 total_sets=349525 free_sets=349525 caches=0 lookups=0 hits=0 invalidations=0 writes=0 bypass_events=0
[ForL0-Memory] engine_summary used_bytes=42992128 peak_bytes=43663888 max_bytes=805306368
[ForL0-HotCache] engine_summary requested_bytes=67108864 actual_bytes=67108800 used_bytes=0 total_sets=349525 free_sets=349525 caches=0 lookups=0 hits=0 invalidations=0 writes=0 bypass_events=0
[ForL0-Memory] engine_summary used_bytes=42992128 peak_bytes=43663888 max_bytes=805306368
[ForL0-HotCache] engine_summary requested_bytes=67108864 actual_bytes=67108800 used_bytes=0 total_sets=349525 free_sets=349525 caches=0 lookups=0 hits=0 invalidations=0 writes=0 bypass_events=0
[ForL0-Memory] engine_summary used_bytes=42992128 peak_bytes=43663888 max_bytes=805306368
[ForL0-HotCache] engine_summary requested_bytes=67108864 actual_bytes=67108800 used_bytes=0 total_sets=349525 free_sets=349525 caches=0 lookups=0 hits=0 invalidations=0 writes=0 bypass_events=0
[ForL0-Memory] engine_summary used_bytes=42992128 peak_bytes=43663888 max_bytes=805306368

==> Done
Raw results:
  /root/forL0/benchmark/results/tuning/full_20260816_190623/trial_082_dbf694f3/workloads/N10/results/raw/
NexMark runs:
  /root/forL0/benchmark/results/tuning/full_20260816_190623/trial_082_dbf694f3/workloads/N10/results/nexmark_*/
Derived figures/reports: disabled on the experiment server
