=== flink-taskmanager-1 ===
[ForL0-HotCache] engine_start active=1 key_groups=64:96 requested_bytes=201326592 actual_bytes=201326400 total_sets=1048575 strict=1
[ForL0-HotCache] engine_reuse active=1 key_groups=32:64 requested_bytes=201326592 actual_bytes=201326400 total_sets=1048575 strict=1
[ForL0-HotCache] engine_reuse active=1 key_groups=0:32 requested_bytes=201326592 actual_bytes=201326400 total_sets=1048575 strict=1
[ForL0-HotCache] engine_reuse active=1 key_groups=96:128 requested_bytes=201326592 actual_bytes=201326400 total_sets=1048575 strict=1
[ForL0-HotCache] state_attach name=ScalarLeftCount requested_bytes=1048576 actual_bytes=786432 sets=4096
[ForL0-HotCache] state_attach name=ScalarLeftCount requested_bytes=1048576 actual_bytes=786432 sets=4096
[ForL0-HotCache] state_attach name=ScalarLeftCount requested_bytes=1048576 actual_bytes=786432 sets=4096
[ForL0-HotCache] state_attach name=ScalarLeftCount requested_bytes=1048576 actual_bytes=786432 sets=4096
[ForL0-HotCache] state_attach name=ScalarRightCount requested_bytes=1048576 actual_bytes=786432 sets=4096
[ForL0-HotCache] state_attach name=ScalarRightCount requested_bytes=1048576 actual_bytes=786432 sets=4096
[ForL0-HotCache] state_attach name=ScalarRightCount requested_bytes=1048576 actual_bytes=786432 sets=4096
[ForL0-HotCache] state_attach name=ScalarRightCount requested_bytes=1048576 actual_bytes=786432 sets=4096
[ForL0-HotCache] state_summary name=ScalarLeftCount sets=4096 lookups=451159 hits=360962 invalidations=0 writes=467528 bypass_events=0 bypassed=0
[ForL0-HotCache] state_summary name=ScalarRightCount sets=4096 lookups=502598 hits=129618 invalidations=0 writes=51474 bypass_events=0 bypassed=0
[ForL0-HotCache] engine_summary requested_bytes=201326592 actual_bytes=201326400 used_bytes=6291456 total_sets=1048575 free_sets=1015807 caches=8 lookups=3717078 hits=1899054 invalidations=0 writes=2021504 bypass_events=0
[ForL0-Memory] engine_summary used_bytes=13394944 peak_bytes=13493264 max_bytes=1342177280
[ForL0-HotCache] state_summary name=ScalarLeftCount sets=4096 lookups=449288 hits=358932 invalidations=0 writes=465588 bypass_events=0 bypassed=0
[ForL0-HotCache] state_summary name=ScalarRightCount sets=4096 lookups=498262 hits=121970 invalidations=0 writes=49051 bypass_events=0 bypassed=0
[ForL0-HotCache] engine_summary requested_bytes=201326592 actual_bytes=201326400 used_bytes=4718592 total_sets=1048575 free_sets=1023999 caches=6 lookups=2781191 hits=1416664 invalidations=0 writes=1512109 bypass_events=0
[ForL0-Memory] engine_summary used_bytes=13268992 peak_bytes=13367312 max_bytes=1342177280
[ForL0-HotCache] state_summary name=ScalarLeftCount sets=4096 lookups=450138 hits=359345 invalidations=0 writes=466603 bypass_events=0 bypassed=0
[ForL0-HotCache] state_summary name=ScalarRightCount sets=4096 lookups=500181 hits=125045 invalidations=0 writes=50124 bypass_events=0 bypassed=0
[ForL0-HotCache] engine_summary requested_bytes=201326592 actual_bytes=201326400 used_bytes=3145728 total_sets=1048575 free_sets=1032191 caches=4 lookups=1868236 hits=951582 invalidations=0 writes=1016052 bypass_events=0
[ForL0-Memory] engine_summary used_bytes=13436928 peak_bytes=13535248 max_bytes=1342177280
[ForL0-HotCache] state_summary name=ScalarLeftCount sets=4096 lookups=449415 hits=358455 invalidations=0 writes=466016 bypass_events=0 bypassed=0
[ForL0-HotCache] state_summary name=ScalarRightCount sets=4096 lookups=498959 hits=122834 invalidations=0 writes=49641 bypass_events=0 bypassed=0
[ForL0-HotCache] engine_summary requested_bytes=201326592 actual_bytes=201326400 used_bytes=1572864 total_sets=1048575 free_sets=1040383 caches=2 lookups=948374 hits=481289 invalidations=0 writes=515657 bypass_events=0
[ForL0-Memory] engine_summary used_bytes=13394944 peak_bytes=13493264 max_bytes=1342177280
=== flink-taskmanager-2 ===
