=== flink-taskmanager-1 ===
[ForL0-HotCache] engine_start active=1 key_groups=64:96 requested_bytes=201326592 actual_bytes=201326400 total_sets=1048575 strict=1
[ForL0-HotCache] engine_reuse active=1 key_groups=0:32 requested_bytes=201326592 actual_bytes=201326400 total_sets=1048575 strict=1
[ForL0-HotCache] engine_reuse active=1 key_groups=96:128 requested_bytes=201326592 actual_bytes=201326400 total_sets=1048575 strict=1
[ForL0-HotCache] engine_reuse active=1 key_groups=32:64 requested_bytes=201326592 actual_bytes=201326400 total_sets=1048575 strict=1
[ForL0-HotCache] state_attach name=ScalarLeftCount requested_bytes=1048576 actual_bytes=786432 sets=4096
[ForL0-HotCache] state_attach name=ScalarLeftCount requested_bytes=1048576 actual_bytes=786432 sets=4096
[ForL0-HotCache] state_attach name=ScalarLeftCount requested_bytes=1048576 actual_bytes=786432 sets=4096
[ForL0-HotCache] state_attach name=ScalarLeftCount requested_bytes=1048576 actual_bytes=786432 sets=4096
[ForL0-HotCache] state_attach name=ScalarRightCount requested_bytes=1048576 actual_bytes=786432 sets=4096
[ForL0-HotCache] state_attach name=ScalarRightCount requested_bytes=1048576 actual_bytes=786432 sets=4096
[ForL0-HotCache] state_attach name=ScalarRightCount requested_bytes=1048576 actual_bytes=786432 sets=4096
[ForL0-HotCache] state_attach name=ScalarRightCount requested_bytes=1048576 actual_bytes=786432 sets=4096
[ForL0-HotCache] state_summary name=ScalarLeftCount sets=4096 lookups=451159 hits=361051 invalidations=0 writes=467439 bypass_events=0 bypassed=0
[ForL0-HotCache] state_summary name=ScalarRightCount sets=4096 lookups=502598 hits=129618 invalidations=0 writes=51474 bypass_events=0 bypassed=0
[ForL0-HotCache] state_summary name=ScalarLeftCount sets=4096 lookups=449415 hits=358376 invalidations=0 writes=466095 bypass_events=0 bypassed=0
[ForL0-HotCache] state_summary name=ScalarRightCount sets=4096 lookups=498959 hits=122834 invalidations=0 writes=49641 bypass_events=0 bypassed=0
[ForL0-HotCache] engine_summary requested_bytes=201326592 actual_bytes=201326400 used_bytes=6291456 total_sets=1048575 free_sets=1015807 caches=8 lookups=3725216 hits=1916028 invalidations=0 writes=2025828 bypass_events=0
[ForL0-Memory] engine_summary used_bytes=13394944 peak_bytes=13493264 max_bytes=1342177280
[ForL0-HotCache] engine_summary requested_bytes=201326592 actual_bytes=201326400 used_bytes=6291456 total_sets=1048575 free_sets=1015807 caches=8 lookups=3725206 hits=1916025 invalidations=0 writes=2025820 bypass_events=0
[ForL0-Memory] engine_summary used_bytes=13394944 peak_bytes=13493264 max_bytes=1342177280
[ForL0-HotCache] state_summary name=ScalarLeftCount sets=4096 lookups=449288 hits=358932 invalidations=0 writes=465588 bypass_events=0 bypassed=0
[ForL0-HotCache] state_summary name=ScalarRightCount sets=4096 lookups=498262 hits=135049 invalidations=0 writes=49051 bypass_events=0 bypassed=0
[ForL0-HotCache] engine_summary requested_bytes=201326592 actual_bytes=201326400 used_bytes=3145728 total_sets=1048575 free_sets=1032191 caches=4 lookups=1843914 hits=953718 invalidations=0 writes=1002379 bypass_events=0
[ForL0-Memory] engine_summary used_bytes=13268992 peak_bytes=13367312 max_bytes=1342177280
[ForL0-HotCache] state_summary name=ScalarLeftCount sets=4096 lookups=450138 hits=359345 invalidations=0 writes=466603 bypass_events=0 bypassed=0
[ForL0-HotCache] state_summary name=ScalarRightCount sets=4096 lookups=500181 hits=125045 invalidations=0 writes=50124 bypass_events=0 bypassed=0
[ForL0-HotCache] engine_summary requested_bytes=201326592 actual_bytes=201326400 used_bytes=1572864 total_sets=1048575 free_sets=1040383 caches=2 lookups=950319 hits=484390 invalidations=0 writes=516727 bypass_events=0
[ForL0-Memory] engine_summary used_bytes=13436928 peak_bytes=13535248 max_bytes=1342177280
=== flink-taskmanager-2 ===
