============================================================
  ForL0 offline one-command bootstrap
============================================================
  Archive:     /root/forL0/forl0-offline-linux-arm64-py310-20260721.tar.gz
  Project dir: /root/forL0
  Run log:     /dev/null
  Extract to:  /root/forL0/forl0-offline-linux-arm64-py310-20260721
  Installed:   /root/forl0-runtime
  FLINK_HOME:  /root/flink_home

[1/4] Reuse runnable repository at /root/forL0
[2/4] Release archive is not required for repository mode
[3/4] Repository structure validated
[native] source fingerprint unchanged; reuse server-built runtime
[4/4] Install and run ForL0 validation

  Runtime source: repository (/root/forL0)

==> Checking L0 hardware environment
  device:      OK (/dev/hisi_l0)
  libl0:       OK (/opt/pkg/l0memlib/libl0mempool.so; bounded search under /opt)
  libnuma:     OK (/usr/lib64/libnuma.so.1.0.0; ldconfig cache)
  result:      real L0 environment looks available

==> Preparing full repository runtime
============================================================
  ForL0 仓库一键部署
============================================================
  仓库路径:   /root/forL0
  FLINK_HOME: /root/flink_home
  Docker:     docker

      ⚠ 未找到 unit-test benchmark JAR；apps/nexmark/wordcount/client_usecase 运行不依赖该产物
[1/4] 跳过 Docker 镜像加载

[2/4] 检查 L0 环境...
      device:      OK (/dev/hisi_l0)
      libl0:       OK (/opt/pkg/l0memlib/libl0mempool.so; explicit override)
      libnuma:     OK (/usr/lib64/libnuma.so.1.0.0; explicit override)
      ✓ L0 硬件环境可用

[3/4] 安装预编译产物到 Flink...
      ✓ backend JAR 已安装到 /root/flink_home/lib/
      ✓ NexMark JAR 已安装到 /root/flink_home/lib/
      ✓ native 库已安装到 /root/flink_home/native/
      ✓ WordCount benchmark 已就绪
      ✓ Client usecase benchmark 已就绪
      ✓ 环境文件已写入 /root/forL0/docker/forl0-local.env
      ✓ async-profiler 已就绪: /root/forL0/tools/async-profiler

[4/4] 启动 Docker 集群...
      已跳过启动。手工执行：
      source /root/forL0/docker/forl0-local.env
      cd /root/forL0/docker && ./docker_run.sh start

============================================================
  完成
============================================================
  查看状态: source /root/forL0/docker/forl0-local.env && cd /root/forL0/docker && ./docker_run.sh status
  查看日志: source /root/forL0/docker/forl0-local.env && cd /root/forL0/docker && ./docker_run.sh logs tm1
  全量运行 apps: cd /root/forL0/docker && ./run_all_apps.sh
  只跑 WordCount: cd /root/forL0/docker && ./run_all_apps.sh --test wordcount
      ✓ Synced Java 8 NexMark JAR into runtime distribution

==> Runtime summary
  app root:    /root/forL0
  runtime:     /root/forL0
  results:     /root/forL0/benchmark/results/tuning/full_20260816_190623/trial_018_97963099/workloads/N04/results
  FLINK_HOME:  /root/flink_home
  backend:     all
  profile:     --no-profile
  pressure:    forl0_tps_probe
  workloads:   N04
  expected TM: 2
  expected slots: 8
  control rev: unavailable

==> Preflight check
Command: /root/forL0/docker/run_all_apps.sh --offline --preflight-only --test apps --backend all --expected-taskmanagers 2 --expected-slots 8 --restart-cluster --restart-cluster
============================================================
  ForL0 benchmark run context
============================================================
  Repo:        /root/forL0
  Results:     /root/forL0/benchmark/results/tuning/full_20260816_190623/trial_018_97963099/workloads/N04/results
  Test:        apps
  Backend:     all
  Profile:     disabled
  Offline:     true
  Expect TMs:  2
  Expect slots:8
  GitCommit:   unavailable
  RunID:       full_20260816_190623_trial_018_97963099_N04
  ControlRev:  unavailable
  Date:        2026-08-17 04:55:16 +0800

[preflight] 检查 Flink 与 benchmark 产物
      ✓ FLINK_HOME: /root/flink_home
      ✓ benchmark config: /root/forL0/benchmark/config/benchmark.yaml
      ✓ benchmark entry: /root/forL0/benchmark/scripts/run_benchmark.py
      ✓ requirements: /root/forL0/benchmark/requirements.txt
      ✓ WordCount JAR: /root/forL0/docker/deploy/wordcount-benchmark-1.0-SNAPSHOT.jar
      ✓ NexMark JAR: /root/forL0/docker/deploy/nexmark-flink-0.3-SNAPSHOT.jar
      ✓ NexMark top-level JAR: Java 8 compatible and cancel-409 fix present
      ✓ NexMark driver JAR: Java 8 compatible and cancel-409 fix present
      ✓ NexMark bin: /root/forL0/docker/deploy/nexmark-flink/bin
      ✓ NexMark conf: /root/forL0/docker/deploy/nexmark-flink/conf
      ✓ NexMark queries: /root/forL0/docker/deploy/nexmark-flink/queries
      ✓ Client usecase JAR: /root/forL0/docker/deploy/flink-keyedcoprocessfunction-example-1.0-SNAPSHOT-jar-with-dependencies.jar
      ✓ Client hotspot-drift JAR: /root/forL0/docker/deploy/client-drift-benchmark-1.0-SNAPSHOT.jar
      ✓ ForL0 backend JAR in Flink lib: /root/flink_home/lib/flink-statebackend-forL0-1.0-SNAPSHOT.jar
      ✓ native library: /root/flink_home/native/libforl0_engine.so
[3/5] 复用依赖完整的 benchmark Python: /root/forl0-runtime/.venv-benchmark-cp310/bin/python
      Python:       /root/forl0-runtime/.venv-benchmark-cp310/bin/python (3.10)
      ✓ config loaded
      ✓ nexmark queries: q4,q5,q8,q9,q11,q18,q19,q20
      ✓ client scenarios: contract_baseline,forl0_optimized,state_pressure_300k,state_pressure_1m,hotspot_drift_300k,hotspot_drift_1m,hotspot_state_left_2m,hotspot_state_join_2m,scalar_state_probe_1m,scalar_state_probe_2m_ops64,scalar_state_probe_2m_ops16,scalar_state_probe_2m_ops16_fused,scalar_state_probe_2m_ops16_batch,scalar_state_probe_2m_ops64_batch,scalar_state_probe_1m_ops128_batch,scalar_value_probe_5m_ops16,scalar_value_probe_20m_ops16
[preflight] 检查通过。
[2/5] 按要求重启 Flink 集群
=== 停止 BriskState Flink Docker 集群 ===
flink-taskmanager-2
flink-taskmanager-1
flink-jobmanager
flink-net
已停止
=== 启动 BriskState Flink Docker 集群 ===
  FLINK_HOME: /root/flink_home
  NATIVE:     /root/flink_home/native
  CONF:       /root/forL0/docker/conf
  Docker:     docker
  JM memory:  8g
  TM memory:  16g
  libnuma:    /usr/lib64/libnuma.so.1.0.0 -> /usr/lib/libnuma.so.1
  libl0:      /opt/pkg/l0memlib/libl0mempool.so -> /usr/lib[64]/libl0mempool.so

[0/3] 清理残留 benchmark 容器...
1383fc016fb6d7fa1235717ca88356588285f1faa4e623cc8385ad7e85e90196
[1/3] 启动 JobManager...
137f8b07ef70efff4f5ebf08b560751d6eafa63e2ed37f7b45aa4ec3b7691ca0
      JobManager IP: 192.168.208.2
[2/3] 启动 TaskManager-1...
8489ccf85aa0436c524892a0691e037a040c81f6b5f44eee9dd100d3c7f7d0a2
[3/3] 启动 TaskManager-2...
9c35484c8b817a7212d41a31c0920a12d6291cd429e0c5ee95d792aac1ef21c5

等待 JobManager 就绪...
...
=== 集群启动成功! ===
  Web UI: http://localhost:8081
  TaskManagers: 2
  Slots:        8

  查看 TaskManager 日志: /root/forL0/docker/docker_run.sh logs tm1
  提交作业:     /root/flink_home/bin/flink run -m localhost:8081 -c <MainClass> <jar>
      ✓ Flink 集群健康:
TASKMANAGERS=2
SLOTS_TOTAL=8
SLOTS_AVAILABLE=8
JOBS_RUNNING=0
TM 192.168.208.3:46411-ac5e23 slots=4 free=4 heartbeatMs=0
TM 192.168.208.4:41521-85c399 slots=4 free=4 heartbeatMs=0
Ascend reproduction manifest: /root/forL0/benchmark/results/tuning/full_20260816_190623/trial_018_97963099/workloads/N04/results/run_logs/ascend_reproduction_20260817_045525.tsv

==> Ascend reproduction N04: nexmark_q18_lateq_deep_forl0
Command: /root/forL0/docker/run_all_apps.sh --offline --test nexmark --scenario forl0_no_full_gc_lateq_deep --query q18 --backend forl0 --no-profile --no-report --expected-taskmanagers 2 --expected-slots 8 --restart-cluster
============================================================
  ForL0 benchmark run context
============================================================
  Repo:        /root/forL0
  Results:     /root/forL0/benchmark/results/tuning/full_20260816_190623/trial_018_97963099/workloads/N04/results
  Test:        nexmark
  Backend:     forl0
  Profile:     disabled
  Offline:     true
  Expect TMs:  2
  Expect slots:8
  GitCommit:   unavailable
  RunID:       full_20260816_190623_trial_018_97963099_N04
  ControlRev:  unavailable
  Date:        2026-08-17 04:55:25 +0800

[2/5] 按要求重启 Flink 集群
=== 停止 BriskState Flink Docker 集群 ===
flink-taskmanager-2
flink-taskmanager-1
flink-jobmanager
flink-net
已停止
=== 启动 BriskState Flink Docker 集群 ===
  FLINK_HOME: /root/flink_home
  NATIVE:     /root/flink_home/native
  CONF:       /root/forL0/docker/conf
  Docker:     docker
  JM memory:  8g
  TM memory:  16g
  libnuma:    /usr/lib64/libnuma.so.1.0.0 -> /usr/lib/libnuma.so.1
  libl0:      /opt/pkg/l0memlib/libl0mempool.so -> /usr/lib[64]/libl0mempool.so

[0/3] 清理残留 benchmark 容器...
924807381b0faf58598fbc82afc129bfcf20036cf651c3504429b889ecd744b5
[1/3] 启动 JobManager...
ec57d396e3ca201cc02cbe4f7c9dd90128a20ce96f525c3450a2d5d5e915b317
      JobManager IP: 192.168.224.2
[2/3] 启动 TaskManager-1...
94ea7c201effb6c4ec8578a2af13a6bc56df36ba1c8d824b3a9a8cdbd00360df
[3/3] 启动 TaskManager-2...
b6c044304f0a05d774f49875f8cc9126b41ef7a45062d45992cca86b447abccc

等待 JobManager 就绪...
..
=== 集群启动成功! ===
  Web UI: http://localhost:8081
  TaskManagers: 2
  Slots:        8

  查看 TaskManager 日志: /root/forL0/docker/docker_run.sh logs tm1
  提交作业:     /root/flink_home/bin/flink run -m localhost:8081 -c <MainClass> <jar>
      ✓ Flink 集群健康:
TASKMANAGERS=2
SLOTS_TOTAL=8
SLOTS_AVAILABLE=8
JOBS_RUNNING=0
TM 192.168.224.3:40441-462919 slots=4 free=4 heartbeatMs=0
TM 192.168.224.4:39499-eee267 slots=4 free=4 heartbeatMs=0
[3/5] 复用依赖完整的 benchmark Python: /root/forl0-runtime/.venv-benchmark-cp310/bin/python
      Python:       /root/forl0-runtime/.venv-benchmark-cp310/bin/python (3.10)
[4/5] 开始运行 benchmark/scripts/run_benchmark.py
Command: /root/forl0-runtime/.venv-benchmark-cp310/bin/python /root/forL0/benchmark/scripts/run_benchmark.py --test nexmark --backend forl0 --scenario forl0_no_full_gc_lateq_deep --query q18
[NexMark] Scenario: forl0_no_full_gc_lateq_deep — Non-contract retry: q18/q19/q20 deeper state-pressure shaping under no-Full-GC acceptance
============================================================
ForL0 StateBackend Benchmark
============================================================
Test: nexmark
Backends: forl0
NexMark Queries: q18
NexMark Scenario: forl0_no_full_gc_lateq_deep
============================================================

============================================================
Running NexMark Benchmark
============================================================

============================================================
Nexmark DataStream Benchmark
============================================================
Queries: ['q18']
Backends: ['forl0']
Repeat per query: 1
Min successful samples: 1
Mode: benchmark
============================================================


============================================================
Backend: forl0
============================================================
[Nexmark] Category compatibility view: forl0 -> oa (/tmp/nexmark-conf-093q84uq/nexmark-home/queries)

=== Running Nexmark Q18 (forl0 backend) ===
Events: 0, TPS: 5000000
Proportions: Person(1):Auction(9):Bid(90)
Hot ratios: bid.auctions=24, bid.bidders=24
Command: java -Dlog.file=/root/forL0/docker/deploy/nexmark-flink/log/nexmark-flink.log -Dlog4j.configuration=file:/tmp/nexmark-conf-093q84uq/log4j.properties -Dlog4j.configurationFile=file:/tmp/nexmark-conf-093q84uq/log4j.properties -Dstate.backend.type=org.apache.flink.state.forl0.ForL0StateBackendFactory -Dstate.backend.forl0.initial-table-capacity=512 -Dstate.backend.forl0.max-table-capacity=2097152 -Dstate.backend.forl0.l0-cache.enabled=true -Dstate.backend.forl0.l0-cache.total-size=256mb -Dstate.backend.forl0.l0-cache.expected-engines=2 -Dstate.backend.forl0.l0-cache.strict-allocation=true -Dstate.backend.forl0.native-memory.max-size=768mb -Dstate.backend.forl0.main-table.load-factor-threshold=0.8 -DforL0.metricsCollector.enabled=false -cp /root/forL0/docker/deploy/nexmark-flink/lib/*:/root/flink_home/lib/* com.github.nexmark.flink.Benchmark --location /tmp/nexmark-conf-093q84uq/nexmark-home --queries q18 --category oa

  ERROR: Flink job failed during NexMark run: cbaef9fe82c76a7540472b541a1b9bc3 insert-into_default_catalog.default_database.nexmark_q18
Flink failure detail: org.apache.flink.runtime.JobException: Recovery is suppressed by NoRestartBackoffTimeStrategy at org.apache.flink.runtime.executiongraph.failover.ExecutionFailureHandler.handleFailure(ExecutionFailureHandler.java:219) at org.apache.flink.runtime.executiongraph.failover.ExecutionFailureHandler.handleFailureAndReport(ExecutionFailureHandler.java:166) at org.apache.flink.runtime.executiongraph.failover.ExecutionFailureHandler.getFailureHandlingResult(ExecutionFailureHandler.java:121) at org.apache.flink.runtime.scheduler.DefaultScheduler.recordTaskFailure(DefaultScheduler.java:281) at org.apache.flink.runtime.scheduler.DefaultScheduler.handleTaskFailure(DefaultScheduler.java:272) at org.apache.flink.runtime.scheduler.DefaultScheduler.onTaskFailed(DefaultScheduler.java:265) at org.apache.flink.runtime.scheduler.SchedulerBase.onTaskExecutionStateUpdate(SchedulerBase.java:788) at org.apache.flink.runtime.scheduler.SchedulerBase.updateTaskExecutionState(SchedulerBase.java:765) at org.apache.flink.runtime.scheduler.SchedulerNG.updateTaskExecutionState(SchedulerNG.java:83) at org.apache.flink.runtime.jobmaster.JobMaster.updateTaskExecutionState(JobMaster.java:515) at sun.reflect.GeneratedMethodAccessor14.invoke(Unknown Source) at sun.reflect.DelegatingMethodAccessorImpl.invoke(DelegatingMethodAccessorImpl.java:43) at java.lang.reflect.Method.invoke(Method.java:498) at org.apache.flink.runtime.rpc.pekko.PekkoRpcActor.lambda$handleRpcInvocation$1(PekkoRpcActor.java:318) at org.apache.flink.runtime.concurrent.ClassLoadingUtils.runWithContextClassLoader(ClassLoadingUtils.java:83) at org.apache.flink.runtime.rpc.pekko.PekkoRpcActor.handleRpcInvocation(PekkoRpcActor.java:316) at org.apache.flink.runtime.rpc.pekko.PekkoRpcActor.handleRpcMessage(PekkoRpcActor.java:229) at org.apache.flink.runtime.rpc.pekko.FencedPekkoRpcActor.handleRpcMessage(FencedPekkoRpcActor.java:88) at org.apache.flink.runtime.rpc.pekko.PekkoRpcActor.handleMessage(PekkoRpcActor.java:174) at org.apache.pekko.japi.pf.UnitCaseStatement.apply(CaseStatements.scala:33) at org.apache.pekko.japi.pf.UnitCaseStatement.apply(CaseStatements.scala:29) at scala.PartialFunction.applyOrElse(PartialFunction.scala:127) at scala.PartialFunction.applyOrElse$(PartialFunction.scala:126) at org.apache.pekko.japi.pf.UnitCaseStatement.applyOrElse(CaseStatements.scala:29) at scala.PartialFunction$OrElse.applyOrElse(PartialFunction.scala:175) at scala.PartialFunction$OrElse.applyOrElse(PartialFunction.scala:176) at scala.PartialFunction$OrElse.applyOrElse(PartialFunction.scala:176) at org.apache.pekko.actor.Actor.aroundReceive(Actor.scala:547) at org.apache.pekko.actor.Actor.aroundReceive$(Actor.scala:545) at org.apache.pekko.actor.AbstractActor.aroundReceive(AbstractActor.scala:229) at org.apache.pekko.actor.ActorCell.receiveMessage(ActorCell.scala:590) at org.apache.pekko.actor.ActorCell.invoke(ActorCell.scala:557) at org.apache.pekko.dispatch.Mailbox.processMailbox(Mailbox.scala:272) at org.apache.pekko.dispatch.Mailbox.run(Mailbox.scala:233) at org.apache.pekko.dispatch.Mailbox.exec(Mailbox.scala:245) at java.util.concurrent.ForkJoinTask.doExec(ForkJoinTask.java:289) at java.util.concurrent.ForkJoinPool$WorkQueue.runTask(ForkJoinPool.java:1056) at java.util.concurrent.ForkJoinPool.runWorker(ForkJoinPool.java:1692) at java.util.concurrent.ForkJoinWorkerThread.run(ForkJoinWorkerThread.java:175) Caused by: java.lang.RuntimeException: std::bad_alloc at org.apache.flink.state.forl0.NativeEngine.valuePutFixedRow2Generic(Native Method) at org.apache.flink.state.forl0.ForL0ValueState.updateForFixedRow2Key(ForL0ValueState.java:530) at org.apache.flink.state.forl0.ForL0ValueState.update(ForL0ValueState.java:444) at org.apache.flink.table.runtime.operators.deduplicate.RowTimeDeduplicateFunction.deduplicateOnRowTime(RowTimeDeduplicateFunction.java:88) at org.apache.flink.table.runtime.operators.deduplicate.RowTimeDeduplicateFunction.processElement(RowTimeDeduplicateFunction.java:58) at org.apache.flink.tab
Benchmark Queries: [q18]
==================================================================
Start to run query q18 with workload [tps=5 M, eventsNum=0, percentage=bid:90,auction:9,person:1,kafkaServers:null]
Monitor metrics after 15 seconds.
Start to monitor metrics for 30 seconds.
Monitor TPS metric: vertex=sink, metric=nexmark_q18[8]__Writer.numRecordsInPerSecond
Current Throughput=281.34 K, Cores=7.05 (2 TMs)
Current Throughput=281.34 K, Cores=7.18 (2 TMs)
Current Throughput=281.34 K, Cores=6.91 (2 TMs)
Current Throughput=483.84 K, Cores=7.05 (2 TMs)
Current Throughput=483.84 K, Cores=6.87 (2 TMs)

[NexMark fail-fast] Flink job failed during NexMark run: cbaef9fe82c76a7540472b541a1b9bc3 insert-into_default_catalog.default_database.nexmark_q18
Flink failure detail: org.apache.flink.runtime.JobException: Recovery is suppressed by NoRestartBackoffTimeStrategy at org.apache.flink.runtime.executiongraph.failover.ExecutionFailureHandler.handleFailure(ExecutionFailureHandler.java:219) at org.apache.flink.runtime.executiongraph.failover.ExecutionFailureHandler.handleFailureAndReport(ExecutionFailureHandler.java:166) at org.apache.flink.runtime.executiongraph.failover.ExecutionFailureHandler.getFailureHandlingResult(ExecutionFailureHandler.java:121) at org.apache.flink.runtime.scheduler.DefaultScheduler.recordTaskFailure(DefaultScheduler.java:281) at org.apache.flink.runtime.scheduler.DefaultScheduler.handleTaskFailure(DefaultScheduler.java:272) at org.apache.flink.runtime.scheduler.DefaultScheduler.onTaskFailed(DefaultScheduler.java:265) at org.apache.flink.runtime.scheduler.SchedulerBase.onTaskExecutionStateUpdate(SchedulerBase.java:788) at org.apache.flink.runtime.scheduler.SchedulerBase.updateTaskExecutionState(SchedulerBase.java:765) at org.apache.flink.runtime.scheduler.SchedulerNG.updateTaskExecutionState(SchedulerNG.java:83) at org.apache.flink.runtime.jobmaster.JobMaster.updateTaskExecutionState(JobMaster.java:515) at sun.reflect.GeneratedMethodAccessor14.invoke(Unknown Source) at sun.reflect.DelegatingMethodAccessorImpl.invoke(DelegatingMethodAccessorImpl.java:43) at java.lang.reflect.Method.invoke(Method.java:498) at org.apache.flink.runtime.rpc.pekko.PekkoRpcActor.lambda$handleRpcInvocation$1(PekkoRpcActor.java:318) at org.apache.flink.runtime.concurrent.ClassLoadingUtils.runWithContextClassLoader(ClassLoadingUtils.java:83) at org.apache.flink.runtime.rpc.pekko.PekkoRpcActor.handleRpcInvocation(PekkoRpcActor.java:316) at org.apache.flink.runtime.rpc.pekko.PekkoRpcActor.handleRpcMessage(PekkoRpcActor.java:229) at org.apache.flink.runtime.rpc.pekko.FencedPekkoRpcActor.handleRpcMessage(FencedPekkoRpcActor.java:88) at org.apache.flink.runtime.rpc.pekko.PekkoRpcActor.handleMessage(PekkoRpcActor.java:174) at org.apache.pekko.japi.pf.UnitCaseStatement.apply(CaseStatements.scala:33) at org.apache.pekko.japi.pf.UnitCaseStatement.apply(CaseStatements.scala:29) at scala.PartialFunction.applyOrElse(PartialFunction.scala:127) at scala.PartialFunction.applyOrElse$(PartialFunction.scala:126) at org.apache.pekko.japi.pf.UnitCaseStatement.applyOrElse(CaseStatements.scala:29) at scala.PartialFunction$OrElse.applyOrElse(PartialFunction.scala:175) at scala.PartialFunction$OrElse.applyOrElse(PartialFunction.scala:176) at scala.PartialFunction$OrElse.applyOrElse(PartialFunction.scala:176) at org.apache.pekko.actor.Actor.aroundReceive(Actor.scala:547) at org.apache.pekko.actor.Actor.aroundReceive$(Actor.scala:545) at org.apache.pekko.actor.AbstractActor.aroundReceive(AbstractActor.scala:229) at org.apache.pekko.actor.ActorCell.receiveMessage(ActorCell.scala:590) at org.apache.pekko.actor.ActorCell.invoke(ActorCell.scala:557) at org.apache.pekko.dispatch.Mailbox.processMailbox(Mailbox.scala:272) at org.apache.pekko.dispatch.Mailbox.run(Mailbox.scala:233) at org.apache.pekko.dispatch.Mailbox.exec(Mailbox.scala:245) at java.util.concurrent.ForkJoinTask.doExec(ForkJoinTask.java:289) at java.util.concurrent.ForkJoinPool$WorkQueue.runTask(ForkJoinPool.java:1056) at java.util.concurrent.ForkJoinPool.runWorker(ForkJoinPool.java:1692) at java.util.concurrent.ForkJoinWorkerThread.run(ForkJoinWorkerThread.java:175) Caused by: java.lang.RuntimeException: std::bad_alloc at org.apache.flink.state.forl0.NativeEngine.valuePutFixedRow2Generic(Native Method) at org.apache.flink.state.forl0.ForL0ValueState.updateForFixedRow2Key(ForL0ValueState.java:530) at org.apache.flink.state.forl0.ForL0ValueState.update(ForL0ValueState.java:444) at org.apache.flink.table.runtime.operators.deduplicate.RowTimeDeduplicateFunction.deduplicateOnRowTime(RowTimeDeduplicateFunction.java:88) at org.apache.flink.table.runtime.operators.deduplicate.RowTimeDeduplicateFunction.processElement(RowTimeDeduplicateFunction.java:58) at org.apache.flink.tab

  ERROR: NexMark driver failed; rejecting sample even if a partial summary exists
  [Nexmark] Backoff 4s before next attempt
  [Nexmark] Retry attempt 2/2 for q18 (forl0)
  ERROR: Flink job failed during NexMark run: 03396adc17e69b8bff074bb9c782ba0f insert-into_default_catalog.default_database.nexmark_q18
Flink failure detail: org.apache.flink.runtime.JobException: Recovery is suppressed by NoRestartBackoffTimeStrategy at org.apache.flink.runtime.executiongraph.failover.ExecutionFailureHandler.handleFailure(ExecutionFailureHandler.java:219) at org.apache.flink.runtime.executiongraph.failover.ExecutionFailureHandler.handleFailureAndReport(ExecutionFailureHandler.java:166) at org.apache.flink.runtime.executiongraph.failover.ExecutionFailureHandler.getFailureHandlingResult(ExecutionFailureHandler.java:121) at org.apache.flink.runtime.scheduler.DefaultScheduler.recordTaskFailure(DefaultScheduler.java:281) at org.apache.flink.runtime.scheduler.DefaultScheduler.handleTaskFailure(DefaultScheduler.java:272) at org.apache.flink.runtime.scheduler.DefaultScheduler.onTaskFailed(DefaultScheduler.java:265) at org.apache.flink.runtime.scheduler.SchedulerBase.onTaskExecutionStateUpdate(SchedulerBase.java:788) at org.apache.flink.runtime.scheduler.SchedulerBase.updateTaskExecutionState(SchedulerBase.java:765) at org.apache.flink.runtime.scheduler.SchedulerNG.updateTaskExecutionState(SchedulerNG.java:83) at org.apache.flink.runtime.jobmaster.JobMaster.updateTaskExecutionState(JobMaster.java:515) at sun.reflect.GeneratedMethodAccessor14.invoke(Unknown Source) at sun.reflect.DelegatingMethodAccessorImpl.invoke(DelegatingMethodAccessorImpl.java:43) at java.lang.reflect.Method.invoke(Method.java:498) at org.apache.flink.runtime.rpc.pekko.PekkoRpcActor.lambda$handleRpcInvocation$1(PekkoRpcActor.java:318) at org.apache.flink.runtime.concurrent.ClassLoadingUtils.runWithContextClassLoader(ClassLoadingUtils.java:83) at org.apache.flink.runtime.rpc.pekko.PekkoRpcActor.handleRpcInvocation(PekkoRpcActor.java:316) at org.apache.flink.runtime.rpc.pekko.PekkoRpcActor.handleRpcMessage(PekkoRpcActor.java:229) at org.apache.flink.runtime.rpc.pekko.FencedPekkoRpcActor.handleRpcMessage(FencedPekkoRpcActor.java:88) at org.apache.flink.runtime.rpc.pekko.PekkoRpcActor.handleMessage(PekkoRpcActor.java:174) at org.apache.pekko.japi.pf.UnitCaseStatement.apply(CaseStatements.scala:33) at org.apache.pekko.japi.pf.UnitCaseStatement.apply(CaseStatements.scala:29) at scala.PartialFunction.applyOrElse(PartialFunction.scala:127) at scala.PartialFunction.applyOrElse$(PartialFunction.scala:126) at org.apache.pekko.japi.pf.UnitCaseStatement.applyOrElse(CaseStatements.scala:29) at scala.PartialFunction$OrElse.applyOrElse(PartialFunction.scala:175) at scala.PartialFunction$OrElse.applyOrElse(PartialFunction.scala:176) at scala.PartialFunction$OrElse.applyOrElse(PartialFunction.scala:176) at org.apache.pekko.actor.Actor.aroundReceive(Actor.scala:547) at org.apache.pekko.actor.Actor.aroundReceive$(Actor.scala:545) at org.apache.pekko.actor.AbstractActor.aroundReceive(AbstractActor.scala:229) at org.apache.pekko.actor.ActorCell.receiveMessage(ActorCell.scala:590) at org.apache.pekko.actor.ActorCell.invoke(ActorCell.scala:557) at org.apache.pekko.dispatch.Mailbox.processMailbox(Mailbox.scala:272) at org.apache.pekko.dispatch.Mailbox.run(Mailbox.scala:233) at org.apache.pekko.dispatch.Mailbox.exec(Mailbox.scala:245) at java.util.concurrent.ForkJoinTask.doExec(ForkJoinTask.java:289) at java.util.concurrent.ForkJoinPool$WorkQueue.runTask(ForkJoinPool.java:1056) at java.util.concurrent.ForkJoinPool.runWorker(ForkJoinPool.java:1692) at java.util.concurrent.ForkJoinWorkerThread.run(ForkJoinWorkerThread.java:175) Caused by: java.lang.RuntimeException: std::bad_alloc at org.apache.flink.state.forl0.NativeEngine.valuePutFixedRow2Generic(Native Method) at org.apache.flink.state.forl0.ForL0ValueState.updateForFixedRow2Key(ForL0ValueState.java:530) at org.apache.flink.state.forl0.ForL0ValueState.update(ForL0ValueState.java:444) at org.apache.flink.table.runtime.operators.deduplicate.RowTimeDeduplicateFunction.deduplicateOnRowTime(RowTimeDeduplicateFunction.java:88) at org.apache.flink.table.runtime.operators.deduplicate.RowTimeDeduplicateFunction.processElement(RowTimeDeduplicateFunction.java:58) at org.apache.flink.tab
Benchmark Queries: [q18]
==================================================================
Start to run query q18 with workload [tps=5 M, eventsNum=0, percentage=bid:90,auction:9,person:1,kafkaServers:null]
Monitor metrics after 15 seconds.
Start to monitor metrics for 30 seconds.
Monitor TPS metric: vertex=sink, metric=nexmark_q18[8]__Writer.numRecordsInPerSecond
Current Throughput=298.66 K, Cores=7.09 (2 TMs)
Current Throughput=298.66 K, Cores=6.59 (2 TMs)
Current Throughput=298.66 K, Cores=6.35 (2 TMs)
Current Throughput=464.8 K, Cores=6.49 (2 TMs)
Current Throughput=464.8 K, Cores=6.54 (2 TMs)
Current Throughput=630.1 K, Cores=5.28 (2 TMs)

[NexMark fail-fast] Flink job failed during NexMark run: 03396adc17e69b8bff074bb9c782ba0f insert-into_default_catalog.default_database.nexmark_q18
Flink failure detail: org.apache.flink.runtime.JobException: Recovery is suppressed by NoRestartBackoffTimeStrategy at org.apache.flink.runtime.executiongraph.failover.ExecutionFailureHandler.handleFailure(ExecutionFailureHandler.java:219) at org.apache.flink.runtime.executiongraph.failover.ExecutionFailureHandler.handleFailureAndReport(ExecutionFailureHandler.java:166) at org.apache.flink.runtime.executiongraph.failover.ExecutionFailureHandler.getFailureHandlingResult(ExecutionFailureHandler.java:121) at org.apache.flink.runtime.scheduler.DefaultScheduler.recordTaskFailure(DefaultScheduler.java:281) at org.apache.flink.runtime.scheduler.DefaultScheduler.handleTaskFailure(DefaultScheduler.java:272) at org.apache.flink.runtime.scheduler.DefaultScheduler.onTaskFailed(DefaultScheduler.java:265) at org.apache.flink.runtime.scheduler.SchedulerBase.onTaskExecutionStateUpdate(SchedulerBase.java:788) at org.apache.flink.runtime.scheduler.SchedulerBase.updateTaskExecutionState(SchedulerBase.java:765) at org.apache.flink.runtime.scheduler.SchedulerNG.updateTaskExecutionState(SchedulerNG.java:83) at org.apache.flink.runtime.jobmaster.JobMaster.updateTaskExecutionState(JobMaster.java:515) at sun.reflect.GeneratedMethodAccessor14.invoke(Unknown Source) at sun.reflect.DelegatingMethodAccessorImpl.invoke(DelegatingMethodAccessorImpl.java:43) at java.lang.reflect.Method.invoke(Method.java:498) at org.apache.flink.runtime.rpc.pekko.PekkoRpcActor.lambda$handleRpcInvocation$1(PekkoRpcActor.java:318) at org.apache.flink.runtime.concurrent.ClassLoadingUtils.runWithContextClassLoader(ClassLoadingUtils.java:83) at org.apache.flink.runtime.rpc.pekko.PekkoRpcActor.handleRpcInvocation(PekkoRpcActor.java:316) at org.apache.flink.runtime.rpc.pekko.PekkoRpcActor.handleRpcMessage(PekkoRpcActor.java:229) at org.apache.flink.runtime.rpc.pekko.FencedPekkoRpcActor.handleRpcMessage(FencedPekkoRpcActor.java:88) at org.apache.flink.runtime.rpc.pekko.PekkoRpcActor.handleMessage(PekkoRpcActor.java:174) at org.apache.pekko.japi.pf.UnitCaseStatement.apply(CaseStatements.scala:33) at org.apache.pekko.japi.pf.UnitCaseStatement.apply(CaseStatements.scala:29) at scala.PartialFunction.applyOrElse(PartialFunction.scala:127) at scala.PartialFunction.applyOrElse$(PartialFunction.scala:126) at org.apache.pekko.japi.pf.UnitCaseStatement.applyOrElse(CaseStatements.scala:29) at scala.PartialFunction$OrElse.applyOrElse(PartialFunction.scala:175) at scala.PartialFunction$OrElse.applyOrElse(PartialFunction.scala:176) at scala.PartialFunction$OrElse.applyOrElse(PartialFunction.scala:176) at org.apache.pekko.actor.Actor.aroundReceive(Actor.scala:547) at org.apache.pekko.actor.Actor.aroundReceive$(Actor.scala:545) at org.apache.pekko.actor.AbstractActor.aroundReceive(AbstractActor.scala:229) at org.apache.pekko.actor.ActorCell.receiveMessage(ActorCell.scala:590) at org.apache.pekko.actor.ActorCell.invoke(ActorCell.scala:557) at org.apache.pekko.dispatch.Mailbox.processMailbox(Mailbox.scala:272) at org.apache.pekko.dispatch.Mailbox.run(Mailbox.scala:233) at org.apache.pekko.dispatch.Mailbox.exec(Mailbox.scala:245) at java.util.concurrent.ForkJoinTask.doExec(ForkJoinTask.java:289) at java.util.concurrent.ForkJoinPool$WorkQueue.runTask(ForkJoinPool.java:1056) at java.util.concurrent.ForkJoinPool.runWorker(ForkJoinPool.java:1692) at java.util.concurrent.ForkJoinWorkerThread.run(ForkJoinWorkerThread.java:175) Caused by: java.lang.RuntimeException: std::bad_alloc at org.apache.flink.state.forl0.NativeEngine.valuePutFixedRow2Generic(Native Method) at org.apache.flink.state.forl0.ForL0ValueState.updateForFixedRow2Key(ForL0ValueState.java:530) at org.apache.flink.state.forl0.ForL0ValueState.update(ForL0ValueState.java:444) at org.apache.flink.table.runtime.operators.deduplicate.RowTimeDeduplicateFunction.deduplicateOnRowTime(RowTimeDeduplicateFunction.java:88) at org.apache.flink.table.runtime.operators.deduplicate.RowTimeDeduplicateFunction.processElement(RowTimeDeduplicateFunction.java:58) at org.apache.flink.tab

  ERROR: NexMark driver failed; rejecting sample even if a partial summary exists

--- forl0 Summary ---
  Failed: ['q18']

[Nexmark] Results saved to: /root/forL0/benchmark/results/tuning/full_20260816_190623/trial_018_97963099/workloads/N04/results/nexmark_20260817_045533/nexmark_results.json

[Error] NexMark failed queries: {'forl0': ['q18']}
[evidence] TaskManager evidence: /root/forL0/benchmark/results/tuning/full_20260816_190623/trial_018_97963099/workloads/N04/results/run_logs/taskmanager_nexmark_forl0_20260817_045714.log
=== flink-taskmanager-1 ===
[ForL0-HotCache] engine_start active=1 key_groups=96:128 requested_bytes=134217728 actual_bytes=134217600 total_sets=699050 strict=1
[ForL0-HotCache] engine_reuse active=1 key_groups=64:96 requested_bytes=134217728 actual_bytes=134217600 total_sets=699050 strict=1
[ForL0-HotCache] engine_reuse active=1 key_groups=32:64 requested_bytes=134217728 actual_bytes=134217600 total_sets=699050 strict=1
[ForL0-HotCache] engine_reuse active=1 key_groups=0:32 requested_bytes=134217728 actual_bytes=134217600 total_sets=699050 strict=1
[ForL0-HotCache] engine_summary requested_bytes=134217728 actual_bytes=134217600 used_bytes=0 total_sets=699050 free_sets=699050 caches=0 lookups=0 hits=0 invalidations=0 writes=0 bypass_events=0
[ForL0-Memory] engine_summary used_bytes=784466432 peak_bytes=798229008 max_bytes=805306368
[ForL0-HotCache] engine_summary requested_bytes=134217728 actual_bytes=134217600 used_bytes=0 total_sets=699050 free_sets=699050 caches=0 lookups=0 hits=0 invalidations=0 writes=0 bypass_events=0
[ForL0-Memory] engine_summary used_bytes=715653632 peak_bytes=729416208 max_bytes=805306368
[ForL0-HotCache] engine_summary requested_bytes=134217728 actual_bytes=134217600 used_bytes=0 total_sets=699050 free_sets=699050 caches=0 lookups=0 hits=0 invalidations=0 writes=0 bypass_events=0
[ForL0-Memory] engine_summary used_bytes=701891072 peak_bytes=715653648 max_bytes=805306368
[ForL0-HotCache] engine_summary requested_bytes=134217728 actual_bytes=134217600 used_bytes=0 total_sets=699050 free_sets=699050 caches=0 lookups=0 hits=0 invalidations=0 writes=0 bypass_events=0
[ForL0-Memory] engine_summary used_bytes=743178752 peak_bytes=756941328 max_bytes=805306368
[ForL0-HotCache] engine_start active=1 key_groups=64:96 requested_bytes=134217728 actual_bytes=134217600 total_sets=699050 strict=1
[ForL0-HotCache] engine_reuse active=1 key_groups=32:64 requested_bytes=134217728 actual_bytes=134217600 total_sets=699050 strict=1
[ForL0-HotCache] engine_reuse active=1 key_groups=96:128 requested_bytes=134217728 actual_bytes=134217600 total_sets=699050 strict=1
[ForL0-HotCache] engine_reuse active=1 key_groups=0:32 requested_bytes=134217728 actual_bytes=134217600 total_sets=699050 strict=1
[ForL0-HotCache] engine_summary requested_bytes=134217728 actual_bytes=134217600 used_bytes=0 total_sets=699050 free_sets=699050 caches=0 lookups=0 hits=0 invalidations=0 writes=0 bypass_events=0
[ForL0-Memory] engine_summary used_bytes=784466432 peak_bytes=798229008 max_bytes=805306368
[ForL0-HotCache] engine_summary requested_bytes=134217728 actual_bytes=134217600 used_bytes=0 total_sets=699050 free_sets=699050 caches=0 lookups=0 hits=0 invalidations=0 writes=0 bypass_events=0
[ForL0-Memory] engine_summary used_bytes=770703872 peak_bytes=784466448 max_bytes=805306368
[ForL0-HotCache] engine_summary requested_bytes=134217728 actual_bytes=134217600 used_bytes=0 total_sets=699050 free_sets=699050 caches=0 lookups=0 hits=0 invalidations=0 writes=0 bypass_events=0
[ForL0-Memory] engine_summary used_bytes=756941312 peak_bytes=770703888 max_bytes=805306368
[ForL0-HotCache] engine_summary requested_bytes=134217728 actual_bytes=134217600 used_bytes=0 total_sets=699050 free_sets=699050 caches=0 lookups=0 hits=0 invalidations=0 writes=0 bypass_events=0
[ForL0-Memory] engine_summary used_bytes=770703872 peak_bytes=784466448 max_bytes=805306368
=== flink-taskmanager-2 ===
[cleanup] Benchmark command exited with status 1; canceling orphan Flink jobs.
[cleanup] Wrote failure marker: /root/forL0/benchmark/results/tuning/full_20260816_190623/trial_018_97963099/workloads/N04/results/run_logs/FAILED_nexmark_forl0_20260817_045714.txt
