=== flink-taskmanager-1 ===
[ForL0-HotCache] engine_start active=1 key_groups=32:64 requested_bytes=67108864 actual_bytes=67108800 total_sets=349525 strict=1
[ForL0-HotCache] engine_reuse active=1 key_groups=64:96 requested_bytes=67108864 actual_bytes=67108800 total_sets=349525 strict=1
[ForL0-HotCache] engine_reuse active=1 key_groups=96:128 requested_bytes=67108864 actual_bytes=67108800 total_sets=349525 strict=1
[ForL0-HotCache] engine_reuse active=1 key_groups=0:32 requested_bytes=67108864 actual_bytes=67108800 total_sets=349525 strict=1
[ForL0-HotCache] state_attach name=ScalarLeftCount requested_bytes=1048576 actual_bytes=786432 sets=4096
[ForL0-HotCache] state_attach name=ScalarLeftCount requested_bytes=1048576 actual_bytes=786432 sets=4096
[ForL0-HotCache] state_attach name=ScalarLeftCount requested_bytes=1048576 actual_bytes=786432 sets=4096
[ForL0-HotCache] state_attach name=ScalarLeftCount requested_bytes=1048576 actual_bytes=786432 sets=4096
[ForL0-HotCache] state_attach name=ScalarRightCount requested_bytes=1048576 actual_bytes=786432 sets=4096
[ForL0-HotCache] state_attach name=ScalarRightCount requested_bytes=1048576 actual_bytes=786432 sets=4096
[ForL0-HotCache] state_attach name=ScalarRightCount requested_bytes=1048576 actual_bytes=786432 sets=4096
[ForL0-HotCache] state_attach name=ScalarRightCount requested_bytes=1048576 actual_bytes=786432 sets=4096
[ForL0-HotCache] state_summary name=ScalarLeftCount sets=4096 lookups=451159 hits=360965 invalidations=0 writes=467525 bypass_events=0 bypassed=0
[ForL0-HotCache] state_summary name=ScalarRightCount sets=4096 lookups=502598 hits=129757 invalidations=0 writes=51477 bypass_events=0 bypassed=0
[ForL0-HotCache] engine_summary requested_bytes=67108864 actual_bytes=67108800 used_bytes=6291456 total_sets=349525 free_sets=316757 caches=8 lookups=3733607 hits=1906502 invalidations=0 writes=2030407 bypass_events=0
[ForL0-Memory] engine_summary used_bytes=13017088 peak_bytes=13115408 max_bytes=805306368
[ForL0-HotCache] state_summary name=ScalarLeftCount sets=4096 lookups=450138 hits=359373 invalidations=0 writes=466575 bypass_events=0 bypassed=0
[ForL0-HotCache] state_summary name=ScalarRightCount sets=4096 lookups=500181 hits=125081 invalidations=0 writes=50125 bypass_events=0 bypassed=0
[ForL0-HotCache] engine_summary requested_bytes=67108864 actual_bytes=67108800 used_bytes=4718592 total_sets=349525 free_sets=324949 caches=6 lookups=2779868 hits=1415783 invalidations=0 writes=1511416 bypass_events=0
[ForL0-Memory] engine_summary used_bytes=13101056 peak_bytes=13199376 max_bytes=805306368
[ForL0-HotCache] state_summary name=ScalarLeftCount sets=4096 lookups=449415 hits=358459 invalidations=0 writes=466012 bypass_events=0 bypassed=0
[ForL0-HotCache] state_summary name=ScalarRightCount sets=4096 lookups=498959 hits=122666 invalidations=0 writes=49642 bypass_events=0 bypassed=0
[ForL0-HotCache] engine_summary requested_bytes=67108864 actual_bytes=67108800 used_bytes=3145728 total_sets=349525 free_sets=333141 caches=4 lookups=1829827 hits=931458 invalidations=0 writes=994862 bypass_events=0
[ForL0-Memory] engine_summary used_bytes=12807168 peak_bytes=12905488 max_bytes=805306368
[ForL0-HotCache] state_summary name=ScalarLeftCount sets=4096 lookups=449288 hits=358875 invalidations=0 writes=465645 bypass_events=0 bypassed=0
[ForL0-HotCache] state_summary name=ScalarRightCount sets=4096 lookups=498262 hits=121929 invalidations=0 writes=49048 bypass_events=0 bypassed=0
[ForL0-HotCache] engine_summary requested_bytes=67108864 actual_bytes=67108800 used_bytes=1572864 total_sets=349525 free_sets=341333 caches=2 lookups=947550 hits=480804 invalidations=0 writes=514693 bypass_events=0
[ForL0-Memory] engine_summary used_bytes=12975104 peak_bytes=13073424 max_bytes=805306368
=== flink-taskmanager-2 ===
