============================================================
  ForL0 offline one-command bootstrap
============================================================
  Archive:     /root/forL0/forl0-offline-linux-arm64-py310-20260721.tar.gz
  Project dir: /root/forL0
  Run log:     /dev/null
  Extract to:  /root/forL0/forl0-offline-linux-arm64-py310-20260721
  Installed:   /root/forl0-runtime
  FLINK_HOME:  /root/flink_home

[1/4] Reuse runnable repository at /root/forL0
[2/4] Release archive is not required for repository mode
[3/4] Repository structure validated
[native] source fingerprint unchanged; reuse server-built runtime
[4/4] Install and run ForL0 validation

  Runtime source: repository (/root/forL0)

==> Checking L0 hardware environment
  device:      OK (/dev/hisi_l0)
  libl0:       OK (/opt/pkg/l0memlib/libl0mempool.so; bounded search under /opt)
  libnuma:     OK (/usr/lib64/libnuma.so.1.0.0; ldconfig cache)
  result:      real L0 environment looks available

==> Preparing full repository runtime
============================================================
  ForL0 仓库一键部署
============================================================
  仓库路径:   /root/forL0
  FLINK_HOME: /root/flink_home
  Docker:     docker

      ⚠ 未找到 unit-test benchmark JAR；apps/nexmark/wordcount/client_usecase 运行不依赖该产物
[1/4] 跳过 Docker 镜像加载

[2/4] 检查 L0 环境...
      device:      OK (/dev/hisi_l0)
      libl0:       OK (/opt/pkg/l0memlib/libl0mempool.so; explicit override)
      libnuma:     OK (/usr/lib64/libnuma.so.1.0.0; explicit override)
      ✓ L0 硬件环境可用

[3/4] 安装预编译产物到 Flink...
      ✓ backend JAR 已安装到 /root/flink_home/lib/
      ✓ NexMark JAR 已安装到 /root/flink_home/lib/
      ✓ native 库已安装到 /root/flink_home/native/
      ✓ WordCount benchmark 已就绪
      ✓ Client usecase benchmark 已就绪
      ✓ 环境文件已写入 /root/forL0/docker/forl0-local.env
      ✓ async-profiler 已就绪: /root/forL0/tools/async-profiler

[4/4] 启动 Docker 集群...
      已跳过启动。手工执行：
      source /root/forL0/docker/forl0-local.env
      cd /root/forL0/docker && ./docker_run.sh start

============================================================
  完成
============================================================
  查看状态: source /root/forL0/docker/forl0-local.env && cd /root/forL0/docker && ./docker_run.sh status
  查看日志: source /root/forL0/docker/forl0-local.env && cd /root/forL0/docker && ./docker_run.sh logs tm1
  全量运行 apps: cd /root/forL0/docker && ./run_all_apps.sh
  只跑 WordCount: cd /root/forL0/docker && ./run_all_apps.sh --test wordcount
      ✓ Synced Java 8 NexMark JAR into runtime distribution

==> Runtime summary
  app root:    /root/forL0
  runtime:     /root/forL0
  results:     /root/forL0/benchmark/results/tuning/full_20260816_190623/trial_009_1b4664f1/workloads/N01/results
  FLINK_HOME:  /root/flink_home
  backend:     all
  profile:     --no-profile
  pressure:    forl0_tps_probe
  workloads:   N01
  expected TM: 2
  expected slots: 8
  control rev: unavailable

==> Preflight check
Command: /root/forL0/docker/run_all_apps.sh --offline --preflight-only --test apps --backend all --expected-taskmanagers 2 --expected-slots 8 --restart-cluster --restart-cluster
============================================================
  ForL0 benchmark run context
============================================================
  Repo:        /root/forL0
  Results:     /root/forL0/benchmark/results/tuning/full_20260816_190623/trial_009_1b4664f1/workloads/N01/results
  Test:        apps
  Backend:     all
  Profile:     disabled
  Offline:     true
  Expect TMs:  2
  Expect slots:8
  GitCommit:   unavailable
  RunID:       full_20260816_190623_trial_009_1b4664f1_N01
  ControlRev:  unavailable
  Date:        2026-08-16 23:53:18 +0800

[preflight] 检查 Flink 与 benchmark 产物
      ✓ FLINK_HOME: /root/flink_home
      ✓ benchmark config: /root/forL0/benchmark/config/benchmark.yaml
      ✓ benchmark entry: /root/forL0/benchmark/scripts/run_benchmark.py
      ✓ requirements: /root/forL0/benchmark/requirements.txt
      ✓ WordCount JAR: /root/forL0/docker/deploy/wordcount-benchmark-1.0-SNAPSHOT.jar
      ✓ NexMark JAR: /root/forL0/docker/deploy/nexmark-flink-0.3-SNAPSHOT.jar
      ✓ NexMark top-level JAR: Java 8 compatible and cancel-409 fix present
      ✓ NexMark driver JAR: Java 8 compatible and cancel-409 fix present
      ✓ NexMark bin: /root/forL0/docker/deploy/nexmark-flink/bin
      ✓ NexMark conf: /root/forL0/docker/deploy/nexmark-flink/conf
      ✓ NexMark queries: /root/forL0/docker/deploy/nexmark-flink/queries
      ✓ Client usecase JAR: /root/forL0/docker/deploy/flink-keyedcoprocessfunction-example-1.0-SNAPSHOT-jar-with-dependencies.jar
      ✓ Client hotspot-drift JAR: /root/forL0/docker/deploy/client-drift-benchmark-1.0-SNAPSHOT.jar
      ✓ ForL0 backend JAR in Flink lib: /root/flink_home/lib/flink-statebackend-forL0-1.0-SNAPSHOT.jar
      ✓ native library: /root/flink_home/native/libforl0_engine.so
[3/5] 复用依赖完整的 benchmark Python: /root/forl0-runtime/.venv-benchmark-cp310/bin/python
      Python:       /root/forl0-runtime/.venv-benchmark-cp310/bin/python (3.10)
      ✓ config loaded
      ✓ nexmark queries: q4,q5,q8,q9,q11,q18,q19,q20
      ✓ client scenarios: contract_baseline,forl0_optimized,state_pressure_300k,state_pressure_1m,hotspot_drift_300k,hotspot_drift_1m,hotspot_state_left_2m,hotspot_state_join_2m,scalar_state_probe_1m,scalar_state_probe_2m_ops64,scalar_state_probe_2m_ops16,scalar_state_probe_2m_ops16_fused,scalar_state_probe_2m_ops16_batch,scalar_state_probe_2m_ops64_batch,scalar_state_probe_1m_ops128_batch,scalar_value_probe_5m_ops16,scalar_value_probe_20m_ops16
[preflight] 检查通过。
[2/5] 按要求重启 Flink 集群
=== 停止 BriskState Flink Docker 集群 ===
flink-taskmanager-2
flink-taskmanager-1
flink-jobmanager
flink-net
已停止
=== 启动 BriskState Flink Docker 集群 ===
  FLINK_HOME: /root/flink_home
  NATIVE:     /root/flink_home/native
  CONF:       /root/forL0/docker/conf
  Docker:     docker
  JM memory:  8g
  TM memory:  16g
  libnuma:    /usr/lib64/libnuma.so.1.0.0 -> /usr/lib/libnuma.so.1
  libl0:      /opt/pkg/l0memlib/libl0mempool.so -> /usr/lib[64]/libl0mempool.so

[0/3] 清理残留 benchmark 容器...
b2b15d100c05bbb5dfd42654cccaee363672724438fe7eba1d557a69a4655c69
[1/3] 启动 JobManager...
4764652fa46cbdb2cc8efaa435b4f023cc40bfa9709d29dceaaeb21cfa733be2
      JobManager IP: 172.25.0.2
[2/3] 启动 TaskManager-1...
ce7b9fa1de674fbbd1a4b64c7e1da43450a263b012eecc62a3d803741124a5bf
[3/3] 启动 TaskManager-2...
86b9beede04416461a918b95d71dae856b6c8464509e7e8791d0c77d93127d06

等待 JobManager 就绪...
..
=== 集群启动成功! ===
  Web UI: http://localhost:8081
  TaskManagers: 2
  Slots:        8

  查看 TaskManager 日志: /root/forL0/docker/docker_run.sh logs tm1
  提交作业:     /root/flink_home/bin/flink run -m localhost:8081 -c <MainClass> <jar>
      ✓ Flink 集群健康:
TASKMANAGERS=2
SLOTS_TOTAL=8
SLOTS_AVAILABLE=8
JOBS_RUNNING=0
TM 172.25.0.4:40339-220b26 slots=4 free=4 heartbeatMs=0
TM 172.25.0.3:32785-653231 slots=4 free=4 heartbeatMs=0
Ascend reproduction manifest: /root/forL0/benchmark/results/tuning/full_20260816_190623/trial_009_1b4664f1/workloads/N01/results/run_logs/ascend_reproduction_20260816_235326.tsv

==> Ascend reproduction N01: nexmark_q18_tps_hashmap
Command: /root/forL0/docker/run_all_apps.sh --offline --test nexmark --scenario forl0_tps_probe --query q18 --backend hashmap --no-profile --no-report --expected-taskmanagers 2 --expected-slots 8 --restart-cluster
============================================================
  ForL0 benchmark run context
============================================================
  Repo:        /root/forL0
  Results:     /root/forL0/benchmark/results/tuning/full_20260816_190623/trial_009_1b4664f1/workloads/N01/results
  Test:        nexmark
  Backend:     hashmap
  Profile:     disabled
  Offline:     true
  Expect TMs:  2
  Expect slots:8
  GitCommit:   unavailable
  RunID:       full_20260816_190623_trial_009_1b4664f1_N01
  ControlRev:  unavailable
  Date:        2026-08-16 23:53:26 +0800

[2/5] 按要求重启 Flink 集群
=== 停止 BriskState Flink Docker 集群 ===
flink-taskmanager-2
flink-taskmanager-1
flink-jobmanager
flink-net
已停止
=== 启动 BriskState Flink Docker 集群 ===
  FLINK_HOME: /root/flink_home
  NATIVE:     /root/flink_home/native
  CONF:       /root/forL0/docker/conf
  Docker:     docker
  JM memory:  8g
  TM memory:  16g
  libnuma:    /usr/lib64/libnuma.so.1.0.0 -> /usr/lib/libnuma.so.1
  libl0:      /opt/pkg/l0memlib/libl0mempool.so -> /usr/lib[64]/libl0mempool.so

[0/3] 清理残留 benchmark 容器...
409f2ac958b82b1598b6d54dcccf910447685ead3385dcb1bbc30a88fa55253f
[1/3] 启动 JobManager...
c71f65605a71a770db525c195cec3b67f67bc21ce72239e3be5a4fa88e800b07
      JobManager IP: 172.26.0.2
[2/3] 启动 TaskManager-1...
3dee8c46f76645a87db0fbcf3077f634c33408475b02c76d15b6ad9ce81e6767
[3/3] 启动 TaskManager-2...
97cecf94f1e0019a43aef82807d78543eb8cd215929efe042d14f22b2d80ad01

等待 JobManager 就绪...
..
=== 集群启动成功! ===
  Web UI: http://localhost:8081
  TaskManagers: 2
  Slots:        8

  查看 TaskManager 日志: /root/forL0/docker/docker_run.sh logs tm1
  提交作业:     /root/flink_home/bin/flink run -m localhost:8081 -c <MainClass> <jar>
      ✓ Flink 集群健康:
TASKMANAGERS=2
SLOTS_TOTAL=8
SLOTS_AVAILABLE=8
JOBS_RUNNING=0
TM 172.26.0.4:34567-f9e39b slots=4 free=4 heartbeatMs=0
TM 172.26.0.3:45751-581850 slots=4 free=4 heartbeatMs=0
[3/5] 复用依赖完整的 benchmark Python: /root/forl0-runtime/.venv-benchmark-cp310/bin/python
      Python:       /root/forl0-runtime/.venv-benchmark-cp310/bin/python (3.10)
[4/5] 开始运行 benchmark/scripts/run_benchmark.py
Command: /root/forl0-runtime/.venv-benchmark-cp310/bin/python /root/forL0/benchmark/scripts/run_benchmark.py --test nexmark --backend hashmap --scenario forl0_tps_probe --query q18
[NexMark] Scenario: forl0_tps_probe — Non-contract probe: per-query NexMark steady-state TPS mode with sink throughput
============================================================
ForL0 StateBackend Benchmark
============================================================
Test: nexmark
Backends: hashmap
NexMark Queries: q18
NexMark Scenario: forl0_tps_probe
============================================================

============================================================
Running NexMark Benchmark
============================================================

============================================================
Nexmark DataStream Benchmark
============================================================
Queries: ['q18']
Backends: ['hashmap']
Repeat per query: 1
Min successful samples: 1
Mode: benchmark
============================================================


============================================================
Backend: hashmap
============================================================
[Nexmark] Category compatibility view: forl0 -> oa (/tmp/nexmark-conf-t2carno8/nexmark-home/queries)

=== Running Nexmark Q18 (hashmap backend) ===
Events: 0, TPS: 5000000
Proportions: Person(1):Auction(49):Bid(50)
Command: java -Dlog.file=/root/forL0/docker/deploy/nexmark-flink/log/nexmark-flink.log -Dlog4j.configuration=file:/tmp/nexmark-conf-t2carno8/log4j.properties -Dlog4j.configurationFile=file:/tmp/nexmark-conf-t2carno8/log4j.properties -Dstate.backend.type=org.apache.flink.runtime.state.hashmap.HashMapStateBackendFactory -Dstate.backend.forl0.l0-cache.expected-engines=4 -Dstate.backend.forl0.l0-cache.strict-allocation=true -cp /root/forL0/docker/deploy/nexmark-flink/lib/*:/root/flink_home/lib/* com.github.nexmark.flink.Benchmark --location /tmp/nexmark-conf-t2carno8/nexmark-home --queries q18 --category oa

  ERROR: Flink job failed during NexMark run: 361b0c317a13615fb02de28b4d90e1a1 insert-into_default_catalog.default_database.nexmark_q18
Flink failure detail: org.apache.flink.runtime.JobException: Recovery is suppressed by NoRestartBackoffTimeStrategy at org.apache.flink.runtime.executiongraph.failover.ExecutionFailureHandler.handleFailure(ExecutionFailureHandler.java:219) at org.apache.flink.runtime.executiongraph.failover.ExecutionFailureHandler.handleFailureAndReport(ExecutionFailureHandler.java:166) at org.apache.flink.runtime.executiongraph.failover.ExecutionFailureHandler.getFailureHandlingResult(ExecutionFailureHandler.java:121) at org.apache.flink.runtime.scheduler.DefaultScheduler.recordTaskFailure(DefaultScheduler.java:281) at org.apache.flink.runtime.scheduler.DefaultScheduler.handleTaskFailure(DefaultScheduler.java:272) at org.apache.flink.runtime.scheduler.DefaultScheduler.onTaskFailed(DefaultScheduler.java:265) at org.apache.flink.runtime.scheduler.SchedulerBase.onTaskExecutionStateUpdate(SchedulerBase.java:788) at org.apache.flink.runtime.scheduler.SchedulerBase.updateTaskExecutionState(SchedulerBase.java:765) at org.apache.flink.runtime.scheduler.UpdateSchedulerNgOnInternalFailuresListener.notifyTaskFailure(UpdateSchedulerNgOnInternalFailuresListener.java:51) at org.apache.flink.runtime.executiongraph.DefaultExecutionGraph.notifySchedulerNgAboutInternalTaskFailure(DefaultExecutionGraph.java:1665) at org.apache.flink.runtime.executiongraph.Execution.processFail(Execution.java:1190) at org.apache.flink.runtime.executiongraph.Execution.processFail(Execution.java:1130) at org.apache.flink.runtime.executiongraph.Execution.fail(Execution.java:831) at org.apache.flink.runtime.jobmaster.slotpool.SingleLogicalSlot.signalPayloadRelease(SingleLogicalSlot.java:195) at org.apache.flink.runtime.jobmaster.slotpool.SingleLogicalSlot.release(SingleLogicalSlot.java:182) at org.apache.flink.runtime.scheduler.SharedSlot.lambda$release$4(SharedSlot.java:270) at java.util.concurrent.CompletableFuture.uniAccept(CompletableFuture.java:670) at java.util.concurrent.CompletableFuture.uniAcceptStage(CompletableFuture.java:683) at java.util.concurrent.CompletableFuture.thenAccept(CompletableFuture.java:2010) at org.apache.flink.runtime.scheduler.SharedSlot.release(SharedSlot.java:270) at org.apache.flink.runtime.jobmaster.slotpool.AllocatedSlot.releasePayload(AllocatedSlot.java:152) at org.apache.flink.runtime.jobmaster.slotpool.DefaultDeclarativeSlotPool.releasePayload(DefaultDeclarativeSlotPool.java:482) at org.apache.flink.runtime.jobmaster.slotpool.DefaultDeclarativeSlotPool.freeAndReleaseSlots(DefaultDeclarativeSlotPool.java:474) at org.apache.flink.runtime.jobmaster.slotpool.DefaultDeclarativeSlotPool.releaseSlots(DefaultDeclarativeSlotPool.java:445) at org.apache.flink.runtime.jobmaster.slotpool.DeclarativeSlotPoolService.internalReleaseTaskManager(DeclarativeSlotPoolService.java:275) at org.apache.flink.runtime.jobmaster.slotpool.DeclarativeSlotPoolService.releaseTaskManager(DeclarativeSlotPoolService.java:231) at org.apache.flink.runtime.jobmaster.JobMaster.disconnectTaskManager(JobMaster.java:570) at org.apache.flink.runtime.jobmaster.JobMaster$TaskManagerHeartbeatListener.handleTaskManagerConnectionLoss(JobMaster.java:1629) at org.apache.flink.runtime.jobmaster.JobMaster$TaskManagerHeartbeatListener.notifyTargetUnreachable(JobMaster.java:1640) at org.apache.flink.runtime.heartbeat.DefaultHeartbeatMonitor.reportHeartbeatRpcFailure(DefaultHeartbeatMonitor.java:126) at org.apache.flink.runtime.heartbeat.HeartbeatManagerImpl.runIfHeartbeatMonitorExists(HeartbeatManagerImpl.java:275) at org.apache.flink.runtime.heartbeat.HeartbeatManagerImpl.reportHeartbeatTargetUnreachable(HeartbeatManagerImpl.java:267) at org.apache.flink.runtime.heartbeat.HeartbeatManagerImpl.handleHeartbeatRpcFailure(HeartbeatManagerImpl.java:262) at org.apache.flink.runtime.heartbeat.HeartbeatManagerImpl.lambda$handleHeartbeatRpc$0(HeartbeatManagerImpl.java:248) at java.util.concurrent.CompletableFuture.uniWhenComplete(CompletableFuture.java:774) at java.util.concurrent.CompletableFuture$UniWhenComplete.tryFire(Compl
Benchmark Queries: [q18]
==================================================================
Start to run query q18 with workload [tps=5 M, eventsNum=0, percentage=bid:50,auction:49,person:1,kafkaServers:null]
Monitor metrics after 10 seconds.
Start to monitor metrics for 60 seconds.
Monitor TPS metric: vertex=sink, metric=nexmark_q18[8]__Writer.numRecordsInPerSecond
Current Throughput=116.34 K, Cores=19.5 (2 TMs)
Current Throughput=116.34 K, Cores=15.75 (2 TMs)
Current Throughput=116.34 K, Cores=17.5 (2 TMs)
Current Throughput=224.73 K, Cores=19.74 (2 TMs)
Current Throughput=224.73 K, Cores=19.85 (2 TMs)
Current Throughput=324.35 K, Cores=21.13 (2 TMs)
Current Throughput=324.35 K, Cores=20.78 (2 TMs)
Current Throughput=427.49 K, Cores=20.79 (2 TMs)
Current Throughput=427.49 K, Cores=20.78 (2 TMs)
Current Throughput=427.49 K, Cores=20.79 (2 TMs)
Current Throughput=427.49 K, Cores=20.78 (2 TMs)
Current Throughput=427.49 K, Cores=20.78 (2 TMs)
Summary Average: Throughput=298.72 K, Cores=19.85
Stop job query q18

[NexMark fail-fast] Flink job failed during NexMark run: 361b0c317a13615fb02de28b4d90e1a1 insert-into_default_catalog.default_database.nexmark_q18
Flink failure detail: org.apache.flink.runtime.JobException: Recovery is suppressed by NoRestartBackoffTimeStrategy at org.apache.flink.runtime.executiongraph.failover.ExecutionFailureHandler.handleFailure(ExecutionFailureHandler.java:219) at org.apache.flink.runtime.executiongraph.failover.ExecutionFailureHandler.handleFailureAndReport(ExecutionFailureHandler.java:166) at org.apache.flink.runtime.executiongraph.failover.ExecutionFailureHandler.getFailureHandlingResult(ExecutionFailureHandler.java:121) at org.apache.flink.runtime.scheduler.DefaultScheduler.recordTaskFailure(DefaultScheduler.java:281) at org.apache.flink.runtime.scheduler.DefaultScheduler.handleTaskFailure(DefaultScheduler.java:272) at org.apache.flink.runtime.scheduler.DefaultScheduler.onTaskFailed(DefaultScheduler.java:265) at org.apache.flink.runtime.scheduler.SchedulerBase.onTaskExecutionStateUpdate(SchedulerBase.java:788) at org.apache.flink.runtime.scheduler.SchedulerBase.updateTaskExecutionState(SchedulerBase.java:765) at org.apache.flink.runtime.scheduler.UpdateSchedulerNgOnInternalFailuresListener.notifyTaskFailure(UpdateSchedulerNgOnInternalFailuresListener.java:51) at org.apache.flink.runtime.executiongraph.DefaultExecutionGraph.notifySchedulerNgAboutInternalTaskFailure(DefaultExecutionGraph.java:1665) at org.apache.flink.runtime.executiongraph.Execution.processFail(Execution.java:1190) at org.apache.flink.runtime.executiongraph.Execution.processFail(Execution.java:1130) at org.apache.flink.runtime.executiongraph.Execution.fail(Execution.java:831) at org.apache.flink.runtime.jobmaster.slotpool.SingleLogicalSlot.signalPayloadRelease(SingleLogicalSlot.java:195) at org.apache.flink.runtime.jobmaster.slotpool.SingleLogicalSlot.release(SingleLogicalSlot.java:182) at org.apache.flink.runtime.scheduler.SharedSlot.lambda$release$4(SharedSlot.java:270) at java.util.concurrent.CompletableFuture.uniAccept(CompletableFuture.java:670) at java.util.concurrent.CompletableFuture.uniAcceptStage(CompletableFuture.java:683) at java.util.concurrent.CompletableFuture.thenAccept(CompletableFuture.java:2010) at org.apache.flink.runtime.scheduler.SharedSlot.release(SharedSlot.java:270) at org.apache.flink.runtime.jobmaster.slotpool.AllocatedSlot.releasePayload(AllocatedSlot.java:152) at org.apache.flink.runtime.jobmaster.slotpool.DefaultDeclarativeSlotPool.releasePayload(DefaultDeclarativeSlotPool.java:482) at org.apache.flink.runtime.jobmaster.slotpool.DefaultDeclarativeSlotPool.freeAndReleaseSlots(DefaultDeclarativeSlotPool.java:474) at org.apache.flink.runtime.jobmaster.slotpool.DefaultDeclarativeSlotPool.releaseSlots(DefaultDeclarativeSlotPool.java:445) at org.apache.flink.runtime.jobmaster.slotpool.DeclarativeSlotPoolService.internalReleaseTaskManager(DeclarativeSlotPoolService.java:275) at org.apache.flink.runtime.jobmaster.slotpool.DeclarativeSlotPoolService.releaseTaskManager(DeclarativeSlotPoolService.java:231) at org.apache.flink.runtime.jobmaster.JobMaster.disconnectTaskManager(JobMaster.java:570) at org.apache.flink.runtime.jobmaster.JobMaster$TaskManagerHeartbeatListener.handleTaskManagerConnectionLoss(JobMaster.java:1629) at org.apache.flink.runtime.jobmaster.JobMaster$TaskManagerHeartbeatListener.notifyTargetUnreachable(JobMaster.java:1640) at org.apache.flink.runtime.heartbeat.DefaultHeartbeatMonitor.reportHeartbeatRpcFailure(DefaultHeartbeatMonitor.java:126) at org.apache.flink.runtime.heartbeat.HeartbeatManagerImpl.runIfHeartbeatMonitorExists(HeartbeatManagerImpl.java:275) at org.apache.flink.runtime.heartbeat.HeartbeatManagerImpl.reportHeartbeatTargetUnreachable(HeartbeatManagerImpl.java:267) at org.apache.flink.runtime.heartbeat.HeartbeatManagerImpl.handleHeartbeatRpcFailure(HeartbeatManagerImpl.java:262) at org.apache.flink.runtime.heartbeat.HeartbeatManagerImpl.lambda$handleHeartbeatRpc$0(HeartbeatManagerImpl.java:248) at java.util.concurrent.CompletableFuture.uniWhenComplete(CompletableFuture.java:774) at java.util.concurrent.CompletableFuture$UniWhenComplete.tryFire(Compl

  ERROR: NexMark driver failed; rejecting sample even if a partial summary exists
  [Nexmark] Backoff 10s before next attempt
  ERROR: refusing to retry on a degraded cluster; the outer launcher must restart it first: TaskManager count is still degraded: 1 < 2

--- hashmap Summary ---
  Failed: ['q18']

[Nexmark] Results saved to: /root/forL0/benchmark/results/tuning/full_20260816_190623/trial_009_1b4664f1/workloads/N01/results/nexmark_20260816_235334/nexmark_results.json

[Error] NexMark failed queries: {'hashmap': ['q18']}
[evidence] TaskManager evidence: /root/forL0/benchmark/results/tuning/full_20260816_190623/trial_009_1b4664f1/workloads/N01/results/run_logs/taskmanager_nexmark_hashmap_20260816_235505.log
=== flink-taskmanager-1 ===
=== flink-taskmanager-2 ===
[cleanup] Benchmark command exited with status 1; canceling orphan Flink jobs.
[cleanup] Wrote failure marker: /root/forL0/benchmark/results/tuning/full_20260816_190623/trial_009_1b4664f1/workloads/N01/results/run_logs/FAILED_nexmark_hashmap_20260816_235505.txt
