============================================================
  ForL0 offline one-command bootstrap
============================================================
  Archive:     /root/forL0/forl0-offline-linux-arm64-py310-20260721.tar.gz
  Project dir: /root/forL0
  Run log:     /dev/null
  Extract to:  /root/forL0/forl0-offline-linux-arm64-py310-20260721
  Installed:   /root/forl0-runtime
  FLINK_HOME:  /root/flink_home

[1/4] Reuse runnable repository at /root/forL0
[2/4] Release archive is not required for repository mode
[3/4] Repository structure validated
[native] source fingerprint unchanged; reuse server-built runtime
[4/4] Install and run ForL0 validation

  Runtime source: repository (/root/forL0)

==> Checking L0 hardware environment
  device:      OK (/dev/hisi_l0)
  libl0:       OK (/opt/pkg/l0memlib/libl0mempool.so; bounded search under /opt)
  libnuma:     OK (/usr/lib64/libnuma.so.1.0.0; ldconfig cache)
  result:      real L0 environment looks available

==> Preparing full repository runtime
============================================================
  ForL0 仓库一键部署
============================================================
  仓库路径:   /root/forL0
  FLINK_HOME: /root/flink_home
  Docker:     docker

      ⚠ 未找到 unit-test benchmark JAR；apps/nexmark/wordcount/client_usecase 运行不依赖该产物
[1/4] 跳过 Docker 镜像加载

[2/4] 检查 L0 环境...
      device:      OK (/dev/hisi_l0)
      libl0:       OK (/opt/pkg/l0memlib/libl0mempool.so; explicit override)
      libnuma:     OK (/usr/lib64/libnuma.so.1.0.0; explicit override)
      ✓ L0 硬件环境可用

[3/4] 安装预编译产物到 Flink...
      ✓ backend JAR 已安装到 /root/flink_home/lib/
      ✓ NexMark JAR 已安装到 /root/flink_home/lib/
      ✓ native 库已安装到 /root/flink_home/native/
      ✓ WordCount benchmark 已就绪
      ✓ Client usecase benchmark 已就绪
      ✓ 环境文件已写入 /root/forL0/docker/forl0-local.env
      ✓ async-profiler 已就绪: /root/forL0/tools/async-profiler

[4/4] 启动 Docker 集群...
      已跳过启动。手工执行：
      source /root/forL0/docker/forl0-local.env
      cd /root/forL0/docker && ./docker_run.sh start

============================================================
  完成
============================================================
  查看状态: source /root/forL0/docker/forl0-local.env && cd /root/forL0/docker && ./docker_run.sh status
  查看日志: source /root/forL0/docker/forl0-local.env && cd /root/forL0/docker && ./docker_run.sh logs tm1
  全量运行 apps: cd /root/forL0/docker && ./run_all_apps.sh
  只跑 WordCount: cd /root/forL0/docker && ./run_all_apps.sh --test wordcount
      ✓ Synced Java 8 NexMark JAR into runtime distribution

==> Runtime summary
  app root:    /root/forL0
  runtime:     /root/forL0
  results:     /root/forL0/benchmark/results/tuning/full_20260816_190623/trial_022_f11fc1e5/workloads/N12/results
  FLINK_HOME:  /root/flink_home
  backend:     all
  profile:     --no-profile
  pressure:    forl0_tps_probe
  workloads:   N12
  expected TM: 2
  expected slots: 8
  control rev: unavailable

==> Preflight check
Command: /root/forL0/docker/run_all_apps.sh --offline --preflight-only --test apps --backend all --expected-taskmanagers 2 --expected-slots 8 --restart-cluster --restart-cluster
============================================================
  ForL0 benchmark run context
============================================================
  Repo:        /root/forL0
  Results:     /root/forL0/benchmark/results/tuning/full_20260816_190623/trial_022_f11fc1e5/workloads/N12/results
  Test:        apps
  Backend:     all
  Profile:     disabled
  Offline:     true
  Expect TMs:  2
  Expect slots:8
  GitCommit:   unavailable
  RunID:       full_20260816_190623_trial_022_f11fc1e5_N12
  ControlRev:  unavailable
  Date:        2026-08-17 07:23:44 +0800

[preflight] 检查 Flink 与 benchmark 产物
      ✓ FLINK_HOME: /root/flink_home
      ✓ benchmark config: /root/forL0/benchmark/config/benchmark.yaml
      ✓ benchmark entry: /root/forL0/benchmark/scripts/run_benchmark.py
      ✓ requirements: /root/forL0/benchmark/requirements.txt
      ✓ WordCount JAR: /root/forL0/docker/deploy/wordcount-benchmark-1.0-SNAPSHOT.jar
      ✓ NexMark JAR: /root/forL0/docker/deploy/nexmark-flink-0.3-SNAPSHOT.jar
      ✓ NexMark top-level JAR: Java 8 compatible and cancel-409 fix present
      ✓ NexMark driver JAR: Java 8 compatible and cancel-409 fix present
      ✓ NexMark bin: /root/forL0/docker/deploy/nexmark-flink/bin
      ✓ NexMark conf: /root/forL0/docker/deploy/nexmark-flink/conf
      ✓ NexMark queries: /root/forL0/docker/deploy/nexmark-flink/queries
      ✓ Client usecase JAR: /root/forL0/docker/deploy/flink-keyedcoprocessfunction-example-1.0-SNAPSHOT-jar-with-dependencies.jar
      ✓ Client hotspot-drift JAR: /root/forL0/docker/deploy/client-drift-benchmark-1.0-SNAPSHOT.jar
      ✓ ForL0 backend JAR in Flink lib: /root/flink_home/lib/flink-statebackend-forL0-1.0-SNAPSHOT.jar
      ✓ native library: /root/flink_home/native/libforl0_engine.so
[3/5] 复用依赖完整的 benchmark Python: /root/forl0-runtime/.venv-benchmark-cp310/bin/python
      Python:       /root/forl0-runtime/.venv-benchmark-cp310/bin/python (3.10)
      ✓ config loaded
      ✓ nexmark queries: q4,q5,q8,q9,q11,q18,q19,q20
      ✓ client scenarios: contract_baseline,forl0_optimized,state_pressure_300k,state_pressure_1m,hotspot_drift_300k,hotspot_drift_1m,hotspot_state_left_2m,hotspot_state_join_2m,scalar_state_probe_1m,scalar_state_probe_2m_ops64,scalar_state_probe_2m_ops16,scalar_state_probe_2m_ops16_fused,scalar_state_probe_2m_ops16_batch,scalar_state_probe_2m_ops64_batch,scalar_state_probe_1m_ops128_batch,scalar_value_probe_5m_ops16,scalar_value_probe_20m_ops16
[preflight] 检查通过。
[2/5] 按要求重启 Flink 集群
=== 停止 BriskState Flink Docker 集群 ===
flink-taskmanager-2
flink-taskmanager-1
flink-jobmanager
flink-net
已停止
=== 启动 BriskState Flink Docker 集群 ===
  FLINK_HOME: /root/flink_home
  NATIVE:     /root/flink_home/native
  CONF:       /root/forL0/docker/conf
  Docker:     docker
  JM memory:  8g
  TM memory:  16g
  libnuma:    /usr/lib64/libnuma.so.1.0.0 -> /usr/lib/libnuma.so.1
  libl0:      /opt/pkg/l0memlib/libl0mempool.so -> /usr/lib[64]/libl0mempool.so

[0/3] 清理残留 benchmark 容器...
9475ce7bcb85092c149bc0a1cde3239f1655d6c9b8dfac0b8542b9b5edbaf8c3
[1/3] 启动 JobManager...
5fd61846c78a2d9b3f2707e094605bebaca9b66f07d98bed5da234692afa136c
      JobManager IP: 172.27.0.2
[2/3] 启动 TaskManager-1...
dd60d234c2e57a13971f11a4441343383ac1ebf10457b0c4c96170c09447eda7
[3/3] 启动 TaskManager-2...
2632844d40d39adaa3abdea5949b3b0eb9af7f3177c4096459f1f871b6b0cd83

等待 JobManager 就绪...
..
=== 集群启动成功! ===
  Web UI: http://localhost:8081
  TaskManagers: 2
  Slots:        8

  查看 TaskManager 日志: /root/forL0/docker/docker_run.sh logs tm1
  提交作业:     /root/flink_home/bin/flink run -m localhost:8081 -c <MainClass> <jar>
      ✓ Flink 集群健康:
TASKMANAGERS=2
SLOTS_TOTAL=8
SLOTS_AVAILABLE=8
JOBS_RUNNING=0
TM 172.27.0.4:43341-5af0d0 slots=4 free=4 heartbeatMs=0
TM 172.27.0.3:41979-1cccae slots=4 free=4 heartbeatMs=0
Ascend reproduction manifest: /root/forL0/benchmark/results/tuning/full_20260816_190623/trial_022_f11fc1e5/workloads/N12/results/run_logs/ascend_reproduction_20260817_072351.tsv

==> Ascend reproduction N12: nexmark_q4_pressure_forl0
Command: /root/forL0/docker/run_all_apps.sh --offline --test nexmark --scenario forl0_no_full_gc_pressure --query q4 --backend forl0 --no-profile --no-report --expected-taskmanagers 2 --expected-slots 8 --restart-cluster
============================================================
  ForL0 benchmark run context
============================================================
  Repo:        /root/forL0
  Results:     /root/forL0/benchmark/results/tuning/full_20260816_190623/trial_022_f11fc1e5/workloads/N12/results
  Test:        nexmark
  Backend:     forl0
  Profile:     disabled
  Offline:     true
  Expect TMs:  2
  Expect slots:8
  GitCommit:   unavailable
  RunID:       full_20260816_190623_trial_022_f11fc1e5_N12
  ControlRev:  unavailable
  Date:        2026-08-17 07:23:52 +0800

[2/5] 按要求重启 Flink 集群
=== 停止 BriskState Flink Docker 集群 ===
flink-taskmanager-2
flink-taskmanager-1
flink-jobmanager
flink-net
已停止
=== 启动 BriskState Flink Docker 集群 ===
  FLINK_HOME: /root/flink_home
  NATIVE:     /root/flink_home/native
  CONF:       /root/forL0/docker/conf
  Docker:     docker
  JM memory:  8g
  TM memory:  16g
  libnuma:    /usr/lib64/libnuma.so.1.0.0 -> /usr/lib/libnuma.so.1
  libl0:      /opt/pkg/l0memlib/libl0mempool.so -> /usr/lib[64]/libl0mempool.so

[0/3] 清理残留 benchmark 容器...
0b189cec880a8c66033a94a33ec8b04205a5ed41e818928f3fba28ac6e77bb94
[1/3] 启动 JobManager...
7ee5f43c4d5c60aacf8703b774fe54c72ac88151e9380d2d50b2e1bf17fb0123
      JobManager IP: 172.28.0.2
[2/3] 启动 TaskManager-1...
71fd266252c238ebb799c16aa7a4aa733b19f8659143d6d651bc8beee5928ce3
[3/3] 启动 TaskManager-2...
b4cbcdda7423c1aa2280627606957f1a3e0b6a54098c5e3d687e026b921f8480

等待 JobManager 就绪...
..
=== 集群启动成功! ===
  Web UI: http://localhost:8081
  TaskManagers: 2
  Slots:        8

  查看 TaskManager 日志: /root/forL0/docker/docker_run.sh logs tm1
  提交作业:     /root/flink_home/bin/flink run -m localhost:8081 -c <MainClass> <jar>
      ✓ Flink 集群健康:
TASKMANAGERS=2
SLOTS_TOTAL=8
SLOTS_AVAILABLE=8
JOBS_RUNNING=0
TM 172.28.0.3:44429-596cd6 slots=4 free=4 heartbeatMs=0
TM 172.28.0.4:37109-d127a3 slots=4 free=4 heartbeatMs=0
[3/5] 复用依赖完整的 benchmark Python: /root/forl0-runtime/.venv-benchmark-cp310/bin/python
      Python:       /root/forl0-runtime/.venv-benchmark-cp310/bin/python (3.10)
[4/5] 开始运行 benchmark/scripts/run_benchmark.py
Command: /root/forl0-runtime/.venv-benchmark-cp310/bin/python /root/forL0/benchmark/scripts/run_benchmark.py --test nexmark --backend forl0 --scenario forl0_no_full_gc_pressure --query q4
[NexMark] Scenario: forl0_no_full_gc_pressure — Non-contract pressure probe: keep no-Full-GC acceptance while preserving high NexMark state pressure
============================================================
ForL0 StateBackend Benchmark
============================================================
Test: nexmark
Backends: forl0
NexMark Queries: q4
NexMark Scenario: forl0_no_full_gc_pressure
============================================================

============================================================
Running NexMark Benchmark
============================================================

============================================================
Nexmark DataStream Benchmark
============================================================
Queries: ['q4']
Backends: ['forl0']
Repeat per query: 1
Min successful samples: 1
Mode: benchmark
============================================================


============================================================
Backend: forl0
============================================================
[Nexmark] Category compatibility view: forl0 -> oa (/tmp/nexmark-conf-htn6r9al/nexmark-home/queries)

=== Running Nexmark Q4 (forl0 backend) ===
Events: 0, TPS: 600000
Proportions: Person(1):Auction(49):Bid(50)
Hot ratios: bid.auctions=8, bid.bidders=default
Command: java -Dlog.file=/root/forL0/docker/deploy/nexmark-flink/log/nexmark-flink.log -Dlog4j.configuration=file:/tmp/nexmark-conf-htn6r9al/log4j.properties -Dlog4j.configurationFile=file:/tmp/nexmark-conf-htn6r9al/log4j.properties -Dstate.backend.type=org.apache.flink.state.forl0.ForL0StateBackendFactory -Dstate.backend.forl0.initial-table-capacity=2048 -Dstate.backend.forl0.max-table-capacity=2097152 -Dstate.backend.forl0.l0-cache.enabled=true -Dstate.backend.forl0.l0-cache.total-size=384mb -Dstate.backend.forl0.l0-cache.expected-engines=2 -Dstate.backend.forl0.l0-cache.strict-allocation=true -Dstate.backend.forl0.native-memory.max-size=768mb -Dstate.backend.forl0.main-table.load-factor-threshold=0.875 -DforL0.metricsCollector.enabled=false -cp /root/forL0/docker/deploy/nexmark-flink/lib/*:/root/flink_home/lib/* com.github.nexmark.flink.Benchmark --location /tmp/nexmark-conf-htn6r9al/nexmark-home --queries q4 --category oa

Benchmark Queries: [q4]
==================================================================
Start to run query q4 with workload [tps=600 K, eventsNum=0, percentage=bid:50,auction:49,person:1,kafkaServers:null]
Monitor metrics after 20 seconds.
Start to monitor metrics for 45 seconds.
Monitor TPS metric: vertex=sink, metric=GroupAggregate[16].numRecordsInPerSecond
Current Throughput=54.17 K, Cores=32.34 (2 TMs)
Current Throughput=54.17 K, Cores=31.34 (2 TMs)
Current Throughput=54.17 K, Cores=30.63 (2 TMs)
Current Throughput=82.25 K, Cores=26.17 (2 TMs)
Current Throughput=82.25 K, Cores=29.71 (2 TMs)
Current Throughput=110.32 K, Cores=23.46 (2 TMs)
Current Throughput=110.32 K, Cores=30.14 (2 TMs)
Current Throughput=110.32 K, Cores=30.14 (2 TMs)
Current Throughput=110.32 K, Cores=30.14 (2 TMs)
Summary Average: Throughput=85.37 K, Cores=29.34
Stop job query q4
-------------------------------- Nexmark Results --------------------------------

+------+-----------------+---------+-----------------+
| Query| Throughput (r/s)| Cores   | Throughput/Cores|
+------+-----------------+---------+-----------------+
|q4    |85.37 K          |29.34    |2.91 K           |
|Total |-                |-        |2.91 K           |
+------+-----------------+---------+-----------------+



  Result: 85,370.00 events/sec

--- forl0 Summary ---
  q4: 85,370 events/sec (2,910/core)

[Nexmark] Results saved to: /root/forL0/benchmark/results/tuning/full_20260816_190623/trial_022_f11fc1e5/workloads/N12/results/nexmark_20260817_072359/nexmark_results.json

======================================================================
                    BENCHMARK SUMMARY
======================================================================

## Unit Test Benchmark
--------------------------------------------------

## WordCount Benchmark
--------------------------------------------------

## Client Usecase Benchmark
--------------------------------------------------

## NexMark Benchmark
--------------------------------------------------
Query   Proc(s)       forl0 proc eps     report eps     (/core)
---------------------------------------------------------------
Q4                         85.37 K/s      85.37 K/s    2.91 K/s

======================================================================

Next steps:
  1. Review raw results in: /root/forL0/benchmark/results/tuning/full_20260816_190623/trial_022_f11fc1e5/workloads/N12/results/raw/
  2. Generate report: python scripts/generate_report.py
  3. View report in: /root/forL0/benchmark/results/tuning/full_20260816_190623/trial_022_f11fc1e5/workloads/N12/results/reports/
[evidence] TaskManager evidence: /root/forL0/benchmark/results/tuning/full_20260816_190623/trial_022_f11fc1e5/workloads/N12/results/run_logs/taskmanager_nexmark_forl0_20260817_072515.log
=== flink-taskmanager-1 ===
=== flink-taskmanager-2 ===
[ForL0-HotCache] engine_start active=1 key_groups=32:64 requested_bytes=201326592 actual_bytes=201326400 total_sets=1048575 strict=1
[ForL0-HotCache] engine_reuse active=1 key_groups=96:128 requested_bytes=201326592 actual_bytes=201326400 total_sets=1048575 strict=1
[ForL0-HotCache] engine_reuse active=1 key_groups=64:96 requested_bytes=201326592 actual_bytes=201326400 total_sets=1048575 strict=1
[ForL0-HotCache] engine_reuse active=1 key_groups=0:32 requested_bytes=201326592 actual_bytes=201326400 total_sets=1048575 strict=1
[ForL0-HotCache] engine_reuse active=1 key_groups=32:64 requested_bytes=201326592 actual_bytes=201326400 total_sets=1048575 strict=1
[ForL0-HotCache] engine_reuse active=1 key_groups=96:128 requested_bytes=201326592 actual_bytes=201326400 total_sets=1048575 strict=1
[ForL0-HotCache] engine_reuse active=1 key_groups=0:32 requested_bytes=201326592 actual_bytes=201326400 total_sets=1048575 strict=1
[ForL0-HotCache] engine_reuse active=1 key_groups=64:96 requested_bytes=201326592 actual_bytes=201326400 total_sets=1048575 strict=1
[ForL0-HotCache] engine_reuse active=1 key_groups=0:32 requested_bytes=201326592 actual_bytes=201326400 total_sets=1048575 strict=1
[ForL0-HotCache] engine_reuse active=1 key_groups=96:128 requested_bytes=201326592 actual_bytes=201326400 total_sets=1048575 strict=1
[ForL0-HotCache] engine_reuse active=1 key_groups=64:96 requested_bytes=201326592 actual_bytes=201326400 total_sets=1048575 strict=1
[ForL0-HotCache] engine_reuse active=1 key_groups=32:64 requested_bytes=201326592 actual_bytes=201326400 total_sets=1048575 strict=1

==> Done
Raw results:
  /root/forL0/benchmark/results/tuning/full_20260816_190623/trial_022_f11fc1e5/workloads/N12/results/raw/
NexMark runs:
  /root/forL0/benchmark/results/tuning/full_20260816_190623/trial_022_f11fc1e5/workloads/N12/results/nexmark_*/
Derived figures/reports: disabled on the experiment server
