=== flink-taskmanager-1 ===
[ForL0-HotCache] engine_start active=1 key_groups=80:96 requested_bytes=33554432 actual_bytes=33554304 total_sets=174762 strict=1
[ForL0-HotCache] engine_start active=1 key_groups=16:32 requested_bytes=33554432 actual_bytes=33554304 total_sets=174762 strict=1
[ForL0-HotCache] engine_start active=1 key_groups=48:64 requested_bytes=33554432 actual_bytes=33554304 total_sets=174762 strict=1
Caused by: org.apache.flink.util.FlinkException: Could not restore keyed state backend for KeyedProcessOperator_f6dc7f4d2283f4605b127b9364e21148_(5/8) from any of the 1 provided restore options.
Caused by: java.lang.RuntimeException: strict L0 allocation failed: l0_mem_alloc probe failed
[ForL0-HotCache] engine_summary requested_bytes=33554432 actual_bytes=33554304 used_bytes=0 total_sets=174762 free_sets=174762 caches=0 lookups=0 hits=0 invalidations=0 writes=0 bypass_events=0
[ForL0-Memory] engine_summary used_bytes=0 peak_bytes=0 max_bytes=536870912
[ForL0-HotCache] engine_summary requested_bytes=33554432 actual_bytes=33554304 used_bytes=0 total_sets=174762 free_sets=174762 caches=0 lookups=0 hits=0 invalidations=0 writes=0 bypass_events=0
[ForL0-Memory] engine_summary used_bytes=3440896 peak_bytes=3440896 max_bytes=536870912
[ForL0-HotCache] engine_summary requested_bytes=33554432 actual_bytes=33554304 used_bytes=0 total_sets=174762 free_sets=174762 caches=0 lookups=0 hits=0 invalidations=0 writes=0 bypass_events=0
[ForL0-Memory] engine_summary used_bytes=3440896 peak_bytes=3440896 max_bytes=536870912
[ForL0-HotCache] engine_start active=1 key_groups=0:16 requested_bytes=33554432 actual_bytes=33554304 total_sets=174762 strict=1
Caused by: org.apache.flink.util.FlinkException: Could not restore keyed state backend for KeyedProcessOperator_f6dc7f4d2283f4605b127b9364e21148_(3/8) from any of the 1 provided restore options.
Caused by: java.lang.RuntimeException: strict L0 allocation failed: l0_mem_alloc probe failed
[ForL0-HotCache] engine_start active=1 key_groups=96:112 requested_bytes=33554432 actual_bytes=33554304 total_sets=174762 strict=1
Caused by: org.apache.flink.util.FlinkException: Could not restore keyed state backend for KeyedProcessOperator_f6dc7f4d2283f4605b127b9364e21148_(8/8) from any of the 1 provided restore options.
Caused by: java.lang.RuntimeException: strict L0 allocation failed: l0_mem_alloc probe failed
[ForL0-HotCache] engine_summary requested_bytes=33554432 actual_bytes=33554304 used_bytes=0 total_sets=174762 free_sets=174762 caches=0 lookups=0 hits=0 invalidations=0 writes=0 bypass_events=0
[ForL0-Memory] engine_summary used_bytes=3440896 peak_bytes=3440896 max_bytes=536870912
[ForL0-HotCache] engine_summary requested_bytes=33554432 actual_bytes=33554304 used_bytes=0 total_sets=174762 free_sets=174762 caches=0 lookups=0 hits=0 invalidations=0 writes=0 bypass_events=0
[ForL0-Memory] engine_summary used_bytes=3440896 peak_bytes=3440896 max_bytes=536870912
=== flink-taskmanager-2 ===
[ForL0-HotCache] engine_start active=1 key_groups=96:112 requested_bytes=33554432 actual_bytes=33554304 total_sets=174762 strict=1
[ForL0-HotCache] engine_start active=1 key_groups=112:128 requested_bytes=33554432 actual_bytes=33554304 total_sets=174762 strict=1
Caused by: org.apache.flink.util.FlinkException: Could not restore keyed state backend for KeyedProcessOperator_f6dc7f4d2283f4605b127b9364e21148_(3/8) from any of the 1 provided restore options.
Caused by: java.lang.RuntimeException: strict L0 allocation failed: l0_mem_alloc probe failed
Caused by: org.apache.flink.util.FlinkException: Could not restore keyed state backend for KeyedProcessOperator_f6dc7f4d2283f4605b127b9364e21148_(1/8) from any of the 1 provided restore options.
Caused by: java.lang.RuntimeException: strict L0 allocation failed: l0_mem_alloc probe failed
[ForL0-HotCache] engine_summary requested_bytes=33554432 actual_bytes=33554304 used_bytes=0 total_sets=174762 free_sets=174762 caches=0 lookups=0 hits=0 invalidations=0 writes=0 bypass_events=0
[ForL0-Memory] engine_summary used_bytes=3440896 peak_bytes=3440896 max_bytes=536870912
[ForL0-HotCache] engine_summary requested_bytes=33554432 actual_bytes=33554304 used_bytes=0 total_sets=174762 free_sets=174762 caches=0 lookups=0 hits=0 invalidations=0 writes=0 bypass_events=0
[ForL0-Memory] engine_summary used_bytes=3440896 peak_bytes=3440896 max_bytes=536870912
[ForL0-HotCache] engine_start active=1 key_groups=64:80 requested_bytes=33554432 actual_bytes=33554304 total_sets=174762 strict=1
Caused by: org.apache.flink.util.FlinkException: Could not restore keyed state backend for KeyedProcessOperator_f6dc7f4d2283f4605b127b9364e21148_(6/8) from any of the 1 provided restore options.
Caused by: java.lang.RuntimeException: strict L0 allocation failed: l0_mem_alloc probe failed
Caused by: org.apache.flink.util.FlinkException: Could not restore keyed state backend for KeyedProcessOperator_f6dc7f4d2283f4605b127b9364e21148_(2/8) from any of the 1 provided restore options.
Caused by: java.lang.RuntimeException: strict L0 allocation failed: l0_mem_alloc probe failed
Caused by: org.apache.flink.util.FlinkException: Could not restore keyed state backend for KeyedProcessOperator_f6dc7f4d2283f4605b127b9364e21148_(4/8) from any of the 1 provided restore options.
Caused by: java.lang.RuntimeException: strict L0 allocation failed: l0_mem_alloc probe failed
[ForL0-HotCache] engine_summary requested_bytes=33554432 actual_bytes=33554304 used_bytes=0 total_sets=174762 free_sets=174762 caches=0 lookups=0 hits=0 invalidations=0 writes=0 bypass_events=0
[ForL0-Memory] engine_summary used_bytes=3440896 peak_bytes=3440896 max_bytes=536870912
