=== flink-taskmanager-1 ===
=== flink-taskmanager-2 ===
[ForL0-HotCache] engine_start active=1 key_groups=32:64 requested_bytes=134217728 actual_bytes=134217600 total_sets=699050 strict=1
[ForL0-HotCache] engine_start active=1 key_groups=96:128 requested_bytes=134217728 actual_bytes=134217600 total_sets=699050 strict=1
[ForL0-HotCache] engine_start active=1 key_groups=64:96 requested_bytes=134217728 actual_bytes=134217600 total_sets=699050 strict=1
[ForL0-HotCache] engine_start active=1 key_groups=0:32 requested_bytes=134217728 actual_bytes=134217600 total_sets=699050 strict=1
[ForL0-HotCache] state_attach name=count requested_bytes=1048576 actual_bytes=786432 sets=4096
[ForL0-HotCache] state_attach name=count requested_bytes=1048576 actual_bytes=786432 sets=4096
[ForL0-HotCache] state_attach name=count requested_bytes=1048576 actual_bytes=786432 sets=4096
[ForL0-HotCache] state_attach name=count requested_bytes=1048576 actual_bytes=786432 sets=4096
[ForL0-HotCache] state_summary name=count sets=4096 lookups=0 hits=0 invalidations=0 writes=50049863 bypass_events=1 bypassed=1
[ForL0-HotCache] state_summary name=count sets=4096 lookups=0 hits=0 invalidations=0 writes=50026921 bypass_events=1 bypassed=1
[ForL0-HotCache] engine_summary requested_bytes=134217728 actual_bytes=134217600 used_bytes=786432 total_sets=699050 free_sets=694954 caches=1 lookups=0 hits=0 invalidations=0 writes=50049863 bypass_events=1
[ForL0-Memory] engine_summary used_bytes=17826304 peak_bytes=18104848 max_bytes=1073741824
[ForL0-HotCache] engine_summary requested_bytes=134217728 actual_bytes=134217600 used_bytes=786432 total_sets=699050 free_sets=694954 caches=1 lookups=0 hits=0 invalidations=0 writes=50026921 bypass_events=1
[ForL0-Memory] engine_summary used_bytes=17826304 peak_bytes=18104848 max_bytes=1073741824
[ForL0-HotCache] state_summary name=count sets=4096 lookups=0 hits=0 invalidations=0 writes=50070745 bypass_events=1 bypassed=1
[ForL0-HotCache] engine_summary requested_bytes=134217728 actual_bytes=134217600 used_bytes=786432 total_sets=699050 free_sets=694954 caches=1 lookups=0 hits=0 invalidations=0 writes=50070745 bypass_events=1
[ForL0-Memory] engine_summary used_bytes=17826304 peak_bytes=18104848 max_bytes=1073741824
[ForL0-HotCache] state_summary name=count sets=4096 lookups=0 hits=0 invalidations=0 writes=49852471 bypass_events=1 bypassed=1
[ForL0-HotCache] engine_summary requested_bytes=134217728 actual_bytes=134217600 used_bytes=786432 total_sets=699050 free_sets=694954 caches=1 lookups=0 hits=0 invalidations=0 writes=49852471 bypass_events=1
[ForL0-Memory] engine_summary used_bytes=17826304 peak_bytes=18104848 max_bytes=1073741824
========================================
========================================
========================================
[ForL0-HotCache] engine_start active=1 key_groups=64:96 requested_bytes=134217728 actual_bytes=134217600 total_sets=699050 strict=1
[ForL0-HotCache] engine_start active=1 key_groups=32:64 requested_bytes=134217728 actual_bytes=134217600 total_sets=699050 strict=1
[ForL0-HotCache] engine_start active=1 key_groups=0:32 requested_bytes=134217728 actual_bytes=134217600 total_sets=699050 strict=1
[ForL0-HotCache] state_attach name=count requested_bytes=1048576 actual_bytes=786432 sets=4096
[ForL0-HotCache] state_attach name=count requested_bytes=1048576 actual_bytes=786432 sets=4096
[ForL0-HotCache] state_attach name=count requested_bytes=1048576 actual_bytes=786432 sets=4096
[ForL0-HotCache] engine_start active=1 key_groups=96:128 requested_bytes=134217728 actual_bytes=134217600 total_sets=699050 strict=1
[ForL0-HotCache] state_attach name=count requested_bytes=1048576 actual_bytes=786432 sets=4096
[ForL0-HotCache] state_summary name=count sets=4096 lookups=0 hits=0 invalidations=0 writes=50049863 bypass_events=1 bypassed=1
[ForL0-HotCache] engine_summary requested_bytes=134217728 actual_bytes=134217600 used_bytes=786432 total_sets=699050 free_sets=694954 caches=1 lookups=0 hits=0 invalidations=0 writes=50049863 bypass_events=1
[ForL0-Memory] engine_summary used_bytes=17826304 peak_bytes=18104848 max_bytes=1073741824
[ForL0-HotCache] state_summary name=count sets=4096 lookups=0 hits=0 invalidations=0 writes=50070745 bypass_events=1 bypassed=1
[ForL0-HotCache] engine_summary requested_bytes=134217728 actual_bytes=134217600 used_bytes=786432 total_sets=699050 free_sets=694954 caches=1 lookups=0 hits=0 invalidations=0 writes=50070745 bypass_events=1
[ForL0-Memory] engine_summary used_bytes=17826304 peak_bytes=18104848 max_bytes=1073741824
[ForL0-HotCache] state_summary name=count sets=4096 lookups=0 hits=0 invalidations=0 writes=50026921 bypass_events=1 bypassed=1
[ForL0-HotCache] engine_summary requested_bytes=134217728 actual_bytes=134217600 used_bytes=786432 total_sets=699050 free_sets=694954 caches=1 lookups=0 hits=0 invalidations=0 writes=50026921 bypass_events=1
[ForL0-Memory] engine_summary used_bytes=17826304 peak_bytes=18104848 max_bytes=1073741824
[ForL0-HotCache] state_summary name=count sets=4096 lookups=0 hits=0 invalidations=0 writes=49852471 bypass_events=1 bypassed=1
[ForL0-HotCache] engine_summary requested_bytes=134217728 actual_bytes=134217600 used_bytes=786432 total_sets=699050 free_sets=694954 caches=1 lookups=0 hits=0 invalidations=0 writes=49852471 bypass_events=1
[ForL0-Memory] engine_summary used_bytes=17826304 peak_bytes=18104848 max_bytes=1073741824
========================================
========================================
========================================
[ForL0-HotCache] engine_start active=1 key_groups=0:32 requested_bytes=134217728 actual_bytes=134217600 total_sets=699050 strict=1
[ForL0-HotCache] engine_start active=1 key_groups=32:64 requested_bytes=134217728 actual_bytes=134217600 total_sets=699050 strict=1
[ForL0-HotCache] state_attach name=count requested_bytes=1048576 actual_bytes=786432 sets=4096
[ForL0-HotCache] state_attach name=count requested_bytes=1048576 actual_bytes=786432 sets=4096
[ForL0-HotCache] engine_start active=1 key_groups=64:96 requested_bytes=134217728 actual_bytes=134217600 total_sets=699050 strict=1
[ForL0-HotCache] state_attach name=count requested_bytes=1048576 actual_bytes=786432 sets=4096
[ForL0-HotCache] engine_start active=1 key_groups=96:128 requested_bytes=134217728 actual_bytes=134217600 total_sets=699050 strict=1
[ForL0-HotCache] state_attach name=count requested_bytes=1048576 actual_bytes=786432 sets=4096
[ForL0-HotCache] state_summary name=count sets=4096 lookups=0 hits=0 invalidations=0 writes=50026921 bypass_events=1 bypassed=1
[ForL0-HotCache] state_summary name=count sets=4096 lookups=0 hits=0 invalidations=0 writes=50049863 bypass_events=1 bypassed=1
[ForL0-HotCache] engine_summary requested_bytes=134217728 actual_bytes=134217600 used_bytes=786432 total_sets=699050 free_sets=694954 caches=1 lookups=0 hits=0 invalidations=0 writes=50049863 bypass_events=1
[ForL0-Memory] engine_summary used_bytes=17826304 peak_bytes=18104848 max_bytes=1073741824
[ForL0-HotCache] engine_summary requested_bytes=134217728 actual_bytes=134217600 used_bytes=786432 total_sets=699050 free_sets=694954 caches=1 lookups=0 hits=0 invalidations=0 writes=50026921 bypass_events=1
[ForL0-Memory] engine_summary used_bytes=17826304 peak_bytes=18104848 max_bytes=1073741824
[ForL0-HotCache] state_summary name=count sets=4096 lookups=0 hits=0 invalidations=0 writes=49852471 bypass_events=1 bypassed=1
[ForL0-HotCache] engine_summary requested_bytes=134217728 actual_bytes=134217600 used_bytes=786432 total_sets=699050 free_sets=694954 caches=1 lookups=0 hits=0 invalidations=0 writes=49852471 bypass_events=1
[ForL0-Memory] engine_summary used_bytes=17826304 peak_bytes=18104848 max_bytes=1073741824
[ForL0-HotCache] state_summary name=count sets=4096 lookups=0 hits=0 invalidations=0 writes=50070745 bypass_events=1 bypassed=1
[ForL0-HotCache] engine_summary requested_bytes=134217728 actual_bytes=134217600 used_bytes=786432 total_sets=699050 free_sets=694954 caches=1 lookups=0 hits=0 invalidations=0 writes=50070745 bypass_events=1
[ForL0-Memory] engine_summary used_bytes=17826304 peak_bytes=18104848 max_bytes=1073741824
========================================
========================================
========================================
