\BOOKMARK [1][-]{section.1}{\376\377\145\164\117\123\147\266\147\204\213\276\213\241}{}% 1
\BOOKMARK [2][-]{subsection.1.1}{\376\377\140\073\117\123\147\266\147\204}{section.1}% 2
\BOOKMARK [2][-]{subsection.1.2}{\376\377\162\266\140\001\213\277\225\356\117\030\123\026\215\357\137\204}{section.1}% 3
\BOOKMARK [2][-]{subsection.1.3}{\376\377\123\237\165\037\162\266\140\001\210\150\176\304\176\307}{section.1}% 4
\BOOKMARK [2][-]{subsection.1.4}{\376\377\176\304\116\366\211\343\200\046\116\016\226\306\142\020}{section.1}% 5
\BOOKMARK [1][-]{section.2}{\376\377\147\266\147\204\213\276\213\241\176\306\202\202}{}% 6
\BOOKMARK [2][-]{subsection.2.1}{\376\377\123\357\131\015\165\050\176\304\116\366\116\016\142\151\134\125\176\304\116\366}{section.2}% 7
\BOOKMARK [3][-]{subsubsection.2.1.1}{\376\377\000F\000o\000r\000L\0000\000S\000t\000a\000t\000e\000B\000a\000c\000k\000e\000n\000d\000\040\116\016\000\040\000F\000o\000r\000L\0000\000K\000e\000y\000e\000d\000S\000t\000a\000t\000e\000B\000a\000c\000k\000e\000n\000d}{subsection.2.1}% 8
\BOOKMARK [3][-]{subsubsection.2.1.2}{\376\377\000P\000r\000i\000o\000r\000i\000t\000y\000Q\000u\000e\000u\000e\000M\000a\000n\000a\000g\000e\000r\000\040\000/\000\040\000H\000e\000a\000p\000P\000r\000i\000o\000r\000i\000t\000y\000Q\000u\000e\000u\000e}{subsection.2.1}% 9
\BOOKMARK [3][-]{subsubsection.2.1.3}{\376\377\000N\000a\000t\000i\000v\000e\000E\000n\000g\000i\000n\000e}{subsection.2.1}% 10
\BOOKMARK [2][-]{subsection.2.2}{\376\377\121\163\225\056\213\276\213\241\176\304\116\366}{section.2}% 11
\BOOKMARK [3][-]{subsubsection.2.2.1}{\376\377\000S\000t\000a\000t\000e\000E\000n\000g\000i\000n\000e}{subsection.2.2}% 12
\BOOKMARK [3][-]{subsubsection.2.2.2}{\376\377\162\266\140\001\136\003\134\100\116\016\124\175\124\015\172\172\225\364\176\304\176\307}{subsection.2.2}% 13
\BOOKMARK [3][-]{subsubsection.2.2.3}{\376\377\000S\000w\000i\000s\000s\000T\000a\000b\000l\000e}{subsection.2.2}% 14
\BOOKMARK [3][-]{subsubsection.2.2.4}{\376\377\162\266\140\001\213\277\225\356\173\126\165\145\116\016\000\040\000J\000N\000I\000\040\137\353\215\357\137\204}{subsection.2.2}% 15
\BOOKMARK [3][-]{subsubsection.2.2.5}{\376\377\174\173\127\213\122\006\147\220\116\016\136\003\134\100\143\317\217\360}{subsection.2.2}% 16
\BOOKMARK [2][-]{subsection.2.3}{\376\377\123\237\165\037\162\266\140\001\176\304\176\307\133\236\163\260}{section.2}% 17
\BOOKMARK [3][-]{subsubsection.2.3.1}{\376\377\176\323\147\204\176\304\142\020}{subsection.2.3}% 18
\BOOKMARK [3][-]{subsubsection.2.3.2}{\376\377\000R\000o\000w\000D\000a\000t\000a\000\040\137\353\215\357\137\204\133\236\163\260}{subsection.2.3}% 19
\BOOKMARK [3][-]{subsubsection.2.3.3}{\376\377\116\073\211\201\144\315\117\134\173\227\154\325}{subsection.2.3}% 20
\BOOKMARK [2][-]{subsection.2.4}{\376\377\000F\000o\000r\000L\0000\000S\000t\000a\000t\000e\000\040\133\236\163\260}{section.2}% 21
\BOOKMARK [3][-]{subsubsection.2.4.1}{\376\377\000F\000o\000r\000L\0000\000V\000a\000l\000u\000e\000S\000t\000a\000t\000e}{subsection.2.4}% 22
\BOOKMARK [3][-]{subsubsection.2.4.2}{\376\377\000F\000o\000r\000L\0000\000L\000i\000s\000t\000S\000t\000a\000t\000e}{subsection.2.4}% 23
\BOOKMARK [3][-]{subsubsection.2.4.3}{\376\377\000F\000o\000r\000L\0000\000M\000a\000p\000S\000t\000a\000t\000e}{subsection.2.4}% 24
\BOOKMARK [3][-]{subsubsection.2.4.4}{\376\377\000F\000o\000r\000L\0000\000R\000e\000d\000u\000c\000i\000n\000g\000S\000t\000a\000t\000e\000\040\116\016\000\040\000F\000o\000r\000L\0000\000A\000g\000g\000r\000e\000g\000a\000t\000i\000n\000g\000S\000t\000a\000t\000e}{subsection.2.4}% 25
\BOOKMARK [1][-]{section.3}{\376\377\133\271\225\031\147\072\122\066\213\276\213\241}{}% 26
\BOOKMARK [2][-]{subsection.3.1}{\376\377\137\353\161\147\123\321\215\167}{section.3}% 27
\BOOKMARK [2][-]{subsection.3.2}{\376\377\137\353\161\147\221\307\226\306}{section.3}% 28
\BOOKMARK [2][-]{subsection.3.3}{\376\377\000C\000o\000p\000y\000-\000O\000n\000-\000W\000r\000i\000t\000e\000\040\116\000\201\364\140\047\152\041\127\213}{section.3}% 29
\BOOKMARK [2][-]{subsection.3.4}{\376\377\000S\000a\000v\000e\000p\000o\000i\000n\000t\000\040\116\016\162\266\140\001\140\142\131\015}{section.3}% 30
\BOOKMARK [2][-]{subsection.3.5}{\376\377\215\104\156\220\126\336\145\066\116\016\137\002\136\070\131\004\164\006}{section.3}% 31
\BOOKMARK [1][-]{section.4}{\376\377\143\322\116\366\137\017\226\306\142\020\213\276\213\241}{}% 32
\BOOKMARK [2][-]{subsection.4.1}{\376\377\122\240\217\175\147\072\122\066}{section.4}% 33
\BOOKMARK [2][-]{subsection.4.2}{\376\377\217\320\210\114\145\366\143\245\121\145\217\271\165\114}{section.4}% 34
\BOOKMARK [1][-]{section.5}{\376\377\140\073\176\323}{}% 35
