=== flink-taskmanager-1 ===
[ForL0-HotCache] engine_start active=1 key_groups=0:32 requested_bytes=201326592 actual_bytes=201326400 total_sets=1048575 strict=1
[ForL0-HotCache] engine_reuse active=1 key_groups=32:64 requested_bytes=201326592 actual_bytes=201326400 total_sets=1048575 strict=1
[ForL0-HotCache] engine_reuse active=1 key_groups=96:128 requested_bytes=201326592 actual_bytes=201326400 total_sets=1048575 strict=1
[ForL0-HotCache] engine_reuse active=1 key_groups=64:96 requested_bytes=201326592 actual_bytes=201326400 total_sets=1048575 strict=1
[ForL0-HotCache] state_attach name=ScalarLeftCount requested_bytes=1048576 actual_bytes=786432 sets=4096
[ForL0-HotCache] state_attach name=ScalarLeftCount requested_bytes=1048576 actual_bytes=786432 sets=4096
[ForL0-HotCache] state_attach name=ScalarLeftCount requested_bytes=1048576 actual_bytes=786432 sets=4096
[ForL0-HotCache] state_attach name=ScalarLeftCount requested_bytes=1048576 actual_bytes=786432 sets=4096
[ForL0-HotCache] state_attach name=ScalarRightCount requested_bytes=1048576 actual_bytes=786432 sets=4096
[ForL0-HotCache] state_attach name=ScalarRightCount requested_bytes=1048576 actual_bytes=786432 sets=4096
[ForL0-HotCache] state_attach name=ScalarRightCount requested_bytes=1048576 actual_bytes=786432 sets=4096
[ForL0-HotCache] state_attach name=ScalarRightCount requested_bytes=1048576 actual_bytes=786432 sets=4096
[ForL0-HotCache] state_summary name=ScalarLeftCount sets=4096 lookups=449288 hits=358929 invalidations=0 writes=465591 bypass_events=0 bypassed=0
[ForL0-HotCache] state_summary name=ScalarRightCount sets=4096 lookups=498262 hits=121970 invalidations=0 writes=49051 bypass_events=0 bypassed=0
[ForL0-HotCache] state_summary name=ScalarLeftCount sets=4096 lookups=450138 hits=359352 invalidations=0 writes=466596 bypass_events=0 bypassed=0
[ForL0-HotCache] state_summary name=ScalarRightCount sets=4096 lookups=500181 hits=125044 invalidations=0 writes=50125 bypass_events=0 bypassed=0
[ForL0-HotCache] engine_summary requested_bytes=201326592 actual_bytes=201326400 used_bytes=6291456 total_sets=1048575 free_sets=1015807 caches=8 lookups=3740062 hits=1909513 invalidations=0 writes=2033875 bypass_events=0
[ForL0-HotCache] engine_summary requested_bytes=201326592 actual_bytes=201326400 used_bytes=6291456 total_sets=1048575 free_sets=1015807 caches=8 lookups=3740070 hits=1909518 invalidations=0 writes=2033877 bypass_events=0
[ForL0-Memory] engine_summary used_bytes=12177408 peak_bytes=12275728 max_bytes=1342177280
[ForL0-Memory] engine_summary used_bytes=12135424 peak_bytes=12233744 max_bytes=1342177280
[ForL0-HotCache] state_summary name=ScalarLeftCount sets=4096 lookups=451159 hits=360996 invalidations=0 writes=467494 bypass_events=0 bypassed=0
[ForL0-HotCache] state_summary name=ScalarRightCount sets=4096 lookups=502598 hits=129618 invalidations=0 writes=51474 bypass_events=0 bypassed=0
[ForL0-HotCache] engine_summary requested_bytes=201326592 actual_bytes=201326400 used_bytes=3145728 total_sets=1048575 free_sets=1032191 caches=4 lookups=1844810 hits=945425 invalidations=0 writes=1003902 bypass_events=0
[ForL0-Memory] engine_summary used_bytes=12177408 peak_bytes=12275728 max_bytes=1342177280
[ForL0-HotCache] state_summary name=ScalarLeftCount sets=4096 lookups=449415 hits=358455 invalidations=0 writes=466016 bypass_events=0 bypassed=0
[ForL0-HotCache] state_summary name=ScalarRightCount sets=4096 lookups=498959 hits=122834 invalidations=0 writes=49641 bypass_events=0 bypassed=0
[ForL0-HotCache] engine_summary requested_bytes=201326592 actual_bytes=201326400 used_bytes=1572864 total_sets=1048575 free_sets=1040383 caches=2 lookups=948374 hits=481289 invalidations=0 writes=515657 bypass_events=0
[ForL0-Memory] engine_summary used_bytes=12177408 peak_bytes=12275728 max_bytes=1342177280
=== flink-taskmanager-2 ===
