=== flink-taskmanager-1 ===
=== flink-taskmanager-2 ===
[ForL0-HotCache] engine_start active=1 key_groups=96:128 requested_bytes=67108864 actual_bytes=67108800 total_sets=349525 strict=1
[ForL0-HotCache] engine_reuse active=1 key_groups=32:64 requested_bytes=67108864 actual_bytes=67108800 total_sets=349525 strict=1
[ForL0-HotCache] engine_reuse active=1 key_groups=0:32 requested_bytes=67108864 actual_bytes=67108800 total_sets=349525 strict=1
[ForL0-HotCache] engine_reuse active=1 key_groups=64:96 requested_bytes=67108864 actual_bytes=67108800 total_sets=349525 strict=1
[ForL0-HotCache] state_attach name=ScalarLeftCount requested_bytes=1048576 actual_bytes=786432 sets=4096
[ForL0-HotCache] state_attach name=ScalarLeftCount requested_bytes=1048576 actual_bytes=786432 sets=4096
[ForL0-HotCache] state_attach name=ScalarLeftCount requested_bytes=1048576 actual_bytes=786432 sets=4096
[ForL0-HotCache] state_attach name=ScalarLeftCount requested_bytes=1048576 actual_bytes=786432 sets=4096
[ForL0-HotCache] state_attach name=ScalarRightCount requested_bytes=1048576 actual_bytes=786432 sets=4096
[ForL0-HotCache] state_attach name=ScalarRightCount requested_bytes=1048576 actual_bytes=786432 sets=4096
[ForL0-HotCache] state_attach name=ScalarRightCount requested_bytes=1048576 actual_bytes=786432 sets=4096
[ForL0-HotCache] state_attach name=ScalarRightCount requested_bytes=1048576 actual_bytes=786432 sets=4096
[ForL0-HotCache] state_summary name=ScalarLeftCount sets=4096 lookups=449288 hits=358930 invalidations=0 writes=465590 bypass_events=0 bypassed=0
[ForL0-HotCache] state_summary name=ScalarRightCount sets=4096 lookups=498262 hits=132208 invalidations=0 writes=49057 bypass_events=0 bypassed=0
[ForL0-HotCache] engine_summary requested_bytes=67108864 actual_bytes=67108800 used_bytes=6291456 total_sets=349525 free_sets=316757 caches=8 lookups=3714896 hits=1922434 invalidations=0 writes=2020344 bypass_events=0
[ForL0-Memory] engine_summary used_bytes=12975104 peak_bytes=13073424 max_bytes=805306368
[ForL0-HotCache] state_summary name=ScalarLeftCount sets=4096 lookups=451159 hits=360963 invalidations=0 writes=467527 bypass_events=0 bypassed=0
[ForL0-HotCache] state_summary name=ScalarRightCount sets=4096 lookups=502598 hits=131997 invalidations=0 writes=51477 bypass_events=0 bypassed=0
[ForL0-HotCache] engine_summary requested_bytes=67108864 actual_bytes=67108800 used_bytes=4718592 total_sets=349525 free_sets=324949 caches=6 lookups=2772908 hits=1433878 invalidations=0 writes=1508668 bypass_events=0
[ForL0-Memory] engine_summary used_bytes=13017088 peak_bytes=13115408 max_bytes=805306368
[ForL0-HotCache] state_summary name=ScalarLeftCount sets=4096 lookups=449415 hits=358465 invalidations=0 writes=466006 bypass_events=0 bypassed=0
[ForL0-HotCache] state_summary name=ScalarRightCount sets=4096 lookups=498959 hits=124917 invalidations=0 writes=49642 bypass_events=0 bypassed=0
[ForL0-HotCache] engine_summary requested_bytes=67108864 actual_bytes=67108800 used_bytes=3145728 total_sets=349525 free_sets=333141 caches=4 lookups=1895608 hits=975994 invalidations=0 writes=1030727 bypass_events=0
[ForL0-Memory] engine_summary used_bytes=12807168 peak_bytes=12905488 max_bytes=805306368
[ForL0-HotCache] state_summary name=ScalarLeftCount sets=4096 lookups=450138 hits=359345 invalidations=0 writes=466603 bypass_events=0 bypassed=0
[ForL0-HotCache] state_summary name=ScalarRightCount sets=4096 lookups=500181 hits=134681 invalidations=0 writes=50125 bypass_events=0 bypassed=0
[ForL0-HotCache] engine_summary requested_bytes=67108864 actual_bytes=67108800 used_bytes=1572864 total_sets=349525 free_sets=341333 caches=2 lookups=950319 hits=494026 invalidations=0 writes=516728 bypass_events=0
[ForL0-Memory] engine_summary used_bytes=13101056 peak_bytes=13199376 max_bytes=805306368
