===== 2026-07-01 17:41:13 START hashmap q5 =====
[2/3] Flink 集群未运行，启动 docker_run.sh
=== 启动 BriskState Flink Docker 集群 ===
  FLINK_HOME: /home/shuhao/flink-1.20.3
  NATIVE:     /home/shuhao/flink-1.20.3/native
  Docker:     sudo -n docker
  libnuma:    /lib/aarch64-linux-gnu/libnuma.so.1 -> /lib/aarch64-linux-gnu/libnuma.so.1

✗ Docker 镜像 eclipse-temurin:8-jre 不存在，请先: docker load -i images/eclipse-temurin-8-jre.tar
      Docker 启动失败，尝试本机 Flink standalone: /home/shuhao/flink-1.20.3
      ✓ 使用 standalone Flink 配置: /home/shuhao/forL0-state-backend/docker/generated/flink-standalone-conf
      ✓ 自动设置 JAVA_HOME=/usr/lib/jvm/java-11-openjdk-arm64
Starting cluster.
Starting standalonesession daemon on host host-192-168-0-6.
Starting taskexecutor daemon on host host-192-168-0-6.
.[3/4] 复用已有 benchmark Python 虚拟环境
      ✓ benchmark Python 依赖已满足
[4/4] 开始运行 benchmark/scripts/run_benchmark.py
Command: /home/shuhao/forL0-state-backend/.venv-benchmark/bin/python /home/shuhao/forL0-state-backend/benchmark/scripts/run_benchmark.py --test nexmark --backend hashmap --scenario forl0_negative_probe --query q5
[NexMark] Scenario: forl0_negative_probe — Exploratory non-contract probe for NexMark queries that were flat or slightly negative
============================================================
ForL0 StateBackend Benchmark
============================================================
Test: nexmark
Backends: hashmap
NexMark Queries: q5
NexMark Scenario: forl0_negative_probe
============================================================

============================================================
Running NexMark Benchmark
============================================================

============================================================
Nexmark DataStream Benchmark
============================================================
Queries: ['q5']
Backends: ['hashmap']
Repeat per query: 1
Min successful samples: 1
Mode: benchmark
============================================================


============================================================
Backend: hashmap
============================================================

=== Running Nexmark Q5 (hashmap backend) ===
Events: 0, TPS: 5000000
Proportions: Person(1):Auction(1):Bid(98)
Command: java -Dlog.file=/home/shuhao/forL0-state-backend/docker/deploy/nexmark-flink/log/nexmark-flink.log -Dlog4j.configuration=file:/tmp/nexmark-conf-9qkx2ebe/log4j.properties -Dlog4j.configurationFile=file:/tmp/nexmark-conf-9qkx2ebe/log4j.properties -Dstate.backend.type=org.apache.flink.runtime.state.hashmap.HashMapStateBackendFactory -cp /home/shuhao/forL0-state-backend/docker/deploy/nexmark-flink/lib/*:/home/shuhao/flink-1.20.3/lib/* com.github.nexmark.flink.Benchmark --location /home/shuhao/forL0-state-backend/docker/deploy/nexmark-flink --queries q5 --category forl0

  Started host CpuMetricSender (pid=899741)
Benchmark Queries: [q5]
==================================================================
Start to run query q5 with workload [tps=5 M, eventsNum=0, percentage=bid:98,auction:1,person:1,kafkaServers:null]
Monitor metrics after 20 seconds.
Start to monitor metrics for 60 seconds.
Monitor TPS metric: vertex=sink, metric=nexmark_q5[8]__Writer.numRecordsInPerSecond
Current Throughput=0, Cores=4.29 (1 TMs)
Current Throughput=0, Cores=4.38 (1 TMs)
Current Throughput=0, Cores=4.56 (1 TMs)
Current Throughput=0, Cores=7.43 (1 TMs)
Current Throughput=0, Cores=5.55 (1 TMs)
Current Throughput=1.06 K, Cores=5.72 (1 TMs)
Current Throughput=1.06 K, Cores=5.39 (1 TMs)
Current Throughput=3.79 K, Cores=6.42 (1 TMs)
Current Throughput=3.79 K, Cores=6.29 (1 TMs)
Current Throughput=8.18 K, Cores=5.84 (1 TMs)
Current Throughput=8.18 K, Cores=8.07 (1 TMs)
Current Throughput=14.57 K, Cores=6.34 (1 TMs)
Summary Average: Throughput=3.38 K, Cores=5.85
Stop job query q5
-------------------------------- Nexmark Results --------------------------------

+------+-----------------+---------+-----------------+
| Query| Throughput (r/s)| Cores   | Throughput/Cores|
+------+-----------------+---------+-----------------+
|q5    |3.38 K           |5.85     |578              |
|Total |-                |-        |578              |
+------+-----------------+---------+-----------------+



  Result: 3,380.00 events/sec

--- hashmap Summary ---
  q5: 3,380 events/sec (578/core)

[Nexmark] Results saved to: /home/shuhao/forL0-state-backend/benchmark/results/nexmark_20260701_174123/nexmark_results.json

======================================================================
                    BENCHMARK SUMMARY
======================================================================

## Unit Test Benchmark
--------------------------------------------------

## WordCount Benchmark
--------------------------------------------------

## Client Usecase Benchmark
--------------------------------------------------

## NexMark Benchmark
--------------------------------------------------
Query   Proc(s)     hashmap proc eps     report eps     (/core)
---------------------------------------------------------------
Q5                          3.38 K/s       3.38 K/s      578 /s

======================================================================

Next steps:
  1. Review raw results in: benchmark/results/raw/
  2. Generate report: python scripts/generate_report.py
  3. View report in: benchmark/results/reports/
===== 2026-07-01 17:42:58 END hashmap q5 =====
===== 2026-07-01 17:42:58 START forl0 q5 =====
[2/3] Flink 集群已就绪
[3/4] 复用已有 benchmark Python 虚拟环境
      ✓ benchmark Python 依赖已满足
[4/4] 开始运行 benchmark/scripts/run_benchmark.py
Command: /home/shuhao/forL0-state-backend/.venv-benchmark/bin/python /home/shuhao/forL0-state-backend/benchmark/scripts/run_benchmark.py --test nexmark --backend forl0 --scenario forl0_negative_probe --query q5
[NexMark] Scenario: forl0_negative_probe — Exploratory non-contract probe for NexMark queries that were flat or slightly negative
============================================================
ForL0 StateBackend Benchmark
============================================================
Test: nexmark
Backends: forl0
NexMark Queries: q5
NexMark Scenario: forl0_negative_probe
============================================================

============================================================
Running NexMark Benchmark
============================================================

============================================================
Nexmark DataStream Benchmark
============================================================
Queries: ['q5']
Backends: ['forl0']
Repeat per query: 1
Min successful samples: 1
Mode: benchmark
============================================================


============================================================
Backend: forl0
============================================================

=== Running Nexmark Q5 (forl0 backend) ===
Events: 0, TPS: 5000000
Proportions: Person(1):Auction(1):Bid(98)
Command: java -Dlog.file=/home/shuhao/forL0-state-backend/docker/deploy/nexmark-flink/log/nexmark-flink.log -Dlog4j.configuration=file:/tmp/nexmark-conf-l47ruyr7/log4j.properties -Dlog4j.configurationFile=file:/tmp/nexmark-conf-l47ruyr7/log4j.properties -Dstate.backend.type=org.apache.flink.state.forl0.ForL0StateBackendFactory -Dstate.backend.forl0.initial-table-capacity=2048 -Dstate.backend.forl0.max-table-capacity=65536 -Dstate.backend.forl0.l0-cache.enabled=true -Dstate.backend.forl0.l0-cache.size=256mb -Dstate.backend.forl0.l0-memory.max-size=512mb -Dstate.backend.forl0.main-table.load-factor-threshold=0.8 -cp /home/shuhao/forL0-state-backend/docker/deploy/nexmark-flink/lib/*:/home/shuhao/flink-1.20.3/lib/* com.github.nexmark.flink.Benchmark --location /home/shuhao/forL0-state-backend/docker/deploy/nexmark-flink --queries q5 --category forl0

  Started host CpuMetricSender (pid=902907)
Benchmark Queries: [q5]
==================================================================
Start to run query q5 with workload [tps=5 M, eventsNum=0, percentage=bid:98,auction:1,person:1,kafkaServers:null]
Monitor metrics after 20 seconds.
Start to monitor metrics for 60 seconds.
Monitor TPS metric: vertex=sink, metric=nexmark_q5[8]__Writer.numRecordsInPerSecond
Current Throughput=0, Cores=4.32 (1 TMs)
Current Throughput=0, Cores=4.38 (1 TMs)
Current Throughput=0, Cores=5.77 (1 TMs)
Current Throughput=558, Cores=5.05 (1 TMs)
Current Throughput=558, Cores=5.21 (1 TMs)
Current Throughput=2.78 K, Cores=4.56 (1 TMs)
Current Throughput=2.78 K, Cores=5.67 (1 TMs)
Current Throughput=6.67 K, Cores=5.28 (1 TMs)
Current Throughput=6.67 K, Cores=5.93 (1 TMs)
Current Throughput=12.23 K, Cores=5.22 (1 TMs)
Current Throughput=12.23 K, Cores=4.98 (1 TMs)
Current Throughput=19.46 K, Cores=6.7 (1 TMs)
Summary Average: Throughput=5.33 K, Cores=5.26
Stop job query q5
-------------------------------- Nexmark Results --------------------------------

+------+-----------------+---------+-----------------+
| Query| Throughput (r/s)| Cores   | Throughput/Cores|
+------+-----------------+---------+-----------------+
|q5    |5.33 K           |5.26     |1.01 K           |
|Total |-                |-        |1.01 K           |
+------+-----------------+---------+-----------------+



  Result: 5,330.00 events/sec

--- forl0 Summary ---
  q5: 5,330 events/sec (1,013/core)

[Nexmark] Results saved to: /home/shuhao/forL0-state-backend/benchmark/results/nexmark_20260701_174300/nexmark_results.json

======================================================================
                    BENCHMARK SUMMARY
======================================================================

## Unit Test Benchmark
--------------------------------------------------

## WordCount Benchmark
--------------------------------------------------

## Client Usecase Benchmark
--------------------------------------------------

## NexMark Benchmark
--------------------------------------------------
Query   Proc(s)       forl0 proc eps     report eps     (/core)
---------------------------------------------------------------
Q5                          5.33 K/s       5.33 K/s    1.01 K/s

======================================================================

Next steps:
  1. Review raw results in: benchmark/results/raw/
  2. Generate report: python scripts/generate_report.py
  3. View report in: benchmark/results/reports/
===== 2026-07-01 17:44:35 END forl0 q5 =====
===== 2026-07-01 17:44:35 START hashmap q8 =====
[2/3] Flink 集群已就绪
[3/4] 复用已有 benchmark Python 虚拟环境
      ✓ benchmark Python 依赖已满足
[4/4] 开始运行 benchmark/scripts/run_benchmark.py
Command: /home/shuhao/forL0-state-backend/.venv-benchmark/bin/python /home/shuhao/forL0-state-backend/benchmark/scripts/run_benchmark.py --test nexmark --backend hashmap --scenario forl0_negative_probe --query q8
[NexMark] Scenario: forl0_negative_probe — Exploratory non-contract probe for NexMark queries that were flat or slightly negative
============================================================
ForL0 StateBackend Benchmark
============================================================
Test: nexmark
Backends: hashmap
NexMark Queries: q8
NexMark Scenario: forl0_negative_probe
============================================================

============================================================
Running NexMark Benchmark
============================================================

============================================================
Nexmark DataStream Benchmark
============================================================
Queries: ['q8']
Backends: ['hashmap']
Repeat per query: 1
Min successful samples: 1
Mode: benchmark
============================================================


============================================================
Backend: hashmap
============================================================

=== Running Nexmark Q8 (hashmap backend) ===
Events: 0, TPS: 2000000
Proportions: Person(45):Auction(45):Bid(10)
Command: java -Dlog.file=/home/shuhao/forL0-state-backend/docker/deploy/nexmark-flink/log/nexmark-flink.log -Dlog4j.configuration=file:/tmp/nexmark-conf-21qowex6/log4j.properties -Dlog4j.configurationFile=file:/tmp/nexmark-conf-21qowex6/log4j.properties -Dstate.backend.type=org.apache.flink.runtime.state.hashmap.HashMapStateBackendFactory -cp /home/shuhao/forL0-state-backend/docker/deploy/nexmark-flink/lib/*:/home/shuhao/flink-1.20.3/lib/* com.github.nexmark.flink.Benchmark --location /home/shuhao/forL0-state-backend/docker/deploy/nexmark-flink --queries q8 --category forl0

  Started host CpuMetricSender (pid=906619)
Benchmark Queries: [q8]
==================================================================
Start to run query q8 with workload [tps=2 M, eventsNum=0, percentage=bid:10,auction:45,person:45,kafkaServers:null]
Monitor metrics after 20 seconds.
Start to monitor metrics for 60 seconds.
Monitor TPS metric: vertex=sink, metric=Calc[17].numRecordsInPerSecond
Current Throughput=0, Cores=18.91 (1 TMs)
Current Throughput=0, Cores=17.74 (1 TMs)
Current Throughput=0, Cores=29.4 (1 TMs)
Current Throughput=0, Cores=40.41 (1 TMs)
Current Throughput=0, Cores=57.27 (1 TMs)
Current Throughput=0, Cores=50.22 (1 TMs)
Current Throughput=0, Cores=63.56 (1 TMs)
Current Throughput=0, Cores=77.25 (1 TMs)
Current Throughput=0, Cores=79.93 (1 TMs)
Current Throughput=0, Cores=83.12 (1 TMs)
Current Throughput=0, Cores=83.03 (1 TMs)
Current Throughput=0, Cores=83.36 (1 TMs)
Summary Average: Throughput=0, Cores=57.02
Stop job query q8
-------------------------------- Nexmark Results --------------------------------

+------+-----------------+---------+-----------------+
| Query| Throughput (r/s)| Cores   | Throughput/Cores|
+------+-----------------+---------+-----------------+
|q8    |0                |57.02    |0                |
|Total |-                |-        |0                |
+------+-----------------+---------+-----------------+


  WARNING: Invalid sample detected (cpu/throughput too low), retrying

--- hashmap Summary ---
  Failed: ['q8']

[Nexmark] Results saved to: /home/shuhao/forL0-state-backend/benchmark/results/nexmark_20260701_174436/nexmark_results.json

======================================================================
                    BENCHMARK SUMMARY
======================================================================

## Unit Test Benchmark
--------------------------------------------------

## WordCount Benchmark
--------------------------------------------------

## Client Usecase Benchmark
--------------------------------------------------

## NexMark Benchmark
--------------------------------------------------
No NexMark results available.

======================================================================

Next steps:
  1. Review raw results in: benchmark/results/raw/
  2. Generate report: python scripts/generate_report.py
  3. View report in: benchmark/results/reports/
===== 2026-07-01 17:46:11 END hashmap q8 =====
===== 2026-07-01 17:46:11 START forl0 q8 =====
[2/3] Flink 集群已就绪
[3/4] 复用已有 benchmark Python 虚拟环境
      ✓ benchmark Python 依赖已满足
[4/4] 开始运行 benchmark/scripts/run_benchmark.py
Command: /home/shuhao/forL0-state-backend/.venv-benchmark/bin/python /home/shuhao/forL0-state-backend/benchmark/scripts/run_benchmark.py --test nexmark --backend forl0 --scenario forl0_negative_probe --query q8
[NexMark] Scenario: forl0_negative_probe — Exploratory non-contract probe for NexMark queries that were flat or slightly negative
============================================================
ForL0 StateBackend Benchmark
============================================================
Test: nexmark
Backends: forl0
NexMark Queries: q8
NexMark Scenario: forl0_negative_probe
============================================================

============================================================
Running NexMark Benchmark
============================================================

============================================================
Nexmark DataStream Benchmark
============================================================
Queries: ['q8']
Backends: ['forl0']
Repeat per query: 1
Min successful samples: 1
Mode: benchmark
============================================================


============================================================
Backend: forl0
============================================================

=== Running Nexmark Q8 (forl0 backend) ===
Events: 0, TPS: 2000000
Proportions: Person(45):Auction(45):Bid(10)
Command: java -Dlog.file=/home/shuhao/forL0-state-backend/docker/deploy/nexmark-flink/log/nexmark-flink.log -Dlog4j.configuration=file:/tmp/nexmark-conf-8wt0267s/log4j.properties -Dlog4j.configurationFile=file:/tmp/nexmark-conf-8wt0267s/log4j.properties -Dstate.backend.type=org.apache.flink.state.forl0.ForL0StateBackendFactory -Dstate.backend.forl0.initial-table-capacity=2048 -Dstate.backend.forl0.max-table-capacity=65536 -Dstate.backend.forl0.l0-cache.enabled=true -Dstate.backend.forl0.l0-cache.size=256mb -Dstate.backend.forl0.l0-memory.max-size=512mb -Dstate.backend.forl0.main-table.load-factor-threshold=0.8 -cp /home/shuhao/forL0-state-backend/docker/deploy/nexmark-flink/lib/*:/home/shuhao/flink-1.20.3/lib/* com.github.nexmark.flink.Benchmark --location /home/shuhao/forL0-state-backend/docker/deploy/nexmark-flink --queries q8 --category forl0

  Started host CpuMetricSender (pid=910365)
Benchmark Queries: [q8]
==================================================================
Start to run query q8 with workload [tps=2 M, eventsNum=0, percentage=bid:10,auction:45,person:45,kafkaServers:null]
Monitor metrics after 20 seconds.
Start to monitor metrics for 60 seconds.
Monitor TPS metric: vertex=sink, metric=Calc[17].numRecordsInPerSecond
Current Throughput=0, Cores=21.22 (1 TMs)
Current Throughput=0, Cores=18.26 (1 TMs)
Current Throughput=0, Cores=18.62 (1 TMs)
Current Throughput=0, Cores=18.71 (1 TMs)
Current Throughput=0, Cores=22.2 (1 TMs)
Current Throughput=0, Cores=19.69 (1 TMs)
Current Throughput=0, Cores=20.14 (1 TMs)
Current Throughput=0, Cores=18.71 (1 TMs)
Current Throughput=0, Cores=19.91 (1 TMs)
Current Throughput=0, Cores=44.75 (1 TMs)
Current Throughput=0, Cores=59.22 (1 TMs)
Current Throughput=0, Cores=61.11 (1 TMs)
Summary Average: Throughput=0, Cores=28.55
Stop job query q8
-------------------------------- Nexmark Results --------------------------------

+------+-----------------+---------+-----------------+
| Query| Throughput (r/s)| Cores   | Throughput/Cores|
+------+-----------------+---------+-----------------+
|q8    |0                |28.55    |0                |
|Total |-                |-        |0                |
+------+-----------------+---------+-----------------+


  WARNING: Invalid sample detected (cpu/throughput too low), retrying

--- forl0 Summary ---
  Failed: ['q8']

[Nexmark] Results saved to: /home/shuhao/forL0-state-backend/benchmark/results/nexmark_20260701_174612/nexmark_results.json

======================================================================
                    BENCHMARK SUMMARY
======================================================================

## Unit Test Benchmark
--------------------------------------------------

## WordCount Benchmark
--------------------------------------------------

## Client Usecase Benchmark
--------------------------------------------------

## NexMark Benchmark
--------------------------------------------------
No NexMark results available.

======================================================================

Next steps:
  1. Review raw results in: benchmark/results/raw/
  2. Generate report: python scripts/generate_report.py
  3. View report in: benchmark/results/reports/
===== 2026-07-01 17:47:48 END forl0 q8 =====
===== 2026-07-01 17:47:48 START hashmap q11 =====
[2/3] Flink 集群已就绪
[3/4] 复用已有 benchmark Python 虚拟环境
      ✓ benchmark Python 依赖已满足
[4/4] 开始运行 benchmark/scripts/run_benchmark.py
Command: /home/shuhao/forL0-state-backend/.venv-benchmark/bin/python /home/shuhao/forL0-state-backend/benchmark/scripts/run_benchmark.py --test nexmark --backend hashmap --scenario forl0_negative_probe --query q11
