===== 2026-07-01 16:53:13 START hashmap q9 =====
No taskexecutor daemon (pid: 710598) is running anymore on host-192-168-0-6.
No standalonesession daemon (pid: 709749) is running anymore on host-192-168-0-6.
[2/3] Flink 集群未运行，启动 docker_run.sh
=== 启动 BriskState Flink Docker 集群 ===
  FLINK_HOME: /home/shuhao/flink-1.20.3
  NATIVE:     /home/shuhao/flink-1.20.3/native
  Docker:     sudo -n docker
  libnuma:    /lib/aarch64-linux-gnu/libnuma.so.1 -> /lib/aarch64-linux-gnu/libnuma.so.1

✗ Docker 镜像 eclipse-temurin:8-jre 不存在，请先: docker load -i images/eclipse-temurin-8-jre.tar
      Docker 启动失败，尝试本机 Flink standalone: /home/shuhao/flink-1.20.3
      ✓ 使用 standalone Flink 配置: /home/shuhao/forL0-state-backend/docker/generated/flink-standalone-conf
      ✓ 自动设置 JAVA_HOME=/usr/lib/jvm/java-11-openjdk-arm64
Starting cluster.
Starting standalonesession daemon on host host-192-168-0-6.
Starting taskexecutor daemon on host host-192-168-0-6.
.[3/4] 复用已有 benchmark Python 虚拟环境
      ✓ benchmark Python 依赖已满足
[4/4] 开始运行 benchmark/scripts/run_benchmark.py
Command: /home/shuhao/forL0-state-backend/.venv-benchmark/bin/python /home/shuhao/forL0-state-backend/benchmark/scripts/run_benchmark.py --test nexmark --backend hashmap --scenario forl0_tps_probe --query q9
[NexMark] Scenario: forl0_tps_probe — Non-contract probe: per-query NexMark steady-state TPS mode with sink throughput
============================================================
ForL0 StateBackend Benchmark
============================================================
Test: nexmark
Backends: hashmap
NexMark Queries: q9
NexMark Scenario: forl0_tps_probe
============================================================

============================================================
Running NexMark Benchmark
============================================================

============================================================
Nexmark DataStream Benchmark
============================================================
Queries: ['q9']
Backends: ['hashmap']
Repeat per query: 1
Min successful samples: 1
Mode: benchmark
============================================================


============================================================
Backend: hashmap
============================================================

=== Running Nexmark Q9 (hashmap backend) ===
Events: 0, TPS: 50000
Proportions: Person(1):Auction(49):Bid(50)
Command: java -Dlog.file=/home/shuhao/forL0-state-backend/docker/deploy/nexmark-flink/log/nexmark-flink.log -Dlog4j.configuration=file:/tmp/nexmark-conf-tntn7ylv/log4j.properties -Dlog4j.configurationFile=file:/tmp/nexmark-conf-tntn7ylv/log4j.properties -Dstate.backend.type=org.apache.flink.runtime.state.hashmap.HashMapStateBackendFactory -cp /home/shuhao/forL0-state-backend/docker/deploy/nexmark-flink/lib/*:/home/shuhao/flink-1.20.3/lib/* com.github.nexmark.flink.Benchmark --location /home/shuhao/forL0-state-backend/docker/deploy/nexmark-flink --queries q9 --category forl0

  Started host CpuMetricSender (pid=724945)
Benchmark Queries: [q9]
==================================================================
Start to run query q9 with workload [tps=50 K, eventsNum=0, percentage=bid:50,auction:49,person:1,kafkaServers:null]
Monitor metrics after 20 seconds.
Start to monitor metrics for 60 seconds.
Monitor TPS metric: vertex=sink, metric=Rank[13].numRecordsInPerSecond
Current Throughput=4.96 K, Cores=2.46 (1 TMs)
Current Throughput=4.96 K, Cores=2.26 (1 TMs)
Current Throughput=4.96 K, Cores=3.51 (1 TMs)
Current Throughput=9.63 K, Cores=3.62 (1 TMs)
Current Throughput=9.63 K, Cores=5.27 (1 TMs)
Current Throughput=12.72 K, Cores=11.17 (1 TMs)
Current Throughput=12.72 K, Cores=7.47 (1 TMs)
Current Throughput=15.83 K, Cores=9.09 (1 TMs)
Current Throughput=15.83 K, Cores=13.17 (1 TMs)
Current Throughput=18.94 K, Cores=15.79 (1 TMs)
Current Throughput=18.94 K, Cores=21.32 (1 TMs)
Current Throughput=18.63 K, Cores=34.3 (1 TMs)
Summary Average: Throughput=12.31 K, Cores=10.79
Stop job query q9
-------------------------------- Nexmark Results --------------------------------

+------+-----------------+---------+-----------------+
| Query| Throughput (r/s)| Cores   | Throughput/Cores|
+------+-----------------+---------+-----------------+
|q9    |12.31 K          |10.79    |1.14 K           |
|Total |-                |-        |1.14 K           |
+------+-----------------+---------+-----------------+



  Result: 12,310.00 events/sec

--- hashmap Summary ---
  q9: 12,310 events/sec (1,141/core)

[Nexmark] Results saved to: /home/shuhao/forL0-state-backend/benchmark/results/nexmark_20260701_165330/nexmark_results.json

======================================================================
                    BENCHMARK SUMMARY
======================================================================

## Unit Test Benchmark
--------------------------------------------------

## WordCount Benchmark
--------------------------------------------------

## Client Usecase Benchmark
--------------------------------------------------

## NexMark Benchmark
--------------------------------------------------
Query   Proc(s)     hashmap proc eps     report eps     (/core)
---------------------------------------------------------------
Q9                         12.31 K/s      12.31 K/s    1.14 K/s

======================================================================

Next steps:
  1. Review raw results in: benchmark/results/raw/
  2. Generate report: python scripts/generate_report.py
  3. View report in: benchmark/results/reports/
===== 2026-07-01 16:55:05 END hashmap q9 =====
===== 2026-07-01 16:55:06 START hashmap q11 =====
Stopping taskexecutor daemon (pid: 724484) on host host-192-168-0-6.
Stopping standalonesession daemon (pid: 723796) on host host-192-168-0-6.
[2/3] Flink 集群未运行，启动 docker_run.sh
=== 启动 BriskState Flink Docker 集群 ===
  FLINK_HOME: /home/shuhao/flink-1.20.3
  NATIVE:     /home/shuhao/flink-1.20.3/native
  Docker:     sudo -n docker
  libnuma:    /lib/aarch64-linux-gnu/libnuma.so.1 -> /lib/aarch64-linux-gnu/libnuma.so.1

✗ Docker 镜像 eclipse-temurin:8-jre 不存在，请先: docker load -i images/eclipse-temurin-8-jre.tar
      Docker 启动失败，尝试本机 Flink standalone: /home/shuhao/flink-1.20.3
      ✓ 使用 standalone Flink 配置: /home/shuhao/forL0-state-backend/docker/generated/flink-standalone-conf
      ✓ 自动设置 JAVA_HOME=/usr/lib/jvm/java-11-openjdk-arm64
Starting cluster.
Starting standalonesession daemon on host host-192-168-0-6.
Starting taskexecutor daemon on host host-192-168-0-6.
.[3/4] 复用已有 benchmark Python 虚拟环境
      ✓ benchmark Python 依赖已满足
[4/4] 开始运行 benchmark/scripts/run_benchmark.py
Command: /home/shuhao/forL0-state-backend/.venv-benchmark/bin/python /home/shuhao/forL0-state-backend/benchmark/scripts/run_benchmark.py --test nexmark --backend hashmap --scenario forl0_tps_probe --query q11
[NexMark] Scenario: forl0_tps_probe — Non-contract probe: per-query NexMark steady-state TPS mode with sink throughput
============================================================
ForL0 StateBackend Benchmark
============================================================
Test: nexmark
Backends: hashmap
NexMark Queries: q11
NexMark Scenario: forl0_tps_probe
============================================================

============================================================
Running NexMark Benchmark
============================================================

============================================================
Nexmark DataStream Benchmark
============================================================
Queries: ['q11']
Backends: ['hashmap']
Repeat per query: 1
Min successful samples: 1
Mode: benchmark
============================================================


============================================================
Backend: hashmap
============================================================

=== Running Nexmark Q11 (hashmap backend) ===
Events: 0, TPS: 200000
Proportions: Person(10):Auction(10):Bid(80)
Command: java -Dlog.file=/home/shuhao/forL0-state-backend/docker/deploy/nexmark-flink/log/nexmark-flink.log -Dlog4j.configuration=file:/tmp/nexmark-conf-rlnswumg/log4j.properties -Dlog4j.configurationFile=file:/tmp/nexmark-conf-rlnswumg/log4j.properties -Dstate.backend.type=org.apache.flink.runtime.state.hashmap.HashMapStateBackendFactory -cp /home/shuhao/forL0-state-backend/docker/deploy/nexmark-flink/lib/*:/home/shuhao/flink-1.20.3/lib/* com.github.nexmark.flink.Benchmark --location /home/shuhao/forL0-state-backend/docker/deploy/nexmark-flink --queries q11 --category forl0

  Started host CpuMetricSender (pid=733429)
Benchmark Queries: [q11]
==================================================================
Start to run query q11 with workload [tps=200 K, eventsNum=0, percentage=bid:80,auction:10,person:10,kafkaServers:null]
Monitor metrics after 30 seconds.
Start to monitor metrics for 90 seconds.
Monitor TPS metric: vertex=sink, metric=Calc[7].numRecordsInPerSecond
Current Throughput=3.73 K, Cores=3.05 (1 TMs)
Current Throughput=3.73 K, Cores=2.8 (1 TMs)
Current Throughput=3.73 K, Cores=2.78 (1 TMs)
Current Throughput=6.64 K, Cores=2.61 (1 TMs)
Current Throughput=6.64 K, Cores=2.16 (1 TMs)
Current Throughput=9.5 K, Cores=3 (1 TMs)
Current Throughput=9.5 K, Cores=2.24 (1 TMs)
Current Throughput=12.41 K, Cores=2.31 (1 TMs)
Current Throughput=12.41 K, Cores=2.04 (1 TMs)
Current Throughput=15.27 K, Cores=2.07 (1 TMs)
Current Throughput=15.27 K, Cores=2.11 (1 TMs)
Current Throughput=17.3 K, Cores=2.11 (1 TMs)
Current Throughput=17.3 K, Cores=2.01 (1 TMs)
Current Throughput=17.36 K, Cores=2.6 (1 TMs)
Current Throughput=17.36 K, Cores=2.02 (1 TMs)
Current Throughput=17.31 K, Cores=2.04 (1 TMs)
Current Throughput=17.31 K, Cores=2.73 (1 TMs)
Current Throughput=17.34 K, Cores=2.39 (1 TMs)
Summary Average: Throughput=12.23 K, Cores=2.39
Stop job query q11
-------------------------------- Nexmark Results --------------------------------

+------+-----------------+---------+-----------------+
| Query| Throughput (r/s)| Cores   | Throughput/Cores|
+------+-----------------+---------+-----------------+
|q11   |12.23 K          |2.39     |5.11 K           |
|Total |-                |-        |5.11 K           |
+------+-----------------+---------+-----------------+



  Result: 12,230.00 events/sec

--- hashmap Summary ---
  q11: 12,230 events/sec (5,117/core)

[Nexmark] Results saved to: /home/shuhao/forL0-state-backend/benchmark/results/nexmark_20260701_165529/nexmark_results.json

======================================================================
                    BENCHMARK SUMMARY
======================================================================

## Unit Test Benchmark
--------------------------------------------------

## WordCount Benchmark
--------------------------------------------------

## Client Usecase Benchmark
--------------------------------------------------

## NexMark Benchmark
--------------------------------------------------
Query   Proc(s)     hashmap proc eps     report eps     (/core)
---------------------------------------------------------------
Q11                        12.23 K/s      12.23 K/s    5.12 K/s

======================================================================

Next steps:
  1. Review raw results in: benchmark/results/raw/
  2. Generate report: python scripts/generate_report.py
  3. View report in: benchmark/results/reports/
===== 2026-07-01 16:57:44 END hashmap q11 =====
===== 2026-07-01 16:57:44 START hashmap q18 =====
Stopping taskexecutor daemon (pid: 733042) on host host-192-168-0-6.
Stopping standalonesession daemon (pid: 732374) on host host-192-168-0-6.
[2/3] Flink 集群未运行，启动 docker_run.sh
=== 启动 BriskState Flink Docker 集群 ===
  FLINK_HOME: /home/shuhao/flink-1.20.3
  NATIVE:     /home/shuhao/flink-1.20.3/native
  Docker:     sudo -n docker
  libnuma:    /lib/aarch64-linux-gnu/libnuma.so.1 -> /lib/aarch64-linux-gnu/libnuma.so.1

✗ Docker 镜像 eclipse-temurin:8-jre 不存在，请先: docker load -i images/eclipse-temurin-8-jre.tar
      Docker 启动失败，尝试本机 Flink standalone: /home/shuhao/flink-1.20.3
      ✓ 使用 standalone Flink 配置: /home/shuhao/forL0-state-backend/docker/generated/flink-standalone-conf
      ✓ 自动设置 JAVA_HOME=/usr/lib/jvm/java-11-openjdk-arm64
Starting cluster.
Starting standalonesession daemon on host host-192-168-0-6.
Starting taskexecutor daemon on host host-192-168-0-6.
.[3/4] 复用已有 benchmark Python 虚拟环境
      ✓ benchmark Python 依赖已满足
[4/4] 开始运行 benchmark/scripts/run_benchmark.py
Command: /home/shuhao/forL0-state-backend/.venv-benchmark/bin/python /home/shuhao/forL0-state-backend/benchmark/scripts/run_benchmark.py --test nexmark --backend hashmap --scenario forl0_tps_probe --query q18
[NexMark] Scenario: forl0_tps_probe — Non-contract probe: per-query NexMark steady-state TPS mode with sink throughput
============================================================
ForL0 StateBackend Benchmark
============================================================
Test: nexmark
Backends: hashmap
NexMark Queries: q18
NexMark Scenario: forl0_tps_probe
============================================================

============================================================
Running NexMark Benchmark
============================================================

============================================================
Nexmark DataStream Benchmark
============================================================
Queries: ['q18']
Backends: ['hashmap']
Repeat per query: 1
Min successful samples: 1
Mode: benchmark
============================================================


============================================================
Backend: hashmap
============================================================

=== Running Nexmark Q18 (hashmap backend) ===
Events: 0, TPS: 5000000
Proportions: Person(1):Auction(49):Bid(50)
Command: java -Dlog.file=/home/shuhao/forL0-state-backend/docker/deploy/nexmark-flink/log/nexmark-flink.log -Dlog4j.configuration=file:/tmp/nexmark-conf-1gsmrzs5/log4j.properties -Dlog4j.configurationFile=file:/tmp/nexmark-conf-1gsmrzs5/log4j.properties -Dstate.backend.type=org.apache.flink.runtime.state.hashmap.HashMapStateBackendFactory -cp /home/shuhao/forL0-state-backend/docker/deploy/nexmark-flink/lib/*:/home/shuhao/flink-1.20.3/lib/* com.github.nexmark.flink.Benchmark --location /home/shuhao/forL0-state-backend/docker/deploy/nexmark-flink --queries q18 --category forl0

  Started host CpuMetricSender (pid=742345)
Benchmark Queries: [q18]
==================================================================
Start to run query q18 with workload [tps=5 M, eventsNum=0, percentage=bid:50,auction:49,person:1,kafkaServers:null]
Monitor metrics after 10 seconds.
Start to monitor metrics for 60 seconds.
Monitor TPS metric: vertex=sink, metric=nexmark_q18[8]__Writer.numRecordsInPerSecond
Current Throughput=47.16 K, Cores=10.62 (1 TMs)
Current Throughput=47.16 K, Cores=11.98 (1 TMs)
Current Throughput=47.16 K, Cores=36.1 (1 TMs)
Current Throughput=107.72 K, Cores=41.2 (1 TMs)
Current Throughput=107.72 K, Cores=49.67 (1 TMs)
Current Throughput=153.59 K, Cores=51.38 (1 TMs)
Current Throughput=153.59 K, Cores=65.35 (1 TMs)
Current Throughput=177.33 K, Cores=71.53 (1 TMs)
Current Throughput=177.33 K, Cores=72.74 (1 TMs)
Current Throughput=181.72 K, Cores=72.59 (1 TMs)
Current Throughput=181.72 K, Cores=72.03 (1 TMs)
Current Throughput=182.3 K, Cores=71.29 (1 TMs)
Summary Average: Throughput=130.38 K, Cores=52.21
Stop job query q18
-------------------------------- Nexmark Results --------------------------------

+------+-----------------+---------+-----------------+
| Query| Throughput (r/s)| Cores   | Throughput/Cores|
+------+-----------------+---------+-----------------+
|q18   |130.38 K         |52.21    |2.5 K            |
|Total |-                |-        |2.5 K            |
+------+-----------------+---------+-----------------+



  Result: 130,380.00 events/sec

--- hashmap Summary ---
  q18: 130,380 events/sec (2,497/core)

[Nexmark] Results saved to: /home/shuhao/forL0-state-backend/benchmark/results/nexmark_20260701_165804/nexmark_results.json

======================================================================
                    BENCHMARK SUMMARY
======================================================================

## Unit Test Benchmark
--------------------------------------------------

## WordCount Benchmark
--------------------------------------------------

## Client Usecase Benchmark
--------------------------------------------------

## NexMark Benchmark
--------------------------------------------------
Query   Proc(s)     hashmap proc eps     report eps     (/core)
---------------------------------------------------------------
Q18                       130.38 K/s     130.38 K/s    2.50 K/s

======================================================================

Next steps:
  1. Review raw results in: benchmark/results/raw/
  2. Generate report: python scripts/generate_report.py
  3. View report in: benchmark/results/reports/
===== 2026-07-01 16:59:29 END hashmap q18 =====
===== 2026-07-01 16:59:29 START hashmap q19 =====
Stopping taskexecutor daemon (pid: 741924) on host host-192-168-0-6.
Stopping standalonesession daemon (pid: 741221) on host host-192-168-0-6.
[2/3] Flink 集群未运行，启动 docker_run.sh
=== 启动 BriskState Flink Docker 集群 ===
  FLINK_HOME: /home/shuhao/flink-1.20.3
  NATIVE:     /home/shuhao/flink-1.20.3/native
  Docker:     sudo -n docker
  libnuma:    /lib/aarch64-linux-gnu/libnuma.so.1 -> /lib/aarch64-linux-gnu/libnuma.so.1

✗ Docker 镜像 eclipse-temurin:8-jre 不存在，请先: docker load -i images/eclipse-temurin-8-jre.tar
      Docker 启动失败，尝试本机 Flink standalone: /home/shuhao/flink-1.20.3
      ✓ 使用 standalone Flink 配置: /home/shuhao/forL0-state-backend/docker/generated/flink-standalone-conf
      ✓ 自动设置 JAVA_HOME=/usr/lib/jvm/java-11-openjdk-arm64
Starting cluster.
Starting standalonesession daemon on host host-192-168-0-6.
Starting taskexecutor daemon on host host-192-168-0-6.
.[3/4] 复用已有 benchmark Python 虚拟环境
      ✓ benchmark Python 依赖已满足
[4/4] 开始运行 benchmark/scripts/run_benchmark.py
Command: /home/shuhao/forL0-state-backend/.venv-benchmark/bin/python /home/shuhao/forL0-state-backend/benchmark/scripts/run_benchmark.py --test nexmark --backend hashmap --scenario forl0_tps_probe --query q19
[NexMark] Scenario: forl0_tps_probe — Non-contract probe: per-query NexMark steady-state TPS mode with sink throughput
============================================================
ForL0 StateBackend Benchmark
============================================================
Test: nexmark
Backends: hashmap
NexMark Queries: q19
NexMark Scenario: forl0_tps_probe
============================================================

============================================================
Running NexMark Benchmark
============================================================

============================================================
Nexmark DataStream Benchmark
============================================================
Queries: ['q19']
Backends: ['hashmap']
Repeat per query: 1
Min successful samples: 1
Mode: benchmark
============================================================


============================================================
Backend: hashmap
============================================================

=== Running Nexmark Q19 (hashmap backend) ===
Events: 0, TPS: 200000
Proportions: Person(1):Auction(49):Bid(50)
Command: java -Dlog.file=/home/shuhao/forL0-state-backend/docker/deploy/nexmark-flink/log/nexmark-flink.log -Dlog4j.configuration=file:/tmp/nexmark-conf-914blj38/log4j.properties -Dlog4j.configurationFile=file:/tmp/nexmark-conf-914blj38/log4j.properties -Dstate.backend.type=org.apache.flink.runtime.state.hashmap.HashMapStateBackendFactory -cp /home/shuhao/forL0-state-backend/docker/deploy/nexmark-flink/lib/*:/home/shuhao/flink-1.20.3/lib/* com.github.nexmark.flink.Benchmark --location /home/shuhao/forL0-state-backend/docker/deploy/nexmark-flink --queries q19 --category forl0

  Started host CpuMetricSender (pid=750940)
Benchmark Queries: [q19]
==================================================================
Start to run query q19 with workload [tps=200 K, eventsNum=0, percentage=bid:50,auction:49,person:1,kafkaServers:null]
Monitor metrics after 20 seconds.
Start to monitor metrics for 60 seconds.
Monitor TPS metric: vertex=sink, metric=nexmark_q19[8]__Writer.numRecordsInPerSecond
Current Throughput=49.52 K, Cores=2.18 (1 TMs)
Current Throughput=49.52 K, Cores=2.77 (1 TMs)
Current Throughput=49.52 K, Cores=5.51 (1 TMs)
Current Throughput=78.46 K, Cores=3.01 (1 TMs)
Current Throughput=78.46 K, Cores=10.77 (1 TMs)
Current Throughput=107.42 K, Cores=11.74 (1 TMs)
Current Throughput=107.42 K, Cores=12.99 (1 TMs)
Current Throughput=136.31 K, Cores=26.92 (1 TMs)
Current Throughput=136.31 K, Cores=28.67 (1 TMs)
Current Throughput=165.28 K, Cores=30.73 (1 TMs)
Current Throughput=165.28 K, Cores=45.66 (1 TMs)
Current Throughput=173.6 K, Cores=62.94 (1 TMs)
Summary Average: Throughput=108.09 K, Cores=20.33
Stop job query q19
-------------------------------- Nexmark Results --------------------------------

+------+-----------------+---------+-----------------+
| Query| Throughput (r/s)| Cores   | Throughput/Cores|
+------+-----------------+---------+-----------------+
|q19   |108.09 K         |20.33    |5.32 K           |
|Total |-                |-        |5.32 K           |
+------+-----------------+---------+-----------------+



  Result: 108,090.00 events/sec

--- hashmap Summary ---
  q19: 108,090 events/sec (5,317/core)

[Nexmark] Results saved to: /home/shuhao/forL0-state-backend/benchmark/results/nexmark_20260701_165953/nexmark_results.json

======================================================================
                    BENCHMARK SUMMARY
======================================================================

## Unit Test Benchmark
--------------------------------------------------

## WordCount Benchmark
--------------------------------------------------

## Client Usecase Benchmark
--------------------------------------------------

## NexMark Benchmark
--------------------------------------------------
Query   Proc(s)     hashmap proc eps     report eps     (/core)
---------------------------------------------------------------
Q19                       108.09 K/s     108.09 K/s    5.32 K/s

======================================================================

Next steps:
  1. Review raw results in: benchmark/results/raw/
  2. Generate report: python scripts/generate_report.py
  3. View report in: benchmark/results/reports/
===== 2026-07-01 17:01:28 END hashmap q19 =====
===== 2026-07-01 17:01:28 START hashmap q20 =====
Stopping taskexecutor daemon (pid: 750579) on host host-192-168-0-6.
Stopping standalonesession daemon (pid: 749953) on host host-192-168-0-6.
[2/3] Flink 集群未运行，启动 docker_run.sh
=== 启动 BriskState Flink Docker 集群 ===
  FLINK_HOME: /home/shuhao/flink-1.20.3
  NATIVE:     /home/shuhao/flink-1.20.3/native
  Docker:     sudo -n docker
  libnuma:    /lib/aarch64-linux-gnu/libnuma.so.1 -> /lib/aarch64-linux-gnu/libnuma.so.1

✗ Docker 镜像 eclipse-temurin:8-jre 不存在，请先: docker load -i images/eclipse-temurin-8-jre.tar
      Docker 启动失败，尝试本机 Flink standalone: /home/shuhao/flink-1.20.3
      ✓ 使用 standalone Flink 配置: /home/shuhao/forL0-state-backend/docker/generated/flink-standalone-conf
      ✓ 自动设置 JAVA_HOME=/usr/lib/jvm/java-11-openjdk-arm64
Starting cluster.
Starting standalonesession daemon on host host-192-168-0-6.
Starting taskexecutor daemon on host host-192-168-0-6.
.[3/4] 复用已有 benchmark Python 虚拟环境
      ✓ benchmark Python 依赖已满足
[4/4] 开始运行 benchmark/scripts/run_benchmark.py
Command: /home/shuhao/forL0-state-backend/.venv-benchmark/bin/python /home/shuhao/forL0-state-backend/benchmark/scripts/run_benchmark.py --test nexmark --backend hashmap --scenario forl0_tps_probe --query q20
[NexMark] Scenario: forl0_tps_probe — Non-contract probe: per-query NexMark steady-state TPS mode with sink throughput
============================================================
ForL0 StateBackend Benchmark
============================================================
Test: nexmark
Backends: hashmap
NexMark Queries: q20
NexMark Scenario: forl0_tps_probe
============================================================

============================================================
Running NexMark Benchmark
============================================================

============================================================
Nexmark DataStream Benchmark
============================================================
Queries: ['q20']
Backends: ['hashmap']
Repeat per query: 1
Min successful samples: 1
Mode: benchmark
============================================================


============================================================
Backend: hashmap
============================================================

=== Running Nexmark Q20 (hashmap backend) ===
Events: 0, TPS: 200000
Proportions: Person(1):Auction(49):Bid(50)
Command: java -Dlog.file=/home/shuhao/forL0-state-backend/docker/deploy/nexmark-flink/log/nexmark-flink.log -Dlog4j.configuration=file:/tmp/nexmark-conf-jj1cmk94/log4j.properties -Dlog4j.configurationFile=file:/tmp/nexmark-conf-jj1cmk94/log4j.properties -Dstate.backend.type=org.apache.flink.runtime.state.hashmap.HashMapStateBackendFactory -cp /home/shuhao/forL0-state-backend/docker/deploy/nexmark-flink/lib/*:/home/shuhao/flink-1.20.3/lib/* com.github.nexmark.flink.Benchmark --location /home/shuhao/forL0-state-backend/docker/deploy/nexmark-flink --queries q20 --category forl0

  Started host CpuMetricSender (pid=759457)
Benchmark Queries: [q20]
==================================================================
Start to run query q20 with workload [tps=200 K, eventsNum=0, percentage=bid:50,auction:49,person:1,kafkaServers:null]
Monitor metrics after 20 seconds.
Start to monitor metrics for 60 seconds.
Monitor TPS metric: vertex=sink, metric=Calc[11].numRecordsInPerSecond
Current Throughput=5.44 K, Cores=3.15 (1 TMs)
Current Throughput=5.44 K, Cores=5.01 (1 TMs)
Current Throughput=5.44 K, Cores=15.71 (1 TMs)
Current Throughput=10.37 K, Cores=23.49 (1 TMs)
Current Throughput=10.37 K, Cores=29.66 (1 TMs)
Current Throughput=13.66 K, Cores=39.87 (1 TMs)
Current Throughput=13.66 K, Cores=47.48 (1 TMs)
Current Throughput=15.75 K, Cores=63.07 (1 TMs)
Current Throughput=15.75 K, Cores=67.54 (1 TMs)
Current Throughput=15.95 K, Cores=71.63 (1 TMs)
Current Throughput=15.95 K, Cores=70.26 (1 TMs)
Current Throughput=15.95 K, Cores=71.17 (1 TMs)
Summary Average: Throughput=11.97 K, Cores=42.34
Stop job query q20
-------------------------------- Nexmark Results --------------------------------

+------+-----------------+---------+-----------------+
| Query| Throughput (r/s)| Cores   | Throughput/Cores|
+------+-----------------+---------+-----------------+
|q20   |11.97 K          |42.34    |282              |
|Total |-                |-        |282              |
+------+-----------------+---------+-----------------+



  Result: 11,970.00 events/sec

--- hashmap Summary ---
  q20: 11,970 events/sec (283/core)

[Nexmark] Results saved to: /home/shuhao/forL0-state-backend/benchmark/results/nexmark_20260701_170150/nexmark_results.json

======================================================================
                    BENCHMARK SUMMARY
======================================================================

## Unit Test Benchmark
--------------------------------------------------

## WordCount Benchmark
--------------------------------------------------

## Client Usecase Benchmark
--------------------------------------------------

## NexMark Benchmark
--------------------------------------------------
Query   Proc(s)     hashmap proc eps     report eps     (/core)
---------------------------------------------------------------
Q20                        11.97 K/s      11.97 K/s      283 /s

======================================================================

Next steps:
  1. Review raw results in: benchmark/results/raw/
  2. Generate report: python scripts/generate_report.py
  3. View report in: benchmark/results/reports/
===== 2026-07-01 17:03:26 END hashmap q20 =====
===== 2026-07-01 17:03:26 START forl0 q4 =====
Stopping taskexecutor daemon (pid: 759105) on host host-192-168-0-6.
Stopping standalonesession daemon (pid: 758460) on host host-192-168-0-6.
[2/3] Flink 集群未运行，启动 docker_run.sh
=== 启动 BriskState Flink Docker 集群 ===
  FLINK_HOME: /home/shuhao/flink-1.20.3
  NATIVE:     /home/shuhao/flink-1.20.3/native
  Docker:     sudo -n docker
  libnuma:    /lib/aarch64-linux-gnu/libnuma.so.1 -> /lib/aarch64-linux-gnu/libnuma.so.1

✗ Docker 镜像 eclipse-temurin:8-jre 不存在，请先: docker load -i images/eclipse-temurin-8-jre.tar
      Docker 启动失败，尝试本机 Flink standalone: /home/shuhao/flink-1.20.3
      ✓ 使用 standalone Flink 配置: /home/shuhao/forL0-state-backend/docker/generated/flink-standalone-conf
      ✓ 自动设置 JAVA_HOME=/usr/lib/jvm/java-11-openjdk-arm64
Starting cluster.
Starting standalonesession daemon on host host-192-168-0-6.
Starting taskexecutor daemon on host host-192-168-0-6.
.[3/4] 复用已有 benchmark Python 虚拟环境
      ✓ benchmark Python 依赖已满足
[4/4] 开始运行 benchmark/scripts/run_benchmark.py
Command: /home/shuhao/forL0-state-backend/.venv-benchmark/bin/python /home/shuhao/forL0-state-backend/benchmark/scripts/run_benchmark.py --test nexmark --backend forl0 --scenario forl0_tps_probe --query q4
[NexMark] Scenario: forl0_tps_probe — Non-contract probe: per-query NexMark steady-state TPS mode with sink throughput
============================================================
ForL0 StateBackend Benchmark
============================================================
Test: nexmark
Backends: forl0
NexMark Queries: q4
NexMark Scenario: forl0_tps_probe
============================================================

============================================================
Running NexMark Benchmark
============================================================

============================================================
Nexmark DataStream Benchmark
============================================================
Queries: ['q4']
Backends: ['forl0']
Repeat per query: 1
Min successful samples: 1
Mode: benchmark
============================================================


============================================================
Backend: forl0
============================================================

=== Running Nexmark Q4 (forl0 backend) ===
Events: 0, TPS: 500000
Proportions: Person(1):Auction(49):Bid(50)
Command: java -Dlog.file=/home/shuhao/forL0-state-backend/docker/deploy/nexmark-flink/log/nexmark-flink.log -Dlog4j.configuration=file:/tmp/nexmark-conf-8hki1v59/log4j.properties -Dlog4j.configurationFile=file:/tmp/nexmark-conf-8hki1v59/log4j.properties -Dstate.backend.type=org.apache.flink.state.forl0.ForL0StateBackendFactory -Dstate.backend.forl0.initial-table-capacity=2048 -Dstate.backend.forl0.max-table-capacity=65536 -Dstate.backend.forl0.l0-cache.enabled=true -Dstate.backend.forl0.l0-cache.size=256mb -Dstate.backend.forl0.l0-memory.max-size=512mb -Dstate.backend.forl0.main-table.load-factor-threshold=0.8 -cp /home/shuhao/forL0-state-backend/docker/deploy/nexmark-flink/lib/*:/home/shuhao/flink-1.20.3/lib/* com.github.nexmark.flink.Benchmark --location /home/shuhao/forL0-state-backend/docker/deploy/nexmark-flink --queries q4 --category forl0

  Started host CpuMetricSender (pid=767092)
Benchmark Queries: [q4]
==================================================================
Start to run query q4 with workload [tps=500 K, eventsNum=0, percentage=bid:50,auction:49,person:1,kafkaServers:null]
Monitor metrics after 20 seconds.
Start to monitor metrics for 60 seconds.
Monitor TPS metric: vertex=sink, metric=GroupAggregate[16].numRecordsInPerSecond
Current Throughput=31.99 K, Cores=29.28 (1 TMs)
Current Throughput=31.99 K, Cores=32.46 (1 TMs)
Current Throughput=31.99 K, Cores=31.72 (1 TMs)
Current Throughput=60.77 K, Cores=35.36 (1 TMs)
Current Throughput=60.77 K, Cores=20.81 (1 TMs)
Current Throughput=77.39 K, Cores=33.05 (1 TMs)
Current Throughput=77.39 K, Cores=31.74 (1 TMs)
Current Throughput=98.34 K, Cores=30.89 (1 TMs)
Current Throughput=98.34 K, Cores=33.4 (1 TMs)
Current Throughput=109.71 K, Cores=33.37 (1 TMs)
Current Throughput=109.71 K, Cores=33.35 (1 TMs)
Current Throughput=119.73 K, Cores=8.91 (1 TMs)
Summary Average: Throughput=75.67 K, Cores=29.53
Stop job query q4
-------------------------------- Nexmark Results --------------------------------

+------+-----------------+---------+-----------------+
| Query| Throughput (r/s)| Cores   | Throughput/Cores|
+------+-----------------+---------+-----------------+
|q4    |75.67 K          |29.53    |2.56 K           |
|Total |-                |-        |2.56 K           |
+------+-----------------+---------+-----------------+



  Result: 75,670.00 events/sec

--- forl0 Summary ---
  q4: 75,670 events/sec (2,562/core)

[Nexmark] Results saved to: /home/shuhao/forL0-state-backend/benchmark/results/nexmark_20260701_170353/nexmark_results.json

======================================================================
                    BENCHMARK SUMMARY
======================================================================

## Unit Test Benchmark
--------------------------------------------------

## WordCount Benchmark
--------------------------------------------------

## Client Usecase Benchmark
--------------------------------------------------

## NexMark Benchmark
--------------------------------------------------
Query   Proc(s)       forl0 proc eps     report eps     (/core)
---------------------------------------------------------------
Q4                         75.67 K/s      75.67 K/s    2.56 K/s

======================================================================

Next steps:
  1. Review raw results in: benchmark/results/raw/
  2. Generate report: python scripts/generate_report.py
  3. View report in: benchmark/results/reports/
===== 2026-07-01 17:05:29 END forl0 q4 =====
===== 2026-07-01 17:05:29 START forl0 q5 =====
Stopping taskexecutor daemon (pid: 766730) on host host-192-168-0-6.
Daemon taskexecutor didn't stop within 10 seconds. Killing it.
Stopping standalonesession daemon (pid: 766102) on host host-192-168-0-6.
[2/3] Flink 集群未运行，启动 docker_run.sh
=== 启动 BriskState Flink Docker 集群 ===
  FLINK_HOME: /home/shuhao/flink-1.20.3
  NATIVE:     /home/shuhao/flink-1.20.3/native
  Docker:     sudo -n docker
  libnuma:    /lib/aarch64-linux-gnu/libnuma.so.1 -> /lib/aarch64-linux-gnu/libnuma.so.1

✗ Docker 镜像 eclipse-temurin:8-jre 不存在，请先: docker load -i images/eclipse-temurin-8-jre.tar
      Docker 启动失败，尝试本机 Flink standalone: /home/shuhao/flink-1.20.3
      ✓ 使用 standalone Flink 配置: /home/shuhao/forL0-state-backend/docker/generated/flink-standalone-conf
      ✓ 自动设置 JAVA_HOME=/usr/lib/jvm/java-11-openjdk-arm64
Starting cluster.
Starting standalonesession daemon on host host-192-168-0-6.
Starting taskexecutor daemon on host host-192-168-0-6.
.[3/4] 复用已有 benchmark Python 虚拟环境
      ✓ benchmark Python 依赖已满足
[4/4] 开始运行 benchmark/scripts/run_benchmark.py
Command: /home/shuhao/forL0-state-backend/.venv-benchmark/bin/python /home/shuhao/forL0-state-backend/benchmark/scripts/run_benchmark.py --test nexmark --backend forl0 --scenario forl0_tps_probe --query q5
[NexMark] Scenario: forl0_tps_probe — Non-contract probe: per-query NexMark steady-state TPS mode with sink throughput
============================================================
ForL0 StateBackend Benchmark
============================================================
Test: nexmark
Backends: forl0
NexMark Queries: q5
NexMark Scenario: forl0_tps_probe
============================================================

============================================================
Running NexMark Benchmark
============================================================

============================================================
Nexmark DataStream Benchmark
============================================================
Queries: ['q5']
Backends: ['forl0']
Repeat per query: 1
Min successful samples: 1
Mode: benchmark
============================================================


============================================================
Backend: forl0
============================================================

=== Running Nexmark Q5 (forl0 backend) ===
Events: 0, TPS: 2000000
Proportions: Person(1):Auction(49):Bid(50)
Command: java -Dlog.file=/home/shuhao/forL0-state-backend/docker/deploy/nexmark-flink/log/nexmark-flink.log -Dlog4j.configuration=file:/tmp/nexmark-conf-7btdkvpi/log4j.properties -Dlog4j.configurationFile=file:/tmp/nexmark-conf-7btdkvpi/log4j.properties -Dstate.backend.type=org.apache.flink.state.forl0.ForL0StateBackendFactory -Dstate.backend.forl0.initial-table-capacity=2048 -Dstate.backend.forl0.max-table-capacity=65536 -Dstate.backend.forl0.l0-cache.enabled=true -Dstate.backend.forl0.l0-cache.size=256mb -Dstate.backend.forl0.l0-memory.max-size=512mb -Dstate.backend.forl0.main-table.load-factor-threshold=0.8 -cp /home/shuhao/forL0-state-backend/docker/deploy/nexmark-flink/lib/*:/home/shuhao/flink-1.20.3/lib/* com.github.nexmark.flink.Benchmark --location /home/shuhao/forL0-state-backend/docker/deploy/nexmark-flink --queries q5 --category forl0

  Started host CpuMetricSender (pid=775184)
Benchmark Queries: [q5]
==================================================================
Start to run query q5 with workload [tps=2 M, eventsNum=0, percentage=bid:50,auction:49,person:1,kafkaServers:null]
Monitor metrics after 20 seconds.
Start to monitor metrics for 60 seconds.
Monitor TPS metric: vertex=sink, metric=nexmark_q5[8]__Writer.numRecordsInPerSecond
Current Throughput=7.7 K, Cores=14.63 (1 TMs)
Current Throughput=7.7 K, Cores=9.05 (1 TMs)
Current Throughput=7.7 K, Cores=10.54 (1 TMs)
Current Throughput=94.75 K, Cores=6.71 (1 TMs)
Current Throughput=94.75 K, Cores=7.39 (1 TMs)
Current Throughput=123.88 K, Cores=18.26 (1 TMs)
Current Throughput=123.88 K, Cores=17.65 (1 TMs)
Current Throughput=203.59 K, Cores=19.55 (1 TMs)
Current Throughput=203.59 K, Cores=30.48 (1 TMs)
Current Throughput=267.69 K, Cores=11.32 (1 TMs)
Current Throughput=267.69 K, Cores=23.62 (1 TMs)
Current Throughput=307.58 K, Cores=41.37 (1 TMs)
Summary Average: Throughput=142.54 K, Cores=17.55
Stop job query q5
-------------------------------- Nexmark Results --------------------------------

+------+-----------------+---------+-----------------+
| Query| Throughput (r/s)| Cores   | Throughput/Cores|
+------+-----------------+---------+-----------------+
|q5    |142.54 K         |17.55    |8.12 K           |
|Total |-                |-        |8.12 K           |
+------+-----------------+---------+-----------------+



  Result: 142,540.00 events/sec

--- forl0 Summary ---
  q5: 142,540 events/sec (8,122/core)

[Nexmark] Results saved to: /home/shuhao/forL0-state-backend/benchmark/results/nexmark_20260701_170557/nexmark_results.json

======================================================================
                    BENCHMARK SUMMARY
======================================================================

## Unit Test Benchmark
--------------------------------------------------

## WordCount Benchmark
--------------------------------------------------

## Client Usecase Benchmark
--------------------------------------------------

## NexMark Benchmark
--------------------------------------------------
Query   Proc(s)       forl0 proc eps     report eps     (/core)
---------------------------------------------------------------
Q5                        142.54 K/s     142.54 K/s    8.12 K/s

======================================================================

Next steps:
  1. Review raw results in: benchmark/results/raw/
  2. Generate report: python scripts/generate_report.py
  3. View report in: benchmark/results/reports/
===== 2026-07-01 17:07:33 END forl0 q5 =====
===== 2026-07-01 17:07:33 START forl0 q8 =====
Stopping taskexecutor daemon (pid: 774816) on host host-192-168-0-6.
Stopping standalonesession daemon (pid: 774109) on host host-192-168-0-6.
[2/3] Flink 集群未运行，启动 docker_run.sh
=== 启动 BriskState Flink Docker 集群 ===
  FLINK_HOME: /home/shuhao/flink-1.20.3
  NATIVE:     /home/shuhao/flink-1.20.3/native
  Docker:     sudo -n docker
  libnuma:    /lib/aarch64-linux-gnu/libnuma.so.1 -> /lib/aarch64-linux-gnu/libnuma.so.1

✗ Docker 镜像 eclipse-temurin:8-jre 不存在，请先: docker load -i images/eclipse-temurin-8-jre.tar
      Docker 启动失败，尝试本机 Flink standalone: /home/shuhao/flink-1.20.3
      ✓ 使用 standalone Flink 配置: /home/shuhao/forL0-state-backend/docker/generated/flink-standalone-conf
      ✓ 自动设置 JAVA_HOME=/usr/lib/jvm/java-11-openjdk-arm64
Starting cluster.
Starting standalonesession daemon on host host-192-168-0-6.
Starting taskexecutor daemon on host host-192-168-0-6.
.[3/4] 复用已有 benchmark Python 虚拟环境
      ✓ benchmark Python 依赖已满足
[4/4] 开始运行 benchmark/scripts/run_benchmark.py
Command: /home/shuhao/forL0-state-backend/.venv-benchmark/bin/python /home/shuhao/forL0-state-backend/benchmark/scripts/run_benchmark.py --test nexmark --backend forl0 --scenario forl0_tps_probe --query q8
[NexMark] Scenario: forl0_tps_probe — Non-contract probe: per-query NexMark steady-state TPS mode with sink throughput
============================================================
ForL0 StateBackend Benchmark
============================================================
Test: nexmark
Backends: forl0
NexMark Queries: q8
NexMark Scenario: forl0_tps_probe
============================================================

============================================================
Running NexMark Benchmark
============================================================

============================================================
Nexmark DataStream Benchmark
============================================================
Queries: ['q8']
Backends: ['forl0']
Repeat per query: 1
Min successful samples: 1
Mode: benchmark
============================================================


============================================================
Backend: forl0
============================================================

=== Running Nexmark Q8 (forl0 backend) ===
Events: 0, TPS: 1000000
Proportions: Person(25):Auction(25):Bid(50)
Command: java -Dlog.file=/home/shuhao/forL0-state-backend/docker/deploy/nexmark-flink/log/nexmark-flink.log -Dlog4j.configuration=file:/tmp/nexmark-conf-3nqlf16z/log4j.properties -Dlog4j.configurationFile=file:/tmp/nexmark-conf-3nqlf16z/log4j.properties -Dstate.backend.type=org.apache.flink.state.forl0.ForL0StateBackendFactory -Dstate.backend.forl0.initial-table-capacity=2048 -Dstate.backend.forl0.max-table-capacity=65536 -Dstate.backend.forl0.l0-cache.enabled=true -Dstate.backend.forl0.l0-cache.size=256mb -Dstate.backend.forl0.l0-memory.max-size=512mb -Dstate.backend.forl0.main-table.load-factor-threshold=0.8 -cp /home/shuhao/forL0-state-backend/docker/deploy/nexmark-flink/lib/*:/home/shuhao/flink-1.20.3/lib/* com.github.nexmark.flink.Benchmark --location /home/shuhao/forL0-state-backend/docker/deploy/nexmark-flink --queries q8 --category forl0

  Started host CpuMetricSender (pid=784230)
Benchmark Queries: [q8]
==================================================================
Start to run query q8 with workload [tps=1 M, eventsNum=0, percentage=bid:50,auction:25,person:25,kafkaServers:null]
Monitor metrics after 20 seconds.
Start to monitor metrics for 60 seconds.
Monitor TPS metric: vertex=sink, metric=Calc[17].numRecordsInPerSecond
Current Throughput=0, Cores=10.03 (1 TMs)
Current Throughput=0, Cores=13.12 (1 TMs)
Current Throughput=0, Cores=9.12 (1 TMs)
Current Throughput=7.06 K, Cores=9.51 (1 TMs)
Current Throughput=7.06 K, Cores=9.08 (1 TMs)
Current Throughput=7.06 K, Cores=28.72 (1 TMs)
Current Throughput=7.06 K, Cores=16.01 (1 TMs)
Current Throughput=16.59 K, Cores=14.52 (1 TMs)
Current Throughput=16.59 K, Cores=24.91 (1 TMs)
Current Throughput=16.59 K, Cores=24.41 (1 TMs)
Current Throughput=16.59 K, Cores=9.99 (1 TMs)
Current Throughput=26.12 K, Cores=10.66 (1 TMs)
Summary Average: Throughput=10.06 K, Cores=15.01
Stop job query q8
-------------------------------- Nexmark Results --------------------------------

+------+-----------------+---------+-----------------+
| Query| Throughput (r/s)| Cores   | Throughput/Cores|
+------+-----------------+---------+-----------------+
|q8    |10.06 K          |15.01    |670              |
|Total |-                |-        |670              |
+------+-----------------+---------+-----------------+



  Result: 10,060.00 events/sec

--- forl0 Summary ---
  q8: 10,060 events/sec (670/core)

[Nexmark] Results saved to: /home/shuhao/forL0-state-backend/benchmark/results/nexmark_20260701_170753/nexmark_results.json

======================================================================
                    BENCHMARK SUMMARY
======================================================================

## Unit Test Benchmark
--------------------------------------------------

## WordCount Benchmark
--------------------------------------------------

## Client Usecase Benchmark
--------------------------------------------------

## NexMark Benchmark
--------------------------------------------------
Query   Proc(s)       forl0 proc eps     report eps     (/core)
---------------------------------------------------------------
Q8                         10.06 K/s      10.06 K/s      670 /s

======================================================================

Next steps:
  1. Review raw results in: benchmark/results/raw/
  2. Generate report: python scripts/generate_report.py
  3. View report in: benchmark/results/reports/
===== 2026-07-01 17:09:29 END forl0 q8 =====
===== 2026-07-01 17:09:29 START forl0 q9 =====
No taskexecutor daemon (pid: 783829) is running anymore on host-192-168-0-6.
Stopping standalonesession daemon (pid: 783191) on host host-192-168-0-6.
[2/3] Flink 集群未运行，启动 docker_run.sh
=== 启动 BriskState Flink Docker 集群 ===
  FLINK_HOME: /home/shuhao/flink-1.20.3
  NATIVE:     /home/shuhao/flink-1.20.3/native
  Docker:     sudo -n docker
  libnuma:    /lib/aarch64-linux-gnu/libnuma.so.1 -> /lib/aarch64-linux-gnu/libnuma.so.1

✗ Docker 镜像 eclipse-temurin:8-jre 不存在，请先: docker load -i images/eclipse-temurin-8-jre.tar
      Docker 启动失败，尝试本机 Flink standalone: /home/shuhao/flink-1.20.3
      ✓ 使用 standalone Flink 配置: /home/shuhao/forL0-state-backend/docker/generated/flink-standalone-conf
      ✓ 自动设置 JAVA_HOME=/usr/lib/jvm/java-11-openjdk-arm64
Starting cluster.
Starting standalonesession daemon on host host-192-168-0-6.
Starting taskexecutor daemon on host host-192-168-0-6.
.[3/4] 复用已有 benchmark Python 虚拟环境
      ✓ benchmark Python 依赖已满足
[4/4] 开始运行 benchmark/scripts/run_benchmark.py
Command: /home/shuhao/forL0-state-backend/.venv-benchmark/bin/python /home/shuhao/forL0-state-backend/benchmark/scripts/run_benchmark.py --test nexmark --backend forl0 --scenario forl0_tps_probe --query q9
[NexMark] Scenario: forl0_tps_probe — Non-contract probe: per-query NexMark steady-state TPS mode with sink throughput
============================================================
ForL0 StateBackend Benchmark
============================================================
Test: nexmark
Backends: forl0
NexMark Queries: q9
NexMark Scenario: forl0_tps_probe
============================================================

============================================================
Running NexMark Benchmark
============================================================

============================================================
Nexmark DataStream Benchmark
============================================================
Queries: ['q9']
Backends: ['forl0']
Repeat per query: 1
Min successful samples: 1
Mode: benchmark
============================================================


============================================================
Backend: forl0
============================================================

=== Running Nexmark Q9 (forl0 backend) ===
Events: 0, TPS: 50000
Proportions: Person(1):Auction(49):Bid(50)
Command: java -Dlog.file=/home/shuhao/forL0-state-backend/docker/deploy/nexmark-flink/log/nexmark-flink.log -Dlog4j.configuration=file:/tmp/nexmark-conf-wztiusil/log4j.properties -Dlog4j.configurationFile=file:/tmp/nexmark-conf-wztiusil/log4j.properties -Dstate.backend.type=org.apache.flink.state.forl0.ForL0StateBackendFactory -Dstate.backend.forl0.initial-table-capacity=2048 -Dstate.backend.forl0.max-table-capacity=65536 -Dstate.backend.forl0.l0-cache.enabled=true -Dstate.backend.forl0.l0-cache.size=256mb -Dstate.backend.forl0.l0-memory.max-size=512mb -Dstate.backend.forl0.main-table.load-factor-threshold=0.8 -cp /home/shuhao/forL0-state-backend/docker/deploy/nexmark-flink/lib/*:/home/shuhao/flink-1.20.3/lib/* com.github.nexmark.flink.Benchmark --location /home/shuhao/forL0-state-backend/docker/deploy/nexmark-flink --queries q9 --category forl0

  Started host CpuMetricSender (pid=792829)
Benchmark Queries: [q9]
==================================================================
Start to run query q9 with workload [tps=50 K, eventsNum=0, percentage=bid:50,auction:49,person:1,kafkaServers:null]
Monitor metrics after 20 seconds.
Start to monitor metrics for 60 seconds.
Monitor TPS metric: vertex=sink, metric=Rank[13].numRecordsInPerSecond
Current Throughput=4.99 K, Cores=5.13 (1 TMs)
Current Throughput=4.99 K, Cores=3.34 (1 TMs)
Current Throughput=4.99 K, Cores=3.71 (1 TMs)
Current Throughput=9.63 K, Cores=3.48 (1 TMs)
Current Throughput=9.63 K, Cores=10.23 (1 TMs)
Current Throughput=12.75 K, Cores=3 (1 TMs)
Current Throughput=12.75 K, Cores=3.51 (1 TMs)
Current Throughput=15.84 K, Cores=7.64 (1 TMs)
Current Throughput=15.84 K, Cores=4.03 (1 TMs)
Current Throughput=18.95 K, Cores=4.27 (1 TMs)
Current Throughput=18.95 K, Cores=3.32 (1 TMs)
Current Throughput=18.65 K, Cores=3.91 (1 TMs)
Summary Average: Throughput=12.33 K, Cores=4.63
Stop job query q9
-------------------------------- Nexmark Results --------------------------------

+------+-----------------+---------+-----------------+
| Query| Throughput (r/s)| Cores   | Throughput/Cores|
+------+-----------------+---------+-----------------+
|q9    |12.33 K          |4.63     |2.66 K           |
|Total |-                |-        |2.66 K           |
+------+-----------------+---------+-----------------+



  Result: 12,330.00 events/sec

--- forl0 Summary ---
  q9: 12,330 events/sec (2,663/core)

[Nexmark] Results saved to: /home/shuhao/forL0-state-backend/benchmark/results/nexmark_20260701_170947/nexmark_results.json

======================================================================
                    BENCHMARK SUMMARY
======================================================================

## Unit Test Benchmark
--------------------------------------------------

## WordCount Benchmark
--------------------------------------------------

## Client Usecase Benchmark
--------------------------------------------------

## NexMark Benchmark
--------------------------------------------------
Query   Proc(s)       forl0 proc eps     report eps     (/core)
---------------------------------------------------------------
Q9                         12.33 K/s      12.33 K/s    2.66 K/s

======================================================================

Next steps:
  1. Review raw results in: benchmark/results/raw/
  2. Generate report: python scripts/generate_report.py
  3. View report in: benchmark/results/reports/
===== 2026-07-01 17:11:22 END forl0 q9 =====
===== 2026-07-01 17:11:22 START forl0 q11 =====
Stopping taskexecutor daemon (pid: 792083) on host host-192-168-0-6.
Stopping standalonesession daemon (pid: 791439) on host host-192-168-0-6.
[2/3] Flink 集群未运行，启动 docker_run.sh
=== 启动 BriskState Flink Docker 集群 ===
  FLINK_HOME: /home/shuhao/flink-1.20.3
  NATIVE:     /home/shuhao/flink-1.20.3/native
  Docker:     sudo -n docker
  libnuma:    /lib/aarch64-linux-gnu/libnuma.so.1 -> /lib/aarch64-linux-gnu/libnuma.so.1

✗ Docker 镜像 eclipse-temurin:8-jre 不存在，请先: docker load -i images/eclipse-temurin-8-jre.tar
      Docker 启动失败，尝试本机 Flink standalone: /home/shuhao/flink-1.20.3
      ✓ 使用 standalone Flink 配置: /home/shuhao/forL0-state-backend/docker/generated/flink-standalone-conf
      ✓ 自动设置 JAVA_HOME=/usr/lib/jvm/java-11-openjdk-arm64
Starting cluster.
Starting standalonesession daemon on host host-192-168-0-6.
Starting taskexecutor daemon on host host-192-168-0-6.
.[3/4] 复用已有 benchmark Python 虚拟环境
      ✓ benchmark Python 依赖已满足
[4/4] 开始运行 benchmark/scripts/run_benchmark.py
Command: /home/shuhao/forL0-state-backend/.venv-benchmark/bin/python /home/shuhao/forL0-state-backend/benchmark/scripts/run_benchmark.py --test nexmark --backend forl0 --scenario forl0_tps_probe --query q11
[NexMark] Scenario: forl0_tps_probe — Non-contract probe: per-query NexMark steady-state TPS mode with sink throughput
============================================================
ForL0 StateBackend Benchmark
============================================================
Test: nexmark
Backends: forl0
NexMark Queries: q11
NexMark Scenario: forl0_tps_probe
============================================================

============================================================
Running NexMark Benchmark
============================================================

============================================================
Nexmark DataStream Benchmark
============================================================
Queries: ['q11']
Backends: ['forl0']
Repeat per query: 1
Min successful samples: 1
Mode: benchmark
============================================================


============================================================
Backend: forl0
============================================================

=== Running Nexmark Q11 (forl0 backend) ===
Events: 0, TPS: 200000
Proportions: Person(10):Auction(10):Bid(80)
Command: java -Dlog.file=/home/shuhao/forL0-state-backend/docker/deploy/nexmark-flink/log/nexmark-flink.log -Dlog4j.configuration=file:/tmp/nexmark-conf-fkl0gn8a/log4j.properties -Dlog4j.configurationFile=file:/tmp/nexmark-conf-fkl0gn8a/log4j.properties -Dstate.backend.type=org.apache.flink.state.forl0.ForL0StateBackendFactory -Dstate.backend.forl0.initial-table-capacity=2048 -Dstate.backend.forl0.max-table-capacity=65536 -Dstate.backend.forl0.l0-cache.enabled=true -Dstate.backend.forl0.l0-cache.size=256mb -Dstate.backend.forl0.l0-memory.max-size=512mb -Dstate.backend.forl0.main-table.load-factor-threshold=0.8 -cp /home/shuhao/forL0-state-backend/docker/deploy/nexmark-flink/lib/*:/home/shuhao/flink-1.20.3/lib/* com.github.nexmark.flink.Benchmark --location /home/shuhao/forL0-state-backend/docker/deploy/nexmark-flink --queries q11 --category forl0

  Started host CpuMetricSender (pid=802215)
Benchmark Queries: [q11]
==================================================================
Start to run query q11 with workload [tps=200 K, eventsNum=0, percentage=bid:80,auction:10,person:10,kafkaServers:null]
Monitor metrics after 30 seconds.
Start to monitor metrics for 90 seconds.
Monitor TPS metric: vertex=sink, metric=Calc[7].numRecordsInPerSecond
Current Throughput=3.56 K, Cores=3.71 (1 TMs)
Current Throughput=3.56 K, Cores=3.13 (1 TMs)
Current Throughput=3.56 K, Cores=3.36 (1 TMs)
Current Throughput=6.46 K, Cores=2.93 (1 TMs)
Current Throughput=6.46 K, Cores=3.96 (1 TMs)
Current Throughput=9.36 K, Cores=3.35 (1 TMs)
Current Throughput=9.36 K, Cores=4.28 (1 TMs)
Current Throughput=12.26 K, Cores=3.7 (1 TMs)
Current Throughput=12.26 K, Cores=2.93 (1 TMs)
Current Throughput=15.12 K, Cores=3.56 (1 TMs)
Current Throughput=15.12 K, Cores=3.05 (1 TMs)
Current Throughput=17.3 K, Cores=3.9 (1 TMs)
Current Throughput=17.3 K, Cores=3.35 (1 TMs)
Current Throughput=17.32 K, Cores=3.11 (1 TMs)
Current Throughput=17.32 K, Cores=2.91 (1 TMs)
Current Throughput=17.34 K, Cores=3.82 (1 TMs)
Current Throughput=17.34 K, Cores=2.76 (1 TMs)
Current Throughput=17.34 K, Cores=3.46 (1 TMs)
Summary Average: Throughput=12.13 K, Cores=3.4
Stop job query q11
-------------------------------- Nexmark Results --------------------------------

+------+-----------------+---------+-----------------+
| Query| Throughput (r/s)| Cores   | Throughput/Cores|
+------+-----------------+---------+-----------------+
|q11   |12.13 K          |3.4      |3.56 K           |
|Total |-                |-        |3.56 K           |
+------+-----------------+---------+-----------------+



  Result: 12,130.00 events/sec

--- forl0 Summary ---
  q11: 12,130 events/sec (3,568/core)

[Nexmark] Results saved to: /home/shuhao/forL0-state-backend/benchmark/results/nexmark_20260701_171142/nexmark_results.json

======================================================================
                    BENCHMARK SUMMARY
======================================================================

## Unit Test Benchmark
--------------------------------------------------

## WordCount Benchmark
--------------------------------------------------

## Client Usecase Benchmark
--------------------------------------------------

## NexMark Benchmark
--------------------------------------------------
Query   Proc(s)       forl0 proc eps     report eps     (/core)
---------------------------------------------------------------
Q11                        12.13 K/s      12.13 K/s    3.57 K/s

======================================================================

Next steps:
  1. Review raw results in: benchmark/results/raw/
  2. Generate report: python scripts/generate_report.py
  3. View report in: benchmark/results/reports/
===== 2026-07-01 17:13:57 END forl0 q11 =====
===== 2026-07-01 17:13:57 START forl0 q18 =====
Stopping taskexecutor daemon (pid: 801816) on host host-192-168-0-6.
Stopping standalonesession daemon (pid: 801175) on host host-192-168-0-6.
[2/3] Flink 集群未运行，启动 docker_run.sh
=== 启动 BriskState Flink Docker 集群 ===
  FLINK_HOME: /home/shuhao/flink-1.20.3
  NATIVE:     /home/shuhao/flink-1.20.3/native
  Docker:     sudo -n docker
  libnuma:    /lib/aarch64-linux-gnu/libnuma.so.1 -> /lib/aarch64-linux-gnu/libnuma.so.1

✗ Docker 镜像 eclipse-temurin:8-jre 不存在，请先: docker load -i images/eclipse-temurin-8-jre.tar
      Docker 启动失败，尝试本机 Flink standalone: /home/shuhao/flink-1.20.3
      ✓ 使用 standalone Flink 配置: /home/shuhao/forL0-state-backend/docker/generated/flink-standalone-conf
      ✓ 自动设置 JAVA_HOME=/usr/lib/jvm/java-11-openjdk-arm64
Starting cluster.
Starting standalonesession daemon on host host-192-168-0-6.
Starting taskexecutor daemon on host host-192-168-0-6.
.[3/4] 复用已有 benchmark Python 虚拟环境
      ✓ benchmark Python 依赖已满足
[4/4] 开始运行 benchmark/scripts/run_benchmark.py
Command: /home/shuhao/forL0-state-backend/.venv-benchmark/bin/python /home/shuhao/forL0-state-backend/benchmark/scripts/run_benchmark.py --test nexmark --backend forl0 --scenario forl0_tps_probe --query q18
[NexMark] Scenario: forl0_tps_probe — Non-contract probe: per-query NexMark steady-state TPS mode with sink throughput
============================================================
ForL0 StateBackend Benchmark
============================================================
Test: nexmark
Backends: forl0
NexMark Queries: q18
NexMark Scenario: forl0_tps_probe
============================================================

============================================================
Running NexMark Benchmark
============================================================

============================================================
Nexmark DataStream Benchmark
============================================================
Queries: ['q18']
Backends: ['forl0']
Repeat per query: 1
Min successful samples: 1
Mode: benchmark
============================================================


============================================================
Backend: forl0
============================================================

=== Running Nexmark Q18 (forl0 backend) ===
Events: 0, TPS: 5000000
Proportions: Person(1):Auction(49):Bid(50)
Command: java -Dlog.file=/home/shuhao/forL0-state-backend/docker/deploy/nexmark-flink/log/nexmark-flink.log -Dlog4j.configuration=file:/tmp/nexmark-conf-stxwyqtp/log4j.properties -Dlog4j.configurationFile=file:/tmp/nexmark-conf-stxwyqtp/log4j.properties -Dstate.backend.type=org.apache.flink.state.forl0.ForL0StateBackendFactory -Dstate.backend.forl0.initial-table-capacity=2048 -Dstate.backend.forl0.max-table-capacity=65536 -Dstate.backend.forl0.l0-cache.enabled=true -Dstate.backend.forl0.l0-cache.size=256mb -Dstate.backend.forl0.l0-memory.max-size=512mb -Dstate.backend.forl0.main-table.load-factor-threshold=0.8 -cp /home/shuhao/forL0-state-backend/docker/deploy/nexmark-flink/lib/*:/home/shuhao/flink-1.20.3/lib/* com.github.nexmark.flink.Benchmark --location /home/shuhao/forL0-state-backend/docker/deploy/nexmark-flink --queries q18 --category forl0

  Started host CpuMetricSender (pid=812192)
Benchmark Queries: [q18]
==================================================================
Start to run query q18 with workload [tps=5 M, eventsNum=0, percentage=bid:50,auction:49,person:1,kafkaServers:null]
Monitor metrics after 10 seconds.
Start to monitor metrics for 60 seconds.
Monitor TPS metric: vertex=sink, metric=nexmark_q18[8]__Writer.numRecordsInPerSecond
Current Throughput=48.61 K, Cores=5.95 (1 TMs)
Current Throughput=48.61 K, Cores=6.1 (1 TMs)
Current Throughput=48.61 K, Cores=5.63 (1 TMs)
Current Throughput=123.99 K, Cores=5.36 (1 TMs)
Current Throughput=123.99 K, Cores=5.63 (1 TMs)
Current Throughput=200.28 K, Cores=5.57 (1 TMs)
Current Throughput=200.28 K, Cores=5.43 (1 TMs)
Current Throughput=274.22 K, Cores=6.04 (1 TMs)
Current Throughput=274.22 K, Cores=5.74 (1 TMs)
Current Throughput=353.93 K, Cores=5.65 (1 TMs)
Current Throughput=353.93 K, Cores=5.41 (1 TMs)
Current Throughput=431.43 K, Cores=5.63 (1 TMs)
Summary Average: Throughput=206.84 K, Cores=5.68
Stop job query q18
-------------------------------- Nexmark Results --------------------------------

+------+-----------------+---------+-----------------+
| Query| Throughput (r/s)| Cores   | Throughput/Cores|
+------+-----------------+---------+-----------------+
|q18   |206.84 K         |5.68     |36.43 K          |
|Total |-                |-        |36.43 K          |
+------+-----------------+---------+-----------------+



  Result: 206,840.00 events/sec

--- forl0 Summary ---
  q18: 206,840 events/sec (36,415/core)

[Nexmark] Results saved to: /home/shuhao/forL0-state-backend/benchmark/results/nexmark_20260701_171417/nexmark_results.json

======================================================================
                    BENCHMARK SUMMARY
======================================================================

## Unit Test Benchmark
--------------------------------------------------

## WordCount Benchmark
--------------------------------------------------

## Client Usecase Benchmark
--------------------------------------------------

## NexMark Benchmark
--------------------------------------------------
Query   Proc(s)       forl0 proc eps     report eps     (/core)
---------------------------------------------------------------
Q18                       206.84 K/s     206.84 K/s   36.42 K/s

======================================================================

Next steps:
  1. Review raw results in: benchmark/results/raw/
  2. Generate report: python scripts/generate_report.py
  3. View report in: benchmark/results/reports/
===== 2026-07-01 17:15:42 END forl0 q18 =====
===== 2026-07-01 17:15:42 START forl0 q19 =====
Stopping taskexecutor daemon (pid: 811712) on host host-192-168-0-6.
Stopping standalonesession daemon (pid: 811070) on host host-192-168-0-6.
[2/3] Flink 集群未运行，启动 docker_run.sh
=== 启动 BriskState Flink Docker 集群 ===
  FLINK_HOME: /home/shuhao/flink-1.20.3
  NATIVE:     /home/shuhao/flink-1.20.3/native
  Docker:     sudo -n docker
  libnuma:    /lib/aarch64-linux-gnu/libnuma.so.1 -> /lib/aarch64-linux-gnu/libnuma.so.1

✗ Docker 镜像 eclipse-temurin:8-jre 不存在，请先: docker load -i images/eclipse-temurin-8-jre.tar
      Docker 启动失败，尝试本机 Flink standalone: /home/shuhao/flink-1.20.3
      ✓ 使用 standalone Flink 配置: /home/shuhao/forL0-state-backend/docker/generated/flink-standalone-conf
      ✓ 自动设置 JAVA_HOME=/usr/lib/jvm/java-11-openjdk-arm64
Starting cluster.
Starting standalonesession daemon on host host-192-168-0-6.
Starting taskexecutor daemon on host host-192-168-0-6.
.[3/4] 复用已有 benchmark Python 虚拟环境
      ✓ benchmark Python 依赖已满足
[4/4] 开始运行 benchmark/scripts/run_benchmark.py
Command: /home/shuhao/forL0-state-backend/.venv-benchmark/bin/python /home/shuhao/forL0-state-backend/benchmark/scripts/run_benchmark.py --test nexmark --backend forl0 --scenario forl0_tps_probe --query q19
[NexMark] Scenario: forl0_tps_probe — Non-contract probe: per-query NexMark steady-state TPS mode with sink throughput
============================================================
ForL0 StateBackend Benchmark
============================================================
Test: nexmark
Backends: forl0
NexMark Queries: q19
NexMark Scenario: forl0_tps_probe
============================================================

============================================================
Running NexMark Benchmark
============================================================

============================================================
Nexmark DataStream Benchmark
============================================================
Queries: ['q19']
Backends: ['forl0']
Repeat per query: 1
Min successful samples: 1
Mode: benchmark
============================================================


============================================================
Backend: forl0
============================================================

=== Running Nexmark Q19 (forl0 backend) ===
Events: 0, TPS: 200000
Proportions: Person(1):Auction(49):Bid(50)
Command: java -Dlog.file=/home/shuhao/forL0-state-backend/docker/deploy/nexmark-flink/log/nexmark-flink.log -Dlog4j.configuration=file:/tmp/nexmark-conf-nysu6k64/log4j.properties -Dlog4j.configurationFile=file:/tmp/nexmark-conf-nysu6k64/log4j.properties -Dstate.backend.type=org.apache.flink.state.forl0.ForL0StateBackendFactory -Dstate.backend.forl0.initial-table-capacity=2048 -Dstate.backend.forl0.max-table-capacity=65536 -Dstate.backend.forl0.l0-cache.enabled=true -Dstate.backend.forl0.l0-cache.size=256mb -Dstate.backend.forl0.l0-memory.max-size=512mb -Dstate.backend.forl0.main-table.load-factor-threshold=0.8 -cp /home/shuhao/forL0-state-backend/docker/deploy/nexmark-flink/lib/*:/home/shuhao/flink-1.20.3/lib/* com.github.nexmark.flink.Benchmark --location /home/shuhao/forL0-state-backend/docker/deploy/nexmark-flink --queries q19 --category forl0

  Started host CpuMetricSender (pid=821963)
Benchmark Queries: [q19]
==================================================================
Start to run query q19 with workload [tps=200 K, eventsNum=0, percentage=bid:50,auction:49,person:1,kafkaServers:null]
Monitor metrics after 20 seconds.
Start to monitor metrics for 60 seconds.
Monitor TPS metric: vertex=sink, metric=nexmark_q19[8]__Writer.numRecordsInPerSecond
Current Throughput=48.94 K, Cores=1.41 (1 TMs)
Current Throughput=48.94 K, Cores=1.42 (1 TMs)
Current Throughput=48.94 K, Cores=1.52 (1 TMs)
Current Throughput=77.86 K, Cores=1.64 (1 TMs)
Current Throughput=77.86 K, Cores=1.53 (1 TMs)
Current Throughput=106.84 K, Cores=1.38 (1 TMs)
Current Throughput=106.84 K, Cores=1.43 (1 TMs)
Current Throughput=135.82 K, Cores=1.29 (1 TMs)
Current Throughput=135.82 K, Cores=1.27 (1 TMs)
Current Throughput=164.72 K, Cores=1.5 (1 TMs)
Current Throughput=164.72 K, Cores=1.43 (1 TMs)
Current Throughput=173.67 K, Cores=1.27 (1 TMs)
Summary Average: Throughput=107.58 K, Cores=1.42
Stop job query q19
-------------------------------- Nexmark Results --------------------------------

+------+-----------------+---------+-----------------+
| Query| Throughput (r/s)| Cores   | Throughput/Cores|
+------+-----------------+---------+-----------------+
|q19   |107.58 K         |1.42     |75.53 K          |
|Total |-                |-        |75.53 K          |
+------+-----------------+---------+-----------------+



  Result: 107,580.00 events/sec

--- forl0 Summary ---
  q19: 107,580 events/sec (75,761/core)

[Nexmark] Results saved to: /home/shuhao/forL0-state-backend/benchmark/results/nexmark_20260701_171605/nexmark_results.json

======================================================================
                    BENCHMARK SUMMARY
======================================================================

## Unit Test Benchmark
--------------------------------------------------

## WordCount Benchmark
--------------------------------------------------

## Client Usecase Benchmark
--------------------------------------------------

## NexMark Benchmark
--------------------------------------------------
Query   Proc(s)       forl0 proc eps     report eps     (/core)
---------------------------------------------------------------
Q19                       107.58 K/s     107.58 K/s   75.76 K/s

======================================================================

Next steps:
  1. Review raw results in: benchmark/results/raw/
  2. Generate report: python scripts/generate_report.py
  3. View report in: benchmark/results/reports/
===== 2026-07-01 17:17:40 END forl0 q19 =====
===== 2026-07-01 17:17:40 START forl0 q20 =====
Stopping taskexecutor daemon (pid: 821523) on host host-192-168-0-6.
Stopping standalonesession daemon (pid: 820866) on host host-192-168-0-6.
[2/3] Flink 集群未运行，启动 docker_run.sh
=== 启动 BriskState Flink Docker 集群 ===
  FLINK_HOME: /home/shuhao/flink-1.20.3
  NATIVE:     /home/shuhao/flink-1.20.3/native
  Docker:     sudo -n docker
  libnuma:    /lib/aarch64-linux-gnu/libnuma.so.1 -> /lib/aarch64-linux-gnu/libnuma.so.1

✗ Docker 镜像 eclipse-temurin:8-jre 不存在，请先: docker load -i images/eclipse-temurin-8-jre.tar
      Docker 启动失败，尝试本机 Flink standalone: /home/shuhao/flink-1.20.3
      ✓ 使用 standalone Flink 配置: /home/shuhao/forL0-state-backend/docker/generated/flink-standalone-conf
      ✓ 自动设置 JAVA_HOME=/usr/lib/jvm/java-11-openjdk-arm64
Starting cluster.
Starting standalonesession daemon on host host-192-168-0-6.
Starting taskexecutor daemon on host host-192-168-0-6.
.[3/4] 复用已有 benchmark Python 虚拟环境
      ✓ benchmark Python 依赖已满足
[4/4] 开始运行 benchmark/scripts/run_benchmark.py
Command: /home/shuhao/forL0-state-backend/.venv-benchmark/bin/python /home/shuhao/forL0-state-backend/benchmark/scripts/run_benchmark.py --test nexmark --backend forl0 --scenario forl0_tps_probe --query q20
[NexMark] Scenario: forl0_tps_probe — Non-contract probe: per-query NexMark steady-state TPS mode with sink throughput
============================================================
ForL0 StateBackend Benchmark
============================================================
Test: nexmark
Backends: forl0
NexMark Queries: q20
NexMark Scenario: forl0_tps_probe
============================================================

============================================================
Running NexMark Benchmark
============================================================

============================================================
Nexmark DataStream Benchmark
============================================================
Queries: ['q20']
Backends: ['forl0']
Repeat per query: 1
Min successful samples: 1
Mode: benchmark
============================================================


============================================================
Backend: forl0
============================================================

=== Running Nexmark Q20 (forl0 backend) ===
Events: 0, TPS: 200000
Proportions: Person(1):Auction(49):Bid(50)
Command: java -Dlog.file=/home/shuhao/forL0-state-backend/docker/deploy/nexmark-flink/log/nexmark-flink.log -Dlog4j.configuration=file:/tmp/nexmark-conf-g0kzwp5y/log4j.properties -Dlog4j.configurationFile=file:/tmp/nexmark-conf-g0kzwp5y/log4j.properties -Dstate.backend.type=org.apache.flink.state.forl0.ForL0StateBackendFactory -Dstate.backend.forl0.initial-table-capacity=2048 -Dstate.backend.forl0.max-table-capacity=65536 -Dstate.backend.forl0.l0-cache.enabled=true -Dstate.backend.forl0.l0-cache.size=256mb -Dstate.backend.forl0.l0-memory.max-size=512mb -Dstate.backend.forl0.main-table.load-factor-threshold=0.8 -cp /home/shuhao/forL0-state-backend/docker/deploy/nexmark-flink/lib/*:/home/shuhao/flink-1.20.3/lib/* com.github.nexmark.flink.Benchmark --location /home/shuhao/forL0-state-backend/docker/deploy/nexmark-flink --queries q20 --category forl0

  Started host CpuMetricSender (pid=832769)
Benchmark Queries: [q20]
==================================================================
Start to run query q20 with workload [tps=200 K, eventsNum=0, percentage=bid:50,auction:49,person:1,kafkaServers:null]
Monitor metrics after 20 seconds.
Start to monitor metrics for 60 seconds.
Monitor TPS metric: vertex=sink, metric=Calc[11].numRecordsInPerSecond
Current Throughput=5.41 K, Cores=3.56 (1 TMs)
Current Throughput=5.41 K, Cores=3.11 (1 TMs)
Current Throughput=5.41 K, Cores=3 (1 TMs)
Current Throughput=10.41 K, Cores=3.55 (1 TMs)
Current Throughput=10.41 K, Cores=3.52 (1 TMs)
Current Throughput=13.7 K, Cores=3.27 (1 TMs)
Current Throughput=13.7 K, Cores=3.3 (1 TMs)
Current Throughput=17.02 K, Cores=2.57 (1 TMs)
Current Throughput=17.02 K, Cores=3.41 (1 TMs)
Current Throughput=20.32 K, Cores=3.75 (1 TMs)
Current Throughput=20.32 K, Cores=3 (1 TMs)
Current Throughput=19.96 K, Cores=3.45 (1 TMs)
Summary Average: Throughput=13.26 K, Cores=3.29
Stop job query q20
-------------------------------- Nexmark Results --------------------------------

+------+-----------------+---------+-----------------+
| Query| Throughput (r/s)| Cores   | Throughput/Cores|
+------+-----------------+---------+-----------------+
|q20   |13.26 K          |3.29     |4.03 K           |
|Total |-                |-        |4.03 K           |
+------+-----------------+---------+-----------------+



  Result: 13,260.00 events/sec

--- forl0 Summary ---
  q20: 13,260 events/sec (4,030/core)

[Nexmark] Results saved to: /home/shuhao/forL0-state-backend/benchmark/results/nexmark_20260701_171800/nexmark_results.json

======================================================================
                    BENCHMARK SUMMARY
======================================================================

## Unit Test Benchmark
--------------------------------------------------

## WordCount Benchmark
--------------------------------------------------

## Client Usecase Benchmark
--------------------------------------------------

## NexMark Benchmark
--------------------------------------------------
Query   Proc(s)       forl0 proc eps     report eps     (/core)
---------------------------------------------------------------
Q20                        13.26 K/s      13.26 K/s    4.03 K/s

======================================================================

Next steps:
  1. Review raw results in: benchmark/results/raw/
  2. Generate report: python scripts/generate_report.py
  3. View report in: benchmark/results/reports/
===== 2026-07-01 17:19:36 END forl0 q20 =====
