===== 2026-07-01 18:11:16 START hashmap q19 =====
[2/3] Flink 集群未运行，启动 docker_run.sh
=== 启动 BriskState Flink Docker 集群 ===
  FLINK_HOME: /home/shuhao/flink-1.20.3
  NATIVE:     /home/shuhao/flink-1.20.3/native
  Docker:     sudo -n docker
  libnuma:    /lib/aarch64-linux-gnu/libnuma.so.1 -> /lib/aarch64-linux-gnu/libnuma.so.1

✗ Docker 镜像 eclipse-temurin:8-jre 不存在，请先: docker load -i images/eclipse-temurin-8-jre.tar
      Docker 启动失败，尝试本机 Flink standalone: /home/shuhao/flink-1.20.3
      ✓ 使用 standalone Flink 配置: /home/shuhao/forL0-state-backend/docker/generated/flink-standalone-conf
      ✓ 自动设置 JAVA_HOME=/usr/lib/jvm/java-11-openjdk-arm64
Starting cluster.
Starting standalonesession daemon on host host-192-168-0-6.
Starting taskexecutor daemon on host host-192-168-0-6.
.[3/4] 复用已有 benchmark Python 虚拟环境
      ✓ benchmark Python 依赖已满足
[4/4] 开始运行 benchmark/scripts/run_benchmark.py
Command: /home/shuhao/forL0-state-backend/.venv-benchmark/bin/python /home/shuhao/forL0-state-backend/benchmark/scripts/run_benchmark.py --test nexmark --backend hashmap --scenario forl0_negative_probe --query q19
[NexMark] Scenario: forl0_negative_probe — Exploratory non-contract probe for NexMark queries that were flat or slightly negative
============================================================
ForL0 StateBackend Benchmark
============================================================
Test: nexmark
Backends: hashmap
NexMark Queries: q19
NexMark Scenario: forl0_negative_probe
============================================================

============================================================
Running NexMark Benchmark
============================================================

============================================================
Nexmark DataStream Benchmark
============================================================
Queries: ['q19']
Backends: ['hashmap']
Repeat per query: 1
Min successful samples: 1
Mode: benchmark
============================================================


============================================================
Backend: hashmap
============================================================

=== Running Nexmark Q19 (hashmap backend) ===
Events: 0, TPS: 1000000
Proportions: Person(1):Auction(1):Bid(98)
Command: java -Dlog.file=/home/shuhao/forL0-state-backend/docker/deploy/nexmark-flink/log/nexmark-flink.log -Dlog4j.configuration=file:/tmp/nexmark-conf-pgpnmytn/log4j.properties -Dlog4j.configurationFile=file:/tmp/nexmark-conf-pgpnmytn/log4j.properties -Dstate.backend.type=org.apache.flink.runtime.state.hashmap.HashMapStateBackendFactory -cp /home/shuhao/forL0-state-backend/docker/deploy/nexmark-flink/lib/*:/home/shuhao/flink-1.20.3/lib/* com.github.nexmark.flink.Benchmark --location /home/shuhao/forL0-state-backend/docker/deploy/nexmark-flink --queries q19 --category forl0

  Started host CpuMetricSender (pid=972959)
Benchmark Queries: [q19]
==================================================================
Start to run query q19 with workload [tps=1 M, eventsNum=0, percentage=bid:98,auction:1,person:1,kafkaServers:null]
Monitor metrics after 50 seconds.
Start to monitor metrics for 60 seconds.
Monitor TPS metric: vertex=sink, metric=nexmark_q19[8]__Writer.numRecordsInPerSecond
Current Throughput=810.75 K, Cores=29.69 (1 TMs)
Current Throughput=810.75 K, Cores=32.44 (1 TMs)
Current Throughput=810.75 K, Cores=36.51 (1 TMs)
Current Throughput=946 K, Cores=59.9 (1 TMs)
Current Throughput=946 K, Cores=62.53 (1 TMs)
Current Throughput=865.47 K, Cores=63.8 (1 TMs)
Current Throughput=865.47 K, Cores=64.69 (1 TMs)
Current Throughput=693.53 K, Cores=66.44 (1 TMs)
Current Throughput=693.53 K, Cores=67.15 (1 TMs)
Current Throughput=439.27 K, Cores=68.6 (1 TMs)
Current Throughput=439.27 K, Cores=68.61 (1 TMs)
Current Throughput=276.69 K, Cores=69.58 (1 TMs)
Summary Average: Throughput=716.46 K, Cores=57.5
Stop job query q19
-------------------------------- Nexmark Results --------------------------------

+------+-----------------+---------+-----------------+
| Query| Throughput (r/s)| Cores   | Throughput/Cores|
+------+-----------------+---------+-----------------+
|q19   |716.46 K         |57.5     |12.46 K          |
|Total |-                |-        |12.46 K          |
+------+-----------------+---------+-----------------+



  Result: 716,460.00 events/sec

--- hashmap Summary ---
  q19: 716,460 events/sec (12,460/core)

[Nexmark] Results saved to: /home/shuhao/forL0-state-backend/benchmark/results/nexmark_20260701_181126/nexmark_results.json

======================================================================
                    BENCHMARK SUMMARY
======================================================================

## Unit Test Benchmark
--------------------------------------------------

## WordCount Benchmark
--------------------------------------------------

## Client Usecase Benchmark
--------------------------------------------------

## NexMark Benchmark
--------------------------------------------------
Query   Proc(s)     hashmap proc eps     report eps     (/core)
---------------------------------------------------------------
Q19                       716.46 K/s     716.46 K/s   12.46 K/s

======================================================================

Next steps:
  1. Review raw results in: benchmark/results/raw/
  2. Generate report: python scripts/generate_report.py
  3. View report in: benchmark/results/reports/
===== 2026-07-01 18:13:31 END hashmap q19 =====
===== 2026-07-01 18:13:31 START forl0 q19 =====
[2/3] Flink 集群已就绪
[3/4] 复用已有 benchmark Python 虚拟环境
      ✓ benchmark Python 依赖已满足
[4/4] 开始运行 benchmark/scripts/run_benchmark.py
Command: /home/shuhao/forL0-state-backend/.venv-benchmark/bin/python /home/shuhao/forL0-state-backend/benchmark/scripts/run_benchmark.py --test nexmark --backend forl0 --scenario forl0_negative_probe --query q19
[NexMark] Scenario: forl0_negative_probe — Exploratory non-contract probe for NexMark queries that were flat or slightly negative
============================================================
ForL0 StateBackend Benchmark
============================================================
Test: nexmark
Backends: forl0
NexMark Queries: q19
NexMark Scenario: forl0_negative_probe
============================================================

============================================================
Running NexMark Benchmark
============================================================

============================================================
Nexmark DataStream Benchmark
============================================================
Queries: ['q19']
Backends: ['forl0']
Repeat per query: 1
Min successful samples: 1
Mode: benchmark
============================================================


============================================================
Backend: forl0
============================================================

=== Running Nexmark Q19 (forl0 backend) ===
Events: 0, TPS: 1000000
Proportions: Person(1):Auction(1):Bid(98)
Command: java -Dlog.file=/home/shuhao/forL0-state-backend/docker/deploy/nexmark-flink/log/nexmark-flink.log -Dlog4j.configuration=file:/tmp/nexmark-conf-8npr0dqk/log4j.properties -Dlog4j.configurationFile=file:/tmp/nexmark-conf-8npr0dqk/log4j.properties -Dstate.backend.type=org.apache.flink.state.forl0.ForL0StateBackendFactory -Dstate.backend.forl0.initial-table-capacity=2048 -Dstate.backend.forl0.max-table-capacity=65536 -Dstate.backend.forl0.l0-cache.enabled=true -Dstate.backend.forl0.l0-cache.size=256mb -Dstate.backend.forl0.l0-memory.max-size=512mb -Dstate.backend.forl0.main-table.load-factor-threshold=0.8 -cp /home/shuhao/forL0-state-backend/docker/deploy/nexmark-flink/lib/*:/home/shuhao/flink-1.20.3/lib/* com.github.nexmark.flink.Benchmark --location /home/shuhao/forL0-state-backend/docker/deploy/nexmark-flink --queries q19 --category forl0

  Started host CpuMetricSender (pid=976573)
Benchmark Queries: [q19]
==================================================================
Start to run query q19 with workload [tps=1 M, eventsNum=0, percentage=bid:98,auction:1,person:1,kafkaServers:null]
Monitor metrics after 50 seconds.
Start to monitor metrics for 60 seconds.
Monitor TPS metric: vertex=sink, metric=nexmark_q19[8]__Writer.numRecordsInPerSecond
Current Throughput=922.36 K, Cores=7.43 (1 TMs)
Current Throughput=922.36 K, Cores=7.56 (1 TMs)
Current Throughput=922.36 K, Cores=7.53 (1 TMs)
Current Throughput=1.23 M, Cores=7.49 (1 TMs)
Current Throughput=1.23 M, Cores=7.53 (1 TMs)
Current Throughput=1.2 M, Cores=7.61 (1 TMs)
Current Throughput=1.2 M, Cores=7.47 (1 TMs)
Current Throughput=1.2 M, Cores=7.45 (1 TMs)
Current Throughput=1.2 M, Cores=7.59 (1 TMs)
Current Throughput=1.2 M, Cores=7.54 (1 TMs)
Current Throughput=1.2 M, Cores=7.44 (1 TMs)
Current Throughput=1.2 M, Cores=7.72 (1 TMs)
Summary Average: Throughput=1.14 M, Cores=7.53
Stop job query q19
-------------------------------- Nexmark Results --------------------------------

+------+-----------------+---------+-----------------+
| Query| Throughput (r/s)| Cores   | Throughput/Cores|
+------+-----------------+---------+-----------------+
|q19   |1.14 M           |7.53     |150.79 K         |
|Total |-                |-        |150.79 K         |
+------+-----------------+---------+-----------------+



  Result: 1,140,000.00 events/sec

--- forl0 Summary ---
  q19: 1,140,000 events/sec (151,394/core)

[Nexmark] Results saved to: /home/shuhao/forL0-state-backend/benchmark/results/nexmark_20260701_181333/nexmark_results.json

======================================================================
                    BENCHMARK SUMMARY
======================================================================

## Unit Test Benchmark
--------------------------------------------------

## WordCount Benchmark
--------------------------------------------------

## Client Usecase Benchmark
--------------------------------------------------

## NexMark Benchmark
--------------------------------------------------
Query   Proc(s)       forl0 proc eps     report eps     (/core)
---------------------------------------------------------------
Q19                         1.14 M/s       1.14 M/s  151.39 K/s

======================================================================

Next steps:
  1. Review raw results in: benchmark/results/raw/
  2. Generate report: python scripts/generate_report.py
  3. View report in: benchmark/results/reports/
===== 2026-07-01 18:15:38 END forl0 q19 =====
