===== 2026-07-01 16:40:03 START hashmap q4 =====
No taskexecutor daemon (pid: 668483) is running anymore on host-192-168-0-6.
No standalonesession daemon (pid: 667815) is running anymore on host-192-168-0-6.
[2/3] Flink 集群未运行，启动 docker_run.sh
=== 启动 BriskState Flink Docker 集群 ===
  FLINK_HOME: /home/shuhao/flink-1.20.3
  NATIVE:     /home/shuhao/flink-1.20.3/native
  Docker:     sudo -n docker
  libnuma:    /lib/aarch64-linux-gnu/libnuma.so.1 -> /lib/aarch64-linux-gnu/libnuma.so.1

✗ Docker 镜像 eclipse-temurin:8-jre 不存在，请先: docker load -i images/eclipse-temurin-8-jre.tar
      Docker 启动失败，尝试本机 Flink standalone: /home/shuhao/flink-1.20.3
      ✓ 使用 standalone Flink 配置: /home/shuhao/forL0-state-backend/docker/generated/flink-standalone-conf
      ✓ 自动设置 JAVA_HOME=/usr/lib/jvm/java-11-openjdk-arm64
Starting cluster.
Starting standalonesession daemon on host host-192-168-0-6.
Starting taskexecutor daemon on host host-192-168-0-6.
.[3/4] 复用已有 benchmark Python 虚拟环境
      ✓ benchmark Python 依赖已满足
[4/4] 开始运行 benchmark/scripts/run_benchmark.py
Command: /home/shuhao/forL0-state-backend/.venv-benchmark/bin/python /home/shuhao/forL0-state-backend/benchmark/scripts/run_benchmark.py --test nexmark --backend hashmap --scenario forl0_tps_probe --query q4
[NexMark] Scenario: forl0_tps_probe — Non-contract probe: per-query NexMark steady-state TPS mode with sink throughput
============================================================
ForL0 StateBackend Benchmark
============================================================
Test: nexmark
Backends: hashmap
NexMark Queries: q4
NexMark Scenario: forl0_tps_probe
============================================================

============================================================
Running NexMark Benchmark
============================================================

============================================================
Nexmark DataStream Benchmark
============================================================
Queries: ['q4']
Backends: ['hashmap']
Repeat per query: 1
Min successful samples: 1
Mode: benchmark
============================================================


============================================================
Backend: hashmap
============================================================

=== Running Nexmark Q4 (hashmap backend) ===
Events: 0, TPS: 500000
Proportions: Person(1):Auction(49):Bid(50)
Command: java -Dlog.file=/home/shuhao/forL0-state-backend/docker/deploy/nexmark-flink/log/nexmark-flink.log -Dlog4j.configuration=file:/tmp/nexmark-conf-yvp17ym3/log4j.properties -Dlog4j.configurationFile=file:/tmp/nexmark-conf-yvp17ym3/log4j.properties -Dstate.backend.type=org.apache.flink.runtime.state.hashmap.HashMapStateBackendFactory -cp /home/shuhao/forL0-state-backend/docker/deploy/nexmark-flink/lib/*:/home/shuhao/flink-1.20.3/lib/* com.github.nexmark.flink.Benchmark --location /home/shuhao/forL0-state-backend/docker/deploy/nexmark-flink --queries q4 --category forl0

  Started host CpuMetricSender (pid=683279)
Benchmark Queries: [q4]
==================================================================
Start to run query q4 with workload [tps=500 K, eventsNum=0, percentage=bid:50,auction:49,person:1,kafkaServers:null]
Monitor metrics after 20 seconds.
Start to monitor metrics for 60 seconds.
Monitor TPS metric: vertex=sink, metric=GroupAggregate[16].numRecordsInPerSecond
Current Throughput=30.94 K, Cores=64.29 (1 TMs)
Current Throughput=30.94 K, Cores=71.73 (1 TMs)
Current Throughput=30.94 K, Cores=79.58 (1 TMs)
Current Throughput=31.57 K, Cores=83.44 (1 TMs)
Current Throughput=31.57 K, Cores=81.68 (1 TMs)
Current Throughput=31.57 K, Cores=83.5 (1 TMs)
Current Throughput=31.57 K, Cores=77.71 (1 TMs)
Current Throughput=31.57 K, Cores=78.63 (1 TMs)
Current Throughput=31.8 K, Cores=77.05 (1 TMs)
Current Throughput=31.8 K, Cores=68.85 (1 TMs)
Current Throughput=31.8 K, Cores=59.84 (1 TMs)
Current Throughput=31.8 K, Cores=56.42 (1 TMs)
Summary Average: Throughput=31.49 K, Cores=73.56
Stop job query q4
-------------------------------- Nexmark Results --------------------------------

+------+-----------------+---------+-----------------+
| Query| Throughput (r/s)| Cores   | Throughput/Cores|
+------+-----------------+---------+-----------------+
|q4    |31.49 K          |73.56    |428              |
|Total |-                |-        |428              |
+------+-----------------+---------+-----------------+



  Result: 31,490.00 events/sec

--- hashmap Summary ---
  q4: 31,490 events/sec (428/core)

[Nexmark] Results saved to: /home/shuhao/forL0-state-backend/benchmark/results/nexmark_20260701_164021/nexmark_results.json

======================================================================
                    BENCHMARK SUMMARY
======================================================================

## Unit Test Benchmark
--------------------------------------------------

## WordCount Benchmark
--------------------------------------------------

## Client Usecase Benchmark
--------------------------------------------------

## NexMark Benchmark
--------------------------------------------------
Query   Proc(s)     hashmap proc eps     report eps     (/core)
---------------------------------------------------------------
Q4                         31.49 K/s      31.49 K/s      428 /s

======================================================================

Next steps:
  1. Review raw results in: benchmark/results/raw/
  2. Generate report: python scripts/generate_report.py
  3. View report in: benchmark/results/reports/
===== 2026-07-01 16:41:57 END hashmap q4 =====
===== 2026-07-01 16:41:57 START hashmap q5 =====
Stopping taskexecutor daemon (pid: 682716) on host host-192-168-0-6.
Daemon taskexecutor didn't stop within 10 seconds. Killing it.
Stopping standalonesession daemon (pid: 681909) on host host-192-168-0-6.
[2/3] Flink 集群未运行，启动 docker_run.sh
=== 启动 BriskState Flink Docker 集群 ===
  FLINK_HOME: /home/shuhao/flink-1.20.3
  NATIVE:     /home/shuhao/flink-1.20.3/native
  Docker:     sudo -n docker
  libnuma:    /lib/aarch64-linux-gnu/libnuma.so.1 -> /lib/aarch64-linux-gnu/libnuma.so.1

✗ Docker 镜像 eclipse-temurin:8-jre 不存在，请先: docker load -i images/eclipse-temurin-8-jre.tar
      Docker 启动失败，尝试本机 Flink standalone: /home/shuhao/flink-1.20.3
      ✓ 使用 standalone Flink 配置: /home/shuhao/forL0-state-backend/docker/generated/flink-standalone-conf
      ✓ 自动设置 JAVA_HOME=/usr/lib/jvm/java-11-openjdk-arm64
Starting cluster.
Starting standalonesession daemon on host host-192-168-0-6.
Starting taskexecutor daemon on host host-192-168-0-6.
.[3/4] 复用已有 benchmark Python 虚拟环境
      ✓ benchmark Python 依赖已满足
[4/4] 开始运行 benchmark/scripts/run_benchmark.py
Command: /home/shuhao/forL0-state-backend/.venv-benchmark/bin/python /home/shuhao/forL0-state-backend/benchmark/scripts/run_benchmark.py --test nexmark --backend hashmap --scenario forl0_tps_probe --query q5
[NexMark] Scenario: forl0_tps_probe — Non-contract probe: per-query NexMark steady-state TPS mode with sink throughput
============================================================
ForL0 StateBackend Benchmark
============================================================
Test: nexmark
Backends: hashmap
NexMark Queries: q5
NexMark Scenario: forl0_tps_probe
============================================================

============================================================
Running NexMark Benchmark
============================================================

============================================================
Nexmark DataStream Benchmark
============================================================
Queries: ['q5']
Backends: ['hashmap']
Repeat per query: 1
Min successful samples: 1
Mode: benchmark
============================================================


============================================================
Backend: hashmap
============================================================

=== Running Nexmark Q5 (hashmap backend) ===
Events: 0, TPS: 2000000
Proportions: Person(1):Auction(49):Bid(50)
Command: java -Dlog.file=/home/shuhao/forL0-state-backend/docker/deploy/nexmark-flink/log/nexmark-flink.log -Dlog4j.configuration=file:/tmp/nexmark-conf-bec3g0rv/log4j.properties -Dlog4j.configurationFile=file:/tmp/nexmark-conf-bec3g0rv/log4j.properties -Dstate.backend.type=org.apache.flink.runtime.state.hashmap.HashMapStateBackendFactory -cp /home/shuhao/forL0-state-backend/docker/deploy/nexmark-flink/lib/*:/home/shuhao/flink-1.20.3/lib/* com.github.nexmark.flink.Benchmark --location /home/shuhao/forL0-state-backend/docker/deploy/nexmark-flink --queries q5 --category forl0

  Started host CpuMetricSender (pid=691451)
Benchmark Queries: [q5]
==================================================================
Start to run query q5 with workload [tps=2 M, eventsNum=0, percentage=bid:50,auction:49,person:1,kafkaServers:null]
Monitor metrics after 20 seconds.
Start to monitor metrics for 60 seconds.
Monitor TPS metric: vertex=sink, metric=nexmark_q5[8]__Writer.numRecordsInPerSecond
Current Throughput=9.86 K, Cores=9.11 (1 TMs)
Current Throughput=9.86 K, Cores=16.37 (1 TMs)
Current Throughput=9.86 K, Cores=10.47 (1 TMs)
Current Throughput=92.27 K, Cores=33.57 (1 TMs)
Current Throughput=92.27 K, Cores=58.41 (1 TMs)
Current Throughput=155.63 K, Cores=52.27 (1 TMs)
Current Throughput=155.63 K, Cores=86.43 (1 TMs)
Current Throughput=214.16 K, Cores=56.47 (1 TMs)
Current Throughput=214.16 K, Cores=78.8 (1 TMs)
Current Throughput=258.44 K, Cores=86.16 (1 TMs)
Current Throughput=258.44 K, Cores=84.95 (1 TMs)
Current Throughput=344.33 K, Cores=38.63 (1 TMs)
Summary Average: Throughput=151.24 K, Cores=50.97
Stop job query q5
-------------------------------- Nexmark Results --------------------------------

+------+-----------------+---------+-----------------+
| Query| Throughput (r/s)| Cores   | Throughput/Cores|
+------+-----------------+---------+-----------------+
|q5    |151.24 K         |50.97    |2.97 K           |
|Total |-                |-        |2.97 K           |
+------+-----------------+---------+-----------------+



  Result: 151,240.00 events/sec

--- hashmap Summary ---
  q5: 151,240 events/sec (2,967/core)

[Nexmark] Results saved to: /home/shuhao/forL0-state-backend/benchmark/results/nexmark_20260701_164226/nexmark_results.json

======================================================================
                    BENCHMARK SUMMARY
======================================================================

## Unit Test Benchmark
--------------------------------------------------

## WordCount Benchmark
--------------------------------------------------

## Client Usecase Benchmark
--------------------------------------------------

## NexMark Benchmark
--------------------------------------------------
Query   Proc(s)     hashmap proc eps     report eps     (/core)
---------------------------------------------------------------
Q5                        151.24 K/s     151.24 K/s    2.97 K/s

======================================================================

Next steps:
  1. Review raw results in: benchmark/results/raw/
  2. Generate report: python scripts/generate_report.py
  3. View report in: benchmark/results/reports/
===== 2026-07-01 16:44:01 END hashmap q5 =====
===== 2026-07-01 16:44:01 START hashmap q8 =====
Stopping taskexecutor daemon (pid: 691046) on host host-192-168-0-6.
Stopping standalonesession daemon (pid: 690358) on host host-192-168-0-6.
[2/3] Flink 集群未运行，启动 docker_run.sh
=== 启动 BriskState Flink Docker 集群 ===
  FLINK_HOME: /home/shuhao/flink-1.20.3
  NATIVE:     /home/shuhao/flink-1.20.3/native
  Docker:     sudo -n docker
  libnuma:    /lib/aarch64-linux-gnu/libnuma.so.1 -> /lib/aarch64-linux-gnu/libnuma.so.1

✗ Docker 镜像 eclipse-temurin:8-jre 不存在，请先: docker load -i images/eclipse-temurin-8-jre.tar
      Docker 启动失败，尝试本机 Flink standalone: /home/shuhao/flink-1.20.3
      ✓ 使用 standalone Flink 配置: /home/shuhao/forL0-state-backend/docker/generated/flink-standalone-conf
      ✓ 自动设置 JAVA_HOME=/usr/lib/jvm/java-11-openjdk-arm64
Starting cluster.
Starting standalonesession daemon on host host-192-168-0-6.
Starting taskexecutor daemon on host host-192-168-0-6.
.[3/4] 复用已有 benchmark Python 虚拟环境
      ✓ benchmark Python 依赖已满足
[4/4] 开始运行 benchmark/scripts/run_benchmark.py
Command: /home/shuhao/forL0-state-backend/.venv-benchmark/bin/python /home/shuhao/forL0-state-backend/benchmark/scripts/run_benchmark.py --test nexmark --backend hashmap --scenario forl0_tps_probe --query q8
[NexMark] Scenario: forl0_tps_probe — Non-contract probe: per-query NexMark steady-state TPS mode with sink throughput
============================================================
ForL0 StateBackend Benchmark
============================================================
Test: nexmark
Backends: hashmap
NexMark Queries: q8
NexMark Scenario: forl0_tps_probe
============================================================

============================================================
Running NexMark Benchmark
============================================================

============================================================
Nexmark DataStream Benchmark
============================================================
Queries: ['q8']
Backends: ['hashmap']
Repeat per query: 1
Min successful samples: 1
Mode: benchmark
============================================================


============================================================
Backend: hashmap
============================================================

=== Running Nexmark Q8 (hashmap backend) ===
Events: 0, TPS: 1000000
Proportions: Person(25):Auction(25):Bid(50)
Command: java -Dlog.file=/home/shuhao/forL0-state-backend/docker/deploy/nexmark-flink/log/nexmark-flink.log -Dlog4j.configuration=file:/tmp/nexmark-conf-6a7ay7x8/log4j.properties -Dlog4j.configurationFile=file:/tmp/nexmark-conf-6a7ay7x8/log4j.properties -Dstate.backend.type=org.apache.flink.runtime.state.hashmap.HashMapStateBackendFactory -cp /home/shuhao/forL0-state-backend/docker/deploy/nexmark-flink/lib/*:/home/shuhao/flink-1.20.3/lib/* com.github.nexmark.flink.Benchmark --location /home/shuhao/forL0-state-backend/docker/deploy/nexmark-flink --queries q8 --category forl0

  Started host CpuMetricSender (pid=701188)
Benchmark Queries: [q8]
==================================================================
Start to run query q8 with workload [tps=1 M, eventsNum=0, percentage=bid:50,auction:25,person:25,kafkaServers:null]
Monitor metrics after 20 seconds.
Start to monitor metrics for 60 seconds.
Monitor TPS metric: vertex=sink, metric=Calc[17].numRecordsInPerSecond
Current Throughput=0, Cores=9.21 (1 TMs)
Current Throughput=0, Cores=12.68 (1 TMs)
Current Throughput=0, Cores=48.16 (1 TMs)
Current Throughput=8.38 K, Cores=26.36 (1 TMs)
Current Throughput=8.38 K, Cores=24.81 (1 TMs)
Current Throughput=8.38 K, Cores=43.24 (1 TMs)
Current Throughput=8.38 K, Cores=51.48 (1 TMs)
Current Throughput=17.9 K, Cores=16.38 (1 TMs)
Current Throughput=17.9 K, Cores=28.54 (1 TMs)
Current Throughput=17.9 K, Cores=36.24 (1 TMs)
Current Throughput=17.9 K, Cores=30.78 (1 TMs)
Current Throughput=27.43 K, Cores=15.83 (1 TMs)
Summary Average: Throughput=11.05 K, Cores=28.64
Stop job query q8
-------------------------------- Nexmark Results --------------------------------

+------+-----------------+---------+-----------------+
| Query| Throughput (r/s)| Cores   | Throughput/Cores|
+------+-----------------+---------+-----------------+
|q8    |11.05 K          |28.64    |385              |
|Total |-                |-        |385              |
+------+-----------------+---------+-----------------+



  Result: 11,050.00 events/sec

--- hashmap Summary ---
  q8: 11,050 events/sec (386/core)

[Nexmark] Results saved to: /home/shuhao/forL0-state-backend/benchmark/results/nexmark_20260701_164422/nexmark_results.json

======================================================================
                    BENCHMARK SUMMARY
======================================================================

## Unit Test Benchmark
--------------------------------------------------

## WordCount Benchmark
--------------------------------------------------

## Client Usecase Benchmark
--------------------------------------------------

## NexMark Benchmark
--------------------------------------------------
Query   Proc(s)     hashmap proc eps     report eps     (/core)
---------------------------------------------------------------
Q8                         11.05 K/s      11.05 K/s      386 /s

======================================================================

Next steps:
  1. Review raw results in: benchmark/results/raw/
  2. Generate report: python scripts/generate_report.py
  3. View report in: benchmark/results/reports/
===== 2026-07-01 16:45:57 END hashmap q8 =====
===== 2026-07-01 16:45:57 START hashmap q9 =====
Stopping taskexecutor daemon (pid: 700584) on host host-192-168-0-6.
Stopping standalonesession daemon (pid: 699844) on host host-192-168-0-6.
[2/3] Flink 集群未运行，启动 docker_run.sh
=== 启动 BriskState Flink Docker 集群 ===
  FLINK_HOME: /home/shuhao/flink-1.20.3
  NATIVE:     /home/shuhao/flink-1.20.3/native
  Docker:     sudo -n docker
  libnuma:    /lib/aarch64-linux-gnu/libnuma.so.1 -> /lib/aarch64-linux-gnu/libnuma.so.1

✗ Docker 镜像 eclipse-temurin:8-jre 不存在，请先: docker load -i images/eclipse-temurin-8-jre.tar
      Docker 启动失败，尝试本机 Flink standalone: /home/shuhao/flink-1.20.3
      ✓ 使用 standalone Flink 配置: /home/shuhao/forL0-state-backend/docker/generated/flink-standalone-conf
      ✓ 自动设置 JAVA_HOME=/usr/lib/jvm/java-11-openjdk-arm64
Starting cluster.
Starting standalonesession daemon on host host-192-168-0-6.
Starting taskexecutor daemon on host host-192-168-0-6.
.[3/4] 复用已有 benchmark Python 虚拟环境
      ✓ benchmark Python 依赖已满足
[4/4] 开始运行 benchmark/scripts/run_benchmark.py
Command: /home/shuhao/forL0-state-backend/.venv-benchmark/bin/python /home/shuhao/forL0-state-backend/benchmark/scripts/run_benchmark.py --test nexmark --backend hashmap --scenario forl0_tps_probe --query q9
