============================================================
  ForL0 offline one-command bootstrap
============================================================
  Archive:     /root/forL0/forl0-offline-linux-arm64-py310-20260721.tar.gz
  Project dir: /root/forL0
  Run log:     /dev/null
  Extract to:  /root/forL0/forl0-offline-linux-arm64-py310-20260721
  Installed:   /root/forl0-runtime
  FLINK_HOME:  /root/flink_home

[1/4] Reuse runnable repository at /root/forL0
[2/4] Release archive is not required for repository mode
[3/4] Repository structure validated
[native] source fingerprint unchanged; reuse server-built runtime
[4/4] Install and run ForL0 validation

  Runtime source: repository (/root/forL0)

==> Checking L0 hardware environment
  device:      OK (/dev/hisi_l0)
  libl0:       OK (/opt/pkg/l0memlib/libl0mempool.so; bounded search under /opt)
  libnuma:     OK (/usr/lib64/libnuma.so.1.0.0; ldconfig cache)
  result:      real L0 environment looks available

==> Preparing full repository runtime
============================================================
  ForL0 仓库一键部署
============================================================
  仓库路径:   /root/forL0
  FLINK_HOME: /root/flink_home
  Docker:     docker

      ⚠ 未找到 unit-test benchmark JAR；apps/nexmark/wordcount/client_usecase 运行不依赖该产物
[1/4] 跳过 Docker 镜像加载

[2/4] 检查 L0 环境...
      device:      OK (/dev/hisi_l0)
      libl0:       OK (/opt/pkg/l0memlib/libl0mempool.so; explicit override)
      libnuma:     OK (/usr/lib64/libnuma.so.1.0.0; explicit override)
      ✓ L0 硬件环境可用

[3/4] 安装预编译产物到 Flink...
      ✓ backend JAR 已安装到 /root/flink_home/lib/
      ✓ NexMark JAR 已安装到 /root/flink_home/lib/
      ✓ native 库已安装到 /root/flink_home/native/
      ✓ WordCount benchmark 已就绪
      ✓ Client usecase benchmark 已就绪
      ✓ 环境文件已写入 /root/forL0/docker/forl0-local.env
      ✓ async-profiler 已就绪: /root/forL0/tools/async-profiler

[4/4] 启动 Docker 集群...
      已跳过启动。手工执行：
      source /root/forL0/docker/forl0-local.env
      cd /root/forL0/docker && ./docker_run.sh start

============================================================
  完成
============================================================
  查看状态: source /root/forL0/docker/forl0-local.env && cd /root/forL0/docker && ./docker_run.sh status
  查看日志: source /root/forL0/docker/forl0-local.env && cd /root/forL0/docker && ./docker_run.sh logs tm1
  全量运行 apps: cd /root/forL0/docker && ./run_all_apps.sh
  只跑 WordCount: cd /root/forL0/docker && ./run_all_apps.sh --test wordcount
      ✓ Synced Java 8 NexMark JAR into runtime distribution

==> Runtime summary
  app root:    /root/forL0
  runtime:     /root/forL0
  results:     /root/forL0/benchmark/results/tuning/full_20260816_190623/trial_025_ce9ff074/workloads/N12/results
  FLINK_HOME:  /root/flink_home
  backend:     all
  profile:     --no-profile
  pressure:    forl0_tps_probe
  workloads:   N12
  expected TM: 2
  expected slots: 8
  control rev: unavailable

==> Preflight check
Command: /root/forL0/docker/run_all_apps.sh --offline --preflight-only --test apps --backend all --expected-taskmanagers 2 --expected-slots 8 --restart-cluster --restart-cluster
============================================================
  ForL0 benchmark run context
============================================================
  Repo:        /root/forL0
  Results:     /root/forL0/benchmark/results/tuning/full_20260816_190623/trial_025_ce9ff074/workloads/N12/results
  Test:        apps
  Backend:     all
  Profile:     disabled
  Offline:     true
  Expect TMs:  2
  Expect slots:8
  GitCommit:   unavailable
  RunID:       full_20260816_190623_trial_025_ce9ff074_N12
  ControlRev:  unavailable
  Date:        2026-08-17 09:03:33 +0800

[preflight] 检查 Flink 与 benchmark 产物
      ✓ FLINK_HOME: /root/flink_home
      ✓ benchmark config: /root/forL0/benchmark/config/benchmark.yaml
      ✓ benchmark entry: /root/forL0/benchmark/scripts/run_benchmark.py
      ✓ requirements: /root/forL0/benchmark/requirements.txt
      ✓ WordCount JAR: /root/forL0/docker/deploy/wordcount-benchmark-1.0-SNAPSHOT.jar
      ✓ NexMark JAR: /root/forL0/docker/deploy/nexmark-flink-0.3-SNAPSHOT.jar
      ✓ NexMark top-level JAR: Java 8 compatible and cancel-409 fix present
      ✓ NexMark driver JAR: Java 8 compatible and cancel-409 fix present
      ✓ NexMark bin: /root/forL0/docker/deploy/nexmark-flink/bin
      ✓ NexMark conf: /root/forL0/docker/deploy/nexmark-flink/conf
      ✓ NexMark queries: /root/forL0/docker/deploy/nexmark-flink/queries
      ✓ Client usecase JAR: /root/forL0/docker/deploy/flink-keyedcoprocessfunction-example-1.0-SNAPSHOT-jar-with-dependencies.jar
      ✓ Client hotspot-drift JAR: /root/forL0/docker/deploy/client-drift-benchmark-1.0-SNAPSHOT.jar
      ✓ ForL0 backend JAR in Flink lib: /root/flink_home/lib/flink-statebackend-forL0-1.0-SNAPSHOT.jar
      ✓ native library: /root/flink_home/native/libforl0_engine.so
[3/5] 复用依赖完整的 benchmark Python: /root/forl0-runtime/.venv-benchmark-cp310/bin/python
      Python:       /root/forl0-runtime/.venv-benchmark-cp310/bin/python (3.10)
      ✓ config loaded
      ✓ nexmark queries: q4,q5,q8,q9,q11,q18,q19,q20
      ✓ client scenarios: contract_baseline,forl0_optimized,state_pressure_300k,state_pressure_1m,hotspot_drift_300k,hotspot_drift_1m,hotspot_state_left_2m,hotspot_state_join_2m,scalar_state_probe_1m,scalar_state_probe_2m_ops64,scalar_state_probe_2m_ops16,scalar_state_probe_2m_ops16_fused,scalar_state_probe_2m_ops16_batch,scalar_state_probe_2m_ops64_batch,scalar_state_probe_1m_ops128_batch,scalar_value_probe_5m_ops16,scalar_value_probe_20m_ops16
[preflight] 检查通过。
[2/5] 按要求重启 Flink 集群
=== 停止 BriskState Flink Docker 集群 ===
flink-taskmanager-2
flink-taskmanager-1
flink-jobmanager
flink-net
已停止
=== 启动 BriskState Flink Docker 集群 ===
  FLINK_HOME: /root/flink_home
  NATIVE:     /root/flink_home/native
  CONF:       /root/forL0/docker/conf
  Docker:     docker
  JM memory:  8g
  TM memory:  16g
  libnuma:    /usr/lib64/libnuma.so.1.0.0 -> /usr/lib/libnuma.so.1
  libl0:      /opt/pkg/l0memlib/libl0mempool.so -> /usr/lib[64]/libl0mempool.so

[0/3] 清理残留 benchmark 容器...
d8a93c191a2c126263538597155d14d1c7b6083fca5f140e2bafb586793e8c6c
[1/3] 启动 JobManager...
792fef25c70ef56a32ae8211cf853547549f1a00185c961abca290c226c6c80f
      JobManager IP: 192.168.16.2
[2/3] 启动 TaskManager-1...
abcb6401e3da8cffe8b17bdff9b2db82a2716a98a87c8b4aa660dc6121fb60bf
[3/3] 启动 TaskManager-2...
1004f7f533ead82b1175c6052fe2c1e51b8f27cbcb46da62fbb382afeeeec433

等待 JobManager 就绪...
..
=== 集群启动成功! ===
  Web UI: http://localhost:8081
  TaskManagers: 2
  Slots:        8

  查看 TaskManager 日志: /root/forL0/docker/docker_run.sh logs tm1
  提交作业:     /root/flink_home/bin/flink run -m localhost:8081 -c <MainClass> <jar>
      ✓ Flink 集群健康:
TASKMANAGERS=2
SLOTS_TOTAL=8
SLOTS_AVAILABLE=8
JOBS_RUNNING=0
TM 192.168.16.4:46625-6b1d25 slots=4 free=4 heartbeatMs=0
TM 192.168.16.3:43137-24ffb4 slots=4 free=4 heartbeatMs=0
Ascend reproduction manifest: /root/forL0/benchmark/results/tuning/full_20260816_190623/trial_025_ce9ff074/workloads/N12/results/run_logs/ascend_reproduction_20260817_090340.tsv

==> Ascend reproduction N12: nexmark_q4_pressure_forl0
Command: /root/forL0/docker/run_all_apps.sh --offline --test nexmark --scenario forl0_no_full_gc_pressure --query q4 --backend forl0 --no-profile --no-report --expected-taskmanagers 2 --expected-slots 8 --restart-cluster
============================================================
  ForL0 benchmark run context
============================================================
  Repo:        /root/forL0
  Results:     /root/forL0/benchmark/results/tuning/full_20260816_190623/trial_025_ce9ff074/workloads/N12/results
  Test:        nexmark
  Backend:     forl0
  Profile:     disabled
  Offline:     true
  Expect TMs:  2
  Expect slots:8
  GitCommit:   unavailable
  RunID:       full_20260816_190623_trial_025_ce9ff074_N12
  ControlRev:  unavailable
  Date:        2026-08-17 09:03:40 +0800

[2/5] 按要求重启 Flink 集群
=== 停止 BriskState Flink Docker 集群 ===
flink-taskmanager-2
flink-taskmanager-1
flink-jobmanager
flink-net
已停止
=== 启动 BriskState Flink Docker 集群 ===
  FLINK_HOME: /root/flink_home
  NATIVE:     /root/flink_home/native
  CONF:       /root/forL0/docker/conf
  Docker:     docker
  JM memory:  8g
  TM memory:  16g
  libnuma:    /usr/lib64/libnuma.so.1.0.0 -> /usr/lib/libnuma.so.1
  libl0:      /opt/pkg/l0memlib/libl0mempool.so -> /usr/lib[64]/libl0mempool.so

[0/3] 清理残留 benchmark 容器...
6952aea686dcfdfd075ec466900b2c93ebeb5211b2702422ad99ec93bad3121b
[1/3] 启动 JobManager...
6e75500088ab8dd01fcb51c067419e09bbcf8e4eb35de522b61da1b8c7bb8e5d
      JobManager IP: 192.168.32.2
[2/3] 启动 TaskManager-1...
099fb01243bb9a2f2ea7901ac6d45657c29a3843aa94209ee7bf091783b7d69e
[3/3] 启动 TaskManager-2...
a9490e56f2ec54bdae05805b5e2dc696f8878ca4bfe81c0295bb337681fcb95c

等待 JobManager 就绪...
..
=== 集群启动成功! ===
  Web UI: http://localhost:8081
  TaskManagers: 2
  Slots:        8

  查看 TaskManager 日志: /root/forL0/docker/docker_run.sh logs tm1
  提交作业:     /root/flink_home/bin/flink run -m localhost:8081 -c <MainClass> <jar>
      ✓ Flink 集群健康:
TASKMANAGERS=2
SLOTS_TOTAL=8
SLOTS_AVAILABLE=8
JOBS_RUNNING=0
TM 192.168.32.4:36573-99602c slots=4 free=4 heartbeatMs=0
TM 192.168.32.3:41757-dd1af6 slots=4 free=4 heartbeatMs=0
[3/5] 复用依赖完整的 benchmark Python: /root/forl0-runtime/.venv-benchmark-cp310/bin/python
      Python:       /root/forl0-runtime/.venv-benchmark-cp310/bin/python (3.10)
[4/5] 开始运行 benchmark/scripts/run_benchmark.py
Command: /root/forl0-runtime/.venv-benchmark-cp310/bin/python /root/forL0/benchmark/scripts/run_benchmark.py --test nexmark --backend forl0 --scenario forl0_no_full_gc_pressure --query q4
[NexMark] Scenario: forl0_no_full_gc_pressure — Non-contract pressure probe: keep no-Full-GC acceptance while preserving high NexMark state pressure
============================================================
ForL0 StateBackend Benchmark
============================================================
Test: nexmark
Backends: forl0
NexMark Queries: q4
NexMark Scenario: forl0_no_full_gc_pressure
============================================================

============================================================
Running NexMark Benchmark
============================================================

============================================================
Nexmark DataStream Benchmark
============================================================
Queries: ['q4']
Backends: ['forl0']
Repeat per query: 1
Min successful samples: 1
Mode: benchmark
============================================================


============================================================
Backend: forl0
============================================================
[Nexmark] Category compatibility view: forl0 -> oa (/tmp/nexmark-conf-f90cbnuk/nexmark-home/queries)

=== Running Nexmark Q4 (forl0 backend) ===
Events: 0, TPS: 600000
Proportions: Person(1):Auction(49):Bid(50)
Hot ratios: bid.auctions=8, bid.bidders=default
Command: java -Dlog.file=/root/forL0/docker/deploy/nexmark-flink/log/nexmark-flink.log -Dlog4j.configuration=file:/tmp/nexmark-conf-f90cbnuk/log4j.properties -Dlog4j.configurationFile=file:/tmp/nexmark-conf-f90cbnuk/log4j.properties -Dstate.backend.type=org.apache.flink.state.forl0.ForL0StateBackendFactory -Dstate.backend.forl0.initial-table-capacity=8192 -Dstate.backend.forl0.max-table-capacity=4194304 -Dstate.backend.forl0.l0-cache.enabled=true -Dstate.backend.forl0.l0-cache.total-size=384mb -Dstate.backend.forl0.l0-cache.expected-engines=2 -Dstate.backend.forl0.l0-cache.strict-allocation=true -Dstate.backend.forl0.native-memory.max-size=1024mb -Dstate.backend.forl0.main-table.load-factor-threshold=0.75 -DforL0.metricsCollector.enabled=false -cp /root/forL0/docker/deploy/nexmark-flink/lib/*:/root/flink_home/lib/* com.github.nexmark.flink.Benchmark --location /tmp/nexmark-conf-f90cbnuk/nexmark-home --queries q4 --category oa

Benchmark Queries: [q4]
==================================================================
Start to run query q4 with workload [tps=600 K, eventsNum=0, percentage=bid:50,auction:49,person:1,kafkaServers:null]
Monitor metrics after 20 seconds.
Start to monitor metrics for 45 seconds.
Monitor TPS metric: vertex=sink, metric=GroupAggregate[16].numRecordsInPerSecond
Current Throughput=53.38 K, Cores=25.48 (2 TMs)
Current Throughput=53.38 K, Cores=30.23 (2 TMs)
Current Throughput=53.38 K, Cores=30.84 (2 TMs)
Current Throughput=81.04 K, Cores=31.11 (2 TMs)
Current Throughput=81.04 K, Cores=39.16 (2 TMs)
Current Throughput=108.37 K, Cores=31.52 (2 TMs)
Current Throughput=108.37 K, Cores=31.51 (2 TMs)
Current Throughput=108.37 K, Cores=31.52 (2 TMs)
Current Throughput=108.37 K, Cores=31.52 (2 TMs)
Summary Average: Throughput=83.97 K, Cores=31.43
Stop job query q4
-------------------------------- Nexmark Results --------------------------------

+------+-----------------+---------+-----------------+
| Query| Throughput (r/s)| Cores   | Throughput/Cores|
+------+-----------------+---------+-----------------+
|q4    |83.97 K          |31.43    |2.67 K           |
|Total |-                |-        |2.67 K           |
+------+-----------------+---------+-----------------+



  Result: 83,970.00 events/sec

--- forl0 Summary ---
  q4: 83,970 events/sec (2,672/core)

[Nexmark] Results saved to: /root/forL0/benchmark/results/tuning/full_20260816_190623/trial_025_ce9ff074/workloads/N12/results/nexmark_20260817_090348/nexmark_results.json

======================================================================
                    BENCHMARK SUMMARY
======================================================================

## Unit Test Benchmark
--------------------------------------------------

## WordCount Benchmark
--------------------------------------------------

## Client Usecase Benchmark
--------------------------------------------------

## NexMark Benchmark
--------------------------------------------------
Query   Proc(s)       forl0 proc eps     report eps     (/core)
---------------------------------------------------------------
Q4                         83.97 K/s      83.97 K/s    2.67 K/s

======================================================================

Next steps:
  1. Review raw results in: /root/forL0/benchmark/results/tuning/full_20260816_190623/trial_025_ce9ff074/workloads/N12/results/raw/
  2. Generate report: python scripts/generate_report.py
  3. View report in: /root/forL0/benchmark/results/tuning/full_20260816_190623/trial_025_ce9ff074/workloads/N12/results/reports/
[evidence] TaskManager evidence: /root/forL0/benchmark/results/tuning/full_20260816_190623/trial_025_ce9ff074/workloads/N12/results/run_logs/taskmanager_nexmark_forl0_20260817_090509.log
=== flink-taskmanager-1 ===
[ForL0-HotCache] engine_start active=1 key_groups=96:128 requested_bytes=201326592 actual_bytes=201326400 total_sets=1048575 strict=1
[ForL0-HotCache] engine_reuse active=1 key_groups=32:64 requested_bytes=201326592 actual_bytes=201326400 total_sets=1048575 strict=1
[ForL0-HotCache] engine_reuse active=1 key_groups=64:96 requested_bytes=201326592 actual_bytes=201326400 total_sets=1048575 strict=1
[ForL0-HotCache] engine_reuse active=1 key_groups=0:32 requested_bytes=201326592 actual_bytes=201326400 total_sets=1048575 strict=1
[ForL0-HotCache] engine_reuse active=1 key_groups=64:96 requested_bytes=201326592 actual_bytes=201326400 total_sets=1048575 strict=1
[ForL0-HotCache] engine_reuse active=1 key_groups=0:32 requested_bytes=201326592 actual_bytes=201326400 total_sets=1048575 strict=1
[ForL0-HotCache] engine_reuse active=1 key_groups=32:64 requested_bytes=201326592 actual_bytes=201326400 total_sets=1048575 strict=1
[ForL0-HotCache] engine_reuse active=1 key_groups=96:128 requested_bytes=201326592 actual_bytes=201326400 total_sets=1048575 strict=1
[ForL0-HotCache] engine_reuse active=1 key_groups=64:96 requested_bytes=201326592 actual_bytes=201326400 total_sets=1048575 strict=1
[ForL0-HotCache] engine_reuse active=1 key_groups=32:64 requested_bytes=201326592 actual_bytes=201326400 total_sets=1048575 strict=1
[ForL0-HotCache] engine_reuse active=1 key_groups=96:128 requested_bytes=201326592 actual_bytes=201326400 total_sets=1048575 strict=1
[ForL0-HotCache] engine_reuse active=1 key_groups=0:32 requested_bytes=201326592 actual_bytes=201326400 total_sets=1048575 strict=1
=== flink-taskmanager-2 ===

==> Done
Raw results:
  /root/forL0/benchmark/results/tuning/full_20260816_190623/trial_025_ce9ff074/workloads/N12/results/raw/
NexMark runs:
  /root/forL0/benchmark/results/tuning/full_20260816_190623/trial_025_ce9ff074/workloads/N12/results/nexmark_*/
Derived figures/reports: disabled on the experiment server
