=== flink-taskmanager-1 ===
[ForL0-HotCache] engine_start active=1 key_groups=32:64 requested_bytes=134217728 actual_bytes=134217600 total_sets=699050 strict=1
[ForL0-HotCache] engine_reuse active=1 key_groups=64:96 requested_bytes=134217728 actual_bytes=134217600 total_sets=699050 strict=1
[ForL0-HotCache] engine_reuse active=1 key_groups=0:32 requested_bytes=134217728 actual_bytes=134217600 total_sets=699050 strict=1
[ForL0-HotCache] engine_reuse active=1 key_groups=96:128 requested_bytes=134217728 actual_bytes=134217600 total_sets=699050 strict=1
[ForL0-HotCache] state_attach name=ScalarLeftCount requested_bytes=1048576 actual_bytes=786432 sets=4096
[ForL0-HotCache] state_attach name=ScalarLeftCount requested_bytes=1048576 actual_bytes=786432 sets=4096
[ForL0-HotCache] state_attach name=ScalarLeftCount requested_bytes=1048576 actual_bytes=786432 sets=4096
[ForL0-HotCache] state_attach name=ScalarLeftCount requested_bytes=1048576 actual_bytes=786432 sets=4096
[ForL0-HotCache] state_attach name=ScalarRightCount requested_bytes=1048576 actual_bytes=786432 sets=4096
[ForL0-HotCache] state_attach name=ScalarRightCount requested_bytes=1048576 actual_bytes=786432 sets=4096
[ForL0-HotCache] state_attach name=ScalarRightCount requested_bytes=1048576 actual_bytes=786432 sets=4096
[ForL0-HotCache] state_attach name=ScalarRightCount requested_bytes=1048576 actual_bytes=786432 sets=4096
[ForL0-HotCache] state_summary name=ScalarLeftCount sets=4096 lookups=451159 hits=360981 invalidations=0 writes=467509 bypass_events=0 bypassed=0
[ForL0-HotCache] state_summary name=ScalarRightCount sets=4096 lookups=502598 hits=129617 invalidations=0 writes=51474 bypass_events=0 bypassed=0
[ForL0-HotCache] state_summary name=ScalarLeftCount sets=4096 lookups=449288 hits=358935 invalidations=0 writes=465585 bypass_events=0 bypassed=0
[ForL0-HotCache] state_summary name=ScalarRightCount sets=4096 lookups=498262 hits=121970 invalidations=0 writes=49051 bypass_events=0 bypassed=0
[ForL0-HotCache] engine_summary requested_bytes=134217728 actual_bytes=134217600 used_bytes=6291456 total_sets=699050 free_sets=666282 caches=8 lookups=3717575 hits=1899340 invalidations=0 writes=2021763 bypass_events=0
[ForL0-HotCache] engine_summary requested_bytes=134217728 actual_bytes=134217600 used_bytes=6291456 total_sets=699050 free_sets=666282 caches=8 lookups=3717583 hits=1899341 invalidations=0 writes=2021766 bypass_events=0
[ForL0-Memory] engine_summary used_bytes=42993664 peak_bytes=42993664 max_bytes=1073741824
[ForL0-Memory] engine_summary used_bytes=42993664 peak_bytes=42993664 max_bytes=1073741824
[ForL0-HotCache] state_summary name=ScalarLeftCount sets=4096 lookups=449415 hits=358455 invalidations=0 writes=466016 bypass_events=0 bypassed=0
[ForL0-HotCache] state_summary name=ScalarRightCount sets=4096 lookups=498959 hits=122834 invalidations=0 writes=49641 bypass_events=0 bypassed=0
[ForL0-HotCache] engine_summary requested_bytes=134217728 actual_bytes=134217600 used_bytes=3145728 total_sets=699050 free_sets=682666 caches=4 lookups=1869778 hits=952516 invalidations=0 writes=1016808 bypass_events=0
[ForL0-Memory] engine_summary used_bytes=42993664 peak_bytes=42993664 max_bytes=1073741824
[ForL0-HotCache] state_summary name=ScalarLeftCount sets=4096 lookups=450138 hits=359345 invalidations=0 writes=466603 bypass_events=0 bypassed=0
[ForL0-HotCache] state_summary name=ScalarRightCount sets=4096 lookups=500181 hits=125045 invalidations=0 writes=50124 bypass_events=0 bypassed=0
[ForL0-HotCache] engine_summary requested_bytes=134217728 actual_bytes=134217600 used_bytes=1572864 total_sets=699050 free_sets=690858 caches=2 lookups=950319 hits=484390 invalidations=0 writes=516727 bypass_events=0
[ForL0-Memory] engine_summary used_bytes=42993664 peak_bytes=42993664 max_bytes=1073741824
=== flink-taskmanager-2 ===
